=== Java 21 Upgrade Session Log ===
Task Start Time: 2026-02-05T07:52:10Z
Branch: feature/java21-upgrade_20260204_235104144

[2026-02-05T07:52:53Z] Analyzing current Java version configuration...
Current Java version in pom.xml: 17
Current Java version in build.gradle: 17
Files to update:
  - pom.xml
  - build.gradle
  - .github/workflows/maven-build.yml
  - .github/workflows/gradle-build.yml
  - .devcontainer/Dockerfile
[2026-02-05T07:53:35Z] Updated Java version from 17 to 21 in:
  - pom.xml: java.version property
  - build.gradle: toolchain languageVersion
  - .github/workflows/maven-build.yml: matrix java version
  - .github/workflows/gradle-build.yml: matrix java version
  - .devcontainer/Dockerfile: VARIANT and JAVA_VERSION args
[2026-02-05T07:59:59Z] Local testing completed successfully
  - App started on port 8080 with Java 21
  - Welcome page rendered correctly
  - Find Owners page with data displayed correctly
  - Veterinarians page with data displayed correctly

=== Task Completion ===
Task End Time: 2026-02-05T08:00:08Z

