[INFO] Scanning for projects...
[INFO] 
[INFO] ------------< org.springframework.samples:spring-petclinic >------------
[INFO] Building petclinic 4.1.0-SNAPSHOT
[INFO]   from pom.xml
[INFO] --------------------------------[ jar ]---------------------------------
[INFO] 
[INFO] >>> spring-boot:4.1.0-M1:run (default-cli) > test-compile @ spring-petclinic >>>
[INFO] 
[INFO] --- enforcer:3.6.2:enforce (enforce-java) @ spring-petclinic ---
[INFO] Rule 0: org.apache.maven.enforcer.rules.version.RequireJavaVersion passed
[INFO] 
[INFO] --- spring-javaformat:0.0.47:validate (default) @ spring-petclinic ---
[INFO] 
[INFO] --- checkstyle:3.6.0:check (nohttp-checkstyle-validation) @ spring-petclinic ---
[INFO] You have 0 Checkstyle violations.
[INFO] 
[INFO] --- jacoco:0.8.14:prepare-agent (default) @ spring-petclinic ---
[INFO] argLine set to -javaagent:/home/ubuntu/.m2/repository/org/jacoco/org.jacoco.agent/0.8.14/org.jacoco.agent-0.8.14-runtime.jar=destfile=/home/ubuntu/repos/spring-petclinic/target/jacoco.exec
[INFO] 
[INFO] --- git-commit-id:9.0.2:revision (default) @ spring-petclinic ---
[INFO] dotGitDirectory '/home/ubuntu/repos/spring-petclinic/.git'
[INFO] Collected git.build.user.name with value Devin AI
[INFO] Collected git.build.user.email with value 158243242+devin-ai-integration[bot]@users.noreply.github.com
[INFO] Collected git.branch with value feature/springboot41-upgrade_20260205_225954547
[INFO] Collected git.commit.id.describe with value 062800a
[INFO] Collected git.commit.id.describe-short with value 062800a
[INFO] Collected git.commit.id with value 062800a79bbdd17d2266164359496b42e2121928
[INFO] Collected git.commit.id.abbrev with value 062800a
[INFO] Collected git.dirty with value false
[INFO] Collected git.commit.user.name with value Devin AI
[INFO] Collected git.commit.user.email with value 158243242+devin-ai-integration[bot]@users.noreply.github.com
[INFO] Collected git.commit.message.full with value Upgrade Spring Boot from 4.0.0 to 4.1.0-M1

- Updated spring-boot-starter-parent version in pom.xml from 4.0.0 to 4.1.0-M1
- Updated org.springframework.boot plugin version in build.gradle from 4.0.0 to 4.1.0-M1
- Updated project version to 4.1.0-SNAPSHOT
- All 58 tests pass successfully
- Build completes without errors

Note: Spring Boot 4.1.0 GA is not yet released, using 4.1.0-M1 milestone version
Co-Authored-By: feimvnc@gmail.com <fei.chen@jpmorgan.com>
[INFO] Collected git.commit.message.short with value Upgrade Spring Boot from 4.0.0 to 4.1.0-M1
[INFO] Collected git.commit.time with value 2026-02-06T07:05:00Z
[INFO] Collected git.commit.author.time with value 2026-02-06T07:05:00Z
[INFO] Collected git.commit.committer.time with value 2026-02-06T07:05:00Z
[INFO] Collected git.remote.origin.url with value https://github.com/AI-Data-Ranch/spring-petclinic
[INFO] Collected git.tags with value 
[INFO] Collected git.tag with value 
[INFO] Collected git.closest.tag.name with value 
[INFO] Collected git.closest.tag.commit.count with value 
[INFO] Collected git.total.commit.count with value 1009
[INFO] Collected git.local.branch.ahead with value 0
[INFO] Collected git.local.branch.behind with value 0
[INFO] Collected git.build.time with value 2024-11-28T14:37:52Z
[INFO] Collected git.build.version with value 4.1.0-SNAPSHOT
[INFO] Collected git.build.host with value devin-box
[INFO] including property 'git.tags' in results
[INFO] including property 'git.build.version' in results
[INFO] including property 'git.branch' in results
[INFO] including property 'git.build.host' in results
[INFO] including property 'git.commit.id' in results
[INFO] including property 'git.commit.user.email' in results
[INFO] including property 'git.local.branch.behind' in results
[INFO] including property 'git.commit.author.time' in results
[INFO] including property 'git.build.user.name' in results
[INFO] including property 'git.dirty' in results
[INFO] including property 'git.closest.tag.commit.count' in results
[INFO] including property 'git.commit.user.name' in results
[INFO] including property 'git.commit.id.abbrev' in results
[INFO] including property 'git.commit.id.describe-short' in results
[INFO] including property 'git.total.commit.count' in results
[INFO] including property 'git.commit.id.describe' in results
[INFO] including property 'git.build.user.email' in results
[INFO] including property 'git.commit.message.short' in results
[INFO] including property 'git.commit.committer.time' in results
[INFO] including property 'git.tag' in results
[INFO] including property 'git.closest.tag.name' in results
[INFO] including property 'git.local.branch.ahead' in results
[INFO] including property 'git.commit.time' in results
[INFO] including property 'git.build.time' in results
[INFO] including property 'git.commit.message.full' in results
[INFO] including property 'git.remote.origin.url' in results
[INFO] Reading existing properties file [/home/ubuntu/repos/spring-petclinic/target/classes/git.properties] (for project petclinic)...
[INFO] Properties file [/home/ubuntu/repos/spring-petclinic/target/classes/git.properties] is up-to-date (for module petclinic)...
[INFO] 
[INFO] --- spring-boot:4.1.0-M1:build-info (default) @ spring-petclinic ---
[INFO] 
[INFO] --- cyclonedx:2.9.1:makeAggregateBom (default) @ spring-petclinic ---
[INFO] CycloneDX: Resolving Dependencies
[INFO] CycloneDX: Creating BOM version 1.6 with 107 component(s)
[INFO] CycloneDX: Writing and validating BOM (JSON): /home/ubuntu/repos/spring-petclinic/target/classes/META-INF/sbom/application.cdx.json
[WARNING] Unknown keyword meta:enum - you should define your own Meta Schema. If the keyword is irrelevant for validation, just use a NonValidationKeyword or if it should generate annotations AnnotationKeyword
[WARNING] Unknown keyword deprecated - you should define your own Meta Schema. If the keyword is irrelevant for validation, just use a NonValidationKeyword or if it should generate annotations AnnotationKeyword
[INFO]            attaching as spring-petclinic-4.1.0-SNAPSHOT-cyclonedx.json
[INFO] 
[INFO] --- resources:3.4.0:resources (default-resources) @ spring-petclinic ---
[INFO] Copying 3 resources from src/main/resources to target/classes
[INFO] Copying 47 resources from src/main/resources to target/classes
[INFO] 
[INFO] --- compiler:3.14.1:compile (default-compile) @ spring-petclinic ---
[INFO] Nothing to compile - all classes are up to date.
[INFO] 
[INFO] --- resources:3.4.0:testResources (default-testResources) @ spring-petclinic ---
[INFO] skip non existing resourceDirectory /home/ubuntu/repos/spring-petclinic/src/test/resources
[INFO] 
[INFO] --- compiler:3.14.1:testCompile (default-testCompile) @ spring-petclinic ---
[INFO] Nothing to compile - all classes are up to date.
[INFO] 
[INFO] <<< spring-boot:4.1.0-M1:run (default-cli) < test-compile @ spring-petclinic <<<
[INFO] 
[INFO] 
[INFO] --- spring-boot:4.1.0-M1:run (default-cli) @ spring-petclinic ---
[INFO] Attaching agents: []


              |\      _,,,--,,_
             /,`.-'`'   ._  \-;;,_
  _______ __|,4-  ) )_   .;.(__`'-'__     ___ __    _ ___ _______
 |       | '---''(_/._)-'(_\_)   |   |   |   |  |  | |   |       |
 |    _  |    ___|_     _|       |   |   |   |   |_| |   |       | __ _ _
 |   |_| |   |___  |   | |       |   |   |   |       |   |       | \ \ \ \
 |    ___|    ___| |   | |      _|   |___|   |  _    |   |      _|  \ \ \ \
 |   |   |   |___  |   | |     |_|       |   | | |   |   |     |_    ) ) ) )
 |___|   |_______| |___| |_______|_______|___|_|  |__|___|_______|  / / / /
 ==================================================================/_/_/_/

:: Built with Spring Boot :: 4.1.0-M1


2026-02-06T07:06:20.534Z  INFO 10378 --- [  restartedMain] o.s.s.petclinic.PetClinicApplication     : Starting PetClinicApplication using Java 17.0.13 with PID 10378 (/home/ubuntu/repos/spring-petclinic/target/classes started by ubuntu in /home/ubuntu/repos/spring-petclinic)
2026-02-06T07:06:20.538Z  INFO 10378 --- [  restartedMain] o.s.s.petclinic.PetClinicApplication     : No active profile set, falling back to 1 default profile: "default"
2026-02-06T07:06:20.597Z  INFO 10378 --- [  restartedMain] .e.DevToolsPropertyDefaultsPostProcessor : Devtools property defaults active! Set 'spring.devtools.add-properties' to 'false' to disable
2026-02-06T07:06:20.597Z  INFO 10378 --- [  restartedMain] .e.DevToolsPropertyDefaultsPostProcessor : For additional web related logging consider setting the 'logging.level.web' property to 'DEBUG'
2026-02-06T07:06:21.378Z  INFO 10378 --- [  restartedMain] .s.d.r.c.RepositoryConfigurationDelegate : Bootstrapping Spring Data JPA repositories in DEFAULT mode.
2026-02-06T07:06:21.429Z  INFO 10378 --- [  restartedMain] .s.d.r.c.RepositoryConfigurationDelegate : Finished Spring Data repository scanning in 42 ms. Found 3 JPA repository interfaces.
2026-02-06T07:06:22.026Z  INFO 10378 --- [  restartedMain] o.s.boot.tomcat.TomcatWebServer          : Tomcat initialized with port 8080 (http)
2026-02-06T07:06:22.038Z  INFO 10378 --- [  restartedMain] o.apache.catalina.core.StandardService   : Starting service [Tomcat]
2026-02-06T07:06:22.039Z  INFO 10378 --- [  restartedMain] o.apache.catalina.core.StandardEngine    : Starting Servlet engine: [Apache Tomcat/11.0.15]
2026-02-06T07:06:22.074Z  INFO 10378 --- [  restartedMain] b.w.c.s.WebApplicationContextInitializer : Root WebApplicationContext: initialization completed in 1476 ms
2026-02-06T07:06:22.259Z  INFO 10378 --- [  restartedMain] com.zaxxer.hikari.HikariDataSource       : HikariPool-1 - Starting...
2026-02-06T07:06:22.450Z  INFO 10378 --- [  restartedMain] com.zaxxer.hikari.pool.HikariPool        : HikariPool-1 - Added connection conn0: url=jdbc:h2:mem:4bd2ff43-9914-4c33-a359-e2d6f82cc714 user=SA
2026-02-06T07:06:22.452Z  INFO 10378 --- [  restartedMain] com.zaxxer.hikari.HikariDataSource       : HikariPool-1 - Start completed.
2026-02-06T07:06:22.586Z  INFO 10378 --- [  restartedMain] org.hibernate.orm.jpa                    : HHH008540: Processing PersistenceUnitInfo [name: default]
2026-02-06T07:06:22.635Z  INFO 10378 --- [  restartedMain] org.hibernate.orm.core                   : HHH000001: Hibernate ORM core version 7.2.1.Final
2026-02-06T07:06:23.048Z  INFO 10378 --- [  restartedMain] o.s.o.j.p.SpringPersistenceUnitInfo      : No LoadTimeWeaver setup: ignoring JPA class transformer
2026-02-06T07:06:23.114Z  INFO 10378 --- [  restartedMain] org.hibernate.orm.connections.pooling    : HHH10001005: Database info:
	Database JDBC URL [jdbc:h2:mem:4bd2ff43-9914-4c33-a359-e2d6f82cc714]
	Database driver: H2 JDBC Driver
	Database dialect: H2Dialect
	Database version: 2.4.240
	Default catalog/schema: 4BD2FF43-9914-4C33-A359-E2D6F82CC714/PUBLIC
	Autocommit mode: undefined/unknown
	Isolation level: READ_COMMITTED [default READ_COMMITTED]
	JDBC fetch size: 100
	Pool: DataSourceConnectionProvider
	Minimum pool size: undefined/unknown
	Maximum pool size: undefined/unknown
2026-02-06T07:06:24.059Z  INFO 10378 --- [  restartedMain] org.hibernate.orm.core                   : HHH000489: No JTA platform available (set 'hibernate.transaction.jta.platform' to enable JTA platform integration)
2026-02-06T07:06:24.065Z  INFO 10378 --- [  restartedMain] j.LocalContainerEntityManagerFactoryBean : Initialized JPA EntityManagerFactory for persistence unit 'default'
[INFO] Scanning for projects...
2026-02-06T07:06:24.161Z  INFO 10378 --- [  restartedMain] o.s.d.j.r.query.QueryEnhancerFactories   : Hibernate is in classpath; If applicable, HQL parser will be used.
[INFO] 
[INFO] ------------< org.springframework.samples:spring-petclinic >------------
[INFO] Building petclinic 4.1.0-SNAPSHOT
[INFO]   from pom.xml
[INFO] --------------------------------[ jar ]---------------------------------
[INFO] 
[INFO] >>> spring-boot:4.1.0-M1:run (default-cli) > test-compile @ spring-petclinic >>>
[INFO] 
[INFO] --- enforcer:3.6.2:enforce (enforce-java) @ spring-petclinic ---
[INFO] Rule 0: org.apache.maven.enforcer.rules.version.RequireJavaVersion passed
[INFO] 
[INFO] --- spring-javaformat:0.0.47:validate (default) @ spring-petclinic ---
2026-02-06T07:06:25.219Z  INFO 10378 --- [  restartedMain] o.s.b.a.e.web.EndpointLinksResolver      : Exposing 13 endpoints beneath base path '/actuator'
2026-02-06T07:06:25.299Z  WARN 10378 --- [  restartedMain] ConfigServletWebServerApplicationContext : Exception encountered during context initialization - cancelling refresh attempt: org.springframework.context.ApplicationContextException: Failed to start bean 'webServerStartStop'
2026-02-06T07:06:25.302Z  INFO 10378 --- [  restartedMain] j.LocalContainerEntityManagerFactoryBean : Closing JPA EntityManagerFactory for persistence unit 'default'
2026-02-06T07:06:25.308Z  WARN 10378 --- [  restartedMain] o.s.b.f.support.DisposableBeanAdapter    : Invocation of destroy method failed on bean with name 'inMemoryDatabaseShutdownExecutor': org.h2.jdbc.JdbcSQLNonTransientConnectionException: Database is already closed (to disable automatic closing at VM shutdown, add ";DB_CLOSE_ON_EXIT=FALSE" to the db URL) [90121-240]
2026-02-06T07:06:25.309Z  INFO 10378 --- [  restartedMain] com.zaxxer.hikari.HikariDataSource       : HikariPool-1 - Shutdown initiated...
2026-02-06T07:06:25.311Z  INFO 10378 --- [  restartedMain] com.zaxxer.hikari.HikariDataSource       : HikariPool-1 - Shutdown completed.
2026-02-06T07:06:25.323Z  INFO 10378 --- [  restartedMain] .s.b.a.l.ConditionEvaluationReportLogger : 

Error starting ApplicationContext. To display the condition evaluation report re-run your application with 'debug' enabled.
2026-02-06T07:06:25.335Z ERROR 10378 --- [  restartedMain] o.s.b.d.LoggingFailureAnalysisReporter   : 

***************************
APPLICATION FAILED TO START
***************************

Description:

Web server failed to start. Port 8080 was already in use.

Action:

Identify and stop the process that's listening on port 8080 or configure this application to listen on another port.

[INFO] ------------------------------------------------------------------------
[INFO] BUILD SUCCESS
[INFO] ------------------------------------------------------------------------
[INFO] Total time:  12.219 s
[INFO] Finished at: 2026-02-06T07:06:25Z
[INFO] ------------------------------------------------------------------------
[INFO] 
[INFO] --- checkstyle:3.6.0:check (nohttp-checkstyle-validation) @ spring-petclinic ---
[INFO] You have 0 Checkstyle violations.
[INFO] 
[INFO] --- jacoco:0.8.14:prepare-agent (default) @ spring-petclinic ---
[INFO] argLine set to -javaagent:/home/ubuntu/.m2/repository/org/jacoco/org.jacoco.agent/0.8.14/org.jacoco.agent-0.8.14-runtime.jar=destfile=/home/ubuntu/repos/spring-petclinic/target/jacoco.exec
[INFO] 
[INFO] --- git-commit-id:9.0.2:revision (default) @ spring-petclinic ---
[INFO] dotGitDirectory '/home/ubuntu/repos/spring-petclinic/.git'
[INFO] Collected git.build.user.name with value Devin AI
[INFO] Collected git.build.user.email with value 158243242+devin-ai-integration[bot]@users.noreply.github.com
[INFO] Collected git.branch with value feature/springboot41-upgrade_20260205_225954547
[INFO] Collected git.commit.id.describe with value 062800a
[INFO] Collected git.commit.id.describe-short with value 062800a
[INFO] Collected git.commit.id with value 062800a79bbdd17d2266164359496b42e2121928
[INFO] Collected git.commit.id.abbrev with value 062800a
[INFO] Collected git.dirty with value false
[INFO] Collected git.commit.user.name with value Devin AI
[INFO] Collected git.commit.user.email with value 158243242+devin-ai-integration[bot]@users.noreply.github.com
[INFO] Collected git.commit.message.full with value Upgrade Spring Boot from 4.0.0 to 4.1.0-M1

- Updated spring-boot-starter-parent version in pom.xml from 4.0.0 to 4.1.0-M1
- Updated org.springframework.boot plugin version in build.gradle from 4.0.0 to 4.1.0-M1
- Updated project version to 4.1.0-SNAPSHOT
- All 58 tests pass successfully
- Build completes without errors

Note: Spring Boot 4.1.0 GA is not yet released, using 4.1.0-M1 milestone version
Co-Authored-By: feimvnc@gmail.com <fei.chen@jpmorgan.com>
[INFO] Collected git.commit.message.short with value Upgrade Spring Boot from 4.0.0 to 4.1.0-M1
[INFO] Collected git.commit.time with value 2026-02-06T07:05:00Z
[INFO] Collected git.commit.author.time with value 2026-02-06T07:05:00Z
[INFO] Collected git.commit.committer.time with value 2026-02-06T07:05:00Z
[INFO] Collected git.remote.origin.url with value https://github.com/AI-Data-Ranch/spring-petclinic
[INFO] Collected git.tags with value 
[INFO] Collected git.tag with value 
[INFO] Collected git.closest.tag.name with value 
[INFO] Collected git.closest.tag.commit.count with value 
[INFO] Collected git.total.commit.count with value 1009
[INFO] Collected git.local.branch.ahead with value 0
[INFO] Collected git.local.branch.behind with value 0
[INFO] Collected git.build.time with value 2024-11-28T14:37:52Z
[INFO] Collected git.build.version with value 4.1.0-SNAPSHOT
[INFO] Collected git.build.host with value devin-box
[INFO] including property 'git.tags' in results
[INFO] including property 'git.build.version' in results
[INFO] including property 'git.branch' in results
[INFO] including property 'git.build.host' in results
[INFO] including property 'git.commit.id' in results
[INFO] including property 'git.commit.user.email' in results
[INFO] including property 'git.local.branch.behind' in results
[INFO] including property 'git.commit.author.time' in results
[INFO] including property 'git.build.user.name' in results
[INFO] including property 'git.dirty' in results
[INFO] including property 'git.closest.tag.commit.count' in results
[INFO] including property 'git.commit.user.name' in results
[INFO] including property 'git.commit.id.abbrev' in results
[INFO] including property 'git.commit.id.describe-short' in results
[INFO] including property 'git.total.commit.count' in results
[INFO] including property 'git.commit.id.describe' in results
[INFO] including property 'git.build.user.email' in results
[INFO] including property 'git.commit.message.short' in results
[INFO] including property 'git.commit.committer.time' in results
[INFO] including property 'git.tag' in results
[INFO] including property 'git.closest.tag.name' in results
[INFO] including property 'git.local.branch.ahead' in results
[INFO] including property 'git.commit.time' in results
[INFO] including property 'git.build.time' in results
[INFO] including property 'git.commit.message.full' in results
[INFO] including property 'git.remote.origin.url' in results
[INFO] Reading existing properties file [/home/ubuntu/repos/spring-petclinic/target/classes/git.properties] (for project petclinic)...
[INFO] Properties file [/home/ubuntu/repos/spring-petclinic/target/classes/git.properties] is up-to-date (for module petclinic)...
[INFO] 
[INFO] --- spring-boot:4.1.0-M1:build-info (default) @ spring-petclinic ---
[INFO] 
[INFO] --- cyclonedx:2.9.1:makeAggregateBom (default) @ spring-petclinic ---
[INFO] CycloneDX: Resolving Dependencies
[INFO] CycloneDX: Creating BOM version 1.6 with 107 component(s)
[INFO] CycloneDX: Writing and validating BOM (JSON): /home/ubuntu/repos/spring-petclinic/target/classes/META-INF/sbom/application.cdx.json
[WARNING] Unknown keyword meta:enum - you should define your own Meta Schema. If the keyword is irrelevant for validation, just use a NonValidationKeyword or if it should generate annotations AnnotationKeyword
[WARNING] Unknown keyword deprecated - you should define your own Meta Schema. If the keyword is irrelevant for validation, just use a NonValidationKeyword or if it should generate annotations AnnotationKeyword
[INFO]            attaching as spring-petclinic-4.1.0-SNAPSHOT-cyclonedx.json
[INFO] 
[INFO] --- resources:3.4.0:resources (default-resources) @ spring-petclinic ---
[INFO] Copying 3 resources from src/main/resources to target/classes
[INFO] Copying 47 resources from src/main/resources to target/classes
[INFO] 
[INFO] --- compiler:3.14.1:compile (default-compile) @ spring-petclinic ---
[INFO] Nothing to compile - all classes are up to date.
[INFO] 
[INFO] --- resources:3.4.0:testResources (default-testResources) @ spring-petclinic ---
[INFO] skip non existing resourceDirectory /home/ubuntu/repos/spring-petclinic/src/test/resources
[INFO] 
[INFO] --- compiler:3.14.1:testCompile (default-testCompile) @ spring-petclinic ---
[INFO] Nothing to compile - all classes are up to date.
[INFO] 
[INFO] <<< spring-boot:4.1.0-M1:run (default-cli) < test-compile @ spring-petclinic <<<
[INFO] 
[INFO] 
[INFO] --- spring-boot:4.1.0-M1:run (default-cli) @ spring-petclinic ---
[INFO] Attaching agents: []


              |\      _,,,--,,_
             /,`.-'`'   ._  \-;;,_
  _______ __|,4-  ) )_   .;.(__`'-'__     ___ __    _ ___ _______
 |       | '---''(_/._)-'(_\_)   |   |   |   |  |  | |   |       |
 |    _  |    ___|_     _|       |   |   |   |   |_| |   |       | __ _ _
 |   |_| |   |___  |   | |       |   |   |   |       |   |       | \ \ \ \
 |    ___|    ___| |   | |      _|   |___|   |  _    |   |      _|  \ \ \ \
 |   |   |   |___  |   | |     |_|       |   | | |   |   |     |_    ) ) ) )
 |___|   |_______| |___| |_______|_______|___|_|  |__|___|_______|  / / / /
 ==================================================================/_/_/_/

:: Built with Spring Boot :: 4.1.0-M1


2026-02-06T07:06:31.237Z  INFO 10680 --- [  restartedMain] o.s.s.petclinic.PetClinicApplication     : Starting PetClinicApplication using Java 17.0.13 with PID 10680 (/home/ubuntu/repos/spring-petclinic/target/classes started by ubuntu in /home/ubuntu/repos/spring-petclinic)
2026-02-06T07:06:31.241Z  INFO 10680 --- [  restartedMain] o.s.s.petclinic.PetClinicApplication     : No active profile set, falling back to 1 default profile: "default"
2026-02-06T07:06:31.290Z  INFO 10680 --- [  restartedMain] .e.DevToolsPropertyDefaultsPostProcessor : Devtools property defaults active! Set 'spring.devtools.add-properties' to 'false' to disable
2026-02-06T07:06:31.291Z  INFO 10680 --- [  restartedMain] .e.DevToolsPropertyDefaultsPostProcessor : For additional web related logging consider setting the 'logging.level.web' property to 'DEBUG'
2026-02-06T07:06:32.072Z  INFO 10680 --- [  restartedMain] .s.d.r.c.RepositoryConfigurationDelegate : Bootstrapping Spring Data JPA repositories in DEFAULT mode.
2026-02-06T07:06:32.125Z  INFO 10680 --- [  restartedMain] .s.d.r.c.RepositoryConfigurationDelegate : Finished Spring Data repository scanning in 44 ms. Found 3 JPA repository interfaces.
2026-02-06T07:06:32.702Z  INFO 10680 --- [  restartedMain] o.s.boot.tomcat.TomcatWebServer          : Tomcat initialized with port 8080 (http)
2026-02-06T07:06:32.713Z  INFO 10680 --- [  restartedMain] o.apache.catalina.core.StandardService   : Starting service [Tomcat]
2026-02-06T07:06:32.713Z  INFO 10680 --- [  restartedMain] o.apache.catalina.core.StandardEngine    : Starting Servlet engine: [Apache Tomcat/11.0.15]
2026-02-06T07:06:32.745Z  INFO 10680 --- [  restartedMain] b.w.c.s.WebApplicationContextInitializer : Root WebApplicationContext: initialization completed in 1453 ms
2026-02-06T07:06:32.915Z  INFO 10680 --- [  restartedMain] com.zaxxer.hikari.HikariDataSource       : HikariPool-1 - Starting...
2026-02-06T07:06:33.065Z  INFO 10680 --- [  restartedMain] com.zaxxer.hikari.pool.HikariPool        : HikariPool-1 - Added connection conn0: url=jdbc:h2:mem:6a13f612-58d1-4433-aef3-00582635af18 user=SA
2026-02-06T07:06:33.067Z  INFO 10680 --- [  restartedMain] com.zaxxer.hikari.HikariDataSource       : HikariPool-1 - Start completed.
2026-02-06T07:06:33.200Z  INFO 10680 --- [  restartedMain] org.hibernate.orm.jpa                    : HHH008540: Processing PersistenceUnitInfo [name: default]
2026-02-06T07:06:33.241Z  INFO 10680 --- [  restartedMain] org.hibernate.orm.core                   : HHH000001: Hibernate ORM core version 7.2.1.Final
2026-02-06T07:06:33.579Z  INFO 10680 --- [  restartedMain] o.s.o.j.p.SpringPersistenceUnitInfo      : No LoadTimeWeaver setup: ignoring JPA class transformer
2026-02-06T07:06:33.635Z  INFO 10680 --- [  restartedMain] org.hibernate.orm.connections.pooling    : HHH10001005: Database info:
	Database JDBC URL [jdbc:h2:mem:6a13f612-58d1-4433-aef3-00582635af18]
	Database driver: H2 JDBC Driver
	Database dialect: H2Dialect
	Database version: 2.4.240
	Default catalog/schema: 6A13F612-58D1-4433-AEF3-00582635AF18/PUBLIC
	Autocommit mode: undefined/unknown
	Isolation level: READ_COMMITTED [default READ_COMMITTED]
	JDBC fetch size: 100
	Pool: DataSourceConnectionProvider
	Minimum pool size: undefined/unknown
	Maximum pool size: undefined/unknown
2026-02-06T07:06:34.538Z  INFO 10680 --- [  restartedMain] org.hibernate.orm.core                   : HHH000489: No JTA platform available (set 'hibernate.transaction.jta.platform' to enable JTA platform integration)
2026-02-06T07:06:34.545Z  INFO 10680 --- [  restartedMain] j.LocalContainerEntityManagerFactoryBean : Initialized JPA EntityManagerFactory for persistence unit 'default'
2026-02-06T07:06:34.628Z  INFO 10680 --- [  restartedMain] o.s.d.j.r.query.QueryEnhancerFactories   : Hibernate is in classpath; If applicable, HQL parser will be used.
2026-02-06T07:06:35.614Z  INFO 10680 --- [  restartedMain] o.s.b.a.e.web.EndpointLinksResolver      : Exposing 13 endpoints beneath base path '/actuator'
2026-02-06T07:06:35.706Z  WARN 10680 --- [  restartedMain] ConfigServletWebServerApplicationContext : Exception encountered during context initialization - cancelling refresh attempt: org.springframework.context.ApplicationContextException: Failed to start bean 'webServerStartStop'
2026-02-06T07:06:35.710Z  INFO 10680 --- [  restartedMain] j.LocalContainerEntityManagerFactoryBean : Closing JPA EntityManagerFactory for persistence unit 'default'
2026-02-06T07:06:35.718Z  WARN 10680 --- [  restartedMain] o.s.b.f.support.DisposableBeanAdapter    : Invocation of destroy method failed on bean with name 'inMemoryDatabaseShutdownExecutor': org.h2.jdbc.JdbcSQLNonTransientConnectionException: Database is already closed (to disable automatic closing at VM shutdown, add ";DB_CLOSE_ON_EXIT=FALSE" to the db URL) [90121-240]
2026-02-06T07:06:35.718Z  INFO 10680 --- [  restartedMain] com.zaxxer.hikari.HikariDataSource       : HikariPool-1 - Shutdown initiated...
2026-02-06T07:06:35.721Z  INFO 10680 --- [  restartedMain] com.zaxxer.hikari.HikariDataSource       : HikariPool-1 - Shutdown completed.
2026-02-06T07:06:35.734Z  INFO 10680 --- [  restartedMain] .s.b.a.l.ConditionEvaluationReportLogger : 

Error starting ApplicationContext. To display the condition evaluation report re-run your application with 'debug' enabled.
2026-02-06T07:06:35.747Z ERROR 10680 --- [  restartedMain] o.s.b.d.LoggingFailureAnalysisReporter   : 

***************************
APPLICATION FAILED TO START
***************************

Description:

Web server failed to start. Port 8080 was already in use.

Action:

Identify and stop the process that's listening on port 8080 or configure this application to listen on another port.

[INFO] ------------------------------------------------------------------------
[INFO] BUILD SUCCESS
[INFO] ------------------------------------------------------------------------
[INFO] Total time:  11.722 s
[INFO] Finished at: 2026-02-06T07:06:35Z
[INFO] ------------------------------------------------------------------------
[INFO] Scanning for projects...
[INFO] 
[INFO] ------------< org.springframework.samples:spring-petclinic >------------
[INFO] Building petclinic 4.1.0-SNAPSHOT
[INFO]   from pom.xml
[INFO] --------------------------------[ jar ]---------------------------------
[INFO] 
[INFO] >>> spring-boot:4.1.0-M1:run (default-cli) > test-compile @ spring-petclinic >>>
[INFO] 
[INFO] --- enforcer:3.6.2:enforce (enforce-java) @ spring-petclinic ---
[INFO] Rule 0: org.apache.maven.enforcer.rules.version.RequireJavaVersion passed
[INFO] 
[INFO] --- spring-javaformat:0.0.47:validate (default) @ spring-petclinic ---
[INFO] 
[INFO] --- checkstyle:3.6.0:check (nohttp-checkstyle-validation) @ spring-petclinic ---
[INFO] You have 0 Checkstyle violations.
[INFO] 
[INFO] --- jacoco:0.8.14:prepare-agent (default) @ spring-petclinic ---
[INFO] argLine set to -javaagent:/home/ubuntu/.m2/repository/org/jacoco/org.jacoco.agent/0.8.14/org.jacoco.agent-0.8.14-runtime.jar=destfile=/home/ubuntu/repos/spring-petclinic/target/jacoco.exec
[INFO] 
[INFO] --- git-commit-id:9.0.2:revision (default) @ spring-petclinic ---
[INFO] dotGitDirectory '/home/ubuntu/repos/spring-petclinic/.git'
[INFO] Collected git.build.user.name with value Devin AI
[INFO] Collected git.build.user.email with value 158243242+devin-ai-integration[bot]@users.noreply.github.com
[INFO] Collected git.branch with value feature/springboot41-upgrade_20260205_225954547
[INFO] Collected git.commit.id.describe with value 062800a
[INFO] Collected git.commit.id.describe-short with value 062800a
[INFO] Collected git.commit.id with value 062800a79bbdd17d2266164359496b42e2121928
[INFO] Collected git.commit.id.abbrev with value 062800a
[INFO] Collected git.dirty with value false
[INFO] Collected git.commit.user.name with value Devin AI
[INFO] Collected git.commit.user.email with value 158243242+devin-ai-integration[bot]@users.noreply.github.com
[INFO] Collected git.commit.message.full with value Upgrade Spring Boot from 4.0.0 to 4.1.0-M1

- Updated spring-boot-starter-parent version in pom.xml from 4.0.0 to 4.1.0-M1
- Updated org.springframework.boot plugin version in build.gradle from 4.0.0 to 4.1.0-M1
- Updated project version to 4.1.0-SNAPSHOT
- All 58 tests pass successfully
- Build completes without errors

Note: Spring Boot 4.1.0 GA is not yet released, using 4.1.0-M1 milestone version
Co-Authored-By: feimvnc@gmail.com <fei.chen@jpmorgan.com>
[INFO] Collected git.commit.message.short with value Upgrade Spring Boot from 4.0.0 to 4.1.0-M1
[INFO] Collected git.commit.time with value 2026-02-06T07:05:00Z
[INFO] Collected git.commit.author.time with value 2026-02-06T07:05:00Z
[INFO] Collected git.commit.committer.time with value 2026-02-06T07:05:00Z
[INFO] Collected git.remote.origin.url with value https://github.com/AI-Data-Ranch/spring-petclinic
[INFO] Collected git.tags with value 
[INFO] Collected git.tag with value 
[INFO] Collected git.closest.tag.name with value 
[INFO] Collected git.closest.tag.commit.count with value 
[INFO] Collected git.total.commit.count with value 1009
[INFO] Collected git.local.branch.ahead with value 0
[INFO] Collected git.local.branch.behind with value 0
[INFO] Collected git.build.time with value 2024-11-28T14:37:52Z
[INFO] Collected git.build.version with value 4.1.0-SNAPSHOT
[INFO] Collected git.build.host with value devin-box
[INFO] including property 'git.tags' in results
[INFO] including property 'git.build.version' in results
[INFO] including property 'git.branch' in results
[INFO] including property 'git.build.host' in results
[INFO] including property 'git.commit.id' in results
[INFO] including property 'git.commit.user.email' in results
[INFO] including property 'git.local.branch.behind' in results
[INFO] including property 'git.commit.author.time' in results
[INFO] including property 'git.build.user.name' in results
[INFO] including property 'git.dirty' in results
[INFO] including property 'git.closest.tag.commit.count' in results
[INFO] including property 'git.commit.user.name' in results
[INFO] including property 'git.commit.id.abbrev' in results
[INFO] including property 'git.commit.id.describe-short' in results
[INFO] including property 'git.total.commit.count' in results
[INFO] including property 'git.commit.id.describe' in results
[INFO] including property 'git.build.user.email' in results
[INFO] including property 'git.commit.message.short' in results
[INFO] including property 'git.commit.committer.time' in results
[INFO] including property 'git.tag' in results
[INFO] including property 'git.closest.tag.name' in results
[INFO] including property 'git.local.branch.ahead' in results
[INFO] including property 'git.commit.time' in results
[INFO] including property 'git.build.time' in results
[INFO] including property 'git.commit.message.full' in results
[INFO] including property 'git.remote.origin.url' in results
[INFO] Reading existing properties file [/home/ubuntu/repos/spring-petclinic/target/classes/git.properties] (for project petclinic)...
[INFO] Properties file [/home/ubuntu/repos/spring-petclinic/target/classes/git.properties] is up-to-date (for module petclinic)...
[INFO] 
[INFO] --- spring-boot:4.1.0-M1:build-info (default) @ spring-petclinic ---
[INFO] 
[INFO] --- cyclonedx:2.9.1:makeAggregateBom (default) @ spring-petclinic ---
[INFO] CycloneDX: Resolving Dependencies
[INFO] CycloneDX: Creating BOM version 1.6 with 107 component(s)
[INFO] CycloneDX: Writing and validating BOM (JSON): /home/ubuntu/repos/spring-petclinic/target/classes/META-INF/sbom/application.cdx.json
[WARNING] Unknown keyword meta:enum - you should define your own Meta Schema. If the keyword is irrelevant for validation, just use a NonValidationKeyword or if it should generate annotations AnnotationKeyword
[WARNING] Unknown keyword deprecated - you should define your own Meta Schema. If the keyword is irrelevant for validation, just use a NonValidationKeyword or if it should generate annotations AnnotationKeyword
[INFO]            attaching as spring-petclinic-4.1.0-SNAPSHOT-cyclonedx.json
[INFO] 
[INFO] --- resources:3.4.0:resources (default-resources) @ spring-petclinic ---
[INFO] Copying 3 resources from src/main/resources to target/classes
[INFO] Copying 47 resources from src/main/resources to target/classes
[INFO] 
[INFO] --- compiler:3.14.1:compile (default-compile) @ spring-petclinic ---
[INFO] Nothing to compile - all classes are up to date.
[INFO] 
[INFO] --- resources:3.4.0:testResources (default-testResources) @ spring-petclinic ---
[INFO] skip non existing resourceDirectory /home/ubuntu/repos/spring-petclinic/src/test/resources
[INFO] 
[INFO] --- compiler:3.14.1:testCompile (default-testCompile) @ spring-petclinic ---
[INFO] Nothing to compile - all classes are up to date.
[INFO] 
[INFO] <<< spring-boot:4.1.0-M1:run (default-cli) < test-compile @ spring-petclinic <<<
[INFO] 
[INFO] 
[INFO] --- spring-boot:4.1.0-M1:run (default-cli) @ spring-petclinic ---
[INFO] Attaching agents: []


              |\      _,,,--,,_
             /,`.-'`'   ._  \-;;,_
  _______ __|,4-  ) )_   .;.(__`'-'__     ___ __    _ ___ _______
 |       | '---''(_/._)-'(_\_)   |   |   |   |  |  | |   |       |
 |    _  |    ___|_     _|       |   |   |   |   |_| |   |       | __ _ _
 |   |_| |   |___  |   | |       |   |   |   |       |   |       | \ \ \ \
 |    ___|    ___| |   | |      _|   |___|   |  _    |   |      _|  \ \ \ \
 |   |   |   |___  |   | |     |_|       |   | | |   |   |     |_    ) ) ) )
 |___|   |_______| |___| |_______|_______|___|_|  |__|___|_______|  / / / /
 ==================================================================/_/_/_/

:: Built with Spring Boot :: 4.1.0-M1


2026-02-06T07:07:26.660Z  INFO 11161 --- [  restartedMain] o.s.s.petclinic.PetClinicApplication     : Starting PetClinicApplication using Java 17.0.13 with PID 11161 (/home/ubuntu/repos/spring-petclinic/target/classes started by ubuntu in /home/ubuntu/repos/spring-petclinic)
2026-02-06T07:07:26.664Z  INFO 11161 --- [  restartedMain] o.s.s.petclinic.PetClinicApplication     : No active profile set, falling back to 1 default profile: "default"
2026-02-06T07:07:26.713Z  INFO 11161 --- [  restartedMain] .e.DevToolsPropertyDefaultsPostProcessor : Devtools property defaults active! Set 'spring.devtools.add-properties' to 'false' to disable
2026-02-06T07:07:26.713Z  INFO 11161 --- [  restartedMain] .e.DevToolsPropertyDefaultsPostProcessor : For additional web related logging consider setting the 'logging.level.web' property to 'DEBUG'
2026-02-06T07:07:27.396Z  INFO 11161 --- [  restartedMain] .s.d.r.c.RepositoryConfigurationDelegate : Bootstrapping Spring Data JPA repositories in DEFAULT mode.
2026-02-06T07:07:27.444Z  INFO 11161 --- [  restartedMain] .s.d.r.c.RepositoryConfigurationDelegate : Finished Spring Data repository scanning in 40 ms. Found 3 JPA repository interfaces.
2026-02-06T07:07:27.997Z  INFO 11161 --- [  restartedMain] o.s.boot.tomcat.TomcatWebServer          : Tomcat initialized with port 8080 (http)
2026-02-06T07:07:28.007Z  INFO 11161 --- [  restartedMain] o.apache.catalina.core.StandardService   : Starting service [Tomcat]
2026-02-06T07:07:28.007Z  INFO 11161 --- [  restartedMain] o.apache.catalina.core.StandardEngine    : Starting Servlet engine: [Apache Tomcat/11.0.15]
2026-02-06T07:07:28.038Z  INFO 11161 --- [  restartedMain] b.w.c.s.WebApplicationContextInitializer : Root WebApplicationContext: initialization completed in 1324 ms
2026-02-06T07:07:28.205Z  INFO 11161 --- [  restartedMain] com.zaxxer.hikari.HikariDataSource       : HikariPool-1 - Starting...
2026-02-06T07:07:28.356Z  INFO 11161 --- [  restartedMain] com.zaxxer.hikari.pool.HikariPool        : HikariPool-1 - Added connection conn0: url=jdbc:h2:mem:bd97fcbf-e041-404a-9424-90446d760b65 user=SA
2026-02-06T07:07:28.358Z  INFO 11161 --- [  restartedMain] com.zaxxer.hikari.HikariDataSource       : HikariPool-1 - Start completed.
2026-02-06T07:07:28.474Z  INFO 11161 --- [  restartedMain] org.hibernate.orm.jpa                    : HHH008540: Processing PersistenceUnitInfo [name: default]
2026-02-06T07:07:28.513Z  INFO 11161 --- [  restartedMain] org.hibernate.orm.core                   : HHH000001: Hibernate ORM core version 7.2.1.Final
2026-02-06T07:07:28.836Z  INFO 11161 --- [  restartedMain] o.s.o.j.p.SpringPersistenceUnitInfo      : No LoadTimeWeaver setup: ignoring JPA class transformer
2026-02-06T07:07:28.890Z  INFO 11161 --- [  restartedMain] org.hibernate.orm.connections.pooling    : HHH10001005: Database info:
	Database JDBC URL [jdbc:h2:mem:bd97fcbf-e041-404a-9424-90446d760b65]
	Database driver: H2 JDBC Driver
	Database dialect: H2Dialect
	Database version: 2.4.240
	Default catalog/schema: BD97FCBF-E041-404A-9424-90446D760B65/PUBLIC
	Autocommit mode: undefined/unknown
	Isolation level: READ_COMMITTED [default READ_COMMITTED]
	JDBC fetch size: 100
	Pool: DataSourceConnectionProvider
	Minimum pool size: undefined/unknown
	Maximum pool size: undefined/unknown
2026-02-06T07:07:29.720Z  INFO 11161 --- [  restartedMain] org.hibernate.orm.core                   : HHH000489: No JTA platform available (set 'hibernate.transaction.jta.platform' to enable JTA platform integration)
2026-02-06T07:07:29.726Z  INFO 11161 --- [  restartedMain] j.LocalContainerEntityManagerFactoryBean : Initialized JPA EntityManagerFactory for persistence unit 'default'
2026-02-06T07:07:29.802Z  INFO 11161 --- [  restartedMain] o.s.d.j.r.query.QueryEnhancerFactories   : Hibernate is in classpath; If applicable, HQL parser will be used.
2026-02-06T07:07:30.738Z  INFO 11161 --- [  restartedMain] o.s.b.a.e.web.EndpointLinksResolver      : Exposing 13 endpoints beneath base path '/actuator'
2026-02-06T07:07:30.815Z  INFO 11161 --- [  restartedMain] o.s.boot.tomcat.TomcatWebServer          : Tomcat started on port 8080 (http) with context path '/'
2026-02-06T07:07:30.824Z  INFO 11161 --- [  restartedMain] o.s.s.petclinic.PetClinicApplication     : Started PetClinicApplication in 4.521 seconds (process running for 4.91)
2026-02-06T07:07:55.033Z  INFO 11161 --- [nio-8080-exec-1] o.a.c.c.C.[Tomcat].[localhost].[/]       : Initializing Spring DispatcherServlet 'dispatcherServlet'
2026-02-06T07:07:55.033Z  INFO 11161 --- [nio-8080-exec-1] o.s.web.servlet.DispatcherServlet        : Initializing Servlet 'dispatcherServlet'
2026-02-06T07:07:55.035Z  INFO 11161 --- [nio-8080-exec-1] o.s.web.servlet.DispatcherServlet        : Completed initialization in 1 ms
