=== Vulnerability Mitigation Task Log ===
Task Start Time: 2026-02-06 07:01:11 UTC
Repository: AI-Data-Ranch/spring-petclinic
Base Branch: main
Result Branch: feature/vulnerability-update_20260205_230016052

=== Vulnerabilities Found (Pre-fix) ===
1. CVE-2026-1225 (Low Severity)
   - Package: ch.qos.logback:logback-core@1.5.21
   - Type: External Initialization of Trusted Variables or Data Stores
   - Fixed Version: 1.5.25
   - Remediation: Upgrade Spring Boot from 4.0.0 to 4.0.2

2. CVE-2026-24400 (Medium Severity)
   - Package: org.assertj:assertj-core@3.27.6
   - Type: XML External Entity (XXE) Injection
   - Fixed Version: 3.27.7
   - Remediation: Override assertj.version property to 3.27.7

=== Changes Made ===
1. pom.xml:
   - Updated spring-boot-starter-parent version from 4.0.0 to 4.0.2
   - Added assertj.version property set to 3.27.7

=== Post-fix Verification ===
- Snyk scan result: "No known vulnerabilities"
- Build status: SUCCESS
- All vulnerabilities resolved: YES
