[INFO] Scanning for projects...
[INFO] 
[INFO] ------------< org.springframework.samples:spring-petclinic >------------
[INFO] Building petclinic 4.0.0-SNAPSHOT
[INFO]   from pom.xml
[INFO] --------------------------------[ jar ]---------------------------------
Downloading from central: https://repo.maven.apache.org/maven2/org/springframework/boot/spring-boot-starter-actuator/4.0.0/spring-boot-starter-actuator-4.0.0.jar
Progress (1): 0.9/4.8 kBProgress (1): 2.3/4.8 kBProgress (1): 3.7/4.8 kBProgress (1): 4.8 kB                        Downloaded from central: https://repo.maven.apache.org/maven2/org/springframework/boot/spring-boot-starter-actuator/4.0.0/spring-boot-starter-actuator-4.0.0.jar (4.8 kB at 18 kB/s)
Downloading from central: https://repo.maven.apache.org/maven2/org/springframework/boot/spring-boot-starter/4.0.0/spring-boot-starter-4.0.0.jar
Downloading from central: https://repo.maven.apache.org/maven2/org/springframework/boot/spring-boot-starter-logging/4.0.0/spring-boot-starter-logging-4.0.0.jar
Downloading from central: https://repo.maven.apache.org/maven2/org/apache/logging/log4j/log4j-to-slf4j/2.25.2/log4j-to-slf4j-2.25.2.jar
Downloading from central: https://repo.maven.apache.org/maven2/org/apache/logging/log4j/log4j-api/2.25.2/log4j-api-2.25.2.jar
Downloading from central: https://repo.maven.apache.org/maven2/jakarta/annotation/jakarta.annotation-api/3.0.0/jakarta.annotation-api-3.0.0.jar
Progress (1): 0.9/4.8 kBProgress (1): 2.3/4.8 kBProgress (1): 3.7/4.8 kBProgress (1): 4.8 kB                        Downloaded from central: https://repo.maven.apache.org/maven2/org/springframework/boot/spring-boot-starter/4.0.0/spring-boot-starter-4.0.0.jar (4.8 kB at 140 kB/s)
Downloading from central: https://repo.maven.apache.org/maven2/org/yaml/snakeyaml/2.5/snakeyaml-2.5.jar
Progress (1): 0.9/26 kBProgress (1): 2.3/26 kBProgress (1): 3.7/26 kBProgress (1): 5.0/26 kBProgress (1): 6.4/26 kBProgress (2): 6.4/26 kB | 0.9/350 kBProgress (2): 7.8/26 kB | 0.9/350 kBProgress (2): 9.1/26 kB | 0.9/350 kBProgress (2): 9.1/26 kB | 2.3/350 kBProgress (2): 11/26 kB | 2.3/350 kB Progress (2): 11/26 kB | 3.7/350 kBProgress (2): 12/26 kB | 3.7/350 kBProgress (2): 13/26 kB | 3.7/350 kBProgress (2): 13/26 kB | 5.0/350 kBProgress (2): 15/26 kB | 5.0/350 kBProgress (2): 15/26 kB | 6.4/350 kBProgress (2): 16/26 kB | 6.4/350 kBProgress (2): 17/26 kB | 6.4/350 kBProgress (2): 17/26 kB | 7.8/350 kBProgress (2): 17/26 kB | 8.2/350 kBProgress (2): 19/26 kB | 8.2/350 kBProgress (2): 20/26 kB | 8.2/350 kBProgress (2): 20/26 kB | 9.6/350 kBProgress (2): 21/26 kB | 9.6/350 kBProgress (2): 23/26 kB | 9.6/350 kBProgress (2): 23/26 kB | 11/350 kB Progress (2): 24/26 kB | 11/350 kBProgress (2): 24/26 kB | 12/350 kBProgress (2): 26/26 kB | 12/350 kBProgress (2): 26 kB | 12/350 kB   Progress (2): 26 kB | 14/350 kBProgress (3): 26 kB | 14/350 kB | 0.9/340 kBProgress (3): 26 kB | 15/350 kB | 0.9/340 kBProgress (3): 26 kB | 15/350 kB | 2.3/340 kB                                            Downloaded from central: https://repo.maven.apache.org/maven2/jakarta/annotation/jakarta.annotation-api/3.0.0/jakarta.annotation-api-3.0.0.jar (26 kB at 455 kB/s)
Downloading from central: https://repo.maven.apache.org/maven2/org/springframework/boot/spring-boot-starter-micrometer-metrics/4.0.0/spring-boot-starter-micrometer-metrics-4.0.0.jar
Progress (2): 16/350 kB | 2.3/340 kBProgress (2): 16/350 kB | 3.7/340 kBProgress (2): 18/350 kB | 3.7/340 kBProgress (2): 18/350 kB | 5.0/340 kBProgress (2): 19/350 kB | 5.0/340 kBProgress (2): 21/350 kB | 5.0/340 kBProgress (2): 21/350 kB | 6.4/340 kBProgress (2): 22/350 kB | 6.4/340 kBProgress (2): 22/350 kB | 7.8/340 kBProgress (2): 23/350 kB | 7.8/340 kBProgress (2): 23/350 kB | 9.1/340 kBProgress (3): 23/350 kB | 9.1/340 kB | 0.9/24 kBProgress (3): 25/350 kB | 9.1/340 kB | 0.9/24 kBProgress (4): 25/350 kB | 9.1/340 kB | 0.9/24 kB | 0.9/4.7 kBProgress (4): 25/350 kB | 9.1/340 kB | 2.3/24 kB | 0.9/4.7 kBProgress (4): 25/350 kB | 11/340 kB | 2.3/24 kB | 0.9/4.7 kB Progress (4): 26/350 kB | 11/340 kB | 2.3/24 kB | 0.9/4.7 kBProgress (4): 26/350 kB | 11/340 kB | 2.3/24 kB | 2.3/4.7 kBProgress (4): 26/350 kB | 11/340 kB | 3.7/24 kB | 2.3/4.7 kBProgress (4): 26/350 kB | 12/340 kB | 3.7/24 kB | 2.3/4.7 kBProgress (4): 27/350 kB | 12/340 kB | 3.7/24 kB | 2.3/4.7 kBProgress (4): 27/350 kB | 12/340 kB | 5.0/24 kB | 2.3/4.7 kBProgress (4): 27/350 kB | 12/340 kB | 5.0/24 kB | 3.7/4.7 kBProgress (4): 29/350 kB | 12/340 kB | 5.0/24 kB | 3.7/4.7 kBProgress (4): 29/350 kB | 12/340 kB | 6.4/24 kB | 3.7/4.7 kBProgress (4): 29/350 kB | 12/340 kB | 6.4/24 kB | 4.7 kB    Progress (4): 29/350 kB | 13/340 kB | 6.4/24 kB | 4.7 kBProgress (4): 29/350 kB | 13/340 kB | 7.8/24 kB | 4.7 kBProgress (4): 30/350 kB | 13/340 kB | 7.8/24 kB | 4.7 kBProgress (4): 30/350 kB | 15/340 kB | 7.8/24 kB | 4.7 kBProgress (4): 30/350 kB | 15/340 kB | 9.1/24 kB | 4.7 kBProgress (4): 31/350 kB | 15/340 kB | 9.1/24 kB | 4.7 kB                                                        Downloaded from central: https://repo.maven.apache.org/maven2/org/springframework/boot/spring-boot-starter-logging/4.0.0/spring-boot-starter-logging-4.0.0.jar (4.7 kB at 66 kB/s)
Downloading from central: https://repo.maven.apache.org/maven2/org/springframework/boot/spring-boot-micrometer-metrics/4.0.0/spring-boot-micrometer-metrics-4.0.0.jar
Progress (3): 31/350 kB | 15/340 kB | 11/24 kBProgress (3): 33/350 kB | 15/340 kB | 11/24 kBProgress (3): 33/350 kB | 16/340 kB | 11/24 kBProgress (3): 33/350 kB | 16/340 kB | 12/24 kBProgress (3): 34/350 kB | 16/340 kB | 12/24 kBProgress (3): 34/350 kB | 16/340 kB | 13/24 kBProgress (3): 34/350 kB | 17/340 kB | 13/24 kBProgress (3): 36/350 kB | 17/340 kB | 13/24 kBProgress (3): 36/350 kB | 17/340 kB | 15/24 kBProgress (3): 37/350 kB | 17/340 kB | 15/24 kBProgress (3): 37/350 kB | 17/340 kB | 16/24 kBProgress (3): 37/350 kB | 19/340 kB | 16/24 kBProgress (3): 38/350 kB | 19/340 kB | 16/24 kBProgress (3): 38/350 kB | 19/340 kB | 17/24 kBProgress (3): 38/350 kB | 20/340 kB | 17/24 kBProgress (3): 40/350 kB | 20/340 kB | 17/24 kBProgress (3): 40/350 kB | 20/340 kB | 19/24 kBProgress (3): 40/350 kB | 21/340 kB | 19/24 kBProgress (3): 41/350 kB | 21/340 kB | 19/24 kBProgress (3): 41/350 kB | 21/340 kB | 20/24 kBProgress (3): 41/350 kB | 23/340 kB | 20/24 kBProgress (3): 41/350 kB | 23/340 kB | 21/24 kBProgress (3): 41/350 kB | 24/340 kB | 21/24 kBProgress (3): 42/350 kB | 24/340 kB | 21/24 kBProgress (3): 42/350 kB | 24/340 kB | 23/24 kBProgress (3): 42/350 kB | 26/340 kB | 23/24 kBProgress (3): 42/350 kB | 26/340 kB | 24 kB   Progress (3): 44/350 kB | 26/340 kB | 24 kBProgress (3): 44/350 kB | 27/340 kB | 24 kBProgress (3): 45/350 kB | 27/340 kB | 24 kB                                           Downloaded from central: https://repo.maven.apache.org/maven2/org/apache/logging/log4j/log4j-to-slf4j/2.25.2/log4j-to-slf4j-2.25.2.jar (24 kB at 295 kB/s)
Downloading from central: https://repo.maven.apache.org/maven2/org/springframework/boot/spring-boot-micrometer-observation/4.0.0/spring-boot-micrometer-observation-4.0.0.jar
Progress (2): 45/350 kB | 28/340 kBProgress (2): 47/350 kB | 28/340 kBProgress (2): 47/350 kB | 30/340 kBProgress (2): 48/350 kB | 30/340 kBProgress (2): 48/350 kB | 31/340 kBProgress (2): 49/350 kB | 31/340 kBProgress (2): 49/350 kB | 32/340 kBProgress (2): 51/350 kB | 32/340 kBProgress (2): 51/350 kB | 34/340 kBProgress (2): 52/350 kB | 34/340 kBProgress (2): 52/350 kB | 35/340 kBProgress (2): 53/350 kB | 35/340 kBProgress (2): 55/350 kB | 35/340 kBProgress (2): 55/350 kB | 37/340 kBProgress (2): 55/350 kB | 38/340 kBProgress (2): 55/350 kB | 39/340 kBProgress (2): 59/350 kB | 39/340 kBProgress (2): 59/350 kB | 41/340 kBProgress (2): 59/350 kB | 42/340 kBProgress (2): 63/350 kB | 42/340 kBProgress (2): 63/350 kB | 43/340 kBProgress (2): 63/350 kB | 45/340 kBProgress (2): 67/350 kB | 45/340 kBProgress (2): 67/350 kB | 49/340 kBProgress (2): 72/350 kB | 49/340 kBProgress (2): 72/350 kB | 53/340 kBProgress (2): 76/350 kB | 53/340 kBProgress (2): 76/350 kB | 57/340 kBProgress (2): 80/350 kB | 57/340 kBProgress (2): 80/350 kB | 62/340 kBProgress (3): 80/350 kB | 62/340 kB | 0.9/4.7 kBProgress (3): 84/350 kB | 62/340 kB | 0.9/4.7 kBProgress (3): 84/350 kB | 62/340 kB | 2.3/4.7 kBProgress (3): 84/350 kB | 66/340 kB | 2.3/4.7 kBProgress (3): 84/350 kB | 66/340 kB | 3.7/4.7 kBProgress (3): 89/350 kB | 66/340 kB | 3.7/4.7 kBProgress (3): 89/350 kB | 66/340 kB | 4.7 kB    Progress (3): 89/350 kB | 70/340 kB | 4.7 kB                                            Downloaded from central: https://repo.maven.apache.org/maven2/org/springframework/boot/spring-boot-starter-micrometer-metrics/4.0.0/spring-boot-starter-micrometer-metrics-4.0.0.jar (4.7 kB at 55 kB/s)
Downloading from central: https://repo.maven.apache.org/maven2/org/springframework/boot/spring-boot-actuator-autoconfigure/4.0.0/spring-boot-actuator-autoconfigure-4.0.0.jar
Progress (2): 89/350 kB | 74/340 kBProgress (2): 93/350 kB | 74/340 kBProgress (2): 93/350 kB | 79/340 kBProgress (2): 97/350 kB | 79/340 kBProgress (2): 97/350 kB | 83/340 kBProgress (2): 101/350 kB | 83/340 kBProgress (2): 101/350 kB | 87/340 kBProgress (2): 101/350 kB | 91/340 kBProgress (2): 105/350 kB | 91/340 kBProgress (2): 105/350 kB | 95/340 kBProgress (2): 110/350 kB | 95/340 kBProgress (2): 110/350 kB | 100/340 kBProgress (2): 110/350 kB | 104/340 kBProgress (2): 114/350 kB | 104/340 kBProgress (2): 114/350 kB | 108/340 kBProgress (2): 118/350 kB | 108/340 kBProgress (2): 118/350 kB | 112/340 kBProgress (2): 118/350 kB | 117/340 kBProgress (2): 122/350 kB | 117/340 kBProgress (2): 122/350 kB | 121/340 kBProgress (2): 127/350 kB | 121/340 kBProgress (2): 127/350 kB | 125/340 kBProgress (3): 127/350 kB | 125/340 kB | 0.9/242 kBProgress (3): 127/350 kB | 125/340 kB | 2.3/242 kBProgress (3): 127/350 kB | 129/340 kB | 2.3/242 kBProgress (3): 127/350 kB | 129/340 kB | 3.7/242 kBProgress (3): 131/350 kB | 129/340 kB | 3.7/242 kBProgress (3): 131/350 kB | 134/340 kB | 3.7/242 kBProgress (3): 135/350 kB | 134/340 kB | 3.7/242 kBProgress (3): 135/350 kB | 134/340 kB | 5.0/242 kBProgress (3): 135/350 kB | 138/340 kB | 5.0/242 kBProgress (3): 139/350 kB | 138/340 kB | 5.0/242 kBProgress (3): 139/350 kB | 138/340 kB | 6.4/242 kBProgress (4): 139/350 kB | 138/340 kB | 6.4/242 kB | 0.9/29 kBProgress (4): 139/350 kB | 142/340 kB | 6.4/242 kB | 0.9/29 kBProgress (4): 139/350 kB | 142/340 kB | 6.4/242 kB | 2.3/29 kBProgress (4): 139/350 kB | 142/340 kB | 7.8/242 kB | 2.3/29 kBProgress (4): 139/350 kB | 142/340 kB | 7.8/242 kB | 3.7/29 kBProgress (4): 139/350 kB | 142/340 kB | 9.1/242 kB | 3.7/29 kBProgress (4): 143/350 kB | 142/340 kB | 9.1/242 kB | 3.7/29 kBProgress (4): 143/350 kB | 142/340 kB | 9.1/242 kB | 5.0/29 kBProgress (4): 143/350 kB | 142/340 kB | 11/242 kB | 5.0/29 kB Progress (4): 143/350 kB | 142/340 kB | 11/242 kB | 6.4/29 kBProgress (4): 143/350 kB | 142/340 kB | 11/242 kB | 7.8/29 kBProgress (4): 143/350 kB | 142/340 kB | 12/242 kB | 7.8/29 kBProgress (4): 143/350 kB | 146/340 kB | 12/242 kB | 7.8/29 kBProgress (4): 148/350 kB | 146/340 kB | 12/242 kB | 7.8/29 kBProgress (4): 148/350 kB | 146/340 kB | 12/242 kB | 9.1/29 kBProgress (4): 148/350 kB | 146/340 kB | 13/242 kB | 9.1/29 kBProgress (4): 148/350 kB | 146/340 kB | 13/242 kB | 11/29 kB Progress (4): 148/350 kB | 150/340 kB | 13/242 kB | 11/29 kBProgress (4): 148/350 kB | 150/340 kB | 13/242 kB | 12/29 kBProgress (4): 148/350 kB | 150/340 kB | 15/242 kB | 12/29 kBProgress (4): 148/350 kB | 150/340 kB | 16/242 kB | 12/29 kBProgress (4): 148/350 kB | 150/340 kB | 16/242 kB | 13/29 kBProgress (4): 148/350 kB | 155/340 kB | 16/242 kB | 13/29 kBProgress (4): 148/350 kB | 155/340 kB | 16/242 kB | 15/29 kBProgress (4): 148/350 kB | 155/340 kB | 17/242 kB | 15/29 kBProgress (4): 148/350 kB | 155/340 kB | 17/242 kB | 16/29 kBProgress (4): 148/350 kB | 155/340 kB | 19/242 kB | 16/29 kBProgress (4): 148/350 kB | 155/340 kB | 19/242 kB | 17/29 kBProgress (4): 148/350 kB | 155/340 kB | 20/242 kB | 17/29 kBProgress (4): 148/350 kB | 159/340 kB | 20/242 kB | 17/29 kBProgress (4): 148/350 kB | 159/340 kB | 21/242 kB | 17/29 kBProgress (4): 148/350 kB | 159/340 kB | 21/242 kB | 19/29 kBProgress (4): 152/350 kB | 159/340 kB | 21/242 kB | 19/29 kBProgress (4): 152/350 kB | 159/340 kB | 23/242 kB | 19/29 kBProgress (4): 152/350 kB | 159/340 kB | 23/242 kB | 20/29 kBProgress (4): 156/350 kB | 159/340 kB | 23/242 kB | 20/29 kBProgress (4): 156/350 kB | 159/340 kB | 24/242 kB | 20/29 kBProgress (4): 156/350 kB | 159/340 kB | 24/242 kB | 21/29 kBProgress (4): 156/350 kB | 159/340 kB | 24/242 kB | 23/29 kBProgress (4): 160/350 kB | 159/340 kB | 24/242 kB | 23/29 kBProgress (4): 160/350 kB | 159/340 kB | 26/242 kB | 23/29 kBProgress (4): 160/350 kB | 159/340 kB | 26/242 kB | 24/29 kBProgress (4): 160/350 kB | 163/340 kB | 26/242 kB | 24/29 kBProgress (4): 165/350 kB | 163/340 kB | 26/242 kB | 24/29 kBProgress (4): 165/350 kB | 163/340 kB | 27/242 kB | 24/29 kBProgress (4): 165/350 kB | 167/340 kB | 27/242 kB | 24/29 kBProgress (4): 165/350 kB | 167/340 kB | 27/242 kB | 26/29 kBProgress (4): 165/350 kB | 167/340 kB | 28/242 kB | 26/29 kBProgress (4): 169/350 kB | 167/340 kB | 28/242 kB | 26/29 kBProgress (4): 169/350 kB | 167/340 kB | 28/242 kB | 27/29 kBProgress (4): 169/350 kB | 172/340 kB | 28/242 kB | 27/29 kBProgress (4): 169/350 kB | 172/340 kB | 30/242 kB | 27/29 kBProgress (4): 169/350 kB | 172/340 kB | 30/242 kB | 28/29 kBProgress (4): 173/350 kB | 172/340 kB | 30/242 kB | 28/29 kBProgress (4): 173/350 kB | 172/340 kB | 30/242 kB | 29 kB   Progress (4): 173/350 kB | 176/340 kB | 30/242 kB | 29 kBProgress (4): 177/350 kB | 176/340 kB | 30/242 kB | 29 kBProgress (4): 177/350 kB | 176/340 kB | 31/242 kB | 29 kBProgress (4): 177/350 kB | 180/340 kB | 31/242 kB | 29 kB                                                         Downloaded from central: https://repo.maven.apache.org/maven2/org/springframework/boot/spring-boot-micrometer-observation/4.0.0/spring-boot-micrometer-observation-4.0.0.jar (29 kB at 242 kB/s)
Downloading from central: https://repo.maven.apache.org/maven2/org/springframework/boot/spring-boot-actuator/4.0.0/spring-boot-actuator-4.0.0.jar
Progress (3): 177/350 kB | 180/340 kB | 32/242 kBProgress (3): 182/350 kB | 180/340 kB | 32/242 kBProgress (3): 182/350 kB | 184/340 kB | 32/242 kBProgress (3): 186/350 kB | 184/340 kB | 32/242 kBProgress (3): 186/350 kB | 189/340 kB | 32/242 kBProgress (3): 190/350 kB | 189/340 kB | 32/242 kBProgress (3): 190/350 kB | 193/340 kB | 32/242 kBProgress (3): 194/350 kB | 193/340 kB | 32/242 kBProgress (3): 194/350 kB | 197/340 kB | 32/242 kBProgress (3): 198/350 kB | 197/340 kB | 32/242 kBProgress (3): 198/350 kB | 201/340 kB | 32/242 kBProgress (4): 198/350 kB | 201/340 kB | 32/242 kB | 0.9/144 kBProgress (4): 203/350 kB | 201/340 kB | 32/242 kB | 0.9/144 kBProgress (4): 203/350 kB | 201/340 kB | 32/242 kB | 2.3/144 kBProgress (4): 203/350 kB | 201/340 kB | 34/242 kB | 2.3/144 kBProgress (4): 207/350 kB | 201/340 kB | 34/242 kB | 2.3/144 kBProgress (4): 207/350 kB | 201/340 kB | 35/242 kB | 2.3/144 kBProgress (4): 207/350 kB | 205/340 kB | 35/242 kB | 2.3/144 kBProgress (4): 211/350 kB | 205/340 kB | 35/242 kB | 2.3/144 kBProgress (4): 211/350 kB | 205/340 kB | 37/242 kB | 2.3/144 kBProgress (4): 211/350 kB | 205/340 kB | 37/242 kB | 3.7/144 kBProgress (4): 215/350 kB | 205/340 kB | 37/242 kB | 3.7/144 kBProgress (4): 215/350 kB | 205/340 kB | 37/242 kB | 5.0/144 kBProgress (4): 215/350 kB | 210/340 kB | 37/242 kB | 5.0/144 kBProgress (4): 220/350 kB | 210/340 kB | 37/242 kB | 5.0/144 kBProgress (4): 220/350 kB | 210/340 kB | 37/242 kB | 6.4/144 kBProgress (4): 220/350 kB | 210/340 kB | 38/242 kB | 6.4/144 kBProgress (4): 220/350 kB | 214/340 kB | 38/242 kB | 6.4/144 kBProgress (4): 220/350 kB | 214/340 kB | 38/242 kB | 7.8/144 kBProgress (4): 220/350 kB | 214/340 kB | 39/242 kB | 7.8/144 kBProgress (4): 224/350 kB | 214/340 kB | 39/242 kB | 7.8/144 kBProgress (4): 224/350 kB | 214/340 kB | 39/242 kB | 9.1/144 kBProgress (4): 224/350 kB | 214/340 kB | 41/242 kB | 9.1/144 kBProgress (4): 224/350 kB | 214/340 kB | 41/242 kB | 11/144 kB Progress (4): 224/350 kB | 214/340 kB | 42/242 kB | 11/144 kBProgress (4): 224/350 kB | 214/340 kB | 42/242 kB | 12/144 kBProgress (4): 224/350 kB | 214/340 kB | 43/242 kB | 12/144 kBProgress (4): 224/350 kB | 230/340 kB | 43/242 kB | 12/144 kBProgress (4): 224/350 kB | 230/340 kB | 43/242 kB | 13/144 kBProgress (4): 224/350 kB | 230/340 kB | 45/242 kB | 13/144 kBProgress (4): 224/350 kB | 230/340 kB | 45/242 kB | 15/144 kBProgress (4): 240/350 kB | 230/340 kB | 45/242 kB | 15/144 kBProgress (4): 240/350 kB | 230/340 kB | 46/242 kB | 15/144 kBProgress (4): 240/350 kB | 230/340 kB | 46/242 kB | 16/144 kBProgress (4): 240/350 kB | 230/340 kB | 47/242 kB | 16/144 kBProgress (4): 240/350 kB | 230/340 kB | 47/242 kB | 17/144 kBProgress (4): 240/350 kB | 230/340 kB | 49/242 kB | 17/144 kBProgress (4): 240/350 kB | 230/340 kB | 49/242 kB | 19/144 kBProgress (4): 240/350 kB | 230/340 kB | 50/242 kB | 19/144 kBProgress (4): 240/350 kB | 247/340 kB | 50/242 kB | 19/144 kBProgress (4): 257/350 kB | 247/340 kB | 50/242 kB | 19/144 kBProgress (4): 257/350 kB | 247/340 kB | 50/242 kB | 20/144 kBProgress (4): 257/350 kB | 247/340 kB | 54/242 kB | 20/144 kBProgress (4): 257/350 kB | 247/340 kB | 54/242 kB | 21/144 kBProgress (4): 257/350 kB | 247/340 kB | 59/242 kB | 21/144 kBProgress (4): 257/350 kB | 263/340 kB | 59/242 kB | 21/144 kBProgress (4): 257/350 kB | 263/340 kB | 59/242 kB | 23/144 kBProgress (4): 270/350 kB | 263/340 kB | 59/242 kB | 23/144 kBProgress (4): 270/350 kB | 263/340 kB | 63/242 kB | 23/144 kBProgress (4): 270/350 kB | 263/340 kB | 63/242 kB | 27/144 kBProgress (4): 270/350 kB | 263/340 kB | 67/242 kB | 27/144 kBProgress (4): 270/350 kB | 279/340 kB | 67/242 kB | 27/144 kBProgress (4): 287/350 kB | 279/340 kB | 67/242 kB | 27/144 kBProgress (4): 287/350 kB | 279/340 kB | 71/242 kB | 27/144 kBProgress (4): 287/350 kB | 279/340 kB | 71/242 kB | 31/144 kBProgress (4): 287/350 kB | 279/340 kB | 76/242 kB | 31/144 kBProgress (4): 287/350 kB | 296/340 kB | 76/242 kB | 31/144 kBProgress (4): 287/350 kB | 296/340 kB | 80/242 kB | 31/144 kBProgress (4): 287/350 kB | 296/340 kB | 80/242 kB | 36/144 kBProgress (4): 303/350 kB | 296/340 kB | 80/242 kB | 36/144 kBProgress (4): 303/350 kB | 296/340 kB | 84/242 kB | 36/144 kBProgress (4): 303/350 kB | 296/340 kB | 84/242 kB | 40/144 kBProgress (4): 303/350 kB | 312/340 kB | 84/242 kB | 40/144 kBProgress (4): 303/350 kB | 312/340 kB | 88/242 kB | 40/144 kBProgress (4): 303/350 kB | 312/340 kB | 88/242 kB | 44/144 kBProgress (4): 303/350 kB | 312/340 kB | 92/242 kB | 44/144 kBProgress (4): 303/350 kB | 312/340 kB | 92/242 kB | 48/144 kBProgress (4): 303/350 kB | 312/340 kB | 97/242 kB | 48/144 kBProgress (4): 303/350 kB | 329/340 kB | 97/242 kB | 48/144 kBProgress (4): 303/350 kB | 329/340 kB | 97/242 kB | 52/144 kBProgress (4): 303/350 kB | 329/340 kB | 101/242 kB | 52/144 kBProgress (4): 303/350 kB | 340 kB | 101/242 kB | 52/144 kB    Progress (4): 303/350 kB | 340 kB | 105/242 kB | 52/144 kBProgress (4): 303/350 kB | 340 kB | 105/242 kB | 57/144 kBProgress (4): 303/350 kB | 340 kB | 109/242 kB | 57/144 kBProgress (4): 319/350 kB | 340 kB | 109/242 kB | 57/144 kBProgress (4): 319/350 kB | 340 kB | 114/242 kB | 57/144 kBProgress (4): 319/350 kB | 340 kB | 114/242 kB | 61/144 kBProgress (4): 319/350 kB | 340 kB | 118/242 kB | 61/144 kBProgress (4): 319/350 kB | 340 kB | 118/242 kB | 65/144 kB                                                          Downloaded from central: https://repo.maven.apache.org/maven2/org/yaml/snakeyaml/2.5/snakeyaml-2.5.jar (340 kB at 2.6 MB/s)
Progress (3): 319/350 kB | 122/242 kB | 65/144 kBProgress (3): 319/350 kB | 122/242 kB | 69/144 kB                                                 Downloading from central: https://repo.maven.apache.org/maven2/org/springframework/boot/spring-boot-health/4.0.0/spring-boot-health-4.0.0.jar
Progress (3): 336/350 kB | 122/242 kB | 69/144 kBProgress (3): 336/350 kB | 126/242 kB | 69/144 kBProgress (3): 336/350 kB | 131/242 kB | 69/144 kBProgress (3): 336/350 kB | 131/242 kB | 74/144 kBProgress (3): 336/350 kB | 135/242 kB | 74/144 kBProgress (3): 336/350 kB | 135/242 kB | 78/144 kBProgress (3): 336/350 kB | 139/242 kB | 78/144 kBProgress (3): 336/350 kB | 139/242 kB | 82/144 kBProgress (3): 336/350 kB | 139/242 kB | 86/144 kBProgress (3): 336/350 kB | 143/242 kB | 86/144 kBProgress (3): 350 kB | 143/242 kB | 86/144 kB    Progress (3): 350 kB | 147/242 kB | 86/144 kBProgress (3): 350 kB | 147/242 kB | 90/144 kBProgress (3): 350 kB | 152/242 kB | 90/144 kBProgress (3): 350 kB | 152/242 kB | 95/144 kBProgress (3): 350 kB | 156/242 kB | 95/144 kBProgress (3): 350 kB | 156/242 kB | 99/144 kBProgress (3): 350 kB | 156/242 kB | 103/144 kBProgress (3): 350 kB | 160/242 kB | 103/144 kB                                              Downloaded from central: https://repo.maven.apache.org/maven2/org/apache/logging/log4j/log4j-api/2.25.2/log4j-api-2.25.2.jar (350 kB at 2.6 MB/s)
Downloading from central: https://repo.maven.apache.org/maven2/io/micrometer/micrometer-observation/1.16.0/micrometer-observation-1.16.0.jar
Progress (2): 160/242 kB | 107/144 kBProgress (2): 160/242 kB | 112/144 kBProgress (2): 164/242 kB | 112/144 kBProgress (2): 169/242 kB | 112/144 kBProgress (2): 169/242 kB | 116/144 kBProgress (2): 173/242 kB | 116/144 kBProgress (2): 173/242 kB | 120/144 kBProgress (2): 177/242 kB | 120/144 kBProgress (2): 177/242 kB | 124/144 kBProgress (2): 181/242 kB | 124/144 kBProgress (2): 181/242 kB | 129/144 kBProgress (2): 186/242 kB | 129/144 kBProgress (2): 186/242 kB | 133/144 kBProgress (2): 190/242 kB | 133/144 kBProgress (2): 190/242 kB | 137/144 kBProgress (2): 194/242 kB | 137/144 kBProgress (2): 194/242 kB | 141/144 kBProgress (2): 198/242 kB | 141/144 kBProgress (2): 198/242 kB | 144 kB    Progress (2): 202/242 kB | 144 kBProgress (2): 207/242 kB | 144 kBProgress (2): 211/242 kB | 144 kBProgress (2): 215/242 kB | 144 kBProgress (2): 219/242 kB | 144 kB                                 Downloaded from central: https://repo.maven.apache.org/maven2/org/springframework/boot/spring-boot-actuator-autoconfigure/4.0.0/spring-boot-actuator-autoconfigure-4.0.0.jar (144 kB at 1.1 MB/s)
Downloading from central: https://repo.maven.apache.org/maven2/io/micrometer/micrometer-commons/1.16.0/micrometer-commons-1.16.0.jar
Progress (1): 236/242 kBProgress (1): 242 kB                        Downloaded from central: https://repo.maven.apache.org/maven2/org/springframework/boot/spring-boot-micrometer-metrics/4.0.0/spring-boot-micrometer-metrics-4.0.0.jar (242 kB at 1.8 MB/s)
Downloading from central: https://repo.maven.apache.org/maven2/io/micrometer/micrometer-jakarta9/1.16.0/micrometer-jakarta9-1.16.0.jar
Progress (1): 0.9/357 kBProgress (1): 5.2/357 kBProgress (1): 9.4/357 kBProgress (1): 14/357 kB Progress (1): 18/357 kBProgress (1): 22/357 kBProgress (1): 26/357 kBProgress (1): 31/357 kBProgress (1): 35/357 kBProgress (1): 39/357 kBProgress (1): 43/357 kBProgress (1): 47/357 kBProgress (1): 52/357 kBProgress (1): 56/357 kBProgress (1): 60/357 kBProgress (1): 64/357 kBProgress (1): 69/357 kBProgress (1): 73/357 kBProgress (1): 77/357 kBProgress (1): 81/357 kBProgress (1): 86/357 kBProgress (1): 90/357 kBProgress (1): 94/357 kBProgress (1): 98/357 kBProgress (1): 102/357 kBProgress (1): 107/357 kBProgress (1): 111/357 kBProgress (1): 115/357 kBProgress (1): 119/357 kBProgress (1): 124/357 kBProgress (1): 128/357 kBProgress (1): 132/357 kBProgress (1): 136/357 kBProgress (1): 140/357 kBProgress (1): 145/357 kBProgress (1): 149/357 kBProgress (1): 153/357 kBProgress (1): 157/357 kBProgress (1): 162/357 kBProgress (1): 166/357 kBProgress (1): 170/357 kBProgress (2): 170/357 kB | 7.7/82 kBProgress (2): 170/357 kB | 16/82 kB Progress (2): 186/357 kB | 16/82 kBProgress (2): 186/357 kB | 32/82 kBProgress (2): 203/357 kB | 32/82 kBProgress (2): 219/357 kB | 32/82 kBProgress (2): 219/357 kB | 49/82 kBProgress (2): 236/357 kB | 49/82 kBProgress (2): 252/357 kB | 49/82 kBProgress (2): 252/357 kB | 65/82 kBProgress (3): 252/357 kB | 65/82 kB | 7.7/154 kBProgress (3): 252/357 kB | 65/82 kB | 16/154 kB Progress (3): 268/357 kB | 65/82 kB | 16/154 kBProgress (3): 268/357 kB | 81/82 kB | 16/154 kBProgress (3): 268/357 kB | 81/82 kB | 32/154 kBProgress (3): 268/357 kB | 82 kB | 32/154 kB   Progress (3): 285/357 kB | 82 kB | 32/154 kB                                            Downloaded from central: https://repo.maven.apache.org/maven2/io/micrometer/micrometer-observation/1.16.0/micrometer-observation-1.16.0.jar (82 kB at 553 kB/s)
Downloading from central: https://repo.maven.apache.org/maven2/io/micrometer/micrometer-core/1.16.0/micrometer-core-1.16.0.jar
Progress (2): 301/357 kB | 32/154 kBProgress (2): 301/357 kB | 49/154 kBProgress (2): 318/357 kB | 49/154 kBProgress (2): 318/357 kB | 65/154 kBProgress (2): 334/357 kB | 65/154 kBProgress (2): 350/357 kB | 65/154 kBProgress (2): 357 kB | 65/154 kB                                    Downloaded from central: https://repo.maven.apache.org/maven2/org/springframework/boot/spring-boot-actuator/4.0.0/spring-boot-actuator-4.0.0.jar (357 kB at 2.4 MB/s)
Progress (1): 81/154 kB                       Downloading from central: https://repo.maven.apache.org/maven2/org/springframework/boot/spring-boot-starter-cache/4.0.0/spring-boot-starter-cache-4.0.0.jar
Progress (1): 98/154 kBProgress (2): 98/154 kB | 7.7/55 kBProgress (2): 98/154 kB | 16/55 kB Progress (2): 114/154 kB | 16/55 kBProgress (2): 114/154 kB | 32/55 kBProgress (3): 114/154 kB | 32/55 kB | 3.8/52 kBProgress (3): 114/154 kB | 32/55 kB | 8.0/52 kBProgress (3): 114/154 kB | 49/55 kB | 8.0/52 kBProgress (3): 114/154 kB | 49/55 kB | 12/52 kB Progress (3): 131/154 kB | 49/55 kB | 12/52 kBProgress (3): 131/154 kB | 49/55 kB | 16/52 kBProgress (3): 131/154 kB | 55 kB | 16/52 kB   Progress (3): 131/154 kB | 55 kB | 21/52 kBProgress (3): 147/154 kB | 55 kB | 21/52 kB                                           Downloaded from central: https://repo.maven.apache.org/maven2/io/micrometer/micrometer-jakarta9/1.16.0/micrometer-jakarta9-1.16.0.jar (55 kB at 353 kB/s)
Downloading from central: https://repo.maven.apache.org/maven2/org/springframework/boot/spring-boot-cache/4.0.0/spring-boot-cache-4.0.0.jar
Progress (2): 154 kB | 21/52 kBProgress (2): 154 kB | 25/52 kB                               Downloaded from central: https://repo.maven.apache.org/maven2/org/springframework/boot/spring-boot-health/4.0.0/spring-boot-health-4.0.0.jar (154 kB at 967 kB/s)
Progress (1): 29/52 kB                      Downloading from central: https://repo.maven.apache.org/maven2/org/springframework/spring-context-support/7.0.1/spring-context-support-7.0.1.jar
Progress (1): 33/52 kBProgress (1): 38/52 kBProgress (1): 42/52 kBProgress (1): 46/52 kBProgress (1): 52 kB                      Downloaded from central: https://repo.maven.apache.org/maven2/io/micrometer/micrometer-commons/1.16.0/micrometer-commons-1.16.0.jar (52 kB at 323 kB/s)
Downloading from central: https://repo.maven.apache.org/maven2/org/springframework/spring-beans/7.0.1/spring-beans-7.0.1.jar
Progress (1): 7.7/912 kBProgress (1): 16/912 kB Progress (1): 32/912 kBProgress (2): 32/912 kB | 3.4/4.7 kBProgress (2): 32/912 kB | 4.7 kB    Progress (2): 49/912 kB | 4.7 kB                                Downloaded from central: https://repo.maven.apache.org/maven2/org/springframework/boot/spring-boot-starter-cache/4.0.0/spring-boot-starter-cache-4.0.0.jar (4.7 kB at 27 kB/s)
Downloading from central: https://repo.maven.apache.org/maven2/org/springframework/boot/spring-boot-starter-data-jpa/4.0.0/spring-boot-starter-data-jpa-4.0.0.jar
Progress (1): 65/912 kBProgress (1): 81/912 kBProgress (1): 98/912 kBProgress (1): 114/912 kBProgress (1): 131/912 kBProgress (1): 147/912 kBProgress (2): 147/912 kB | 7.7/926 kBProgress (2): 147/912 kB | 16/926 kB Progress (2): 163/912 kB | 16/926 kBProgress (2): 163/912 kB | 32/926 kBProgress (2): 163/912 kB | 49/926 kBProgress (2): 163/912 kB | 65/926 kBProgress (3): 163/912 kB | 65/926 kB | 7.7/84 kBProgress (3): 163/912 kB | 65/926 kB | 16/84 kB Progress (3): 180/912 kB | 65/926 kB | 16/84 kBProgress (3): 180/912 kB | 65/926 kB | 29/84 kBProgress (3): 180/912 kB | 81/926 kB | 29/84 kBProgress (3): 196/912 kB | 81/926 kB | 29/84 kBProgress (3): 196/912 kB | 81/926 kB | 45/84 kBProgress (3): 213/912 kB | 81/926 kB | 45/84 kBProgress (3): 213/912 kB | 98/926 kB | 45/84 kBProgress (3): 213/912 kB | 98/926 kB | 61/84 kBProgress (3): 229/912 kB | 98/926 kB | 61/84 kBProgress (4): 229/912 kB | 98/926 kB | 61/84 kB | 7.7/178 kBProgress (4): 229/912 kB | 98/926 kB | 61/84 kB | 12/178 kB Progress (4): 229/912 kB | 98/926 kB | 61/84 kB | 28/178 kBProgress (4): 229/912 kB | 98/926 kB | 78/84 kB | 28/178 kBProgress (4): 229/912 kB | 114/926 kB | 78/84 kB | 28/178 kBProgress (4): 245/912 kB | 114/926 kB | 78/84 kB | 28/178 kBProgress (4): 245/912 kB | 114/926 kB | 84 kB | 28/178 kB   Progress (4): 245/912 kB | 114/926 kB | 84 kB | 44/178 kBProgress (4): 245/912 kB | 131/926 kB | 84 kB | 44/178 kBProgress (4): 245/912 kB | 131/926 kB | 84 kB | 61/178 kBProgress (4): 245/912 kB | 147/926 kB | 84 kB | 61/178 kBProgress (4): 245/912 kB | 147/926 kB | 84 kB | 77/178 kB                                                         Downloaded from central: https://repo.maven.apache.org/maven2/org/springframework/boot/spring-boot-cache/4.0.0/spring-boot-cache-4.0.0.jar (84 kB at 447 kB/s)
Downloading from central: https://repo.maven.apache.org/maven2/org/springframework/boot/spring-boot-starter-jdbc/4.0.0/spring-boot-starter-jdbc-4.0.0.jar
Progress (3): 245/912 kB | 147/926 kB | 93/178 kBProgress (3): 245/912 kB | 163/926 kB | 93/178 kBProgress (3): 245/912 kB | 163/926 kB | 110/178 kBProgress (3): 245/912 kB | 163/926 kB | 126/178 kBProgress (3): 245/912 kB | 180/926 kB | 126/178 kBProgress (3): 245/912 kB | 180/926 kB | 143/178 kBProgress (3): 245/912 kB | 196/926 kB | 143/178 kBProgress (3): 245/912 kB | 196/926 kB | 159/178 kBProgress (3): 245/912 kB | 213/926 kB | 159/178 kBProgress (3): 245/912 kB | 213/926 kB | 175/178 kBProgress (3): 245/912 kB | 213/926 kB | 178 kB    Progress (3): 245/912 kB | 229/926 kB | 178 kBProgress (3): 245/912 kB | 245/926 kB | 178 kB                                              Downloaded from central: https://repo.maven.apache.org/maven2/org/springframework/spring-context-support/7.0.1/spring-context-support-7.0.1.jar (178 kB at 920 kB/s)
Downloading from central: https://repo.maven.apache.org/maven2/com/zaxxer/HikariCP/7.0.2/HikariCP-7.0.2.jar
Progress (2): 262/912 kB | 245/926 kBProgress (2): 278/912 kB | 245/926 kBProgress (2): 278/912 kB | 262/926 kBProgress (2): 294/912 kB | 262/926 kBProgress (2): 311/912 kB | 262/926 kBProgress (2): 311/912 kB | 278/926 kBProgress (2): 327/912 kB | 278/926 kBProgress (2): 327/912 kB | 294/926 kBProgress (2): 344/912 kB | 294/926 kBProgress (2): 344/912 kB | 311/926 kBProgress (2): 344/912 kB | 327/926 kBProgress (2): 360/912 kB | 327/926 kBProgress (2): 376/912 kB | 327/926 kBProgress (2): 376/912 kB | 344/926 kBProgress (2): 393/912 kB | 344/926 kBProgress (2): 393/912 kB | 360/926 kBProgress (2): 409/912 kB | 360/926 kBProgress (2): 409/912 kB | 376/926 kBProgress (2): 409/912 kB | 393/926 kBProgress (3): 409/912 kB | 393/926 kB | 4.8 kBProgress (3): 409/912 kB | 409/926 kB | 4.8 kBProgress (3): 409/912 kB | 426/926 kB | 4.8 kB                                              Downloaded from central: https://repo.maven.apache.org/maven2/org/springframework/boot/spring-boot-starter-data-jpa/4.0.0/spring-boot-starter-data-jpa-4.0.0.jar (4.8 kB at 24 kB/s)
Downloading from central: https://repo.maven.apache.org/maven2/org/springframework/boot/spring-boot-data-jpa/4.0.0/spring-boot-data-jpa-4.0.0.jar
Progress (2): 426/912 kB | 426/926 kBProgress (2): 426/912 kB | 442/926 kBProgress (2): 442/912 kB | 442/926 kBProgress (2): 442/912 kB | 458/926 kBProgress (2): 458/912 kB | 458/926 kBProgress (2): 458/912 kB | 475/926 kBProgress (2): 475/912 kB | 475/926 kBProgress (2): 491/912 kB | 475/926 kBProgress (2): 491/912 kB | 491/926 kBProgress (2): 491/912 kB | 507/926 kBProgress (2): 491/912 kB | 524/926 kBProgress (2): 491/912 kB | 540/926 kBProgress (2): 507/912 kB | 540/926 kBProgress (2): 507/912 kB | 557/926 kBProgress (2): 524/912 kB | 557/926 kBProgress (2): 524/912 kB | 573/926 kBProgress (2): 540/912 kB | 573/926 kBProgress (2): 540/912 kB | 589/926 kBProgress (2): 540/912 kB | 606/926 kBProgress (2): 557/912 kB | 606/926 kBProgress (2): 557/912 kB | 622/926 kBProgress (2): 573/912 kB | 622/926 kBProgress (2): 573/912 kB | 639/926 kBProgress (2): 573/912 kB | 655/926 kBProgress (2): 589/912 kB | 655/926 kBProgress (2): 589/912 kB | 671/926 kBProgress (2): 589/912 kB | 688/926 kBProgress (2): 606/912 kB | 688/926 kBProgress (2): 606/912 kB | 704/926 kBProgress (2): 606/912 kB | 720/926 kBProgress (2): 622/912 kB | 720/926 kBProgress (2): 622/912 kB | 737/926 kBProgress (2): 639/912 kB | 737/926 kBProgress (2): 639/912 kB | 753/926 kBProgress (2): 639/912 kB | 770/926 kBProgress (2): 655/912 kB | 770/926 kBProgress (2): 655/912 kB | 786/926 kBProgress (2): 655/912 kB | 802/926 kBProgress (2): 671/912 kB | 802/926 kBProgress (2): 671/912 kB | 819/926 kBProgress (2): 688/912 kB | 819/926 kBProgress (2): 688/912 kB | 835/926 kBProgress (2): 688/912 kB | 852/926 kBProgress (3): 688/912 kB | 852/926 kB | 4.8 kBProgress (3): 688/912 kB | 868/926 kB | 4.8 kB                                              Downloaded from central: https://repo.maven.apache.org/maven2/org/springframework/boot/spring-boot-starter-jdbc/4.0.0/spring-boot-starter-jdbc-4.0.0.jar (4.8 kB at 22 kB/s)
Progress (2): 688/912 kB | 884/926 kB                                     Downloading from central: https://repo.maven.apache.org/maven2/org/springframework/boot/spring-boot-data-commons/4.0.0/spring-boot-data-commons-4.0.0.jar
Progress (2): 704/912 kB | 884/926 kBProgress (2): 720/912 kB | 884/926 kBProgress (2): 737/912 kB | 884/926 kBProgress (2): 753/912 kB | 884/926 kBProgress (2): 753/912 kB | 901/926 kBProgress (2): 770/912 kB | 901/926 kBProgress (2): 770/912 kB | 917/926 kBProgress (2): 770/912 kB | 926 kB                                     Downloaded from central: https://repo.maven.apache.org/maven2/org/springframework/spring-beans/7.0.1/spring-beans-7.0.1.jar (926 kB at 4.2 MB/s)
Downloading from central: https://repo.maven.apache.org/maven2/org/springframework/boot/spring-boot-persistence/4.0.0/spring-boot-persistence-4.0.0.jar
Progress (1): 786/912 kBProgress (1): 802/912 kBProgress (2): 802/912 kB | 7.7/172 kBProgress (2): 802/912 kB | 16/172 kB Progress (2): 819/912 kB | 16/172 kBProgress (2): 835/912 kB | 16/172 kBProgress (2): 835/912 kB | 32/172 kBProgress (2): 852/912 kB | 32/172 kBProgress (2): 852/912 kB | 49/172 kBProgress (2): 868/912 kB | 49/172 kBProgress (2): 868/912 kB | 65/172 kBProgress (2): 884/912 kB | 65/172 kBProgress (2): 901/912 kB | 65/172 kBProgress (2): 901/912 kB | 81/172 kBProgress (2): 912 kB | 81/172 kB    Progress (3): 912 kB | 81/172 kB | 7.7/16 kBProgress (3): 912 kB | 81/172 kB | 16/16 kB                                            Downloaded from central: https://repo.maven.apache.org/maven2/io/micrometer/micrometer-core/1.16.0/micrometer-core-1.16.0.jar (912 kB at 4.0 MB/s)
Downloading from central: https://repo.maven.apache.org/maven2/org/springframework/data/spring-data-commons/4.0.0/spring-data-commons-4.0.0.jar
Progress (2): 81/172 kB | 16 kBProgress (2): 98/172 kB | 16 kB                               Downloaded from central: https://repo.maven.apache.org/maven2/org/springframework/boot/spring-boot-data-jpa/4.0.0/spring-boot-data-jpa-4.0.0.jar (16 kB at 72 kB/s)
Progress (1): 114/172 kB                        Downloading from central: https://repo.maven.apache.org/maven2/org/springframework/boot/spring-boot-hibernate/4.0.0/spring-boot-hibernate-4.0.0.jar
Progress (1): 131/172 kBProgress (1): 147/172 kBProgress (1): 163/172 kBProgress (1): 172 kB                        Downloaded from central: https://repo.maven.apache.org/maven2/com/zaxxer/HikariCP/7.0.2/HikariCP-7.0.2.jar (172 kB at 743 kB/s)
Downloading from central: https://repo.maven.apache.org/maven2/org/springframework/boot/spring-boot-jpa/4.0.0/spring-boot-jpa-4.0.0.jar
Progress (1): 7.7/16 kBProgress (1): 16/16 kB Progress (1): 16 kB                      Downloaded from central: https://repo.maven.apache.org/maven2/org/springframework/boot/spring-boot-persistence/4.0.0/spring-boot-persistence-4.0.0.jar (16 kB at 66 kB/s)
Progress (1): 7.7/30 kB                       Downloading from central: https://repo.maven.apache.org/maven2/jakarta/persistence/jakarta.persistence-api/3.2.0/jakarta.persistence-api-3.2.0.jar
Progress (1): 16/30 kBProgress (1): 30 kB                      Downloaded from central: https://repo.maven.apache.org/maven2/org/springframework/boot/spring-boot-data-commons/4.0.0/spring-boot-data-commons-4.0.0.jar (30 kB at 125 kB/s)
Downloading from central: https://repo.maven.apache.org/maven2/org/hibernate/orm/hibernate-core/7.1.8.Final/hibernate-core-7.1.8.Final.jar
Progress (1): 7.7/29 kBProgress (1): 7.8/29 kBProgress (1): 24/29 kB Progress (1): 29 kB   Progress (2): 29 kB | 0/1.7 MBProgress (2): 29 kB | 0/1.7 MB                              Downloaded from central: https://repo.maven.apache.org/maven2/org/springframework/boot/spring-boot-hibernate/4.0.0/spring-boot-hibernate-4.0.0.jar (29 kB at 117 kB/s)
Downloading from central: https://repo.maven.apache.org/maven2/org/hibernate/models/hibernate-models/1.0.1/hibernate-models-1.0.1.jar
Progress (1): 0/1.7 MBProgress (1): 0/1.7 MBProgress (1): 0.1/1.7 MBProgress (1): 0.1/1.7 MBProgress (1): 0.1/1.7 MBProgress (1): 0.1/1.7 MBProgress (1): 0.1/1.7 MBProgress (2): 0.1/1.7 MB | 7.7/24 kBProgress (2): 0.1/1.7 MB | 16/24 kB Progress (2): 0.1/1.7 MB | 16/24 kBProgress (2): 0.1/1.7 MB | 24 kB   Progress (2): 0.2/1.7 MB | 24 kBProgress (2): 0.2/1.7 MB | 24 kB                                Downloaded from central: https://repo.maven.apache.org/maven2/org/springframework/boot/spring-boot-jpa/4.0.0/spring-boot-jpa-4.0.0.jar (24 kB at 93 kB/s)
Downloading from central: https://repo.maven.apache.org/maven2/org/glassfish/jaxb/jaxb-runtime/4.0.6/jaxb-runtime-4.0.6.jar
Progress (1): 0.2/1.7 MBProgress (1): 0.2/1.7 MBProgress (1): 0.2/1.7 MBProgress (1): 0.2/1.7 MBProgress (1): 0.3/1.7 MBProgress (1): 0.3/1.7 MBProgress (1): 0.3/1.7 MBProgress (1): 0.3/1.7 MBProgress (1): 0.3/1.7 MBProgress (1): 0.3/1.7 MBProgress (2): 0.3/1.7 MB | 0/14 MBProgress (2): 0.3/1.7 MB | 0/14 MBProgress (2): 0.4/1.7 MB | 0/14 MBProgress (2): 0.4/1.7 MB | 0/14 MBProgress (2): 0.4/1.7 MB | 0/14 MBProgress (2): 0.4/1.7 MB | 0/14 MBProgress (2): 0.4/1.7 MB | 0.1/14 MBProgress (2): 0.4/1.7 MB | 0.1/14 MBProgress (2): 0.4/1.7 MB | 0.1/14 MBProgress (3): 0.4/1.7 MB | 0.1/14 MB | 7.7/196 kBProgress (3): 0.4/1.7 MB | 0.1/14 MB | 16/196 kB Progress (3): 0.4/1.7 MB | 0.1/14 MB | 16/196 kBProgress (3): 0.4/1.7 MB | 0.1/14 MB | 16/196 kBProgress (3): 0.4/1.7 MB | 0.1/14 MB | 16/196 kBProgress (3): 0.4/1.7 MB | 0.1/14 MB | 32/196 kBProgress (3): 0.4/1.7 MB | 0.2/14 MB | 32/196 kBProgress (3): 0.4/1.7 MB | 0.2/14 MB | 48/196 kBProgress (3): 0.4/1.7 MB | 0.2/14 MB | 48/196 kBProgress (3): 0.4/1.7 MB | 0.2/14 MB | 48/196 kBProgress (3): 0.4/1.7 MB | 0.2/14 MB | 65/196 kBProgress (3): 0.4/1.7 MB | 0.2/14 MB | 65/196 kBProgress (3): 0.4/1.7 MB | 0.2/14 MB | 65/196 kBProgress (3): 0.4/1.7 MB | 0.2/14 MB | 81/196 kBProgress (3): 0.4/1.7 MB | 0.2/14 MB | 81/196 kBProgress (3): 0.4/1.7 MB | 0.3/14 MB | 81/196 kBProgress (3): 0.4/1.7 MB | 0.3/14 MB | 81/196 kBProgress (3): 0.4/1.7 MB | 0.3/14 MB | 98/196 kBProgress (3): 0.4/1.7 MB | 0.3/14 MB | 98/196 kBProgress (3): 0.4/1.7 MB | 0.3/14 MB | 98/196 kBProgress (3): 0.4/1.7 MB | 0.3/14 MB | 98/196 kBProgress (3): 0.4/1.7 MB | 0.3/14 MB | 98/196 kBProgress (3): 0.4/1.7 MB | 0.3/14 MB | 98/196 kBProgress (3): 0.4/1.7 MB | 0.4/14 MB | 98/196 kBProgress (3): 0.4/1.7 MB | 0.4/14 MB | 98/196 kBProgress (3): 0.4/1.7 MB | 0.4/14 MB | 98/196 kBProgress (3): 0.4/1.7 MB | 0.4/14 MB | 98/196 kBProgress (3): 0.4/1.7 MB | 0.4/14 MB | 98/196 kBProgress (3): 0.4/1.7 MB | 0.4/14 MB | 114/196 kBProgress (3): 0.4/1.7 MB | 0.4/14 MB | 114/196 kBProgress (3): 0.4/1.7 MB | 0.4/14 MB | 114/196 kBProgress (3): 0.5/1.7 MB | 0.4/14 MB | 114/196 kBProgress (3): 0.5/1.7 MB | 0.4/14 MB | 114/196 kBProgress (3): 0.5/1.7 MB | 0.4/14 MB | 114/196 kBProgress (3): 0.5/1.7 MB | 0.4/14 MB | 130/196 kBProgress (3): 0.5/1.7 MB | 0.4/14 MB | 130/196 kBProgress (3): 0.5/1.7 MB | 0.4/14 MB | 130/196 kBProgress (3): 0.5/1.7 MB | 0.5/14 MB | 130/196 kBProgress (3): 0.5/1.7 MB | 0.5/14 MB | 130/196 kBProgress (3): 0.5/1.7 MB | 0.5/14 MB | 130/196 kBProgress (3): 0.5/1.7 MB | 0.5/14 MB | 130/196 kBProgress (3): 0.5/1.7 MB | 0.5/14 MB | 130/196 kBProgress (3): 0.5/1.7 MB | 0.5/14 MB | 130/196 kBProgress (3): 0.5/1.7 MB | 0.5/14 MB | 130/196 kBProgress (3): 0.5/1.7 MB | 0.5/14 MB | 130/196 kBProgress (3): 0.6/1.7 MB | 0.5/14 MB | 130/196 kBProgress (3): 0.6/1.7 MB | 0.5/14 MB | 130/196 kBProgress (4): 0.6/1.7 MB | 0.5/14 MB | 130/196 kB | 7.7/218 kBProgress (4): 0.6/1.7 MB | 0.5/14 MB | 130/196 kB | 7.7/218 kBProgress (4): 0.6/1.7 MB | 0.5/14 MB | 130/196 kB | 16/218 kB Progress (4): 0.6/1.7 MB | 0.5/14 MB | 130/196 kB | 16/218 kBProgress (4): 0.6/1.7 MB | 0.5/14 MB | 130/196 kB | 16/218 kBProgress (4): 0.6/1.7 MB | 0.6/14 MB | 130/196 kB | 16/218 kBProgress (4): 0.6/1.7 MB | 0.6/14 MB | 130/196 kB | 25/218 kBProgress (4): 0.6/1.7 MB | 0.6/14 MB | 130/196 kB | 25/218 kBProgress (4): 0.6/1.7 MB | 0.6/14 MB | 130/196 kB | 25/218 kBProgress (4): 0.6/1.7 MB | 0.6/14 MB | 130/196 kB | 41/218 kBProgress (4): 0.6/1.7 MB | 0.6/14 MB | 130/196 kB | 41/218 kBProgress (4): 0.6/1.7 MB | 0.6/14 MB | 130/196 kB | 41/218 kBProgress (4): 0.6/1.7 MB | 0.6/14 MB | 130/196 kB | 41/218 kBProgress (4): 0.7/1.7 MB | 0.6/14 MB | 130/196 kB | 41/218 kBProgress (4): 0.7/1.7 MB | 0.6/14 MB | 147/196 kB | 41/218 kBProgress (4): 0.7/1.7 MB | 0.6/14 MB | 147/196 kB | 41/218 kBProgress (4): 0.7/1.7 MB | 0.6/14 MB | 147/196 kB | 41/218 kBProgress (4): 0.7/1.7 MB | 0.6/14 MB | 163/196 kB | 41/218 kBProgress (4): 0.7/1.7 MB | 0.6/14 MB | 163/196 kB | 41/218 kBProgress (4): 0.7/1.7 MB | 0.6/14 MB | 180/196 kB | 41/218 kBProgress (4): 0.7/1.7 MB | 0.6/14 MB | 180/196 kB | 41/218 kBProgress (4): 0.7/1.7 MB | 0.6/14 MB | 180/196 kB | 41/218 kBProgress (4): 0.7/1.7 MB | 0.6/14 MB | 196/196 kB | 41/218 kBProgress (4): 0.7/1.7 MB | 0.6/14 MB | 196 kB | 41/218 kB    Progress (4): 0.8/1.7 MB | 0.6/14 MB | 196 kB | 41/218 kBProgress (4): 0.8/1.7 MB | 0.6/14 MB | 196 kB | 41/218 kBProgress (4): 0.8/1.7 MB | 0.6/14 MB | 196 kB | 41/218 kB                                                         Downloaded from central: https://repo.maven.apache.org/maven2/jakarta/persistence/jakarta.persistence-api/3.2.0/jakarta.persistence-api-3.2.0.jar (196 kB at 690 kB/s)
Progress (3): 0.8/1.7 MB | 0.6/14 MB | 41/218 kBProgress (3): 0.8/1.7 MB | 0.6/14 MB | 57/218 kBProgress (3): 0.8/1.7 MB | 0.6/14 MB | 74/218 kBProgress (3): 0.8/1.7 MB | 0.6/14 MB | 74/218 kBProgress (3): 0.8/1.7 MB | 0.6/14 MB | 74/218 kBProgress (3): 0.8/1.7 MB | 0.6/14 MB | 90/218 kBProgress (3): 0.9/1.7 MB | 0.6/14 MB | 90/218 kBProgress (3): 0.9/1.7 MB | 0.6/14 MB | 90/218 kBProgress (3): 0.9/1.7 MB | 0.6/14 MB | 90/218 kBProgress (3): 0.9/1.7 MB | 0.6/14 MB | 90/218 kBProgress (3): 0.9/1.7 MB | 0.6/14 MB | 90/218 kBProgress (3): 0.9/1.7 MB | 0.6/14 MB | 90/218 kBProgress (3): 0.9/1.7 MB | 0.6/14 MB | 90/218 kBProgress (3): 0.9/1.7 MB | 0.7/14 MB | 90/218 kBProgress (3): 0.9/1.7 MB | 0.7/14 MB | 90/218 kBProgress (3): 0.9/1.7 MB | 0.7/14 MB | 90/218 kBProgress (3): 0.9/1.7 MB | 0.7/14 MB | 90/218 kBProgress (4): 0.9/1.7 MB | 0.7/14 MB | 90/218 kB | 7.7/920 kBProgress (4): 0.9/1.7 MB | 0.7/14 MB | 90/218 kB | 12/920 kB Progress (4): 0.9/1.7 MB | 0.7/14 MB | 106/218 kB | 12/920 kBProgress (4): 0.9/1.7 MB | 0.7/14 MB | 106/218 kB | 12/920 kBProgress (4): 0.9/1.7 MB | 0.7/14 MB | 106/218 kB | 12/920 kBProgress (4): 1.0/1.7 MB | 0.7/14 MB | 106/218 kB | 12/920 kBProgress (4): 1.0/1.7 MB | 0.7/14 MB | 106/218 kB | 28/920 kBProgress (4): 1.0/1.7 MB | 0.7/14 MB | 123/218 kB | 28/920 kBProgress (4): 1.0/1.7 MB | 0.7/14 MB | 123/218 kB | 28/920 kBProgress (4): 1.0/1.7 MB | 0.7/14 MB | 123/218 kB | 28/920 kBProgress (4): 1.0/1.7 MB | 0.7/14 MB | 123/218 kB | 44/920 kBProgress (4): 1.0/1.7 MB | 0.7/14 MB | 139/218 kB | 44/920 kBProgress (4): 1.0/1.7 MB | 0.7/14 MB | 139/218 kB | 44/920 kBProgress (4): 1.0/1.7 MB | 0.7/14 MB | 139/218 kB | 44/920 kBProgress (4): 1.0/1.7 MB | 0.7/14 MB | 156/218 kB | 44/920 kBProgress (4): 1.0/1.7 MB | 0.7/14 MB | 156/218 kB | 44/920 kBProgress (4): 1.0/1.7 MB | 0.7/14 MB | 156/218 kB | 61/920 kBProgress (4): 1.0/1.7 MB | 0.8/14 MB | 156/218 kB | 61/920 kBProgress (4): 1.0/1.7 MB | 0.8/14 MB | 172/218 kB | 61/920 kBProgress (4): 1.0/1.7 MB | 0.8/14 MB | 172/218 kB | 61/920 kBProgress (4): 1.0/1.7 MB | 0.8/14 MB | 172/218 kB | 77/920 kBProgress (4): 1.0/1.7 MB | 0.8/14 MB | 172/218 kB | 77/920 kBProgress (4): 1.0/1.7 MB | 0.8/14 MB | 188/218 kB | 77/920 kBProgress (4): 1.0/1.7 MB | 0.8/14 MB | 188/218 kB | 77/920 kBProgress (4): 1.0/1.7 MB | 0.8/14 MB | 188/218 kB | 77/920 kBProgress (4): 1.0/1.7 MB | 0.8/14 MB | 188/218 kB | 94/920 kBProgress (4): 1.0/1.7 MB | 0.8/14 MB | 188/218 kB | 94/920 kBProgress (4): 1.0/1.7 MB | 0.8/14 MB | 188/218 kB | 94/920 kBProgress (4): 1.0/1.7 MB | 0.8/14 MB | 188/218 kB | 94/920 kBProgress (4): 1.0/1.7 MB | 0.8/14 MB | 188/218 kB | 110/920 kBProgress (4): 1.1/1.7 MB | 0.8/14 MB | 188/218 kB | 110/920 kBProgress (4): 1.1/1.7 MB | 0.8/14 MB | 188/218 kB | 110/920 kB                                                              Downloading from central: https://repo.maven.apache.org/maven2/org/glassfish/jaxb/jaxb-core/4.0.6/jaxb-core-4.0.6.jar
Progress (4): 1.1/1.7 MB | 0.8/14 MB | 188/218 kB | 110/920 kBProgress (4): 1.1/1.7 MB | 0.9/14 MB | 188/218 kB | 110/920 kBProgress (4): 1.1/1.7 MB | 0.9/14 MB | 188/218 kB | 110/920 kBProgress (4): 1.1/1.7 MB | 0.9/14 MB | 205/218 kB | 110/920 kBProgress (4): 1.1/1.7 MB | 0.9/14 MB | 205/218 kB | 110/920 kBProgress (4): 1.1/1.7 MB | 0.9/14 MB | 205/218 kB | 126/920 kBProgress (4): 1.1/1.7 MB | 0.9/14 MB | 205/218 kB | 126/920 kBProgress (4): 1.1/1.7 MB | 0.9/14 MB | 218 kB | 126/920 kB    Progress (4): 1.1/1.7 MB | 0.9/14 MB | 218 kB | 126/920 kBProgress (4): 1.1/1.7 MB | 0.9/14 MB | 218 kB | 143/920 kBProgress (4): 1.1/1.7 MB | 0.9/14 MB | 218 kB | 143/920 kB                                                          Downloaded from central: https://repo.maven.apache.org/maven2/org/hibernate/models/hibernate-models/1.0.1/hibernate-models-1.0.1.jar (218 kB at 741 kB/s)
Downloading from central: https://repo.maven.apache.org/maven2/org/glassfish/jaxb/txw2/4.0.6/txw2-4.0.6.jar
Progress (3): 1.1/1.7 MB | 1.0/14 MB | 143/920 kBProgress (3): 1.1/1.7 MB | 1.0/14 MB | 159/920 kBProgress (3): 1.1/1.7 MB | 1.0/14 MB | 159/920 kBProgress (3): 1.1/1.7 MB | 1.0/14 MB | 159/920 kBProgress (3): 1.1/1.7 MB | 1.0/14 MB | 159/920 kBProgress (3): 1.1/1.7 MB | 1.0/14 MB | 175/920 kBProgress (3): 1.1/1.7 MB | 1.0/14 MB | 175/920 kBProgress (3): 1.1/1.7 MB | 1.0/14 MB | 175/920 kBProgress (3): 1.1/1.7 MB | 1.0/14 MB | 192/920 kBProgress (3): 1.1/1.7 MB | 1.0/14 MB | 192/920 kBProgress (3): 1.1/1.7 MB | 1.0/14 MB | 192/920 kBProgress (3): 1.1/1.7 MB | 1.0/14 MB | 192/920 kBProgress (3): 1.1/1.7 MB | 1.0/14 MB | 192/920 kBProgress (3): 1.1/1.7 MB | 1.0/14 MB | 208/920 kBProgress (3): 1.1/1.7 MB | 1.0/14 MB | 208/920 kBProgress (3): 1.2/1.7 MB | 1.0/14 MB | 208/920 kBProgress (3): 1.2/1.7 MB | 1.0/14 MB | 225/920 kBProgress (3): 1.2/1.7 MB | 1.0/14 MB | 225/920 kBProgress (3): 1.2/1.7 MB | 1.1/14 MB | 225/920 kBProgress (3): 1.2/1.7 MB | 1.1/14 MB | 225/920 kBProgress (3): 1.2/1.7 MB | 1.1/14 MB | 225/920 kBProgress (3): 1.2/1.7 MB | 1.1/14 MB | 225/920 kBProgress (3): 1.2/1.7 MB | 1.1/14 MB | 241/920 kBProgress (3): 1.2/1.7 MB | 1.1/14 MB | 241/920 kBProgress (3): 1.2/1.7 MB | 1.1/14 MB | 241/920 kBProgress (3): 1.2/1.7 MB | 1.1/14 MB | 241/920 kBProgress (3): 1.2/1.7 MB | 1.1/14 MB | 241/920 kBProgress (3): 1.2/1.7 MB | 1.1/14 MB | 257/920 kBProgress (3): 1.2/1.7 MB | 1.1/14 MB | 257/920 kBProgress (3): 1.2/1.7 MB | 1.1/14 MB | 257/920 kBProgress (3): 1.2/1.7 MB | 1.1/14 MB | 274/920 kBProgress (3): 1.2/1.7 MB | 1.1/14 MB | 274/920 kBProgress (3): 1.3/1.7 MB | 1.1/14 MB | 274/920 kBProgress (3): 1.3/1.7 MB | 1.2/14 MB | 274/920 kBProgress (3): 1.3/1.7 MB | 1.2/14 MB | 274/920 kBProgress (3): 1.3/1.7 MB | 1.2/14 MB | 290/920 kBProgress (3): 1.3/1.7 MB | 1.2/14 MB | 290/920 kBProgress (3): 1.3/1.7 MB | 1.2/14 MB | 290/920 kBProgress (3): 1.3/1.7 MB | 1.2/14 MB | 307/920 kBProgress (3): 1.3/1.7 MB | 1.2/14 MB | 307/920 kBProgress (3): 1.3/1.7 MB | 1.2/14 MB | 307/920 kBProgress (3): 1.3/1.7 MB | 1.2/14 MB | 323/920 kBProgress (3): 1.3/1.7 MB | 1.2/14 MB | 323/920 kBProgress (3): 1.3/1.7 MB | 1.2/14 MB | 323/920 kBProgress (3): 1.3/1.7 MB | 1.2/14 MB | 323/920 kBProgress (3): 1.3/1.7 MB | 1.2/14 MB | 339/920 kBProgress (3): 1.3/1.7 MB | 1.2/14 MB | 344/920 kBProgress (3): 1.3/1.7 MB | 1.2/14 MB | 344/920 kBProgress (3): 1.3/1.7 MB | 1.2/14 MB | 344/920 kBProgress (3): 1.3/1.7 MB | 1.3/14 MB | 344/920 kBProgress (3): 1.4/1.7 MB | 1.3/14 MB | 344/920 kBProgress (3): 1.4/1.7 MB | 1.3/14 MB | 360/920 kBProgress (3): 1.4/1.7 MB | 1.3/14 MB | 360/920 kBProgress (3): 1.4/1.7 MB | 1.3/14 MB | 360/920 kBProgress (3): 1.4/1.7 MB | 1.3/14 MB | 360/920 kBProgress (3): 1.4/1.7 MB | 1.3/14 MB | 377/920 kBProgress (3): 1.4/1.7 MB | 1.3/14 MB | 377/920 kBProgress (3): 1.4/1.7 MB | 1.3/14 MB | 393/920 kBProgress (3): 1.4/1.7 MB | 1.3/14 MB | 393/920 kBProgress (3): 1.4/1.7 MB | 1.3/14 MB | 393/920 kBProgress (3): 1.4/1.7 MB | 1.3/14 MB | 393/920 kBProgress (3): 1.4/1.7 MB | 1.3/14 MB | 393/920 kBProgress (3): 1.4/1.7 MB | 1.3/14 MB | 410/920 kBProgress (3): 1.4/1.7 MB | 1.4/14 MB | 410/920 kBProgress (3): 1.4/1.7 MB | 1.4/14 MB | 410/920 kBProgress (3): 1.4/1.7 MB | 1.4/14 MB | 426/920 kBProgress (3): 1.4/1.7 MB | 1.4/14 MB | 426/920 kBProgress (3): 1.4/1.7 MB | 1.4/14 MB | 426/920 kBProgress (3): 1.4/1.7 MB | 1.4/14 MB | 426/920 kBProgress (3): 1.4/1.7 MB | 1.4/14 MB | 442/920 kBProgress (3): 1.4/1.7 MB | 1.4/14 MB | 442/920 kBProgress (3): 1.4/1.7 MB | 1.4/14 MB | 442/920 kBProgress (3): 1.5/1.7 MB | 1.4/14 MB | 442/920 kBProgress (3): 1.5/1.7 MB | 1.4/14 MB | 459/920 kBProgress (3): 1.5/1.7 MB | 1.4/14 MB | 459/920 kBProgress (3): 1.5/1.7 MB | 1.5/14 MB | 459/920 kBProgress (3): 1.5/1.7 MB | 1.5/14 MB | 475/920 kBProgress (3): 1.5/1.7 MB | 1.5/14 MB | 475/920 kBProgress (3): 1.5/1.7 MB | 1.5/14 MB | 475/920 kBProgress (3): 1.5/1.7 MB | 1.5/14 MB | 475/920 kBProgress (3): 1.5/1.7 MB | 1.5/14 MB | 475/920 kBProgress (3): 1.5/1.7 MB | 1.5/14 MB | 492/920 kBProgress (3): 1.5/1.7 MB | 1.5/14 MB | 492/920 kBProgress (3): 1.5/1.7 MB | 1.5/14 MB | 492/920 kBProgress (3): 1.5/1.7 MB | 1.5/14 MB | 508/920 kBProgress (3): 1.5/1.7 MB | 1.5/14 MB | 508/920 kBProgress (3): 1.5/1.7 MB | 1.5/14 MB | 508/920 kBProgress (3): 1.5/1.7 MB | 1.5/14 MB | 508/920 kBProgress (3): 1.5/1.7 MB | 1.5/14 MB | 524/920 kBProgress (3): 1.5/1.7 MB | 1.5/14 MB | 524/920 kBProgress (3): 1.5/1.7 MB | 1.6/14 MB | 524/920 kBProgress (3): 1.5/1.7 MB | 1.6/14 MB | 524/920 kBProgress (3): 1.5/1.7 MB | 1.6/14 MB | 541/920 kBProgress (3): 1.5/1.7 MB | 1.6/14 MB | 541/920 kBProgress (3): 1.6/1.7 MB | 1.6/14 MB | 541/920 kBProgress (3): 1.6/1.7 MB | 1.6/14 MB | 557/920 kBProgress (3): 1.6/1.7 MB | 1.6/14 MB | 557/920 kBProgress (3): 1.6/1.7 MB | 1.6/14 MB | 557/920 kBProgress (3): 1.6/1.7 MB | 1.6/14 MB | 557/920 kBProgress (3): 1.6/1.7 MB | 1.6/14 MB | 573/920 kBProgress (3): 1.6/1.7 MB | 1.6/14 MB | 573/920 kBProgress (3): 1.6/1.7 MB | 1.6/14 MB | 573/920 kBProgress (3): 1.6/1.7 MB | 1.7/14 MB | 573/920 kBProgress (3): 1.6/1.7 MB | 1.7/14 MB | 573/920 kBProgress (3): 1.6/1.7 MB | 1.7/14 MB | 590/920 kBProgress (3): 1.6/1.7 MB | 1.7/14 MB | 590/920 kBProgress (3): 1.6/1.7 MB | 1.7/14 MB | 590/920 kBProgress (3): 1.6/1.7 MB | 1.7/14 MB | 606/920 kBProgress (3): 1.6/1.7 MB | 1.7/14 MB | 606/920 kBProgress (3): 1.6/1.7 MB | 1.7/14 MB | 606/920 kBProgress (3): 1.6/1.7 MB | 1.7/14 MB | 606/920 kBProgress (3): 1.6/1.7 MB | 1.7/14 MB | 623/920 kBProgress (3): 1.6/1.7 MB | 1.7/14 MB | 623/920 kBProgress (3): 1.7/1.7 MB | 1.7/14 MB | 623/920 kBProgress (3): 1.7/1.7 MB | 1.7/14 MB | 639/920 kBProgress (3): 1.7/1.7 MB | 1.7/14 MB | 639/920 kBProgress (3): 1.7/1.7 MB | 1.7/14 MB | 639/920 kBProgress (3): 1.7/1.7 MB | 1.8/14 MB | 639/920 kBProgress (3): 1.7/1.7 MB | 1.8/14 MB | 655/920 kBProgress (3): 1.7/1.7 MB | 1.8/14 MB | 655/920 kBProgress (3): 1.7/1.7 MB | 1.8/14 MB | 655/920 kBProgress (3): 1.7/1.7 MB | 1.8/14 MB | 672/920 kBProgress (3): 1.7/1.7 MB | 1.8/14 MB | 672/920 kBProgress (3): 1.7 MB | 1.8/14 MB | 672/920 kB    Progress (3): 1.7 MB | 1.8/14 MB | 672/920 kBProgress (3): 1.7 MB | 1.8/14 MB | 688/920 kBProgress (3): 1.7 MB | 1.8/14 MB | 688/920 kBProgress (3): 1.7 MB | 1.8/14 MB | 688/920 kBProgress (3): 1.7 MB | 1.8/14 MB | 705/920 kB                                             Downloaded from central: https://repo.maven.apache.org/maven2/org/springframework/data/spring-data-commons/4.0.0/spring-data-commons-4.0.0.jar (1.7 MB at 5.3 MB/s)
Progress (2): 1.9/14 MB | 705/920 kB                                    Downloading from central: https://repo.maven.apache.org/maven2/org/springframework/spring-orm/7.0.1/spring-orm-7.0.1.jar
Progress (2): 1.9/14 MB | 705/920 kBProgress (2): 1.9/14 MB | 721/920 kBProgress (2): 1.9/14 MB | 721/920 kBProgress (3): 1.9/14 MB | 721/920 kB | 3.4/138 kBProgress (3): 1.9/14 MB | 721/920 kB | 3.4/138 kBProgress (3): 1.9/14 MB | 737/920 kB | 3.4/138 kBProgress (3): 1.9/14 MB | 737/920 kB | 3.4/138 kBProgress (3): 1.9/14 MB | 737/920 kB | 20/138 kB Progress (3): 1.9/14 MB | 754/920 kB | 20/138 kBProgress (3): 1.9/14 MB | 754/920 kB | 20/138 kBProgress (3): 1.9/14 MB | 754/920 kB | 20/138 kBProgress (3): 1.9/14 MB | 770/920 kB | 20/138 kBProgress (3): 2.0/14 MB | 770/920 kB | 20/138 kBProgress (3): 2.0/14 MB | 770/920 kB | 36/138 kBProgress (3): 2.0/14 MB | 786/920 kB | 36/138 kBProgress (3): 2.0/14 MB | 786/920 kB | 36/138 kBProgress (3): 2.0/14 MB | 786/920 kB | 36/138 kBProgress (3): 2.0/14 MB | 803/920 kB | 36/138 kBProgress (3): 2.0/14 MB | 803/920 kB | 53/138 kBProgress (3): 2.0/14 MB | 803/920 kB | 53/138 kBProgress (3): 2.0/14 MB | 803/920 kB | 61/138 kBProgress (3): 2.0/14 MB | 803/920 kB | 61/138 kBProgress (3): 2.0/14 MB | 819/920 kB | 61/138 kBProgress (3): 2.0/14 MB | 819/920 kB | 61/138 kBProgress (3): 2.0/14 MB | 819/920 kB | 77/138 kBProgress (3): 2.0/14 MB | 836/920 kB | 77/138 kBProgress (3): 2.1/14 MB | 836/920 kB | 77/138 kBProgress (3): 2.1/14 MB | 852/920 kB | 77/138 kBProgress (3): 2.1/14 MB | 852/920 kB | 77/138 kBProgress (3): 2.1/14 MB | 852/920 kB | 94/138 kBProgress (3): 2.1/14 MB | 868/920 kB | 94/138 kBProgress (3): 2.1/14 MB | 868/920 kB | 94/138 kBProgress (4): 2.1/14 MB | 868/920 kB | 94/138 kB | 7.7/73 kBProgress (4): 2.1/14 MB | 885/920 kB | 94/138 kB | 7.7/73 kBProgress (4): 2.1/14 MB | 885/920 kB | 94/138 kB | 16/73 kB Progress (4): 2.1/14 MB | 885/920 kB | 94/138 kB | 16/73 kBProgress (4): 2.1/14 MB | 885/920 kB | 94/138 kB | 25/73 kBProgress (4): 2.1/14 MB | 901/920 kB | 94/138 kB | 25/73 kBProgress (4): 2.1/14 MB | 901/920 kB | 110/138 kB | 25/73 kBProgress (4): 2.1/14 MB | 901/920 kB | 110/138 kB | 25/73 kBProgress (4): 2.1/14 MB | 918/920 kB | 110/138 kB | 25/73 kBProgress (4): 2.1/14 MB | 920 kB | 110/138 kB | 25/73 kB    Progress (4): 2.1/14 MB | 920 kB | 110/138 kB | 25/73 kBProgress (4): 2.1/14 MB | 920 kB | 110/138 kB | 41/73 kBProgress (4): 2.1/14 MB | 920 kB | 126/138 kB | 41/73 kBProgress (4): 2.2/14 MB | 920 kB | 126/138 kB | 41/73 kBProgress (4): 2.2/14 MB | 920 kB | 126/138 kB | 57/73 kBProgress (4): 2.2/14 MB | 920 kB | 126/138 kB | 57/73 kB                                                        Downloaded from central: https://repo.maven.apache.org/maven2/org/glassfish/jaxb/jaxb-runtime/4.0.6/jaxb-runtime-4.0.6.jar (920 kB at 2.9 MB/s)
Downloading from central: https://repo.maven.apache.org/maven2/org/springframework/data/spring-data-jpa/4.0.0/spring-data-jpa-4.0.0.jar
Progress (3): 2.2/14 MB | 126/138 kB | 73 kBProgress (3): 2.2/14 MB | 126/138 kB | 73 kBProgress (3): 2.2/14 MB | 138 kB | 73 kB    Progress (3): 2.2/14 MB | 138 kB | 73 kBProgress (3): 2.2/14 MB | 138 kB | 73 kB                                        Downloaded from central: https://repo.maven.apache.org/maven2/org/glassfish/jaxb/jaxb-core/4.0.6/jaxb-core-4.0.6.jar (138 kB at 427 kB/s)
Downloading from central: https://repo.maven.apache.org/maven2/org/springframework/spring-aop/7.0.1/spring-aop-7.0.1.jar
Downloaded from central: https://repo.maven.apache.org/maven2/org/glassfish/jaxb/txw2/4.0.6/txw2-4.0.6.jar (73 kB at 227 kB/s)
Downloading from central: https://repo.maven.apache.org/maven2/org/springframework/spring-tx/7.0.1/spring-tx-7.0.1.jar
Progress (1): 2.2/14 MBProgress (1): 2.2/14 MBProgress (1): 2.3/14 MBProgress (1): 2.3/14 MBProgress (1): 2.3/14 MBProgress (1): 2.3/14 MBProgress (1): 2.3/14 MBProgress (1): 2.3/14 MBProgress (1): 2.4/14 MBProgress (1): 2.4/14 MBProgress (1): 2.4/14 MBProgress (1): 2.4/14 MBProgress (1): 2.4/14 MBProgress (1): 2.4/14 MBProgress (1): 2.5/14 MBProgress (1): 2.5/14 MBProgress (1): 2.5/14 MBProgress (1): 2.5/14 MBProgress (1): 2.5/14 MBProgress (1): 2.5/14 MBProgress (1): 2.5/14 MBProgress (1): 2.6/14 MBProgress (1): 2.6/14 MBProgress (1): 2.6/14 MBProgress (1): 2.6/14 MBProgress (1): 2.6/14 MBProgress (1): 2.6/14 MBProgress (1): 2.7/14 MBProgress (1): 2.7/14 MBProgress (1): 2.7/14 MBProgress (1): 2.7/14 MBProgress (1): 2.7/14 MBProgress (1): 2.7/14 MBProgress (1): 2.8/14 MBProgress (1): 2.8/14 MBProgress (1): 2.8/14 MBProgress (1): 2.8/14 MBProgress (2): 2.8/14 MB | 7.7/212 kBProgress (2): 2.8/14 MB | 7.7/212 kBProgress (2): 2.8/14 MB | 16/212 kB Progress (2): 2.8/14 MB | 16/212 kBProgress (2): 2.8/14 MB | 32/212 kBProgress (2): 2.9/14 MB | 32/212 kBProgress (2): 2.9/14 MB | 32/212 kBProgress (2): 2.9/14 MB | 49/212 kBProgress (2): 2.9/14 MB | 49/212 kBProgress (2): 2.9/14 MB | 65/212 kBProgress (2): 2.9/14 MB | 65/212 kBProgress (2): 2.9/14 MB | 81/212 kBProgress (2): 2.9/14 MB | 81/212 kBProgress (2): 2.9/14 MB | 98/212 kBProgress (2): 2.9/14 MB | 98/212 kBProgress (2): 2.9/14 MB | 114/212 kBProgress (2): 3.0/14 MB | 114/212 kBProgress (2): 3.0/14 MB | 114/212 kBProgress (2): 3.0/14 MB | 131/212 kBProgress (2): 3.0/14 MB | 131/212 kBProgress (2): 3.0/14 MB | 147/212 kBProgress (2): 3.0/14 MB | 147/212 kBProgress (2): 3.0/14 MB | 163/212 kBProgress (2): 3.0/14 MB | 163/212 kBProgress (2): 3.0/14 MB | 180/212 kBProgress (2): 3.0/14 MB | 180/212 kBProgress (2): 3.0/14 MB | 180/212 kBProgress (2): 3.0/14 MB | 196/212 kBProgress (2): 3.1/14 MB | 196/212 kBProgress (2): 3.1/14 MB | 212 kB    Progress (2): 3.1/14 MB | 212 kBProgress (2): 3.1/14 MB | 212 kB                                Downloaded from central: https://repo.maven.apache.org/maven2/org/springframework/spring-orm/7.0.1/spring-orm-7.0.1.jar (212 kB at 617 kB/s)
Downloading from central: https://repo.maven.apache.org/maven2/org/springframework/spring-aspects/7.0.1/spring-aspects-7.0.1.jar
Progress (1): 3.1/14 MBProgress (1): 3.1/14 MBProgress (1): 3.1/14 MBProgress (1): 3.2/14 MBProgress (1): 3.2/14 MBProgress (1): 3.2/14 MBProgress (1): 3.2/14 MBProgress (1): 3.2/14 MBProgress (1): 3.2/14 MBProgress (1): 3.2/14 MBProgress (1): 3.3/14 MBProgress (1): 3.3/14 MBProgress (2): 3.3/14 MB | 7.7/425 kBProgress (2): 3.3/14 MB | 16/425 kB Progress (2): 3.3/14 MB | 16/425 kBProgress (2): 3.3/14 MB | 32/425 kBProgress (2): 3.3/14 MB | 32/425 kBProgress (2): 3.3/14 MB | 49/425 kBProgress (2): 3.3/14 MB | 49/425 kBProgress (2): 3.3/14 MB | 65/425 kBProgress (2): 3.3/14 MB | 65/425 kBProgress (2): 3.3/14 MB | 81/425 kBProgress (3): 3.3/14 MB | 81/425 kB | 3.4/288 kBProgress (3): 3.4/14 MB | 81/425 kB | 3.4/288 kBProgress (3): 3.4/14 MB | 98/425 kB | 3.4/288 kBProgress (3): 3.4/14 MB | 98/425 kB | 20/288 kB Progress (3): 3.4/14 MB | 98/425 kB | 20/288 kBProgress (3): 3.4/14 MB | 114/425 kB | 20/288 kBProgress (3): 3.4/14 MB | 114/425 kB | 36/288 kBProgress (3): 3.4/14 MB | 114/425 kB | 36/288 kBProgress (3): 3.4/14 MB | 131/425 kB | 36/288 kBProgress (3): 3.4/14 MB | 131/425 kB | 53/288 kBProgress (3): 3.4/14 MB | 131/425 kB | 53/288 kBProgress (3): 3.4/14 MB | 147/425 kB | 53/288 kBProgress (3): 3.4/14 MB | 147/425 kB | 69/288 kBProgress (4): 3.4/14 MB | 147/425 kB | 69/288 kB | 0/2.1 MBProgress (4): 3.4/14 MB | 147/425 kB | 69/288 kB | 0/2.1 MBProgress (4): 3.4/14 MB | 147/425 kB | 69/288 kB | 0/2.1 MBProgress (4): 3.4/14 MB | 163/425 kB | 69/288 kB | 0/2.1 MBProgress (4): 3.4/14 MB | 163/425 kB | 85/288 kB | 0/2.1 MBProgress (4): 3.4/14 MB | 163/425 kB | 85/288 kB | 0/2.1 MBProgress (4): 3.4/14 MB | 180/425 kB | 85/288 kB | 0/2.1 MBProgress (4): 3.4/14 MB | 180/425 kB | 102/288 kB | 0/2.1 MBProgress (4): 3.5/14 MB | 180/425 kB | 102/288 kB | 0/2.1 MBProgress (4): 3.5/14 MB | 180/425 kB | 102/288 kB | 0/2.1 MBProgress (4): 3.5/14 MB | 196/425 kB | 102/288 kB | 0/2.1 MBProgress (4): 3.5/14 MB | 196/425 kB | 118/288 kB | 0/2.1 MBProgress (4): 3.5/14 MB | 196/425 kB | 118/288 kB | 0/2.1 MBProgress (4): 3.5/14 MB | 196/425 kB | 126/288 kB | 0/2.1 MBProgress (4): 3.5/14 MB | 213/425 kB | 126/288 kB | 0/2.1 MBProgress (4): 3.5/14 MB | 213/425 kB | 126/288 kB | 0/2.1 MBProgress (4): 3.5/14 MB | 213/425 kB | 143/288 kB | 0/2.1 MBProgress (4): 3.5/14 MB | 229/425 kB | 143/288 kB | 0/2.1 MBProgress (4): 3.5/14 MB | 229/425 kB | 143/288 kB | 0/2.1 MBProgress (4): 3.5/14 MB | 229/425 kB | 143/288 kB | 0/2.1 MBProgress (4): 3.5/14 MB | 229/425 kB | 159/288 kB | 0/2.1 MBProgress (4): 3.5/14 MB | 245/425 kB | 159/288 kB | 0/2.1 MBProgress (4): 3.5/14 MB | 245/425 kB | 159/288 kB | 0/2.1 MBProgress (4): 3.5/14 MB | 245/425 kB | 175/288 kB | 0/2.1 MBProgress (4): 3.5/14 MB | 262/425 kB | 175/288 kB | 0/2.1 MBProgress (4): 3.5/14 MB | 262/425 kB | 175/288 kB | 0/2.1 MBProgress (4): 3.5/14 MB | 262/425 kB | 192/288 kB | 0/2.1 MBProgress (4): 3.5/14 MB | 278/425 kB | 192/288 kB | 0/2.1 MBProgress (4): 3.5/14 MB | 278/425 kB | 192/288 kB | 0.1/2.1 MBProgress (4): 3.6/14 MB | 278/425 kB | 192/288 kB | 0.1/2.1 MBProgress (4): 3.6/14 MB | 278/425 kB | 208/288 kB | 0.1/2.1 MBProgress (4): 3.6/14 MB | 294/425 kB | 208/288 kB | 0.1/2.1 MBProgress (4): 3.6/14 MB | 294/425 kB | 208/288 kB | 0.1/2.1 MBProgress (4): 3.6/14 MB | 294/425 kB | 225/288 kB | 0.1/2.1 MBProgress (4): 3.6/14 MB | 311/425 kB | 225/288 kB | 0.1/2.1 MBProgress (4): 3.6/14 MB | 327/425 kB | 225/288 kB | 0.1/2.1 MBProgress (4): 3.6/14 MB | 327/425 kB | 225/288 kB | 0.1/2.1 MBProgress (4): 3.6/14 MB | 327/425 kB | 241/288 kB | 0.1/2.1 MBProgress (4): 3.6/14 MB | 327/425 kB | 241/288 kB | 0.1/2.1 MBProgress (4): 3.6/14 MB | 344/425 kB | 241/288 kB | 0.1/2.1 MBProgress (4): 3.6/14 MB | 344/425 kB | 241/288 kB | 0.1/2.1 MBProgress (4): 3.6/14 MB | 344/425 kB | 241/288 kB | 0.1/2.1 MBProgress (4): 3.6/14 MB | 360/425 kB | 241/288 kB | 0.1/2.1 MBProgress (4): 3.6/14 MB | 360/425 kB | 257/288 kB | 0.1/2.1 MBProgress (4): 3.6/14 MB | 360/425 kB | 257/288 kB | 0.1/2.1 MBProgress (4): 3.6/14 MB | 376/425 kB | 257/288 kB | 0.1/2.1 MBProgress (4): 3.6/14 MB | 376/425 kB | 257/288 kB | 0.1/2.1 MBProgress (4): 3.6/14 MB | 376/425 kB | 274/288 kB | 0.1/2.1 MBProgress (4): 3.6/14 MB | 393/425 kB | 274/288 kB | 0.1/2.1 MBProgress (4): 3.7/14 MB | 393/425 kB | 274/288 kB | 0.1/2.1 MBProgress (4): 3.7/14 MB | 393/425 kB | 288 kB | 0.1/2.1 MB    Progress (4): 3.7/14 MB | 409/425 kB | 288 kB | 0.1/2.1 MBProgress (4): 3.7/14 MB | 409/425 kB | 288 kB | 0.1/2.1 MBProgress (4): 3.7/14 MB | 409/425 kB | 288 kB | 0.1/2.1 MBProgress (4): 3.7/14 MB | 425 kB | 288 kB | 0.1/2.1 MB    Progress (4): 3.7/14 MB | 425 kB | 288 kB | 0.1/2.1 MBProgress (4): 3.7/14 MB | 425 kB | 288 kB | 0.1/2.1 MB                                                      Downloaded from central: https://repo.maven.apache.org/maven2/org/springframework/spring-tx/7.0.1/spring-tx-7.0.1.jar (288 kB at 801 kB/s)
Downloading from central: https://repo.maven.apache.org/maven2/org/aspectj/aspectjweaver/1.9.25/aspectjweaver-1.9.25.jar
Progress (3): 3.7/14 MB | 425 kB | 0.1/2.1 MB                                             Downloaded from central: https://repo.maven.apache.org/maven2/org/springframework/spring-aop/7.0.1/spring-aop-7.0.1.jar (425 kB at 1.2 MB/s)
Downloading from central: https://repo.maven.apache.org/maven2/org/springframework/boot/spring-boot-jdbc/4.0.0/spring-boot-jdbc-4.0.0.jar
Progress (2): 3.7/14 MB | 0.1/2.1 MBProgress (2): 3.7/14 MB | 0.1/2.1 MBProgress (2): 3.8/14 MB | 0.1/2.1 MBProgress (2): 3.8/14 MB | 0.1/2.1 MBProgress (2): 3.8/14 MB | 0.1/2.1 MBProgress (2): 3.8/14 MB | 0.1/2.1 MBProgress (2): 3.8/14 MB | 0.2/2.1 MBProgress (2): 3.8/14 MB | 0.2/2.1 MBProgress (2): 3.8/14 MB | 0.2/2.1 MBProgress (2): 3.8/14 MB | 0.2/2.1 MBProgress (2): 3.8/14 MB | 0.2/2.1 MBProgress (2): 3.8/14 MB | 0.2/2.1 MBProgress (2): 3.9/14 MB | 0.2/2.1 MBProgress (2): 3.9/14 MB | 0.2/2.1 MBProgress (2): 3.9/14 MB | 0.2/2.1 MBProgress (2): 3.9/14 MB | 0.2/2.1 MBProgress (2): 3.9/14 MB | 0.2/2.1 MBProgress (2): 3.9/14 MB | 0.2/2.1 MBProgress (2): 3.9/14 MB | 0.2/2.1 MBProgress (2): 3.9/14 MB | 0.2/2.1 MBProgress (2): 4.0/14 MB | 0.2/2.1 MBProgress (2): 4.0/14 MB | 0.2/2.1 MBProgress (2): 4.0/14 MB | 0.2/2.1 MBProgress (2): 4.0/14 MB | 0.2/2.1 MBProgress (2): 4.0/14 MB | 0.3/2.1 MBProgress (2): 4.0/14 MB | 0.3/2.1 MBProgress (2): 4.0/14 MB | 0.3/2.1 MBProgress (2): 4.0/14 MB | 0.3/2.1 MBProgress (2): 4.0/14 MB | 0.3/2.1 MBProgress (2): 4.0/14 MB | 0.3/2.1 MBProgress (3): 4.0/14 MB | 0.3/2.1 MB | 7.7/50 kBProgress (3): 4.0/14 MB | 0.3/2.1 MB | 12/50 kB Progress (3): 4.1/14 MB | 0.3/2.1 MB | 12/50 kBProgress (3): 4.1/14 MB | 0.3/2.1 MB | 12/50 kBProgress (3): 4.1/14 MB | 0.3/2.1 MB | 29/50 kBProgress (3): 4.1/14 MB | 0.3/2.1 MB | 29/50 kBProgress (3): 4.1/14 MB | 0.3/2.1 MB | 29/50 kBProgress (3): 4.1/14 MB | 0.3/2.1 MB | 45/50 kBProgress (3): 4.1/14 MB | 0.3/2.1 MB | 50 kB   Progress (3): 4.1/14 MB | 0.3/2.1 MB | 50 kBProgress (3): 4.1/14 MB | 0.3/2.1 MB | 50 kB                                            Downloaded from central: https://repo.maven.apache.org/maven2/org/springframework/spring-aspects/7.0.1/spring-aspects-7.0.1.jar (50 kB at 136 kB/s)
Downloading from central: https://repo.maven.apache.org/maven2/org/springframework/boot/spring-boot-sql/4.0.0/spring-boot-sql-4.0.0.jar
Progress (2): 4.1/14 MB | 0.3/2.1 MBProgress (2): 4.1/14 MB | 0.3/2.1 MBProgress (2): 4.1/14 MB | 0.3/2.1 MBProgress (2): 4.1/14 MB | 0.3/2.1 MBProgress (2): 4.2/14 MB | 0.3/2.1 MBProgress (2): 4.2/14 MB | 0.3/2.1 MBProgress (2): 4.2/14 MB | 0.4/2.1 MBProgress (2): 4.2/14 MB | 0.4/2.1 MBProgress (2): 4.2/14 MB | 0.4/2.1 MBProgress (2): 4.2/14 MB | 0.4/2.1 MBProgress (2): 4.2/14 MB | 0.4/2.1 MBProgress (2): 4.2/14 MB | 0.4/2.1 MBProgress (2): 4.2/14 MB | 0.4/2.1 MBProgress (2): 4.2/14 MB | 0.4/2.1 MBProgress (2): 4.2/14 MB | 0.4/2.1 MBProgress (2): 4.3/14 MB | 0.4/2.1 MBProgress (2): 4.3/14 MB | 0.4/2.1 MBProgress (2): 4.3/14 MB | 0.4/2.1 MBProgress (2): 4.3/14 MB | 0.4/2.1 MBProgress (2): 4.3/14 MB | 0.4/2.1 MBProgress (2): 4.3/14 MB | 0.4/2.1 MBProgress (2): 4.3/14 MB | 0.5/2.1 MBProgress (2): 4.3/14 MB | 0.5/2.1 MBProgress (2): 4.3/14 MB | 0.5/2.1 MBProgress (2): 4.4/14 MB | 0.5/2.1 MBProgress (2): 4.4/14 MB | 0.5/2.1 MBProgress (2): 4.4/14 MB | 0.5/2.1 MBProgress (2): 4.4/14 MB | 0.5/2.1 MBProgress (2): 4.4/14 MB | 0.5/2.1 MBProgress (2): 4.4/14 MB | 0.5/2.1 MBProgress (2): 4.4/14 MB | 0.5/2.1 MBProgress (2): 4.4/14 MB | 0.5/2.1 MBProgress (2): 4.4/14 MB | 0.5/2.1 MBProgress (2): 4.4/14 MB | 0.5/2.1 MBProgress (2): 4.4/14 MB | 0.5/2.1 MBProgress (2): 4.5/14 MB | 0.5/2.1 MBProgress (2): 4.5/14 MB | 0.6/2.1 MBProgress (2): 4.5/14 MB | 0.6/2.1 MBProgress (2): 4.5/14 MB | 0.6/2.1 MBProgress (2): 4.5/14 MB | 0.6/2.1 MBProgress (2): 4.5/14 MB | 0.6/2.1 MBProgress (2): 4.5/14 MB | 0.6/2.1 MBProgress (2): 4.5/14 MB | 0.6/2.1 MBProgress (2): 4.5/14 MB | 0.6/2.1 MBProgress (2): 4.5/14 MB | 0.6/2.1 MBProgress (2): 4.5/14 MB | 0.6/2.1 MBProgress (2): 4.6/14 MB | 0.6/2.1 MBProgress (2): 4.6/14 MB | 0.6/2.1 MBProgress (2): 4.6/14 MB | 0.6/2.1 MBProgress (2): 4.6/14 MB | 0.6/2.1 MBProgress (2): 4.6/14 MB | 0.6/2.1 MBProgress (3): 4.6/14 MB | 0.6/2.1 MB | 0/2.2 MBProgress (3): 4.6/14 MB | 0.6/2.1 MB | 0/2.2 MBProgress (3): 4.6/14 MB | 0.6/2.1 MB | 0/2.2 MBProgress (3): 4.6/14 MB | 0.6/2.1 MB | 0/2.2 MBProgress (3): 4.6/14 MB | 0.6/2.1 MB | 0/2.2 MBProgress (3): 4.6/14 MB | 0.6/2.1 MB | 0/2.2 MBProgress (3): 4.6/14 MB | 0.7/2.1 MB | 0/2.2 MBProgress (3): 4.6/14 MB | 0.7/2.1 MB | 0/2.2 MBProgress (3): 4.7/14 MB | 0.7/2.1 MB | 0/2.2 MBProgress (3): 4.7/14 MB | 0.7/2.1 MB | 0.1/2.2 MBProgress (3): 4.7/14 MB | 0.7/2.1 MB | 0.1/2.2 MBProgress (3): 4.7/14 MB | 0.7/2.1 MB | 0.1/2.2 MBProgress (3): 4.7/14 MB | 0.7/2.1 MB | 0.1/2.2 MBProgress (3): 4.7/14 MB | 0.7/2.1 MB | 0.1/2.2 MBProgress (3): 4.7/14 MB | 0.7/2.1 MB | 0.1/2.2 MBProgress (3): 4.7/14 MB | 0.7/2.1 MB | 0.1/2.2 MBProgress (3): 4.7/14 MB | 0.7/2.1 MB | 0.1/2.2 MBProgress (3): 4.7/14 MB | 0.7/2.1 MB | 0.1/2.2 MBProgress (3): 4.7/14 MB | 0.7/2.1 MB | 0.1/2.2 MBProgress (3): 4.7/14 MB | 0.7/2.1 MB | 0.1/2.2 MBProgress (3): 4.7/14 MB | 0.7/2.1 MB | 0.1/2.2 MBProgress (3): 4.7/14 MB | 0.7/2.1 MB | 0.1/2.2 MBProgress (3): 4.7/14 MB | 0.7/2.1 MB | 0.1/2.2 MBProgress (4): 4.7/14 MB | 0.7/2.1 MB | 0.1/2.2 MB | 7.7/201 kBProgress (4): 4.7/14 MB | 0.7/2.1 MB | 0.1/2.2 MB | 16/201 kB Progress (4): 4.7/14 MB | 0.7/2.1 MB | 0.1/2.2 MB | 16/201 kBProgress (4): 4.8/14 MB | 0.7/2.1 MB | 0.1/2.2 MB | 16/201 kBProgress (4): 4.8/14 MB | 0.7/2.1 MB | 0.2/2.2 MB | 16/201 kBProgress (4): 4.8/14 MB | 0.7/2.1 MB | 0.2/2.2 MB | 28/201 kBProgress (4): 4.8/14 MB | 0.7/2.1 MB | 0.2/2.2 MB | 28/201 kBProgress (4): 4.8/14 MB | 0.7/2.1 MB | 0.2/2.2 MB | 28/201 kBProgress (4): 4.8/14 MB | 0.7/2.1 MB | 0.2/2.2 MB | 44/201 kBProgress (4): 4.8/14 MB | 0.7/2.1 MB | 0.2/2.2 MB | 44/201 kBProgress (4): 4.8/14 MB | 0.7/2.1 MB | 0.2/2.2 MB | 44/201 kBProgress (4): 4.8/14 MB | 0.7/2.1 MB | 0.2/2.2 MB | 61/201 kBProgress (4): 4.8/14 MB | 0.7/2.1 MB | 0.2/2.2 MB | 61/201 kBProgress (4): 4.8/14 MB | 0.7/2.1 MB | 0.2/2.2 MB | 61/201 kBProgress (4): 4.8/14 MB | 0.7/2.1 MB | 0.2/2.2 MB | 61/201 kBProgress (4): 4.8/14 MB | 0.7/2.1 MB | 0.2/2.2 MB | 61/201 kBProgress (4): 4.8/14 MB | 0.7/2.1 MB | 0.2/2.2 MB | 61/201 kBProgress (4): 4.8/14 MB | 0.8/2.1 MB | 0.2/2.2 MB | 61/201 kBProgress (4): 4.8/14 MB | 0.8/2.1 MB | 0.2/2.2 MB | 61/201 kBProgress (4): 4.8/14 MB | 0.8/2.1 MB | 0.2/2.2 MB | 61/201 kBProgress (4): 4.8/14 MB | 0.8/2.1 MB | 0.2/2.2 MB | 61/201 kBProgress (4): 4.8/14 MB | 0.8/2.1 MB | 0.2/2.2 MB | 61/201 kBProgress (4): 4.8/14 MB | 0.8/2.1 MB | 0.2/2.2 MB | 77/201 kBProgress (4): 4.8/14 MB | 0.8/2.1 MB | 0.2/2.2 MB | 77/201 kBProgress (4): 4.8/14 MB | 0.8/2.1 MB | 0.2/2.2 MB | 77/201 kBProgress (4): 4.8/14 MB | 0.8/2.1 MB | 0.3/2.2 MB | 77/201 kBProgress (4): 4.8/14 MB | 0.8/2.1 MB | 0.3/2.2 MB | 93/201 kBProgress (4): 4.9/14 MB | 0.8/2.1 MB | 0.3/2.2 MB | 93/201 kBProgress (4): 4.9/14 MB | 0.8/2.1 MB | 0.3/2.2 MB | 93/201 kBProgress (4): 4.9/14 MB | 0.8/2.1 MB | 0.3/2.2 MB | 93/201 kBProgress (4): 4.9/14 MB | 0.8/2.1 MB | 0.3/2.2 MB | 93/201 kBProgress (4): 4.9/14 MB | 0.8/2.1 MB | 0.3/2.2 MB | 110/201 kBProgress (4): 4.9/14 MB | 0.8/2.1 MB | 0.3/2.2 MB | 110/201 kBProgress (4): 4.9/14 MB | 0.8/2.1 MB | 0.3/2.2 MB | 110/201 kBProgress (4): 4.9/14 MB | 0.8/2.1 MB | 0.3/2.2 MB | 110/201 kBProgress (4): 4.9/14 MB | 0.8/2.1 MB | 0.3/2.2 MB | 126/201 kBProgress (4): 4.9/14 MB | 0.8/2.1 MB | 0.3/2.2 MB | 126/201 kBProgress (4): 4.9/14 MB | 0.8/2.1 MB | 0.3/2.2 MB | 143/201 kBProgress (4): 4.9/14 MB | 0.8/2.1 MB | 0.3/2.2 MB | 143/201 kBProgress (4): 4.9/14 MB | 0.8/2.1 MB | 0.3/2.2 MB | 143/201 kBProgress (4): 4.9/14 MB | 0.8/2.1 MB | 0.3/2.2 MB | 143/201 kBProgress (4): 4.9/14 MB | 0.8/2.1 MB | 0.3/2.2 MB | 159/201 kBProgress (4): 4.9/14 MB | 0.8/2.1 MB | 0.3/2.2 MB | 159/201 kBProgress (4): 4.9/14 MB | 0.9/2.1 MB | 0.3/2.2 MB | 159/201 kBProgress (4): 4.9/14 MB | 0.9/2.1 MB | 0.3/2.2 MB | 159/201 kBProgress (4): 4.9/14 MB | 0.9/2.1 MB | 0.3/2.2 MB | 175/201 kBProgress (4): 4.9/14 MB | 0.9/2.1 MB | 0.3/2.2 MB | 175/201 kBProgress (4): 4.9/14 MB | 0.9/2.1 MB | 0.3/2.2 MB | 175/201 kBProgress (4): 5.0/14 MB | 0.9/2.1 MB | 0.3/2.2 MB | 175/201 kBProgress (4): 5.0/14 MB | 0.9/2.1 MB | 0.3/2.2 MB | 192/201 kBProgress (4): 5.0/14 MB | 0.9/2.1 MB | 0.3/2.2 MB | 201 kB    Progress (4): 5.0/14 MB | 0.9/2.1 MB | 0.4/2.2 MB | 201 kBProgress (4): 5.0/14 MB | 0.9/2.1 MB | 0.4/2.2 MB | 201 kBProgress (4): 5.0/14 MB | 0.9/2.1 MB | 0.4/2.2 MB | 201 kBProgress (4): 5.0/14 MB | 0.9/2.1 MB | 0.4/2.2 MB | 201 kBProgress (4): 5.0/14 MB | 0.9/2.1 MB | 0.4/2.2 MB | 201 kBProgress (4): 5.0/14 MB | 0.9/2.1 MB | 0.4/2.2 MB | 201 kBProgress (4): 5.0/14 MB | 0.9/2.1 MB | 0.4/2.2 MB | 201 kB                                                          Downloaded from central: https://repo.maven.apache.org/maven2/org/springframework/boot/spring-boot-jdbc/4.0.0/spring-boot-jdbc-4.0.0.jar (201 kB at 514 kB/s)
Downloading from central: https://repo.maven.apache.org/maven2/org/springframework/boot/spring-boot-transaction/4.0.0/spring-boot-transaction-4.0.0.jar
Progress (3): 5.0/14 MB | 0.9/2.1 MB | 0.4/2.2 MBProgress (3): 5.0/14 MB | 0.9/2.1 MB | 0.4/2.2 MBProgress (3): 5.0/14 MB | 0.9/2.1 MB | 0.4/2.2 MBProgress (3): 5.0/14 MB | 0.9/2.1 MB | 0.4/2.2 MBProgress (3): 5.0/14 MB | 0.9/2.1 MB | 0.4/2.2 MBProgress (3): 5.0/14 MB | 0.9/2.1 MB | 0.4/2.2 MBProgress (3): 5.0/14 MB | 0.9/2.1 MB | 0.4/2.2 MBProgress (3): 5.1/14 MB | 0.9/2.1 MB | 0.4/2.2 MBProgress (3): 5.1/14 MB | 0.9/2.1 MB | 0.4/2.2 MBProgress (3): 5.1/14 MB | 0.9/2.1 MB | 0.4/2.2 MBProgress (3): 5.1/14 MB | 0.9/2.1 MB | 0.4/2.2 MBProgress (3): 5.1/14 MB | 1.0/2.1 MB | 0.4/2.2 MBProgress (3): 5.1/14 MB | 1.0/2.1 MB | 0.5/2.2 MBProgress (3): 5.1/14 MB | 1.0/2.1 MB | 0.5/2.2 MBProgress (3): 5.1/14 MB | 1.0/2.1 MB | 0.5/2.2 MBProgress (3): 5.1/14 MB | 1.0/2.1 MB | 0.5/2.2 MBProgress (3): 5.1/14 MB | 1.0/2.1 MB | 0.5/2.2 MBProgress (3): 5.1/14 MB | 1.0/2.1 MB | 0.5/2.2 MBProgress (3): 5.1/14 MB | 1.0/2.1 MB | 0.5/2.2 MBProgress (3): 5.1/14 MB | 1.0/2.1 MB | 0.5/2.2 MBProgress (3): 5.1/14 MB | 1.0/2.1 MB | 0.5/2.2 MBProgress (3): 5.1/14 MB | 1.0/2.1 MB | 0.5/2.2 MBProgress (3): 5.1/14 MB | 1.0/2.1 MB | 0.5/2.2 MBProgress (3): 5.1/14 MB | 1.0/2.1 MB | 0.5/2.2 MBProgress (3): 5.1/14 MB | 1.0/2.1 MB | 0.5/2.2 MBProgress (3): 5.2/14 MB | 1.0/2.1 MB | 0.5/2.2 MBProgress (3): 5.2/14 MB | 1.0/2.1 MB | 0.5/2.2 MBProgress (3): 5.2/14 MB | 1.0/2.1 MB | 0.5/2.2 MBProgress (3): 5.2/14 MB | 1.0/2.1 MB | 0.5/2.2 MBProgress (3): 5.2/14 MB | 1.0/2.1 MB | 0.5/2.2 MBProgress (4): 5.2/14 MB | 1.0/2.1 MB | 0.5/2.2 MB | 7.7/36 kBProgress (4): 5.2/14 MB | 1.0/2.1 MB | 0.5/2.2 MB | 7.7/36 kBProgress (4): 5.2/14 MB | 1.0/2.1 MB | 0.5/2.2 MB | 16/36 kB Progress (4): 5.2/14 MB | 1.1/2.1 MB | 0.5/2.2 MB | 16/36 kBProgress (4): 5.2/14 MB | 1.1/2.1 MB | 0.5/2.2 MB | 16/36 kBProgress (4): 5.2/14 MB | 1.1/2.1 MB | 0.5/2.2 MB | 32/36 kBProgress (4): 5.2/14 MB | 1.1/2.1 MB | 0.5/2.2 MB | 36 kB   Progress (4): 5.2/14 MB | 1.1/2.1 MB | 0.5/2.2 MB | 36 kBProgress (4): 5.2/14 MB | 1.1/2.1 MB | 0.5/2.2 MB | 36 kBProgress (4): 5.2/14 MB | 1.1/2.1 MB | 0.5/2.2 MB | 36 kBProgress (4): 5.2/14 MB | 1.1/2.1 MB | 0.5/2.2 MB | 36 kB                                                         Downloaded from central: https://repo.maven.apache.org/maven2/org/springframework/boot/spring-boot-sql/4.0.0/spring-boot-sql-4.0.0.jar (36 kB at 91 kB/s)
Downloading from central: https://repo.maven.apache.org/maven2/org/springframework/spring-jdbc/7.0.1/spring-jdbc-7.0.1.jar
Progress (3): 5.3/14 MB | 1.1/2.1 MB | 0.5/2.2 MBProgress (3): 5.3/14 MB | 1.1/2.1 MB | 0.5/2.2 MBProgress (3): 5.3/14 MB | 1.1/2.1 MB | 0.5/2.2 MBProgress (3): 5.3/14 MB | 1.1/2.1 MB | 0.5/2.2 MBProgress (3): 5.3/14 MB | 1.1/2.1 MB | 0.5/2.2 MBProgress (3): 5.3/14 MB | 1.1/2.1 MB | 0.5/2.2 MBProgress (3): 5.3/14 MB | 1.1/2.1 MB | 0.6/2.2 MBProgress (3): 5.3/14 MB | 1.1/2.1 MB | 0.6/2.2 MBProgress (3): 5.3/14 MB | 1.1/2.1 MB | 0.6/2.2 MBProgress (3): 5.3/14 MB | 1.2/2.1 MB | 0.6/2.2 MBProgress (3): 5.3/14 MB | 1.2/2.1 MB | 0.6/2.2 MBProgress (3): 5.3/14 MB | 1.2/2.1 MB | 0.6/2.2 MBProgress (3): 5.3/14 MB | 1.2/2.1 MB | 0.6/2.2 MBProgress (3): 5.3/14 MB | 1.2/2.1 MB | 0.6/2.2 MBProgress (3): 5.3/14 MB | 1.2/2.1 MB | 0.6/2.2 MBProgress (3): 5.4/14 MB | 1.2/2.1 MB | 0.6/2.2 MBProgress (3): 5.4/14 MB | 1.2/2.1 MB | 0.6/2.2 MBProgress (3): 5.4/14 MB | 1.2/2.1 MB | 0.6/2.2 MBProgress (3): 5.4/14 MB | 1.2/2.1 MB | 0.6/2.2 MBProgress (3): 5.4/14 MB | 1.2/2.1 MB | 0.6/2.2 MBProgress (3): 5.4/14 MB | 1.2/2.1 MB | 0.6/2.2 MBProgress (3): 5.4/14 MB | 1.2/2.1 MB | 0.6/2.2 MBProgress (3): 5.4/14 MB | 1.2/2.1 MB | 0.6/2.2 MBProgress (3): 5.4/14 MB | 1.2/2.1 MB | 0.6/2.2 MBProgress (3): 5.4/14 MB | 1.2/2.1 MB | 0.7/2.2 MBProgress (3): 5.4/14 MB | 1.2/2.1 MB | 0.7/2.2 MBProgress (3): 5.4/14 MB | 1.2/2.1 MB | 0.7/2.2 MBProgress (3): 5.4/14 MB | 1.2/2.1 MB | 0.7/2.2 MBProgress (3): 5.4/14 MB | 1.3/2.1 MB | 0.7/2.2 MBProgress (3): 5.4/14 MB | 1.3/2.1 MB | 0.7/2.2 MBProgress (3): 5.4/14 MB | 1.3/2.1 MB | 0.7/2.2 MBProgress (3): 5.4/14 MB | 1.3/2.1 MB | 0.7/2.2 MBProgress (3): 5.4/14 MB | 1.3/2.1 MB | 0.7/2.2 MBProgress (3): 5.5/14 MB | 1.3/2.1 MB | 0.7/2.2 MBProgress (3): 5.5/14 MB | 1.3/2.1 MB | 0.7/2.2 MBProgress (3): 5.5/14 MB | 1.3/2.1 MB | 0.7/2.2 MBProgress (3): 5.5/14 MB | 1.3/2.1 MB | 0.7/2.2 MBProgress (3): 5.5/14 MB | 1.3/2.1 MB | 0.7/2.2 MBProgress (3): 5.5/14 MB | 1.3/2.1 MB | 0.7/2.2 MBProgress (3): 5.5/14 MB | 1.3/2.1 MB | 0.7/2.2 MBProgress (3): 5.5/14 MB | 1.3/2.1 MB | 0.7/2.2 MBProgress (3): 5.5/14 MB | 1.3/2.1 MB | 0.8/2.2 MBProgress (3): 5.5/14 MB | 1.3/2.1 MB | 0.8/2.2 MBProgress (3): 5.5/14 MB | 1.3/2.1 MB | 0.8/2.2 MBProgress (3): 5.5/14 MB | 1.3/2.1 MB | 0.8/2.2 MBProgress (3): 5.5/14 MB | 1.3/2.1 MB | 0.8/2.2 MBProgress (3): 5.5/14 MB | 1.3/2.1 MB | 0.8/2.2 MBProgress (3): 5.5/14 MB | 1.3/2.1 MB | 0.8/2.2 MBProgress (3): 5.5/14 MB | 1.4/2.1 MB | 0.8/2.2 MBProgress (3): 5.6/14 MB | 1.4/2.1 MB | 0.8/2.2 MBProgress (3): 5.6/14 MB | 1.4/2.1 MB | 0.8/2.2 MBProgress (3): 5.6/14 MB | 1.4/2.1 MB | 0.8/2.2 MBProgress (3): 5.6/14 MB | 1.4/2.1 MB | 0.8/2.2 MBProgress (3): 5.6/14 MB | 1.4/2.1 MB | 0.8/2.2 MBProgress (3): 5.6/14 MB | 1.4/2.1 MB | 0.8/2.2 MBProgress (3): 5.6/14 MB | 1.4/2.1 MB | 0.8/2.2 MBProgress (3): 5.6/14 MB | 1.4/2.1 MB | 0.8/2.2 MBProgress (3): 5.6/14 MB | 1.4/2.1 MB | 0.8/2.2 MBProgress (3): 5.6/14 MB | 1.4/2.1 MB | 0.8/2.2 MBProgress (3): 5.6/14 MB | 1.4/2.1 MB | 0.8/2.2 MBProgress (3): 5.6/14 MB | 1.4/2.1 MB | 0.8/2.2 MBProgress (3): 5.6/14 MB | 1.4/2.1 MB | 0.8/2.2 MBProgress (3): 5.6/14 MB | 1.4/2.1 MB | 0.8/2.2 MBProgress (3): 5.6/14 MB | 1.4/2.1 MB | 0.9/2.2 MBProgress (3): 5.6/14 MB | 1.4/2.1 MB | 0.9/2.2 MBProgress (3): 5.6/14 MB | 1.4/2.1 MB | 0.9/2.2 MBProgress (3): 5.7/14 MB | 1.4/2.1 MB | 0.9/2.2 MBProgress (3): 5.7/14 MB | 1.5/2.1 MB | 0.9/2.2 MBProgress (3): 5.7/14 MB | 1.5/2.1 MB | 0.9/2.2 MBProgress (3): 5.7/14 MB | 1.5/2.1 MB | 0.9/2.2 MBProgress (3): 5.7/14 MB | 1.5/2.1 MB | 0.9/2.2 MBProgress (3): 5.7/14 MB | 1.5/2.1 MB | 0.9/2.2 MBProgress (3): 5.7/14 MB | 1.5/2.1 MB | 0.9/2.2 MBProgress (3): 5.7/14 MB | 1.5/2.1 MB | 0.9/2.2 MBProgress (3): 5.7/14 MB | 1.5/2.1 MB | 0.9/2.2 MBProgress (3): 5.7/14 MB | 1.5/2.1 MB | 0.9/2.2 MBProgress (3): 5.7/14 MB | 1.5/2.1 MB | 0.9/2.2 MBProgress (3): 5.7/14 MB | 1.5/2.1 MB | 0.9/2.2 MBProgress (3): 5.7/14 MB | 1.5/2.1 MB | 0.9/2.2 MBProgress (3): 5.7/14 MB | 1.5/2.1 MB | 0.9/2.2 MBProgress (3): 5.7/14 MB | 1.5/2.1 MB | 0.9/2.2 MBProgress (3): 5.7/14 MB | 1.5/2.1 MB | 1.0/2.2 MBProgress (3): 5.7/14 MB | 1.5/2.1 MB | 1.0/2.2 MBProgress (3): 5.7/14 MB | 1.5/2.1 MB | 1.0/2.2 MBProgress (3): 5.7/14 MB | 1.5/2.1 MB | 1.0/2.2 MBProgress (3): 5.7/14 MB | 1.5/2.1 MB | 1.0/2.2 MBProgress (3): 5.8/14 MB | 1.5/2.1 MB | 1.0/2.2 MBProgress (3): 5.8/14 MB | 1.5/2.1 MB | 1.0/2.2 MBProgress (3): 5.8/14 MB | 1.6/2.1 MB | 1.0/2.2 MBProgress (3): 5.8/14 MB | 1.6/2.1 MB | 1.0/2.2 MBProgress (3): 5.8/14 MB | 1.6/2.1 MB | 1.0/2.2 MBProgress (3): 5.8/14 MB | 1.6/2.1 MB | 1.0/2.2 MBProgress (3): 5.8/14 MB | 1.6/2.1 MB | 1.0/2.2 MBProgress (3): 5.8/14 MB | 1.6/2.1 MB | 1.0/2.2 MBProgress (3): 5.8/14 MB | 1.6/2.1 MB | 1.0/2.2 MBProgress (3): 5.8/14 MB | 1.6/2.1 MB | 1.0/2.2 MBProgress (3): 5.8/14 MB | 1.6/2.1 MB | 1.0/2.2 MBProgress (3): 5.8/14 MB | 1.6/2.1 MB | 1.0/2.2 MBProgress (3): 5.8/14 MB | 1.6/2.1 MB | 1.0/2.2 MBProgress (3): 5.8/14 MB | 1.6/2.1 MB | 1.1/2.2 MBProgress (3): 5.8/14 MB | 1.6/2.1 MB | 1.1/2.2 MBProgress (3): 5.8/14 MB | 1.6/2.1 MB | 1.1/2.2 MBProgress (3): 5.8/14 MB | 1.6/2.1 MB | 1.1/2.2 MBProgress (3): 5.9/14 MB | 1.6/2.1 MB | 1.1/2.2 MBProgress (3): 5.9/14 MB | 1.6/2.1 MB | 1.1/2.2 MBProgress (3): 5.9/14 MB | 1.6/2.1 MB | 1.1/2.2 MBProgress (3): 5.9/14 MB | 1.6/2.1 MB | 1.1/2.2 MBProgress (3): 5.9/14 MB | 1.7/2.1 MB | 1.1/2.2 MBProgress (3): 5.9/14 MB | 1.7/2.1 MB | 1.1/2.2 MBProgress (3): 5.9/14 MB | 1.7/2.1 MB | 1.1/2.2 MBProgress (3): 5.9/14 MB | 1.7/2.1 MB | 1.1/2.2 MBProgress (3): 5.9/14 MB | 1.7/2.1 MB | 1.1/2.2 MBProgress (3): 5.9/14 MB | 1.7/2.1 MB | 1.1/2.2 MBProgress (3): 5.9/14 MB | 1.7/2.1 MB | 1.1/2.2 MBProgress (3): 5.9/14 MB | 1.7/2.1 MB | 1.1/2.2 MBProgress (3): 5.9/14 MB | 1.7/2.1 MB | 1.1/2.2 MBProgress (3): 5.9/14 MB | 1.7/2.1 MB | 1.1/2.2 MBProgress (3): 5.9/14 MB | 1.7/2.1 MB | 1.2/2.2 MBProgress (3): 5.9/14 MB | 1.7/2.1 MB | 1.2/2.2 MBProgress (3): 5.9/14 MB | 1.7/2.1 MB | 1.2/2.2 MBProgress (3): 5.9/14 MB | 1.7/2.1 MB | 1.2/2.2 MBProgress (3): 5.9/14 MB | 1.7/2.1 MB | 1.2/2.2 MBProgress (3): 5.9/14 MB | 1.7/2.1 MB | 1.2/2.2 MBProgress (3): 5.9/14 MB | 1.7/2.1 MB | 1.2/2.2 MBProgress (3): 6.0/14 MB | 1.7/2.1 MB | 1.2/2.2 MBProgress (3): 6.0/14 MB | 1.8/2.1 MB | 1.2/2.2 MBProgress (3): 6.0/14 MB | 1.8/2.1 MB | 1.2/2.2 MBProgress (3): 6.0/14 MB | 1.8/2.1 MB | 1.2/2.2 MBProgress (3): 6.0/14 MB | 1.8/2.1 MB | 1.2/2.2 MBProgress (3): 6.0/14 MB | 1.8/2.1 MB | 1.2/2.2 MBProgress (3): 6.0/14 MB | 1.8/2.1 MB | 1.2/2.2 MBProgress (3): 6.0/14 MB | 1.8/2.1 MB | 1.2/2.2 MBProgress (3): 6.0/14 MB | 1.8/2.1 MB | 1.2/2.2 MBProgress (3): 6.0/14 MB | 1.8/2.1 MB | 1.2/2.2 MBProgress (3): 6.0/14 MB | 1.8/2.1 MB | 1.3/2.2 MBProgress (3): 6.0/14 MB | 1.8/2.1 MB | 1.3/2.2 MBProgress (3): 6.0/14 MB | 1.8/2.1 MB | 1.3/2.2 MBProgress (3): 6.0/14 MB | 1.8/2.1 MB | 1.3/2.2 MBProgress (3): 6.0/14 MB | 1.8/2.1 MB | 1.3/2.2 MBProgress (3): 6.0/14 MB | 1.8/2.1 MB | 1.3/2.2 MBProgress (3): 6.0/14 MB | 1.8/2.1 MB | 1.3/2.2 MBProgress (3): 6.0/14 MB | 1.8/2.1 MB | 1.3/2.2 MBProgress (3): 6.1/14 MB | 1.8/2.1 MB | 1.3/2.2 MBProgress (3): 6.1/14 MB | 1.8/2.1 MB | 1.3/2.2 MBProgress (3): 6.1/14 MB | 1.9/2.1 MB | 1.3/2.2 MBProgress (3): 6.1/14 MB | 1.9/2.1 MB | 1.3/2.2 MBProgress (3): 6.1/14 MB | 1.9/2.1 MB | 1.3/2.2 MBProgress (3): 6.1/14 MB | 1.9/2.1 MB | 1.3/2.2 MBProgress (3): 6.1/14 MB | 1.9/2.1 MB | 1.3/2.2 MBProgress (3): 6.1/14 MB | 1.9/2.1 MB | 1.3/2.2 MBProgress (3): 6.1/14 MB | 1.9/2.1 MB | 1.3/2.2 MBProgress (3): 6.1/14 MB | 1.9/2.1 MB | 1.3/2.2 MBProgress (3): 6.1/14 MB | 1.9/2.1 MB | 1.4/2.2 MBProgress (3): 6.1/14 MB | 1.9/2.1 MB | 1.4/2.2 MBProgress (3): 6.1/14 MB | 1.9/2.1 MB | 1.4/2.2 MBProgress (3): 6.1/14 MB | 1.9/2.1 MB | 1.4/2.2 MBProgress (3): 6.1/14 MB | 1.9/2.1 MB | 1.4/2.2 MBProgress (3): 6.1/14 MB | 1.9/2.1 MB | 1.4/2.2 MBProgress (3): 6.1/14 MB | 1.9/2.1 MB | 1.4/2.2 MBProgress (3): 6.1/14 MB | 1.9/2.1 MB | 1.4/2.2 MBProgress (3): 6.1/14 MB | 1.9/2.1 MB | 1.4/2.2 MBProgress (3): 6.2/14 MB | 1.9/2.1 MB | 1.4/2.2 MBProgress (3): 6.2/14 MB | 2.0/2.1 MB | 1.4/2.2 MBProgress (3): 6.2/14 MB | 2.0/2.1 MB | 1.4/2.2 MBProgress (3): 6.2/14 MB | 2.0/2.1 MB | 1.4/2.2 MBProgress (3): 6.2/14 MB | 2.0/2.1 MB | 1.4/2.2 MBProgress (3): 6.2/14 MB | 2.0/2.1 MB | 1.4/2.2 MBProgress (3): 6.2/14 MB | 2.0/2.1 MB | 1.4/2.2 MBProgress (3): 6.2/14 MB | 2.0/2.1 MB | 1.4/2.2 MBProgress (3): 6.2/14 MB | 2.0/2.1 MB | 1.4/2.2 MBProgress (3): 6.2/14 MB | 2.0/2.1 MB | 1.4/2.2 MBProgress (3): 6.2/14 MB | 2.0/2.1 MB | 1.4/2.2 MBProgress (3): 6.2/14 MB | 2.0/2.1 MB | 1.4/2.2 MBProgress (3): 6.2/14 MB | 2.0/2.1 MB | 1.5/2.2 MBProgress (3): 6.2/14 MB | 2.0/2.1 MB | 1.5/2.2 MBProgress (3): 6.2/14 MB | 2.0/2.1 MB | 1.5/2.2 MBProgress (3): 6.2/14 MB | 2.0/2.1 MB | 1.5/2.2 MBProgress (3): 6.3/14 MB | 2.0/2.1 MB | 1.5/2.2 MBProgress (3): 6.3/14 MB | 2.0/2.1 MB | 1.5/2.2 MBProgress (3): 6.3/14 MB | 2.0/2.1 MB | 1.5/2.2 MBProgress (3): 6.3/14 MB | 2.0/2.1 MB | 1.5/2.2 MBProgress (3): 6.3/14 MB | 2.0/2.1 MB | 1.5/2.2 MBProgress (3): 6.3/14 MB | 2.1/2.1 MB | 1.5/2.2 MBProgress (3): 6.3/14 MB | 2.1/2.1 MB | 1.5/2.2 MBProgress (3): 6.3/14 MB | 2.1/2.1 MB | 1.5/2.2 MBProgress (3): 6.3/14 MB | 2.1/2.1 MB | 1.5/2.2 MBProgress (3): 6.3/14 MB | 2.1/2.1 MB | 1.5/2.2 MBProgress (3): 6.3/14 MB | 2.1/2.1 MB | 1.5/2.2 MBProgress (3): 6.3/14 MB | 2.1/2.1 MB | 1.5/2.2 MBProgress (4): 6.3/14 MB | 2.1/2.1 MB | 1.5/2.2 MB | 7.7/480 kBProgress (4): 6.3/14 MB | 2.1/2.1 MB | 1.5/2.2 MB | 16/480 kB Progress (4): 6.3/14 MB | 2.1/2.1 MB | 1.5/2.2 MB | 16/480 kBProgress (4): 6.3/14 MB | 2.1/2.1 MB | 1.6/2.2 MB | 16/480 kBProgress (4): 6.3/14 MB | 2.1/2.1 MB | 1.6/2.2 MB | 16/480 kBProgress (4): 6.3/14 MB | 2.1/2.1 MB | 1.6/2.2 MB | 16/480 kBProgress (4): 6.3/14 MB | 2.1/2.1 MB | 1.6/2.2 MB | 16/480 kBProgress (4): 6.3/14 MB | 2.1/2.1 MB | 1.6/2.2 MB | 32/480 kBProgress (4): 6.3/14 MB | 2.1/2.1 MB | 1.6/2.2 MB | 32/480 kBProgress (4): 6.4/14 MB | 2.1/2.1 MB | 1.6/2.2 MB | 32/480 kBProgress (5): 6.4/14 MB | 2.1/2.1 MB | 1.6/2.2 MB | 32/480 kB | 7.7/21 kBProgress (5): 6.4/14 MB | 2.1/2.1 MB | 1.6/2.2 MB | 32/480 kB | 12/21 kB Progress (5): 6.4/14 MB | 2.1/2.1 MB | 1.6/2.2 MB | 32/480 kB | 12/21 kBProgress (5): 6.4/14 MB | 2.1/2.1 MB | 1.6/2.2 MB | 32/480 kB | 21 kB   Progress (5): 6.4/14 MB | 2.1/2.1 MB | 1.6/2.2 MB | 32/480 kB | 21 kBProgress (5): 6.4/14 MB | 2.1/2.1 MB | 1.6/2.2 MB | 49/480 kB | 21 kBProgress (5): 6.4/14 MB | 2.1/2.1 MB | 1.6/2.2 MB | 49/480 kB | 21 kBProgress (5): 6.4/14 MB | 2.1/2.1 MB | 1.6/2.2 MB | 49/480 kB | 21 kBProgress (5): 6.4/14 MB | 2.1/2.1 MB | 1.6/2.2 MB | 49/480 kB | 21 kB                                                                     Downloaded from central: https://repo.maven.apache.org/maven2/org/springframework/boot/spring-boot-transaction/4.0.0/spring-boot-transaction-4.0.0.jar (21 kB at 50 kB/s)
Progress (4): 6.4/14 MB | 2.1/2.1 MB | 1.6/2.2 MB | 65/480 kB                                                             Downloading from central: https://repo.maven.apache.org/maven2/org/springframework/boot/spring-boot-starter-thymeleaf/4.0.0/spring-boot-starter-thymeleaf-4.0.0.jar
Progress (4): 6.4/14 MB | 2.1/2.1 MB | 1.6/2.2 MB | 65/480 kBProgress (4): 6.4/14 MB | 2.1/2.1 MB | 1.7/2.2 MB | 65/480 kBProgress (4): 6.4/14 MB | 2.1/2.1 MB | 1.7/2.2 MB | 65/480 kBProgress (4): 6.4/14 MB | 2.1/2.1 MB | 1.7/2.2 MB | 65/480 kBProgress (4): 6.4/14 MB | 2.1/2.1 MB | 1.7/2.2 MB | 81/480 kBProgress (4): 6.4/14 MB | 2.1/2.1 MB | 1.7/2.2 MB | 81/480 kBProgress (4): 6.4/14 MB | 2.1/2.1 MB | 1.7/2.2 MB | 81/480 kBProgress (4): 6.4/14 MB | 2.1/2.1 MB | 1.7/2.2 MB | 81/480 kBProgress (4): 6.4/14 MB | 2.1/2.1 MB | 1.7/2.2 MB | 81/480 kBProgress (4): 6.5/14 MB | 2.1/2.1 MB | 1.7/2.2 MB | 81/480 kBProgress (4): 6.5/14 MB | 2.1/2.1 MB | 1.7/2.2 MB | 98/480 kBProgress (4): 6.5/14 MB | 2.1/2.1 MB | 1.7/2.2 MB | 98/480 kBProgress (4): 6.5/14 MB | 2.1/2.1 MB | 1.7/2.2 MB | 98/480 kBProgress (4): 6.5/14 MB | 2.1/2.1 MB | 1.7/2.2 MB | 98/480 kBProgress (4): 6.5/14 MB | 2.1 MB | 1.7/2.2 MB | 98/480 kB    Progress (4): 6.5/14 MB | 2.1 MB | 1.7/2.2 MB | 114/480 kBProgress (4): 6.5/14 MB | 2.1 MB | 1.7/2.2 MB | 114/480 kBProgress (4): 6.5/14 MB | 2.1 MB | 1.7/2.2 MB | 114/480 kBProgress (4): 6.5/14 MB | 2.1 MB | 1.7/2.2 MB | 131/480 kBProgress (4): 6.5/14 MB | 2.1 MB | 1.7/2.2 MB | 131/480 kBProgress (4): 6.5/14 MB | 2.1 MB | 1.8/2.2 MB | 131/480 kB                                                          Downloaded from central: https://repo.maven.apache.org/maven2/org/springframework/data/spring-data-jpa/4.0.0/spring-data-jpa-4.0.0.jar (2.1 MB at 5.1 MB/s)
Downloading from central: https://repo.maven.apache.org/maven2/org/springframework/boot/spring-boot-thymeleaf/4.0.0/spring-boot-thymeleaf-4.0.0.jar
Progress (3): 6.5/14 MB | 1.8/2.2 MB | 131/480 kBProgress (3): 6.5/14 MB | 1.8/2.2 MB | 131/480 kBProgress (3): 6.5/14 MB | 1.8/2.2 MB | 131/480 kBProgress (3): 6.5/14 MB | 1.8/2.2 MB | 131/480 kBProgress (3): 6.5/14 MB | 1.8/2.2 MB | 131/480 kBProgress (3): 6.5/14 MB | 1.8/2.2 MB | 131/480 kBProgress (3): 6.6/14 MB | 1.8/2.2 MB | 131/480 kBProgress (3): 6.6/14 MB | 1.8/2.2 MB | 131/480 kBProgress (3): 6.6/14 MB | 1.8/2.2 MB | 131/480 kBProgress (3): 6.6/14 MB | 1.8/2.2 MB | 131/480 kBProgress (3): 6.6/14 MB | 1.8/2.2 MB | 147/480 kBProgress (3): 6.6/14 MB | 1.8/2.2 MB | 147/480 kBProgress (3): 6.6/14 MB | 1.9/2.2 MB | 147/480 kBProgress (3): 6.6/14 MB | 1.9/2.2 MB | 147/480 kBProgress (3): 6.6/14 MB | 1.9/2.2 MB | 147/480 kBProgress (3): 6.6/14 MB | 1.9/2.2 MB | 163/480 kBProgress (3): 6.6/14 MB | 1.9/2.2 MB | 163/480 kBProgress (3): 6.6/14 MB | 1.9/2.2 MB | 163/480 kBProgress (3): 6.6/14 MB | 1.9/2.2 MB | 180/480 kBProgress (3): 6.6/14 MB | 1.9/2.2 MB | 180/480 kBProgress (3): 6.6/14 MB | 1.9/2.2 MB | 180/480 kBProgress (3): 6.6/14 MB | 1.9/2.2 MB | 196/480 kBProgress (3): 6.7/14 MB | 1.9/2.2 MB | 196/480 kBProgress (3): 6.7/14 MB | 1.9/2.2 MB | 196/480 kBProgress (3): 6.7/14 MB | 1.9/2.2 MB | 213/480 kBProgress (3): 6.7/14 MB | 1.9/2.2 MB | 213/480 kBProgress (3): 6.7/14 MB | 1.9/2.2 MB | 213/480 kBProgress (3): 6.7/14 MB | 1.9/2.2 MB | 213/480 kBProgress (3): 6.7/14 MB | 1.9/2.2 MB | 213/480 kBProgress (3): 6.7/14 MB | 2.0/2.2 MB | 213/480 kBProgress (3): 6.7/14 MB | 2.0/2.2 MB | 229/480 kBProgress (3): 6.7/14 MB | 2.0/2.2 MB | 229/480 kBProgress (3): 6.7/14 MB | 2.0/2.2 MB | 229/480 kBProgress (3): 6.7/14 MB | 2.0/2.2 MB | 245/480 kBProgress (3): 6.7/14 MB | 2.0/2.2 MB | 245/480 kBProgress (3): 6.7/14 MB | 2.0/2.2 MB | 245/480 kBProgress (3): 6.7/14 MB | 2.0/2.2 MB | 245/480 kBProgress (3): 6.7/14 MB | 2.0/2.2 MB | 262/480 kBProgress (3): 6.7/14 MB | 2.0/2.2 MB | 262/480 kBProgress (3): 6.8/14 MB | 2.0/2.2 MB | 262/480 kBProgress (3): 6.8/14 MB | 2.0/2.2 MB | 262/480 kBProgress (3): 6.8/14 MB | 2.0/2.2 MB | 278/480 kBProgress (3): 6.8/14 MB | 2.0/2.2 MB | 278/480 kBProgress (3): 6.8/14 MB | 2.0/2.2 MB | 278/480 kBProgress (3): 6.8/14 MB | 2.0/2.2 MB | 294/480 kBProgress (3): 6.8/14 MB | 2.1/2.2 MB | 294/480 kBProgress (3): 6.8/14 MB | 2.1/2.2 MB | 294/480 kBProgress (3): 6.8/14 MB | 2.1/2.2 MB | 294/480 kBProgress (3): 6.8/14 MB | 2.1/2.2 MB | 294/480 kBProgress (3): 6.8/14 MB | 2.1/2.2 MB | 311/480 kBProgress (3): 6.8/14 MB | 2.1/2.2 MB | 311/480 kBProgress (3): 6.8/14 MB | 2.1/2.2 MB | 311/480 kBProgress (3): 6.8/14 MB | 2.1/2.2 MB | 311/480 kBProgress (3): 6.8/14 MB | 2.1/2.2 MB | 311/480 kBProgress (3): 6.8/14 MB | 2.1/2.2 MB | 327/480 kBProgress (3): 6.8/14 MB | 2.1/2.2 MB | 327/480 kBProgress (3): 6.9/14 MB | 2.1/2.2 MB | 327/480 kBProgress (3): 6.9/14 MB | 2.1/2.2 MB | 327/480 kBProgress (3): 6.9/14 MB | 2.1/2.2 MB | 327/480 kBProgress (3): 6.9/14 MB | 2.2/2.2 MB | 327/480 kBProgress (3): 6.9/14 MB | 2.2/2.2 MB | 327/480 kBProgress (3): 6.9/14 MB | 2.2/2.2 MB | 327/480 kBProgress (3): 6.9/14 MB | 2.2/2.2 MB | 327/480 kBProgress (3): 6.9/14 MB | 2.2 MB | 327/480 kB    Progress (3): 6.9/14 MB | 2.2 MB | 327/480 kBProgress (3): 6.9/14 MB | 2.2 MB | 327/480 kB                                             Downloaded from central: https://repo.maven.apache.org/maven2/org/aspectj/aspectjweaver/1.9.25/aspectjweaver-1.9.25.jar (2.2 MB at 5.1 MB/s)
Downloading from central: https://repo.maven.apache.org/maven2/org/springframework/spring-web/7.0.1/spring-web-7.0.1.jar
Progress (2): 7.0/14 MB | 327/480 kBProgress (2): 7.0/14 MB | 344/480 kBProgress (2): 7.0/14 MB | 344/480 kBProgress (2): 7.0/14 MB | 360/480 kBProgress (2): 7.0/14 MB | 360/480 kBProgress (2): 7.0/14 MB | 376/480 kBProgress (2): 7.0/14 MB | 376/480 kBProgress (2): 7.0/14 MB | 393/480 kBProgress (2): 7.0/14 MB | 393/480 kBProgress (2): 7.0/14 MB | 409/480 kBProgress (2): 7.0/14 MB | 409/480 kBProgress (2): 7.0/14 MB | 426/480 kBProgress (2): 7.1/14 MB | 426/480 kBProgress (2): 7.1/14 MB | 442/480 kBProgress (2): 7.1/14 MB | 442/480 kBProgress (2): 7.1/14 MB | 458/480 kBProgress (2): 7.1/14 MB | 475/480 kBProgress (2): 7.1/14 MB | 475/480 kBProgress (2): 7.1/14 MB | 480 kB    Progress (2): 7.1/14 MB | 480 kBProgress (2): 7.1/14 MB | 480 kB                                Downloaded from central: https://repo.maven.apache.org/maven2/org/springframework/spring-jdbc/7.0.1/spring-jdbc-7.0.1.jar (480 kB at 1.1 MB/s)
Downloading from central: https://repo.maven.apache.org/maven2/org/springframework/boot/spring-boot-starter-validation/4.0.0/spring-boot-starter-validation-4.0.0.jar
Progress (1): 7.1/14 MBProgress (1): 7.2/14 MBProgress (1): 7.2/14 MBProgress (1): 7.2/14 MBProgress (1): 7.2/14 MBProgress (1): 7.2/14 MBProgress (1): 7.2/14 MBProgress (1): 7.2/14 MBProgress (1): 7.3/14 MBProgress (1): 7.3/14 MBProgress (1): 7.3/14 MBProgress (1): 7.3/14 MBProgress (1): 7.3/14 MBProgress (1): 7.3/14 MBProgress (1): 7.4/14 MBProgress (1): 7.4/14 MBProgress (1): 7.4/14 MBProgress (1): 7.4/14 MBProgress (1): 7.4/14 MBProgress (1): 7.4/14 MBProgress (1): 7.5/14 MBProgress (1): 7.5/14 MBProgress (1): 7.5/14 MBProgress (1): 7.5/14 MBProgress (2): 7.5/14 MB | 4.7 kBProgress (2): 7.5/14 MB | 4.7 kBProgress (2): 7.5/14 MB | 4.7 kB                                Downloaded from central: https://repo.maven.apache.org/maven2/org/springframework/boot/spring-boot-starter-thymeleaf/4.0.0/spring-boot-starter-thymeleaf-4.0.0.jar (4.7 kB at 11 kB/s)
Downloading from central: https://repo.maven.apache.org/maven2/org/springframework/boot/spring-boot-validation/4.0.0/spring-boot-validation-4.0.0.jar
Progress (1): 7.6/14 MBProgress (1): 7.6/14 MBProgress (1): 7.6/14 MBProgress (1): 7.6/14 MBProgress (1): 7.6/14 MBProgress (1): 7.6/14 MBProgress (1): 7.7/14 MBProgress (1): 7.7/14 MBProgress (1): 7.7/14 MBProgress (1): 7.7/14 MBProgress (1): 7.7/14 MBProgress (1): 7.7/14 MBProgress (1): 7.7/14 MBProgress (1): 7.8/14 MBProgress (1): 7.8/14 MBProgress (1): 7.8/14 MBProgress (1): 7.8/14 MBProgress (1): 7.8/14 MBProgress (1): 7.8/14 MBProgress (1): 7.9/14 MBProgress (1): 7.9/14 MBProgress (1): 7.9/14 MBProgress (1): 7.9/14 MBProgress (1): 7.9/14 MBProgress (1): 7.9/14 MBProgress (1): 8.0/14 MBProgress (1): 8.0/14 MBProgress (1): 8.0/14 MBProgress (1): 8.0/14 MBProgress (1): 8.0/14 MBProgress (1): 8.0/14 MBProgress (1): 8.0/14 MBProgress (1): 8.1/14 MBProgress (2): 8.1/14 MB | 0/2.2 MBProgress (3): 8.1/14 MB | 0/2.2 MB | 7.7/31 kBProgress (3): 8.1/14 MB | 0/2.2 MB | 7.7/31 kBProgress (3): 8.1/14 MB | 0/2.2 MB | 16/31 kB Progress (3): 8.1/14 MB | 0/2.2 MB | 16/31 kBProgress (3): 8.1/14 MB | 0/2.2 MB | 16/31 kBProgress (3): 8.1/14 MB | 0/2.2 MB | 16/31 kBProgress (3): 8.1/14 MB | 0/2.2 MB | 31 kB   Progress (3): 8.1/14 MB | 0/2.2 MB | 31 kBProgress (3): 8.1/14 MB | 0/2.2 MB | 31 kBProgress (3): 8.1/14 MB | 0/2.2 MB | 31 kBProgress (3): 8.1/14 MB | 0.1/2.2 MB | 31 kBProgress (3): 8.1/14 MB | 0.1/2.2 MB | 31 kBProgress (3): 8.1/14 MB | 0.1/2.2 MB | 31 kBProgress (3): 8.2/14 MB | 0.1/2.2 MB | 31 kB                                            Downloaded from central: https://repo.maven.apache.org/maven2/org/springframework/boot/spring-boot-thymeleaf/4.0.0/spring-boot-thymeleaf-4.0.0.jar (31 kB at 67 kB/s)
Downloading from central: https://repo.maven.apache.org/maven2/org/apache/tomcat/embed/tomcat-embed-el/11.0.14/tomcat-embed-el-11.0.14.jar
Progress (2): 8.2/14 MB | 0.1/2.2 MBProgress (2): 8.2/14 MB | 0.1/2.2 MBProgress (2): 8.2/14 MB | 0.1/2.2 MBProgress (2): 8.2/14 MB | 0.1/2.2 MBProgress (2): 8.2/14 MB | 0.1/2.2 MBProgress (2): 8.2/14 MB | 0.1/2.2 MBProgress (2): 8.2/14 MB | 0.1/2.2 MBProgress (2): 8.2/14 MB | 0.1/2.2 MBProgress (2): 8.2/14 MB | 0.1/2.2 MBProgress (2): 8.2/14 MB | 0.2/2.2 MBProgress (2): 8.3/14 MB | 0.2/2.2 MBProgress (2): 8.3/14 MB | 0.2/2.2 MBProgress (2): 8.3/14 MB | 0.2/2.2 MBProgress (2): 8.3/14 MB | 0.2/2.2 MBProgress (2): 8.3/14 MB | 0.2/2.2 MBProgress (2): 8.3/14 MB | 0.2/2.2 MBProgress (2): 8.3/14 MB | 0.2/2.2 MBProgress (2): 8.3/14 MB | 0.2/2.2 MBProgress (2): 8.3/14 MB | 0.2/2.2 MBProgress (2): 8.3/14 MB | 0.2/2.2 MBProgress (2): 8.3/14 MB | 0.2/2.2 MBProgress (2): 8.4/14 MB | 0.2/2.2 MBProgress (3): 8.4/14 MB | 0.2/2.2 MB | 3.4/4.8 kBProgress (3): 8.4/14 MB | 0.3/2.2 MB | 3.4/4.8 kBProgress (3): 8.4/14 MB | 0.3/2.2 MB | 3.4/4.8 kBProgress (3): 8.4/14 MB | 0.3/2.2 MB | 4.8 kB    Progress (3): 8.4/14 MB | 0.3/2.2 MB | 4.8 kBProgress (3): 8.4/14 MB | 0.3/2.2 MB | 4.8 kBProgress (3): 8.4/14 MB | 0.3/2.2 MB | 4.8 kBProgress (3): 8.4/14 MB | 0.3/2.2 MB | 4.8 kBProgress (3): 8.4/14 MB | 0.3/2.2 MB | 4.8 kBProgress (3): 8.4/14 MB | 0.3/2.2 MB | 4.8 kBProgress (3): 8.4/14 MB | 0.3/2.2 MB | 4.8 kBProgress (3): 8.4/14 MB | 0.3/2.2 MB | 4.8 kBProgress (3): 8.4/14 MB | 0.3/2.2 MB | 4.8 kBProgress (3): 8.5/14 MB | 0.3/2.2 MB | 4.8 kB                                             Downloaded from central: https://repo.maven.apache.org/maven2/org/springframework/boot/spring-boot-starter-validation/4.0.0/spring-boot-starter-validation-4.0.0.jar (4.8 kB at 10 kB/s)
Downloading from central: https://repo.maven.apache.org/maven2/org/hibernate/validator/hibernate-validator/9.0.1.Final/hibernate-validator-9.0.1.Final.jar
Progress (2): 8.5/14 MB | 0.4/2.2 MBProgress (2): 8.5/14 MB | 0.4/2.2 MBProgress (2): 8.5/14 MB | 0.4/2.2 MBProgress (2): 8.5/14 MB | 0.4/2.2 MBProgress (2): 8.5/14 MB | 0.4/2.2 MBProgress (2): 8.5/14 MB | 0.4/2.2 MBProgress (2): 8.5/14 MB | 0.4/2.2 MBProgress (2): 8.5/14 MB | 0.4/2.2 MBProgress (2): 8.5/14 MB | 0.4/2.2 MBProgress (2): 8.5/14 MB | 0.4/2.2 MBProgress (2): 8.5/14 MB | 0.4/2.2 MBProgress (2): 8.5/14 MB | 0.4/2.2 MBProgress (2): 8.6/14 MB | 0.4/2.2 MBProgress (2): 8.6/14 MB | 0.5/2.2 MBProgress (2): 8.6/14 MB | 0.5/2.2 MBProgress (2): 8.6/14 MB | 0.5/2.2 MBProgress (2): 8.6/14 MB | 0.5/2.2 MBProgress (2): 8.6/14 MB | 0.5/2.2 MBProgress (2): 8.6/14 MB | 0.5/2.2 MBProgress (2): 8.6/14 MB | 0.5/2.2 MBProgress (2): 8.6/14 MB | 0.5/2.2 MBProgress (2): 8.6/14 MB | 0.5/2.2 MBProgress (2): 8.6/14 MB | 0.5/2.2 MBProgress (2): 8.6/14 MB | 0.5/2.2 MBProgress (2): 8.7/14 MB | 0.5/2.2 MBProgress (2): 8.7/14 MB | 0.6/2.2 MBProgress (2): 8.7/14 MB | 0.6/2.2 MBProgress (2): 8.7/14 MB | 0.6/2.2 MBProgress (2): 8.7/14 MB | 0.6/2.2 MBProgress (2): 8.7/14 MB | 0.6/2.2 MBProgress (2): 8.7/14 MB | 0.6/2.2 MBProgress (2): 8.7/14 MB | 0.6/2.2 MBProgress (2): 8.7/14 MB | 0.6/2.2 MBProgress (2): 8.7/14 MB | 0.6/2.2 MBProgress (2): 8.7/14 MB | 0.6/2.2 MBProgress (2): 8.7/14 MB | 0.6/2.2 MBProgress (2): 8.7/14 MB | 0.7/2.2 MBProgress (2): 8.8/14 MB | 0.7/2.2 MBProgress (2): 8.8/14 MB | 0.7/2.2 MBProgress (2): 8.8/14 MB | 0.7/2.2 MBProgress (2): 8.8/14 MB | 0.7/2.2 MBProgress (2): 8.8/14 MB | 0.7/2.2 MBProgress (2): 8.8/14 MB | 0.7/2.2 MBProgress (2): 8.8/14 MB | 0.7/2.2 MBProgress (2): 8.8/14 MB | 0.7/2.2 MBProgress (2): 8.8/14 MB | 0.7/2.2 MBProgress (2): 8.8/14 MB | 0.7/2.2 MBProgress (2): 8.8/14 MB | 0.7/2.2 MBProgress (2): 8.8/14 MB | 0.8/2.2 MBProgress (2): 8.9/14 MB | 0.8/2.2 MBProgress (2): 8.9/14 MB | 0.8/2.2 MBProgress (2): 8.9/14 MB | 0.8/2.2 MBProgress (2): 8.9/14 MB | 0.8/2.2 MBProgress (2): 8.9/14 MB | 0.8/2.2 MBProgress (2): 8.9/14 MB | 0.8/2.2 MBProgress (2): 8.9/14 MB | 0.8/2.2 MBProgress (2): 8.9/14 MB | 0.8/2.2 MBProgress (2): 8.9/14 MB | 0.8/2.2 MBProgress (2): 8.9/14 MB | 0.8/2.2 MBProgress (2): 8.9/14 MB | 0.9/2.2 MBProgress (2): 8.9/14 MB | 0.9/2.2 MBProgress (2): 9.0/14 MB | 0.9/2.2 MBProgress (2): 9.0/14 MB | 0.9/2.2 MBProgress (2): 9.0/14 MB | 0.9/2.2 MBProgress (2): 9.0/14 MB | 0.9/2.2 MBProgress (2): 9.0/14 MB | 0.9/2.2 MBProgress (2): 9.0/14 MB | 0.9/2.2 MBProgress (2): 9.0/14 MB | 0.9/2.2 MBProgress (2): 9.0/14 MB | 0.9/2.2 MBProgress (2): 9.0/14 MB | 0.9/2.2 MBProgress (2): 9.0/14 MB | 0.9/2.2 MBProgress (2): 9.0/14 MB | 0.9/2.2 MBProgress (2): 9.0/14 MB | 1.0/2.2 MBProgress (2): 9.0/14 MB | 1.0/2.2 MBProgress (2): 9.0/14 MB | 1.0/2.2 MBProgress (2): 9.0/14 MB | 1.0/2.2 MBProgress (2): 9.1/14 MB | 1.0/2.2 MBProgress (2): 9.1/14 MB | 1.0/2.2 MBProgress (2): 9.1/14 MB | 1.0/2.2 MBProgress (2): 9.1/14 MB | 1.0/2.2 MBProgress (2): 9.1/14 MB | 1.0/2.2 MBProgress (2): 9.1/14 MB | 1.0/2.2 MBProgress (2): 9.1/14 MB | 1.0/2.2 MBProgress (2): 9.1/14 MB | 1.0/2.2 MBProgress (2): 9.1/14 MB | 1.0/2.2 MBProgress (2): 9.1/14 MB | 1.0/2.2 MBProgress (2): 9.1/14 MB | 1.1/2.2 MBProgress (2): 9.1/14 MB | 1.1/2.2 MBProgress (2): 9.1/14 MB | 1.1/2.2 MBProgress (2): 9.2/14 MB | 1.1/2.2 MBProgress (2): 9.2/14 MB | 1.1/2.2 MBProgress (2): 9.2/14 MB | 1.1/2.2 MBProgress (2): 9.2/14 MB | 1.1/2.2 MBProgress (2): 9.2/14 MB | 1.1/2.2 MBProgress (2): 9.2/14 MB | 1.1/2.2 MBProgress (2): 9.2/14 MB | 1.1/2.2 MBProgress (2): 9.2/14 MB | 1.1/2.2 MBProgress (2): 9.2/14 MB | 1.2/2.2 MBProgress (2): 9.2/14 MB | 1.2/2.2 MBProgress (2): 9.2/14 MB | 1.2/2.2 MBProgress (2): 9.2/14 MB | 1.2/2.2 MBProgress (2): 9.2/14 MB | 1.2/2.2 MBProgress (2): 9.3/14 MB | 1.2/2.2 MBProgress (2): 9.3/14 MB | 1.2/2.2 MBProgress (2): 9.3/14 MB | 1.2/2.2 MBProgress (2): 9.3/14 MB | 1.2/2.2 MBProgress (2): 9.3/14 MB | 1.2/2.2 MBProgress (2): 9.3/14 MB | 1.2/2.2 MBProgress (2): 9.3/14 MB | 1.2/2.2 MBProgress (2): 9.3/14 MB | 1.2/2.2 MBProgress (2): 9.3/14 MB | 1.3/2.2 MBProgress (2): 9.3/14 MB | 1.3/2.2 MBProgress (2): 9.3/14 MB | 1.3/2.2 MBProgress (2): 9.4/14 MB | 1.3/2.2 MBProgress (2): 9.4/14 MB | 1.3/2.2 MBProgress (2): 9.4/14 MB | 1.3/2.2 MBProgress (2): 9.4/14 MB | 1.3/2.2 MBProgress (2): 9.4/14 MB | 1.3/2.2 MBProgress (2): 9.4/14 MB | 1.3/2.2 MBProgress (2): 9.4/14 MB | 1.3/2.2 MBProgress (2): 9.4/14 MB | 1.3/2.2 MBProgress (2): 9.4/14 MB | 1.3/2.2 MBProgress (2): 9.4/14 MB | 1.3/2.2 MBProgress (2): 9.4/14 MB | 1.4/2.2 MBProgress (2): 9.5/14 MB | 1.4/2.2 MBProgress (2): 9.5/14 MB | 1.4/2.2 MBProgress (2): 9.5/14 MB | 1.4/2.2 MBProgress (2): 9.5/14 MB | 1.4/2.2 MBProgress (2): 9.5/14 MB | 1.4/2.2 MBProgress (2): 9.5/14 MB | 1.4/2.2 MBProgress (2): 9.5/14 MB | 1.4/2.2 MBProgress (2): 9.5/14 MB | 1.4/2.2 MBProgress (2): 9.5/14 MB | 1.4/2.2 MBProgress (2): 9.5/14 MB | 1.4/2.2 MBProgress (2): 9.5/14 MB | 1.4/2.2 MBProgress (2): 9.5/14 MB | 1.4/2.2 MBProgress (2): 9.6/14 MB | 1.4/2.2 MBProgress (2): 9.6/14 MB | 1.5/2.2 MBProgress (2): 9.6/14 MB | 1.5/2.2 MBProgress (2): 9.6/14 MB | 1.5/2.2 MBProgress (2): 9.6/14 MB | 1.5/2.2 MBProgress (2): 9.6/14 MB | 1.5/2.2 MBProgress (2): 9.6/14 MB | 1.5/2.2 MBProgress (2): 9.6/14 MB | 1.5/2.2 MBProgress (2): 9.6/14 MB | 1.5/2.2 MBProgress (2): 9.6/14 MB | 1.5/2.2 MBProgress (2): 9.6/14 MB | 1.5/2.2 MBProgress (2): 9.6/14 MB | 1.5/2.2 MBProgress (2): 9.7/14 MB | 1.5/2.2 MBProgress (2): 9.7/14 MB | 1.6/2.2 MBProgress (2): 9.7/14 MB | 1.6/2.2 MBProgress (2): 9.7/14 MB | 1.6/2.2 MBProgress (2): 9.7/14 MB | 1.6/2.2 MBProgress (2): 9.7/14 MB | 1.6/2.2 MBProgress (2): 9.7/14 MB | 1.6/2.2 MBProgress (2): 9.7/14 MB | 1.6/2.2 MBProgress (2): 9.7/14 MB | 1.6/2.2 MBProgress (2): 9.7/14 MB | 1.6/2.2 MBProgress (2): 9.8/14 MB | 1.6/2.2 MBProgress (2): 9.8/14 MB | 1.6/2.2 MBProgress (2): 9.8/14 MB | 1.6/2.2 MBProgress (2): 9.8/14 MB | 1.6/2.2 MBProgress (2): 9.8/14 MB | 1.6/2.2 MBProgress (2): 9.8/14 MB | 1.7/2.2 MBProgress (2): 9.8/14 MB | 1.7/2.2 MBProgress (2): 9.8/14 MB | 1.7/2.2 MBProgress (2): 9.8/14 MB | 1.7/2.2 MBProgress (2): 9.8/14 MB | 1.7/2.2 MBProgress (2): 9.8/14 MB | 1.7/2.2 MBProgress (2): 9.9/14 MB | 1.7/2.2 MBProgress (2): 9.9/14 MB | 1.7/2.2 MBProgress (2): 9.9/14 MB | 1.7/2.2 MBProgress (2): 9.9/14 MB | 1.7/2.2 MBProgress (2): 9.9/14 MB | 1.7/2.2 MBProgress (2): 9.9/14 MB | 1.7/2.2 MBProgress (2): 9.9/14 MB | 1.7/2.2 MBProgress (2): 9.9/14 MB | 1.8/2.2 MBProgress (2): 9.9/14 MB | 1.8/2.2 MBProgress (2): 9.9/14 MB | 1.8/2.2 MBProgress (2): 9.9/14 MB | 1.8/2.2 MBProgress (2): 9.9/14 MB | 1.8/2.2 MBProgress (2): 10.0/14 MB | 1.8/2.2 MBProgress (2): 10.0/14 MB | 1.8/2.2 MBProgress (2): 10.0/14 MB | 1.8/2.2 MBProgress (2): 10.0/14 MB | 1.8/2.2 MBProgress (2): 10.0/14 MB | 1.8/2.2 MBProgress (2): 10.0/14 MB | 1.8/2.2 MBProgress (2): 10/14 MB | 1.8/2.2 MB  Progress (2): 10/14 MB | 1.8/2.2 MBProgress (2): 10/14 MB | 1.9/2.2 MBProgress (2): 10/14 MB | 1.9/2.2 MBProgress (2): 10/14 MB | 1.9/2.2 MBProgress (2): 10/14 MB | 1.9/2.2 MBProgress (2): 10/14 MB | 1.9/2.2 MBProgress (2): 10/14 MB | 1.9/2.2 MBProgress (2): 10/14 MB | 1.9/2.2 MBProgress (2): 10/14 MB | 1.9/2.2 MBProgress (2): 10/14 MB | 1.9/2.2 MBProgress (2): 10/14 MB | 1.9/2.2 MBProgress (2): 10/14 MB | 1.9/2.2 MBProgress (2): 10/14 MB | 1.9/2.2 MBProgress (2): 10/14 MB | 1.9/2.2 MBProgress (2): 10/14 MB | 2.0/2.2 MBProgress (2): 10/14 MB | 2.0/2.2 MBProgress (2): 10/14 MB | 2.0/2.2 MBProgress (2): 10/14 MB | 2.0/2.2 MBProgress (2): 10/14 MB | 2.0/2.2 MBProgress (2): 10/14 MB | 2.0/2.2 MBProgress (2): 10/14 MB | 2.0/2.2 MBProgress (2): 10/14 MB | 2.0/2.2 MBProgress (2): 10/14 MB | 2.0/2.2 MBProgress (2): 10/14 MB | 2.0/2.2 MBProgress (2): 10/14 MB | 2.0/2.2 MBProgress (2): 10/14 MB | 2.0/2.2 MBProgress (2): 10/14 MB | 2.1/2.2 MBProgress (2): 10/14 MB | 2.1/2.2 MBProgress (2): 10/14 MB | 2.1/2.2 MBProgress (3): 10/14 MB | 2.1/2.2 MB | 7.7/15 kBProgress (3): 10/14 MB | 2.1/2.2 MB | 12/15 kB Progress (3): 10/14 MB | 2.1/2.2 MB | 12/15 kBProgress (3): 10/14 MB | 2.1/2.2 MB | 15 kB   Progress (3): 10/14 MB | 2.1/2.2 MB | 15 kBProgress (3): 10/14 MB | 2.1/2.2 MB | 15 kBProgress (3): 10/14 MB | 2.1/2.2 MB | 15 kBProgress (3): 10/14 MB | 2.1/2.2 MB | 15 kBProgress (3): 10/14 MB | 2.1/2.2 MB | 15 kBProgress (3): 10/14 MB | 2.1/2.2 MB | 15 kBProgress (3): 10/14 MB | 2.1/2.2 MB | 15 kBProgress (3): 10/14 MB | 2.1/2.2 MB | 15 kB                                           Downloaded from central: https://repo.maven.apache.org/maven2/org/springframework/boot/spring-boot-validation/4.0.0/spring-boot-validation-4.0.0.jar (15 kB at 32 kB/s)
Progress (2): 10/14 MB | 2.2/2.2 MB                                   Downloading from central: https://repo.maven.apache.org/maven2/jakarta/validation/jakarta.validation-api/3.1.1/jakarta.validation-api-3.1.1.jar
Progress (2): 10/14 MB | 2.2/2.2 MBProgress (2): 10/14 MB | 2.2/2.2 MBProgress (2): 10/14 MB | 2.2/2.2 MBProgress (2): 10/14 MB | 2.2/2.2 MBProgress (2): 10/14 MB | 2.2/2.2 MBProgress (2): 10/14 MB | 2.2 MB    Progress (2): 10/14 MB | 2.2 MBProgress (2): 10/14 MB | 2.2 MBProgress (2): 10/14 MB | 2.2 MB                               Downloaded from central: https://repo.maven.apache.org/maven2/org/springframework/spring-web/7.0.1/spring-web-7.0.1.jar (2.2 MB at 4.6 MB/s)
Progress (1): 10/14 MB                      Downloading from central: https://repo.maven.apache.org/maven2/com/fasterxml/classmate/1.7.1/classmate-1.7.1.jar
Progress (1): 10/14 MBProgress (1): 10/14 MBProgress (1): 10/14 MBProgress (1): 10/14 MBProgress (1): 11/14 MBProgress (1): 11/14 MBProgress (1): 11/14 MBProgress (1): 11/14 MBProgress (1): 11/14 MBProgress (1): 11/14 MBProgress (1): 11/14 MBProgress (1): 11/14 MBProgress (1): 11/14 MBProgress (1): 11/14 MBProgress (1): 11/14 MBProgress (1): 11/14 MBProgress (1): 11/14 MBProgress (1): 11/14 MBProgress (1): 11/14 MBProgress (1): 11/14 MBProgress (1): 11/14 MBProgress (1): 11/14 MBProgress (1): 11/14 MBProgress (1): 11/14 MBProgress (1): 11/14 MBProgress (1): 11/14 MBProgress (1): 11/14 MBProgress (1): 11/14 MBProgress (1): 11/14 MBProgress (1): 11/14 MBProgress (1): 11/14 MBProgress (1): 11/14 MBProgress (1): 11/14 MBProgress (1): 11/14 MBProgress (1): 11/14 MBProgress (1): 11/14 MBProgress (1): 11/14 MBProgress (1): 11/14 MBProgress (1): 11/14 MBProgress (1): 11/14 MBProgress (1): 11/14 MBProgress (2): 11/14 MB | 0/1.4 MBProgress (2): 11/14 MB | 0/1.4 MBProgress (2): 11/14 MB | 0/1.4 MBProgress (2): 11/14 MB | 0/1.4 MBProgress (2): 11/14 MB | 0/1.4 MBProgress (2): 11/14 MB | 0/1.4 MBProgress (2): 11/14 MB | 0/1.4 MBProgress (2): 11/14 MB | 0/1.4 MBProgress (2): 11/14 MB | 0/1.4 MBProgress (2): 11/14 MB | 0.1/1.4 MBProgress (2): 11/14 MB | 0.1/1.4 MBProgress (3): 11/14 MB | 0.1/1.4 MB | 7.7/270 kBProgress (3): 11/14 MB | 0.1/1.4 MB | 7.7/270 kBProgress (3): 11/14 MB | 0.1/1.4 MB | 16/270 kB Progress (3): 11/14 MB | 0.1/1.4 MB | 16/270 kBProgress (3): 11/14 MB | 0.1/1.4 MB | 16/270 kBProgress (3): 11/14 MB | 0.1/1.4 MB | 16/270 kBProgress (3): 11/14 MB | 0.1/1.4 MB | 32/270 kBProgress (3): 11/14 MB | 0.1/1.4 MB | 32/270 kBProgress (3): 11/14 MB | 0.1/1.4 MB | 48/270 kBProgress (3): 11/14 MB | 0.1/1.4 MB | 48/270 kBProgress (3): 11/14 MB | 0.1/1.4 MB | 48/270 kBProgress (3): 11/14 MB | 0.1/1.4 MB | 65/270 kBProgress (3): 11/14 MB | 0.1/1.4 MB | 65/270 kBProgress (3): 11/14 MB | 0.1/1.4 MB | 65/270 kBProgress (3): 11/14 MB | 0.1/1.4 MB | 81/270 kBProgress (3): 11/14 MB | 0.1/1.4 MB | 81/270 kBProgress (3): 11/14 MB | 0.1/1.4 MB | 81/270 kBProgress (3): 11/14 MB | 0.1/1.4 MB | 81/270 kBProgress (3): 11/14 MB | 0.1/1.4 MB | 81/270 kBProgress (3): 11/14 MB | 0.1/1.4 MB | 81/270 kBProgress (3): 11/14 MB | 0.1/1.4 MB | 81/270 kBProgress (3): 11/14 MB | 0.1/1.4 MB | 81/270 kBProgress (3): 11/14 MB | 0.1/1.4 MB | 98/270 kBProgress (3): 11/14 MB | 0.1/1.4 MB | 98/270 kBProgress (3): 11/14 MB | 0.1/1.4 MB | 98/270 kBProgress (3): 11/14 MB | 0.1/1.4 MB | 98/270 kBProgress (3): 11/14 MB | 0.1/1.4 MB | 114/270 kBProgress (3): 11/14 MB | 0.1/1.4 MB | 114/270 kBProgress (3): 11/14 MB | 0.1/1.4 MB | 130/270 kBProgress (3): 11/14 MB | 0.1/1.4 MB | 130/270 kBProgress (3): 11/14 MB | 0.1/1.4 MB | 147/270 kBProgress (3): 11/14 MB | 0.1/1.4 MB | 163/270 kBProgress (3): 11/14 MB | 0.1/1.4 MB | 163/270 kBProgress (3): 11/14 MB | 0.1/1.4 MB | 163/270 kBProgress (3): 11/14 MB | 0.2/1.4 MB | 163/270 kBProgress (3): 11/14 MB | 0.2/1.4 MB | 163/270 kBProgress (3): 11/14 MB | 0.2/1.4 MB | 163/270 kBProgress (3): 11/14 MB | 0.2/1.4 MB | 163/270 kBProgress (3): 11/14 MB | 0.2/1.4 MB | 180/270 kBProgress (3): 12/14 MB | 0.2/1.4 MB | 180/270 kBProgress (3): 12/14 MB | 0.2/1.4 MB | 180/270 kBProgress (3): 12/14 MB | 0.2/1.4 MB | 196/270 kBProgress (3): 12/14 MB | 0.2/1.4 MB | 196/270 kBProgress (3): 12/14 MB | 0.2/1.4 MB | 212/270 kBProgress (3): 12/14 MB | 0.2/1.4 MB | 212/270 kBProgress (3): 12/14 MB | 0.2/1.4 MB | 212/270 kBProgress (3): 12/14 MB | 0.2/1.4 MB | 212/270 kBProgress (3): 12/14 MB | 0.2/1.4 MB | 212/270 kBProgress (3): 12/14 MB | 0.2/1.4 MB | 212/270 kBProgress (3): 12/14 MB | 0.2/1.4 MB | 229/270 kBProgress (3): 12/14 MB | 0.2/1.4 MB | 229/270 kBProgress (3): 12/14 MB | 0.2/1.4 MB | 229/270 kBProgress (3): 12/14 MB | 0.2/1.4 MB | 245/270 kBProgress (3): 12/14 MB | 0.2/1.4 MB | 261/270 kBProgress (3): 12/14 MB | 0.2/1.4 MB | 261/270 kBProgress (3): 12/14 MB | 0.2/1.4 MB | 270 kB    Progress (3): 12/14 MB | 0.2/1.4 MB | 270 kBProgress (3): 12/14 MB | 0.2/1.4 MB | 270 kBProgress (3): 12/14 MB | 0.2/1.4 MB | 270 kBProgress (3): 12/14 MB | 0.2/1.4 MB | 270 kBProgress (3): 12/14 MB | 0.2/1.4 MB | 270 kBProgress (3): 12/14 MB | 0.2/1.4 MB | 270 kBProgress (3): 12/14 MB | 0.2/1.4 MB | 270 kBProgress (3): 12/14 MB | 0.2/1.4 MB | 270 kB                                            Downloaded from central: https://repo.maven.apache.org/maven2/org/apache/tomcat/embed/tomcat-embed-el/11.0.14/tomcat-embed-el-11.0.14.jar (270 kB at 552 kB/s)
Downloading from central: https://repo.maven.apache.org/maven2/org/springframework/boot/spring-boot-starter-webmvc/4.0.0/spring-boot-starter-webmvc-4.0.0.jar
Progress (2): 12/14 MB | 0.2/1.4 MBProgress (2): 12/14 MB | 0.3/1.4 MBProgress (2): 12/14 MB | 0.3/1.4 MBProgress (2): 12/14 MB | 0.3/1.4 MBProgress (2): 12/14 MB | 0.3/1.4 MBProgress (2): 12/14 MB | 0.3/1.4 MBProgress (2): 12/14 MB | 0.3/1.4 MBProgress (2): 12/14 MB | 0.3/1.4 MBProgress (2): 12/14 MB | 0.3/1.4 MBProgress (2): 12/14 MB | 0.3/1.4 MBProgress (2): 12/14 MB | 0.3/1.4 MBProgress (2): 12/14 MB | 0.3/1.4 MBProgress (2): 12/14 MB | 0.3/1.4 MBProgress (2): 12/14 MB | 0.3/1.4 MBProgress (2): 12/14 MB | 0.3/1.4 MBProgress (2): 12/14 MB | 0.3/1.4 MBProgress (2): 12/14 MB | 0.3/1.4 MBProgress (2): 12/14 MB | 0.3/1.4 MBProgress (2): 12/14 MB | 0.3/1.4 MBProgress (2): 12/14 MB | 0.3/1.4 MBProgress (2): 12/14 MB | 0.3/1.4 MBProgress (2): 12/14 MB | 0.3/1.4 MBProgress (2): 12/14 MB | 0.3/1.4 MBProgress (2): 12/14 MB | 0.3/1.4 MBProgress (2): 12/14 MB | 0.3/1.4 MBProgress (2): 12/14 MB | 0.4/1.4 MBProgress (2): 12/14 MB | 0.4/1.4 MBProgress (2): 12/14 MB | 0.4/1.4 MBProgress (2): 12/14 MB | 0.4/1.4 MBProgress (2): 12/14 MB | 0.4/1.4 MBProgress (2): 12/14 MB | 0.4/1.4 MBProgress (2): 12/14 MB | 0.4/1.4 MBProgress (2): 12/14 MB | 0.4/1.4 MBProgress (2): 12/14 MB | 0.4/1.4 MBProgress (2): 12/14 MB | 0.4/1.4 MBProgress (2): 12/14 MB | 0.4/1.4 MBProgress (2): 12/14 MB | 0.4/1.4 MBProgress (2): 12/14 MB | 0.4/1.4 MBProgress (2): 12/14 MB | 0.4/1.4 MBProgress (2): 12/14 MB | 0.4/1.4 MBProgress (2): 12/14 MB | 0.4/1.4 MBProgress (2): 12/14 MB | 0.4/1.4 MBProgress (2): 12/14 MB | 0.4/1.4 MBProgress (2): 12/14 MB | 0.4/1.4 MBProgress (2): 12/14 MB | 0.4/1.4 MBProgress (2): 12/14 MB | 0.5/1.4 MBProgress (2): 12/14 MB | 0.5/1.4 MBProgress (2): 12/14 MB | 0.5/1.4 MBProgress (2): 12/14 MB | 0.5/1.4 MBProgress (2): 12/14 MB | 0.5/1.4 MBProgress (2): 12/14 MB | 0.5/1.4 MBProgress (2): 12/14 MB | 0.5/1.4 MBProgress (2): 12/14 MB | 0.5/1.4 MBProgress (2): 12/14 MB | 0.5/1.4 MBProgress (2): 12/14 MB | 0.5/1.4 MBProgress (2): 12/14 MB | 0.5/1.4 MBProgress (2): 12/14 MB | 0.5/1.4 MBProgress (2): 12/14 MB | 0.5/1.4 MBProgress (2): 12/14 MB | 0.5/1.4 MBProgress (2): 12/14 MB | 0.5/1.4 MBProgress (2): 12/14 MB | 0.5/1.4 MBProgress (2): 12/14 MB | 0.5/1.4 MBProgress (2): 12/14 MB | 0.5/1.4 MBProgress (2): 12/14 MB | 0.5/1.4 MBProgress (2): 13/14 MB | 0.5/1.4 MBProgress (2): 13/14 MB | 0.5/1.4 MBProgress (2): 13/14 MB | 0.5/1.4 MBProgress (2): 13/14 MB | 0.5/1.4 MBProgress (2): 13/14 MB | 0.5/1.4 MBProgress (2): 13/14 MB | 0.5/1.4 MBProgress (2): 13/14 MB | 0.5/1.4 MBProgress (2): 13/14 MB | 0.5/1.4 MBProgress (2): 13/14 MB | 0.6/1.4 MBProgress (2): 13/14 MB | 0.6/1.4 MBProgress (2): 13/14 MB | 0.6/1.4 MBProgress (2): 13/14 MB | 0.6/1.4 MBProgress (2): 13/14 MB | 0.6/1.4 MBProgress (2): 13/14 MB | 0.6/1.4 MBProgress (2): 13/14 MB | 0.6/1.4 MBProgress (2): 13/14 MB | 0.6/1.4 MBProgress (2): 13/14 MB | 0.6/1.4 MBProgress (2): 13/14 MB | 0.6/1.4 MBProgress (2): 13/14 MB | 0.6/1.4 MBProgress (2): 13/14 MB | 0.6/1.4 MBProgress (2): 13/14 MB | 0.6/1.4 MBProgress (2): 13/14 MB | 0.6/1.4 MBProgress (2): 13/14 MB | 0.6/1.4 MBProgress (2): 13/14 MB | 0.6/1.4 MBProgress (2): 13/14 MB | 0.6/1.4 MBProgress (2): 13/14 MB | 0.6/1.4 MBProgress (2): 13/14 MB | 0.6/1.4 MBProgress (2): 13/14 MB | 0.6/1.4 MBProgress (2): 13/14 MB | 0.6/1.4 MBProgress (2): 13/14 MB | 0.7/1.4 MBProgress (2): 13/14 MB | 0.7/1.4 MBProgress (2): 13/14 MB | 0.7/1.4 MBProgress (2): 13/14 MB | 0.7/1.4 MBProgress (2): 13/14 MB | 0.7/1.4 MBProgress (2): 13/14 MB | 0.7/1.4 MBProgress (3): 13/14 MB | 0.7/1.4 MB | 7.7/106 kBProgress (3): 13/14 MB | 0.7/1.4 MB | 16/106 kB Progress (3): 13/14 MB | 0.7/1.4 MB | 16/106 kBProgress (3): 13/14 MB | 0.7/1.4 MB | 25/106 kBProgress (3): 13/14 MB | 0.7/1.4 MB | 25/106 kBProgress (3): 13/14 MB | 0.7/1.4 MB | 41/106 kBProgress (3): 13/14 MB | 0.7/1.4 MB | 41/106 kBProgress (3): 13/14 MB | 0.7/1.4 MB | 57/106 kBProgress (3): 13/14 MB | 0.7/1.4 MB | 57/106 kBProgress (3): 13/14 MB | 0.7/1.4 MB | 74/106 kBProgress (3): 13/14 MB | 0.7/1.4 MB | 74/106 kBProgress (3): 13/14 MB | 0.7/1.4 MB | 74/106 kBProgress (3): 13/14 MB | 0.7/1.4 MB | 74/106 kBProgress (3): 13/14 MB | 0.7/1.4 MB | 90/106 kBProgress (3): 13/14 MB | 0.7/1.4 MB | 90/106 kBProgress (3): 13/14 MB | 0.7/1.4 MB | 106 kB   Progress (3): 13/14 MB | 0.7/1.4 MB | 106 kBProgress (3): 13/14 MB | 0.7/1.4 MB | 106 kBProgress (3): 13/14 MB | 0.7/1.4 MB | 106 kBProgress (3): 13/14 MB | 0.8/1.4 MB | 106 kBProgress (3): 13/14 MB | 0.8/1.4 MB | 106 kBProgress (3): 13/14 MB | 0.8/1.4 MB | 106 kB                                            Downloaded from central: https://repo.maven.apache.org/maven2/jakarta/validation/jakarta.validation-api/3.1.1/jakarta.validation-api-3.1.1.jar (106 kB at 211 kB/s)
Downloading from central: https://repo.maven.apache.org/maven2/org/springframework/boot/spring-boot-starter-jackson/4.0.0/spring-boot-starter-jackson-4.0.0.jar
Progress (2): 13/14 MB | 0.8/1.4 MBProgress (3): 13/14 MB | 0.8/1.4 MB | 7.7/68 kBProgress (3): 13/14 MB | 0.8/1.4 MB | 16/68 kB Progress (3): 13/14 MB | 0.8/1.4 MB | 16/68 kBProgress (3): 13/14 MB | 0.8/1.4 MB | 16/68 kBProgress (3): 13/14 MB | 0.8/1.4 MB | 32/68 kBProgress (3): 13/14 MB | 0.8/1.4 MB | 32/68 kBProgress (3): 13/14 MB | 0.8/1.4 MB | 32/68 kBProgress (3): 13/14 MB | 0.8/1.4 MB | 48/68 kBProgress (3): 13/14 MB | 0.8/1.4 MB | 48/68 kBProgress (3): 13/14 MB | 0.8/1.4 MB | 65/68 kBProgress (3): 13/14 MB | 0.8/1.4 MB | 68 kB   Progress (3): 13/14 MB | 0.8/1.4 MB | 68 kBProgress (3): 13/14 MB | 0.8/1.4 MB | 68 kBProgress (3): 13/14 MB | 0.8/1.4 MB | 68 kBProgress (3): 13/14 MB | 0.8/1.4 MB | 68 kBProgress (3): 13/14 MB | 0.8/1.4 MB | 68 kBProgress (3): 13/14 MB | 0.8/1.4 MB | 68 kBProgress (3): 13/14 MB | 0.8/1.4 MB | 68 kB                                           Downloaded from central: https://repo.maven.apache.org/maven2/com/fasterxml/classmate/1.7.1/classmate-1.7.1.jar (68 kB at 135 kB/s)
Downloading from central: https://repo.maven.apache.org/maven2/org/springframework/boot/spring-boot-jackson/4.0.0/spring-boot-jackson-4.0.0.jar
Progress (2): 13/14 MB | 0.8/1.4 MBProgress (2): 13/14 MB | 0.8/1.4 MBProgress (2): 13/14 MB | 0.8/1.4 MBProgress (2): 13/14 MB | 0.8/1.4 MBProgress (2): 13/14 MB | 0.9/1.4 MBProgress (2): 13/14 MB | 0.9/1.4 MBProgress (2): 13/14 MB | 0.9/1.4 MBProgress (2): 13/14 MB | 0.9/1.4 MBProgress (2): 13/14 MB | 0.9/1.4 MBProgress (2): 13/14 MB | 0.9/1.4 MBProgress (2): 13/14 MB | 0.9/1.4 MBProgress (2): 13/14 MB | 0.9/1.4 MBProgress (2): 13/14 MB | 0.9/1.4 MBProgress (2): 13/14 MB | 0.9/1.4 MBProgress (2): 13/14 MB | 0.9/1.4 MBProgress (2): 13/14 MB | 0.9/1.4 MBProgress (2): 13/14 MB | 0.9/1.4 MBProgress (2): 13/14 MB | 0.9/1.4 MBProgress (2): 13/14 MB | 0.9/1.4 MBProgress (2): 13/14 MB | 0.9/1.4 MBProgress (2): 13/14 MB | 0.9/1.4 MBProgress (2): 13/14 MB | 0.9/1.4 MBProgress (2): 13/14 MB | 0.9/1.4 MBProgress (2): 13/14 MB | 0.9/1.4 MBProgress (2): 13/14 MB | 1.0/1.4 MBProgress (2): 13/14 MB | 1.0/1.4 MBProgress (2): 13/14 MB | 1.0/1.4 MBProgress (2): 13/14 MB | 1.0/1.4 MBProgress (2): 13/14 MB | 1.0/1.4 MBProgress (2): 14/14 MB | 1.0/1.4 MBProgress (2): 14/14 MB | 1.0/1.4 MBProgress (2): 14/14 MB | 1.0/1.4 MBProgress (2): 14/14 MB | 1.0/1.4 MBProgress (2): 14/14 MB | 1.0/1.4 MBProgress (2): 14/14 MB | 1.0/1.4 MBProgress (2): 14/14 MB | 1.0/1.4 MBProgress (2): 14/14 MB | 1.0/1.4 MBProgress (2): 14/14 MB | 1.0/1.4 MBProgress (2): 14/14 MB | 1.0/1.4 MBProgress (2): 14/14 MB | 1.0/1.4 MBProgress (2): 14/14 MB | 1.0/1.4 MBProgress (2): 14/14 MB | 1.0/1.4 MBProgress (2): 14/14 MB | 1.1/1.4 MBProgress (2): 14/14 MB | 1.1/1.4 MBProgress (2): 14/14 MB | 1.1/1.4 MBProgress (2): 14/14 MB | 1.1/1.4 MBProgress (2): 14/14 MB | 1.1/1.4 MBProgress (2): 14/14 MB | 1.1/1.4 MBProgress (2): 14/14 MB | 1.1/1.4 MBProgress (2): 14/14 MB | 1.1/1.4 MBProgress (2): 14/14 MB | 1.1/1.4 MBProgress (2): 14/14 MB | 1.1/1.4 MBProgress (2): 14/14 MB | 1.1/1.4 MBProgress (2): 14/14 MB | 1.1/1.4 MBProgress (2): 14/14 MB | 1.1/1.4 MBProgress (2): 14/14 MB | 1.1/1.4 MBProgress (2): 14/14 MB | 1.1/1.4 MBProgress (2): 14/14 MB | 1.1/1.4 MBProgress (2): 14/14 MB | 1.2/1.4 MBProgress (2): 14/14 MB | 1.2/1.4 MBProgress (2): 14/14 MB | 1.2/1.4 MBProgress (2): 14/14 MB | 1.2/1.4 MBProgress (2): 14/14 MB | 1.2/1.4 MBProgress (2): 14/14 MB | 1.2/1.4 MBProgress (2): 14/14 MB | 1.2/1.4 MBProgress (2): 14/14 MB | 1.2/1.4 MBProgress (2): 14/14 MB | 1.2/1.4 MBProgress (2): 14/14 MB | 1.2/1.4 MBProgress (2): 14/14 MB | 1.2/1.4 MBProgress (2): 14/14 MB | 1.2/1.4 MBProgress (2): 14/14 MB | 1.2/1.4 MBProgress (2): 14/14 MB | 1.2/1.4 MBProgress (2): 14/14 MB | 1.3/1.4 MBProgress (2): 14/14 MB | 1.3/1.4 MBProgress (2): 14/14 MB | 1.3/1.4 MBProgress (2): 14/14 MB | 1.3/1.4 MBProgress (2): 14/14 MB | 1.3/1.4 MBProgress (2): 14/14 MB | 1.3/1.4 MBProgress (2): 14/14 MB | 1.3/1.4 MBProgress (2): 14/14 MB | 1.3/1.4 MBProgress (2): 14/14 MB | 1.3/1.4 MBProgress (2): 14/14 MB | 1.3/1.4 MBProgress (2): 14/14 MB | 1.3/1.4 MBProgress (2): 14/14 MB | 1.3/1.4 MBProgress (2): 14/14 MB | 1.3/1.4 MBProgress (2): 14 MB | 1.3/1.4 MB   Progress (2): 14 MB | 1.3/1.4 MBProgress (2): 14 MB | 1.4 MB                                Downloaded from central: https://repo.maven.apache.org/maven2/org/hibernate/orm/hibernate-core/7.1.8.Final/hibernate-core-7.1.8.Final.jar (14 MB at 27 MB/s)
Downloading from central: https://repo.maven.apache.org/maven2/org/springframework/boot/spring-boot-starter-tomcat/4.0.0/spring-boot-starter-tomcat-4.0.0.jar
Progress (2): 1.4 MB | 4.7 kB                             Downloaded from central: https://repo.maven.apache.org/maven2/org/hibernate/validator/hibernate-validator/9.0.1.Final/hibernate-validator-9.0.1.Final.jar (1.4 MB at 2.6 MB/s)
Downloading from central: https://repo.maven.apache.org/maven2/org/springframework/boot/spring-boot-starter-tomcat-runtime/4.0.0/spring-boot-starter-tomcat-runtime-4.0.0.jar
Downloaded from central: https://repo.maven.apache.org/maven2/org/springframework/boot/spring-boot-starter-webmvc/4.0.0/spring-boot-starter-webmvc-4.0.0.jar (4.7 kB at 9.2 kB/s)
Downloading from central: https://repo.maven.apache.org/maven2/org/apache/tomcat/embed/tomcat-embed-core/11.0.14/tomcat-embed-core-11.0.14.jar
Progress (1): 4.7 kB                    Downloaded from central: https://repo.maven.apache.org/maven2/org/springframework/boot/spring-boot-starter-jackson/4.0.0/spring-boot-starter-jackson-4.0.0.jar (4.7 kB at 9.0 kB/s)
Downloading from central: https://repo.maven.apache.org/maven2/org/apache/tomcat/embed/tomcat-embed-websocket/11.0.14/tomcat-embed-websocket-11.0.14.jar
Progress (1): 7.7/68 kBProgress (1): 12/68 kB Progress (1): 28/68 kBProgress (1): 44/68 kBProgress (1): 61/68 kBProgress (1): 68 kB                      Downloaded from central: https://repo.maven.apache.org/maven2/org/springframework/boot/spring-boot-jackson/4.0.0/spring-boot-jackson-4.0.0.jar (68 kB at 127 kB/s)
Downloading from central: https://repo.maven.apache.org/maven2/org/springframework/boot/spring-boot-tomcat/4.0.0/spring-boot-tomcat-4.0.0.jar
Progress (1): 4.7 kB                    Downloaded from central: https://repo.maven.apache.org/maven2/org/springframework/boot/spring-boot-starter-tomcat-runtime/4.0.0/spring-boot-starter-tomcat-runtime-4.0.0.jar (4.7 kB at 8.8 kB/s)
Downloading from central: https://repo.maven.apache.org/maven2/org/springframework/boot/spring-boot-http-converter/4.0.0/spring-boot-http-converter-4.0.0.jar
Progress (1): 4.8 kB                    Downloaded from central: https://repo.maven.apache.org/maven2/org/springframework/boot/spring-boot-starter-tomcat/4.0.0/spring-boot-starter-tomcat-4.0.0.jar (4.8 kB at 8.7 kB/s)
Downloading from central: https://repo.maven.apache.org/maven2/org/springframework/boot/spring-boot-webmvc/4.0.0/spring-boot-webmvc-4.0.0.jar
Progress (1): 0/3.6 MBProgress (1): 0/3.6 MBProgress (1): 0/3.6 MBProgress (1): 0/3.6 MBProgress (1): 0.1/3.6 MBProgress (1): 0.1/3.6 MBProgress (1): 0.1/3.6 MBProgress (1): 0.1/3.6 MBProgress (1): 0.1/3.6 MBProgress (1): 0.1/3.6 MBProgress (1): 0.2/3.6 MBProgress (1): 0.2/3.6 MBProgress (1): 0.2/3.6 MBProgress (1): 0.2/3.6 MBProgress (1): 0.2/3.6 MBProgress (1): 0.2/3.6 MBProgress (1): 0.3/3.6 MBProgress (2): 0.3/3.6 MB | 7.7/286 kBProgress (2): 0.3/3.6 MB | 16/286 kB Progress (2): 0.3/3.6 MB | 16/286 kBProgress (2): 0.3/3.6 MB | 32/286 kBProgress (2): 0.3/3.6 MB | 32/286 kBProgress (2): 0.3/3.6 MB | 49/286 kBProgress (2): 0.3/3.6 MB | 65/286 kBProgress (2): 0.3/3.6 MB | 65/286 kBProgress (2): 0.3/3.6 MB | 81/286 kBProgress (2): 0.3/3.6 MB | 81/286 kBProgress (2): 0.3/3.6 MB | 98/286 kBProgress (2): 0.3/3.6 MB | 98/286 kBProgress (2): 0.3/3.6 MB | 114/286 kBProgress (2): 0.4/3.6 MB | 114/286 kBProgress (2): 0.4/3.6 MB | 131/286 kBProgress (2): 0.4/3.6 MB | 131/286 kBProgress (2): 0.4/3.6 MB | 147/286 kBProgress (2): 0.4/3.6 MB | 147/286 kBProgress (2): 0.4/3.6 MB | 163/286 kBProgress (2): 0.4/3.6 MB | 163/286 kBProgress (2): 0.4/3.6 MB | 180/286 kBProgress (2): 0.4/3.6 MB | 196/286 kBProgress (2): 0.4/3.6 MB | 196/286 kBProgress (2): 0.4/3.6 MB | 213/286 kBProgress (2): 0.4/3.6 MB | 213/286 kBProgress (2): 0.4/3.6 MB | 229/286 kBProgress (2): 0.5/3.6 MB | 229/286 kBProgress (2): 0.5/3.6 MB | 245/286 kBProgress (2): 0.5/3.6 MB | 245/286 kBProgress (2): 0.5/3.6 MB | 262/286 kBProgress (2): 0.5/3.6 MB | 262/286 kBProgress (2): 0.5/3.6 MB | 278/286 kBProgress (2): 0.5/3.6 MB | 278/286 kBProgress (2): 0.5/3.6 MB | 286 kB    Progress (2): 0.5/3.6 MB | 286 kBProgress (2): 0.5/3.6 MB | 286 kBProgress (2): 0.6/3.6 MB | 286 kBProgress (2): 0.6/3.6 MB | 286 kB                                 Downloaded from central: https://repo.maven.apache.org/maven2/org/apache/tomcat/embed/tomcat-embed-websocket/11.0.14/tomcat-embed-websocket-11.0.14.jar (286 kB at 518 kB/s)
Downloading from central: https://repo.maven.apache.org/maven2/org/springframework/boot/spring-boot-servlet/4.0.0/spring-boot-servlet-4.0.0.jar
Progress (1): 0.6/3.6 MBProgress (1): 0.6/3.6 MBProgress (1): 0.6/3.6 MBProgress (1): 0.6/3.6 MBProgress (1): 0.7/3.6 MBProgress (1): 0.7/3.6 MBProgress (1): 0.7/3.6 MBProgress (1): 0.7/3.6 MBProgress (1): 0.7/3.6 MBProgress (1): 0.7/3.6 MBProgress (1): 0.8/3.6 MBProgress (1): 0.8/3.6 MBProgress (1): 0.8/3.6 MBProgress (1): 0.8/3.6 MBProgress (1): 0.8/3.6 MBProgress (1): 0.8/3.6 MBProgress (1): 0.9/3.6 MBProgress (1): 0.9/3.6 MBProgress (1): 0.9/3.6 MBProgress (1): 0.9/3.6 MBProgress (1): 0.9/3.6 MBProgress (1): 0.9/3.6 MBProgress (1): 0.9/3.6 MBProgress (1): 1.0/3.6 MBProgress (1): 1.0/3.6 MBProgress (1): 1.0/3.6 MBProgress (1): 1.0/3.6 MBProgress (2): 1.0/3.6 MB | 7.7/47 kBProgress (2): 1.0/3.6 MB | 16/47 kB Progress (2): 1.0/3.6 MB | 16/47 kBProgress (2): 1.0/3.6 MB | 32/47 kBProgress (2): 1.0/3.6 MB | 32/47 kBProgress (2): 1.0/3.6 MB | 47 kB   Progress (2): 1.1/3.6 MB | 47 kBProgress (2): 1.1/3.6 MB | 47 kBProgress (2): 1.1/3.6 MB | 47 kB                                Downloaded from central: https://repo.maven.apache.org/maven2/org/springframework/boot/spring-boot-http-converter/4.0.0/spring-boot-http-converter-4.0.0.jar (47 kB at 84 kB/s)
Downloading from central: https://repo.maven.apache.org/maven2/org/springframework/spring-webmvc/7.0.1/spring-webmvc-7.0.1.jar
Progress (1): 1.1/3.6 MBProgress (1): 1.1/3.6 MBProgress (1): 1.1/3.6 MBProgress (1): 1.2/3.6 MBProgress (1): 1.2/3.6 MBProgress (1): 1.2/3.6 MBProgress (1): 1.2/3.6 MBProgress (1): 1.2/3.6 MBProgress (1): 1.2/3.6 MBProgress (1): 1.3/3.6 MBProgress (1): 1.3/3.6 MBProgress (1): 1.3/3.6 MBProgress (1): 1.3/3.6 MBProgress (1): 1.3/3.6 MBProgress (2): 1.3/3.6 MB | 7.7/122 kBProgress (2): 1.3/3.6 MB | 16/122 kB Progress (2): 1.3/3.6 MB | 28/122 kBProgress (2): 1.3/3.6 MB | 28/122 kBProgress (2): 1.3/3.6 MB | 44/122 kBProgress (2): 1.4/3.6 MB | 44/122 kBProgress (2): 1.4/3.6 MB | 61/122 kBProgress (2): 1.4/3.6 MB | 61/122 kBProgress (2): 1.4/3.6 MB | 77/122 kBProgress (2): 1.4/3.6 MB | 77/122 kBProgress (2): 1.4/3.6 MB | 93/122 kBProgress (2): 1.4/3.6 MB | 93/122 kBProgress (2): 1.4/3.6 MB | 110/122 kBProgress (2): 1.4/3.6 MB | 122 kB    Progress (2): 1.4/3.6 MB | 122 kBProgress (2): 1.4/3.6 MB | 122 kBProgress (2): 1.5/3.6 MB | 122 kBProgress (2): 1.5/3.6 MB | 122 kB                                 Downloaded from central: https://repo.maven.apache.org/maven2/org/springframework/boot/spring-boot-tomcat/4.0.0/spring-boot-tomcat-4.0.0.jar (122 kB at 217 kB/s)
Downloading from central: https://repo.maven.apache.org/maven2/org/springframework/spring-expression/7.0.1/spring-expression-7.0.1.jar
Progress (1): 1.5/3.6 MBProgress (1): 1.5/3.6 MBProgress (1): 1.5/3.6 MBProgress (1): 1.5/3.6 MBProgress (1): 1.6/3.6 MBProgress (1): 1.6/3.6 MBProgress (1): 1.6/3.6 MBProgress (1): 1.6/3.6 MBProgress (1): 1.6/3.6 MBProgress (1): 1.6/3.6 MBProgress (1): 1.7/3.6 MBProgress (1): 1.7/3.6 MBProgress (1): 1.7/3.6 MBProgress (1): 1.7/3.6 MBProgress (1): 1.7/3.6 MBProgress (1): 1.7/3.6 MBProgress (1): 1.8/3.6 MBProgress (1): 1.8/3.6 MBProgress (1): 1.8/3.6 MBProgress (1): 1.8/3.6 MBProgress (1): 1.8/3.6 MBProgress (1): 1.8/3.6 MBProgress (1): 1.9/3.6 MBProgress (1): 1.9/3.6 MBProgress (1): 1.9/3.6 MBProgress (1): 1.9/3.6 MBProgress (1): 1.9/3.6 MBProgress (1): 1.9/3.6 MBProgress (1): 1.9/3.6 MBProgress (1): 2.0/3.6 MBProgress (1): 2.0/3.6 MBProgress (1): 2.0/3.6 MBProgress (1): 2.0/3.6 MBProgress (1): 2.0/3.6 MBProgress (1): 2.0/3.6 MBProgress (1): 2.1/3.6 MBProgress (1): 2.1/3.6 MBProgress (1): 2.1/3.6 MBProgress (1): 2.1/3.6 MBProgress (1): 2.1/3.6 MBProgress (1): 2.1/3.6 MBProgress (1): 2.2/3.6 MBProgress (1): 2.2/3.6 MBProgress (1): 2.2/3.6 MBProgress (1): 2.2/3.6 MBProgress (1): 2.2/3.6 MBProgress (1): 2.2/3.6 MBProgress (1): 2.3/3.6 MBProgress (1): 2.3/3.6 MBProgress (1): 2.3/3.6 MBProgress (2): 2.3/3.6 MB | 7.7/168 kBProgress (2): 2.3/3.6 MB | 16/168 kB Progress (2): 2.3/3.6 MB | 16/168 kBProgress (2): 2.3/3.6 MB | 32/168 kBProgress (2): 2.3/3.6 MB | 32/168 kBProgress (2): 2.3/3.6 MB | 48/168 kBProgress (2): 2.3/3.6 MB | 48/168 kBProgress (2): 2.3/3.6 MB | 65/168 kBProgress (2): 2.4/3.6 MB | 65/168 kBProgress (2): 2.4/3.6 MB | 65/168 kBProgress (2): 2.4/3.6 MB | 81/168 kBProgress (2): 2.4/3.6 MB | 81/168 kBProgress (2): 2.4/3.6 MB | 98/168 kBProgress (2): 2.4/3.6 MB | 98/168 kBProgress (2): 2.4/3.6 MB | 98/168 kBProgress (2): 2.4/3.6 MB | 98/168 kBProgress (2): 2.5/3.6 MB | 98/168 kBProgress (2): 2.5/3.6 MB | 114/168 kBProgress (2): 2.5/3.6 MB | 114/168 kBProgress (2): 2.5/3.6 MB | 114/168 kBProgress (3): 2.5/3.6 MB | 114/168 kB | 7.7/47 kBProgress (3): 2.5/3.6 MB | 130/168 kB | 7.7/47 kBProgress (3): 2.5/3.6 MB | 130/168 kB | 12/47 kB Progress (3): 2.5/3.6 MB | 130/168 kB | 12/47 kBProgress (3): 2.5/3.6 MB | 147/168 kB | 12/47 kBProgress (3): 2.5/3.6 MB | 147/168 kB | 29/47 kBProgress (3): 2.5/3.6 MB | 147/168 kB | 45/47 kBProgress (3): 2.5/3.6 MB | 147/168 kB | 45/47 kBProgress (3): 2.5/3.6 MB | 147/168 kB | 47 kB   Progress (3): 2.5/3.6 MB | 147/168 kB | 47 kBProgress (3): 2.6/3.6 MB | 147/168 kB | 47 kBProgress (3): 2.6/3.6 MB | 163/168 kB | 47 kBProgress (3): 2.6/3.6 MB | 168 kB | 47 kB    Progress (3): 2.6/3.6 MB | 168 kB | 47 kBProgress (3): 2.6/3.6 MB | 168 kB | 47 kB                                         Downloaded from central: https://repo.maven.apache.org/maven2/org/springframework/boot/spring-boot-servlet/4.0.0/spring-boot-servlet-4.0.0.jar (47 kB at 82 kB/s)
Downloading from central: https://repo.maven.apache.org/maven2/javax/cache/cache-api/1.1.1/cache-api-1.1.1.jar
Progress (2): 2.6/3.6 MB | 168 kBProgress (2): 2.6/3.6 MB | 168 kB                                 Downloaded from central: https://repo.maven.apache.org/maven2/org/springframework/boot/spring-boot-webmvc/4.0.0/spring-boot-webmvc-4.0.0.jar (168 kB at 291 kB/s)
Downloading from central: https://repo.maven.apache.org/maven2/com/h2database/h2/2.4.240/h2-2.4.240.jar
Progress (1): 2.6/3.6 MBProgress (1): 2.7/3.6 MBProgress (1): 2.7/3.6 MBProgress (1): 2.7/3.6 MBProgress (1): 2.7/3.6 MBProgress (1): 2.7/3.6 MBProgress (1): 2.7/3.6 MBProgress (1): 2.8/3.6 MBProgress (1): 2.8/3.6 MBProgress (1): 2.8/3.6 MBProgress (1): 2.8/3.6 MBProgress (1): 2.8/3.6 MBProgress (1): 2.8/3.6 MBProgress (1): 2.9/3.6 MBProgress (1): 2.9/3.6 MBProgress (1): 2.9/3.6 MBProgress (1): 2.9/3.6 MBProgress (1): 2.9/3.6 MBProgress (1): 2.9/3.6 MBProgress (1): 2.9/3.6 MBProgress (1): 3.0/3.6 MBProgress (1): 3.0/3.6 MBProgress (1): 3.0/3.6 MBProgress (1): 3.0/3.6 MBProgress (1): 3.0/3.6 MBProgress (1): 3.0/3.6 MBProgress (1): 3.1/3.6 MBProgress (1): 3.1/3.6 MBProgress (1): 3.1/3.6 MBProgress (1): 3.1/3.6 MBProgress (1): 3.1/3.6 MBProgress (2): 3.1/3.6 MB | 0/1.1 MBProgress (2): 3.1/3.6 MB | 0/1.1 MBProgress (2): 3.1/3.6 MB | 0/1.1 MBProgress (2): 3.1/3.6 MB | 0/1.1 MBProgress (2): 3.2/3.6 MB | 0/1.1 MBProgress (2): 3.2/3.6 MB | 0/1.1 MBProgress (2): 3.2/3.6 MB | 0/1.1 MBProgress (2): 3.2/3.6 MB | 0.1/1.1 MBProgress (2): 3.2/3.6 MB | 0.1/1.1 MBProgress (2): 3.2/3.6 MB | 0.1/1.1 MBProgress (2): 3.2/3.6 MB | 0.1/1.1 MBProgress (2): 3.2/3.6 MB | 0.1/1.1 MBProgress (2): 3.2/3.6 MB | 0.1/1.1 MBProgress (2): 3.2/3.6 MB | 0.1/1.1 MBProgress (2): 3.3/3.6 MB | 0.1/1.1 MBProgress (2): 3.3/3.6 MB | 0.1/1.1 MBProgress (2): 3.3/3.6 MB | 0.1/1.1 MBProgress (2): 3.3/3.6 MB | 0.1/1.1 MBProgress (2): 3.3/3.6 MB | 0.1/1.1 MBProgress (2): 3.3/3.6 MB | 0.1/1.1 MBProgress (2): 3.4/3.6 MB | 0.1/1.1 MBProgress (2): 3.4/3.6 MB | 0.1/1.1 MBProgress (2): 3.4/3.6 MB | 0.1/1.1 MBProgress (2): 3.4/3.6 MB | 0.1/1.1 MBProgress (2): 3.4/3.6 MB | 0.1/1.1 MBProgress (2): 3.4/3.6 MB | 0.1/1.1 MBProgress (2): 3.5/3.6 MB | 0.1/1.1 MBProgress (2): 3.5/3.6 MB | 0.1/1.1 MBProgress (2): 3.5/3.6 MB | 0.1/1.1 MBProgress (2): 3.5/3.6 MB | 0.1/1.1 MBProgress (2): 3.5/3.6 MB | 0.1/1.1 MBProgress (2): 3.5/3.6 MB | 0.1/1.1 MBProgress (2): 3.5/3.6 MB | 0.1/1.1 MBProgress (2): 3.5/3.6 MB | 0.1/1.1 MBProgress (2): 3.6/3.6 MB | 0.1/1.1 MBProgress (2): 3.6/3.6 MB | 0.1/1.1 MBProgress (2): 3.6/3.6 MB | 0.1/1.1 MBProgress (2): 3.6 MB | 0.1/1.1 MB    Progress (2): 3.6 MB | 0.2/1.1 MBProgress (2): 3.6 MB | 0.2/1.1 MBProgress (2): 3.6 MB | 0.2/1.1 MBProgress (2): 3.6 MB | 0.2/1.1 MBProgress (2): 3.6 MB | 0.2/1.1 MBProgress (2): 3.6 MB | 0.2/1.1 MB                                 Downloaded from central: https://repo.maven.apache.org/maven2/org/apache/tomcat/embed/tomcat-embed-core/11.0.14/tomcat-embed-core-11.0.14.jar (3.6 MB at 6.1 MB/s)
Downloading from central: https://repo.maven.apache.org/maven2/com/google/errorprone/error_prone_annotations/2.43.0/error_prone_annotations-2.43.0.jar
Progress (1): 0.3/1.1 MBProgress (1): 0.3/1.1 MBProgress (1): 0.3/1.1 MBProgress (1): 0.3/1.1 MBProgress (1): 0.3/1.1 MBProgress (1): 0.3/1.1 MBProgress (1): 0.4/1.1 MBProgress (1): 0.4/1.1 MBProgress (1): 0.4/1.1 MBProgress (1): 0.4/1.1 MBProgress (1): 0.4/1.1 MBProgress (1): 0.4/1.1 MBProgress (1): 0.5/1.1 MBProgress (1): 0.5/1.1 MBProgress (1): 0.5/1.1 MBProgress (2): 0.5/1.1 MB | 7.7/323 kBProgress (2): 0.5/1.1 MB | 16/323 kB Progress (2): 0.5/1.1 MB | 16/323 kBProgress (2): 0.5/1.1 MB | 32/323 kBProgress (2): 0.5/1.1 MB | 32/323 kBProgress (2): 0.5/1.1 MB | 49/323 kBProgress (2): 0.5/1.1 MB | 49/323 kBProgress (2): 0.5/1.1 MB | 65/323 kBProgress (2): 0.5/1.1 MB | 65/323 kBProgress (2): 0.5/1.1 MB | 81/323 kBProgress (2): 0.5/1.1 MB | 98/323 kBProgress (2): 0.5/1.1 MB | 114/323 kBProgress (2): 0.6/1.1 MB | 114/323 kBProgress (2): 0.6/1.1 MB | 131/323 kBProgress (2): 0.6/1.1 MB | 131/323 kBProgress (2): 0.6/1.1 MB | 147/323 kBProgress (2): 0.6/1.1 MB | 147/323 kBProgress (2): 0.6/1.1 MB | 163/323 kBProgress (2): 0.6/1.1 MB | 180/323 kBProgress (2): 0.6/1.1 MB | 196/323 kBProgress (2): 0.6/1.1 MB | 213/323 kBProgress (2): 0.6/1.1 MB | 229/323 kBProgress (2): 0.6/1.1 MB | 229/323 kBProgress (2): 0.6/1.1 MB | 245/323 kBProgress (2): 0.6/1.1 MB | 245/323 kBProgress (2): 0.6/1.1 MB | 262/323 kBProgress (2): 0.6/1.1 MB | 262/323 kBProgress (2): 0.6/1.1 MB | 278/323 kBProgress (2): 0.7/1.1 MB | 278/323 kBProgress (2): 0.7/1.1 MB | 294/323 kBProgress (2): 0.7/1.1 MB | 311/323 kBProgress (2): 0.7/1.1 MB | 323 kB    Progress (2): 0.7/1.1 MB | 323 kBProgress (2): 0.7/1.1 MB | 323 kBProgress (2): 0.7/1.1 MB | 323 kB                                 Downloaded from central: https://repo.maven.apache.org/maven2/org/springframework/spring-expression/7.0.1/spring-expression-7.0.1.jar (323 kB at 543 kB/s)
Downloading from central: https://repo.maven.apache.org/maven2/com/mysql/mysql-connector-j/9.5.0/mysql-connector-j-9.5.0.jar
Progress (1): 0.7/1.1 MBProgress (1): 0.7/1.1 MBProgress (1): 0.8/1.1 MBProgress (1): 0.8/1.1 MBProgress (1): 0.8/1.1 MBProgress (1): 0.8/1.1 MBProgress (1): 0.8/1.1 MBProgress (1): 0.8/1.1 MBProgress (1): 0.9/1.1 MBProgress (1): 0.9/1.1 MBProgress (1): 0.9/1.1 MBProgress (1): 0.9/1.1 MBProgress (1): 0.9/1.1 MBProgress (1): 0.9/1.1 MBProgress (1): 0.9/1.1 MBProgress (2): 0.9/1.1 MB | 0/2.7 MBProgress (2): 0.9/1.1 MB | 0/2.7 MBProgress (2): 1.0/1.1 MB | 0/2.7 MBProgress (2): 1.0/1.1 MB | 0/2.7 MBProgress (2): 1.0/1.1 MB | 0/2.7 MBProgress (2): 1.0/1.1 MB | 0/2.7 MBProgress (2): 1.0/1.1 MB | 0.1/2.7 MBProgress (2): 1.0/1.1 MB | 0.1/2.7 MBProgress (2): 1.0/1.1 MB | 0.1/2.7 MBProgress (2): 1.0/1.1 MB | 0.1/2.7 MBProgress (2): 1.0/1.1 MB | 0.1/2.7 MBProgress (2): 1.0/1.1 MB | 0.1/2.7 MBProgress (2): 1.0/1.1 MB | 0.1/2.7 MBProgress (2): 1.0/1.1 MB | 0.1/2.7 MBProgress (2): 1.0/1.1 MB | 0.1/2.7 MBProgress (2): 1.0/1.1 MB | 0.1/2.7 MBProgress (2): 1.1/1.1 MB | 0.1/2.7 MBProgress (2): 1.1/1.1 MB | 0.2/2.7 MBProgress (2): 1.1/1.1 MB | 0.2/2.7 MBProgress (2): 1.1/1.1 MB | 0.2/2.7 MBProgress (2): 1.1/1.1 MB | 0.2/2.7 MBProgress (2): 1.1/1.1 MB | 0.2/2.7 MBProgress (2): 1.1/1.1 MB | 0.2/2.7 MBProgress (2): 1.1/1.1 MB | 0.2/2.7 MBProgress (2): 1.1 MB | 0.2/2.7 MB    Progress (2): 1.1 MB | 0.2/2.7 MBProgress (2): 1.1 MB | 0.2/2.7 MBProgress (2): 1.1 MB | 0.3/2.7 MB                                 Downloaded from central: https://repo.maven.apache.org/maven2/org/springframework/spring-webmvc/7.0.1/spring-webmvc-7.0.1.jar (1.1 MB at 1.8 MB/s)
Downloading from central: https://repo.maven.apache.org/maven2/org/postgresql/postgresql/42.7.8/postgresql-42.7.8.jar
Progress (1): 0.3/2.7 MBProgress (1): 0.3/2.7 MBProgress (1): 0.3/2.7 MBProgress (1): 0.3/2.7 MBProgress (1): 0.3/2.7 MBProgress (1): 0.4/2.7 MBProgress (1): 0.4/2.7 MBProgress (1): 0.4/2.7 MBProgress (1): 0.4/2.7 MBProgress (1): 0.4/2.7 MBProgress (1): 0.4/2.7 MBProgress (1): 0.4/2.7 MBProgress (1): 0.5/2.7 MBProgress (1): 0.5/2.7 MBProgress (1): 0.5/2.7 MBProgress (1): 0.5/2.7 MBProgress (1): 0.5/2.7 MBProgress (1): 0.5/2.7 MBProgress (1): 0.5/2.7 MBProgress (1): 0.6/2.7 MBProgress (1): 0.6/2.7 MBProgress (2): 0.6/2.7 MB | 7.7/51 kBProgress (2): 0.6/2.7 MB | 16/51 kB Progress (2): 0.6/2.7 MB | 16/51 kBProgress (2): 0.6/2.7 MB | 29/51 kBProgress (2): 0.6/2.7 MB | 29/51 kBProgress (2): 0.6/2.7 MB | 45/51 kBProgress (2): 0.6/2.7 MB | 45/51 kBProgress (2): 0.6/2.7 MB | 51 kB   Progress (2): 0.6/2.7 MB | 51 kBProgress (2): 0.7/2.7 MB | 51 kB                                Downloaded from central: https://repo.maven.apache.org/maven2/javax/cache/cache-api/1.1.1/cache-api-1.1.1.jar (51 kB at 85 kB/s)
Downloading from central: https://repo.maven.apache.org/maven2/org/checkerframework/checker-qual/3.49.5/checker-qual-3.49.5.jar
Progress (1): 0.7/2.7 MBProgress (1): 0.7/2.7 MBProgress (1): 0.7/2.7 MBProgress (1): 0.7/2.7 MBProgress (1): 0.7/2.7 MBProgress (1): 0.7/2.7 MBProgress (1): 0.7/2.7 MBProgress (1): 0.8/2.7 MBProgress (1): 0.8/2.7 MBProgress (1): 0.8/2.7 MBProgress (1): 0.8/2.7 MBProgress (1): 0.8/2.7 MBProgress (1): 0.8/2.7 MBProgress (1): 0.9/2.7 MBProgress (1): 0.9/2.7 MBProgress (1): 0.9/2.7 MBProgress (1): 0.9/2.7 MBProgress (1): 0.9/2.7 MBProgress (1): 0.9/2.7 MBProgress (1): 1.0/2.7 MBProgress (1): 1.0/2.7 MBProgress (1): 1.0/2.7 MBProgress (1): 1.0/2.7 MBProgress (1): 1.0/2.7 MBProgress (1): 1.0/2.7 MBProgress (1): 1.0/2.7 MBProgress (1): 1.1/2.7 MBProgress (1): 1.1/2.7 MBProgress (1): 1.1/2.7 MBProgress (1): 1.1/2.7 MBProgress (1): 1.1/2.7 MBProgress (1): 1.1/2.7 MBProgress (1): 1.2/2.7 MBProgress (1): 1.2/2.7 MBProgress (1): 1.2/2.7 MBProgress (1): 1.2/2.7 MBProgress (1): 1.2/2.7 MBProgress (1): 1.2/2.7 MBProgress (1): 1.3/2.7 MBProgress (2): 1.3/2.7 MB | 3.4/20 kBProgress (2): 1.3/2.7 MB | 3.4/20 kBProgress (2): 1.3/2.7 MB | 3.4/20 kBProgress (2): 1.3/2.7 MB | 20/20 kB Progress (2): 1.3/2.7 MB | 20 kB   Progress (2): 1.3/2.7 MB | 20 kBProgress (2): 1.3/2.7 MB | 20 kBProgress (2): 1.3/2.7 MB | 20 kB                                Downloaded from central: https://repo.maven.apache.org/maven2/com/google/errorprone/error_prone_annotations/2.43.0/error_prone_annotations-2.43.0.jar (20 kB at 33 kB/s)
Progress (1): 1.4/2.7 MB                        Downloading from central: https://repo.maven.apache.org/maven2/org/webjars/webjars-locator-lite/1.1.2/webjars-locator-lite-1.1.2.jar
Progress (1): 1.4/2.7 MBProgress (1): 1.4/2.7 MBProgress (1): 1.4/2.7 MBProgress (1): 1.4/2.7 MBProgress (1): 1.4/2.7 MBProgress (1): 1.5/2.7 MBProgress (1): 1.5/2.7 MBProgress (1): 1.5/2.7 MBProgress (1): 1.5/2.7 MBProgress (1): 1.5/2.7 MBProgress (1): 1.5/2.7 MBProgress (1): 1.6/2.7 MBProgress (1): 1.6/2.7 MBProgress (1): 1.6/2.7 MBProgress (1): 1.6/2.7 MBProgress (1): 1.6/2.7 MBProgress (1): 1.6/2.7 MBProgress (1): 1.6/2.7 MBProgress (1): 1.7/2.7 MBProgress (1): 1.7/2.7 MBProgress (1): 1.7/2.7 MBProgress (1): 1.7/2.7 MBProgress (1): 1.7/2.7 MBProgress (1): 1.7/2.7 MBProgress (1): 1.8/2.7 MBProgress (1): 1.8/2.7 MBProgress (1): 1.8/2.7 MBProgress (1): 1.8/2.7 MBProgress (1): 1.8/2.7 MBProgress (1): 1.8/2.7 MBProgress (1): 1.9/2.7 MBProgress (1): 1.9/2.7 MBProgress (1): 1.9/2.7 MBProgress (1): 1.9/2.7 MBProgress (1): 1.9/2.7 MBProgress (1): 1.9/2.7 MBProgress (1): 1.9/2.7 MBProgress (1): 2.0/2.7 MBProgress (1): 2.0/2.7 MBProgress (1): 2.0/2.7 MBProgress (1): 2.0/2.7 MBProgress (1): 2.0/2.7 MBProgress (1): 2.0/2.7 MBProgress (1): 2.1/2.7 MBProgress (1): 2.1/2.7 MBProgress (1): 2.1/2.7 MBProgress (1): 2.1/2.7 MBProgress (1): 2.1/2.7 MBProgress (1): 2.1/2.7 MBProgress (1): 2.2/2.7 MBProgress (1): 2.2/2.7 MBProgress (1): 2.2/2.7 MBProgress (1): 2.2/2.7 MBProgress (1): 2.2/2.7 MBProgress (1): 2.2/2.7 MBProgress (1): 2.3/2.7 MBProgress (1): 2.3/2.7 MBProgress (1): 2.3/2.7 MBProgress (1): 2.3/2.7 MBProgress (2): 2.3/2.7 MB | 0/1.1 MBProgress (2): 2.3/2.7 MB | 0/1.1 MBProgress (2): 2.3/2.7 MB | 0/1.1 MBProgress (2): 2.3/2.7 MB | 0/1.1 MBProgress (2): 2.3/2.7 MB | 0/1.1 MBProgress (2): 2.4/2.7 MB | 0/1.1 MBProgress (2): 2.4/2.7 MB | 0/1.1 MBProgress (2): 2.4/2.7 MB | 0/1.1 MBProgress (2): 2.4/2.7 MB | 0.1/1.1 MBProgress (2): 2.4/2.7 MB | 0.1/1.1 MBProgress (2): 2.4/2.7 MB | 0.1/1.1 MBProgress (2): 2.4/2.7 MB | 0.1/1.1 MBProgress (2): 2.4/2.7 MB | 0.1/1.1 MBProgress (2): 2.4/2.7 MB | 0.1/1.1 MBProgress (2): 2.4/2.7 MB | 0.1/1.1 MBProgress (2): 2.4/2.7 MB | 0.1/1.1 MBProgress (2): 2.4/2.7 MB | 0.1/1.1 MBProgress (2): 2.4/2.7 MB | 0.1/1.1 MBProgress (2): 2.5/2.7 MB | 0.1/1.1 MBProgress (2): 2.5/2.7 MB | 0.1/1.1 MBProgress (2): 2.5/2.7 MB | 0.1/1.1 MBProgress (2): 2.5/2.7 MB | 0.2/1.1 MBProgress (2): 2.5/2.7 MB | 0.2/1.1 MBProgress (2): 2.5/2.7 MB | 0.2/1.1 MBProgress (2): 2.5/2.7 MB | 0.2/1.1 MBProgress (2): 2.5/2.7 MB | 0.2/1.1 MBProgress (2): 2.5/2.7 MB | 0.2/1.1 MBProgress (3): 2.5/2.7 MB | 0.2/1.1 MB | 0/2.6 MBProgress (3): 2.5/2.7 MB | 0.2/1.1 MB | 0/2.6 MBProgress (3): 2.5/2.7 MB | 0.2/1.1 MB | 0/2.6 MBProgress (3): 2.5/2.7 MB | 0.2/1.1 MB | 0/2.6 MBProgress (3): 2.6/2.7 MB | 0.2/1.1 MB | 0/2.6 MBProgress (3): 2.6/2.7 MB | 0.2/1.1 MB | 0/2.6 MBProgress (3): 2.6/2.7 MB | 0.2/1.1 MB | 0/2.6 MBProgress (3): 2.6/2.7 MB | 0.2/1.1 MB | 0/2.6 MBProgress (3): 2.6/2.7 MB | 0.2/1.1 MB | 0/2.6 MBProgress (3): 2.6/2.7 MB | 0.2/1.1 MB | 0/2.6 MBProgress (3): 2.6/2.7 MB | 0.2/1.1 MB | 0/2.6 MBProgress (3): 2.6/2.7 MB | 0.2/1.1 MB | 0/2.6 MBProgress (3): 2.6/2.7 MB | 0.2/1.1 MB | 0.1/2.6 MBProgress (3): 2.6/2.7 MB | 0.2/1.1 MB | 0.1/2.6 MBProgress (3): 2.6/2.7 MB | 0.2/1.1 MB | 0.1/2.6 MBProgress (3): 2.6/2.7 MB | 0.2/1.1 MB | 0.1/2.6 MBProgress (3): 2.6/2.7 MB | 0.2/1.1 MB | 0.1/2.6 MBProgress (3): 2.6/2.7 MB | 0.2/1.1 MB | 0.1/2.6 MBProgress (3): 2.7/2.7 MB | 0.2/1.1 MB | 0.1/2.6 MBProgress (3): 2.7/2.7 MB | 0.2/1.1 MB | 0.1/2.6 MBProgress (3): 2.7/2.7 MB | 0.2/1.1 MB | 0.1/2.6 MBProgress (3): 2.7/2.7 MB | 0.3/1.1 MB | 0.1/2.6 MBProgress (3): 2.7/2.7 MB | 0.3/1.1 MB | 0.1/2.6 MBProgress (3): 2.7 MB | 0.3/1.1 MB | 0.1/2.6 MB    Progress (3): 2.7 MB | 0.3/1.1 MB | 0.1/2.6 MBProgress (3): 2.7 MB | 0.3/1.1 MB | 0.1/2.6 MBProgress (3): 2.7 MB | 0.3/1.1 MB | 0.1/2.6 MBProgress (3): 2.7 MB | 0.3/1.1 MB | 0.2/2.6 MBProgress (3): 2.7 MB | 0.3/1.1 MB | 0.2/2.6 MBProgress (3): 2.7 MB | 0.3/1.1 MB | 0.2/2.6 MBProgress (3): 2.7 MB | 0.3/1.1 MB | 0.2/2.6 MB                                              Downloaded from central: https://repo.maven.apache.org/maven2/com/h2database/h2/2.4.240/h2-2.4.240.jar (2.7 MB at 4.3 MB/s)
Downloading from central: https://repo.maven.apache.org/maven2/org/webjars/npm/bootstrap/5.3.8/bootstrap-5.3.8.jar
Progress (2): 0.3/1.1 MB | 0.2/2.6 MBProgress (2): 0.3/1.1 MB | 0.2/2.6 MBProgress (2): 0.3/1.1 MB | 0.2/2.6 MBProgress (2): 0.3/1.1 MB | 0.2/2.6 MBProgress (2): 0.3/1.1 MB | 0.2/2.6 MBProgress (2): 0.3/1.1 MB | 0.2/2.6 MBProgress (2): 0.4/1.1 MB | 0.2/2.6 MBProgress (2): 0.4/1.1 MB | 0.3/2.6 MBProgress (2): 0.4/1.1 MB | 0.3/2.6 MBProgress (2): 0.4/1.1 MB | 0.3/2.6 MBProgress (2): 0.4/1.1 MB | 0.3/2.6 MBProgress (2): 0.4/1.1 MB | 0.3/2.6 MBProgress (2): 0.4/1.1 MB | 0.3/2.6 MBProgress (2): 0.4/1.1 MB | 0.3/2.6 MBProgress (2): 0.4/1.1 MB | 0.3/2.6 MBProgress (2): 0.4/1.1 MB | 0.3/2.6 MBProgress (2): 0.4/1.1 MB | 0.4/2.6 MBProgress (2): 0.4/1.1 MB | 0.4/2.6 MBProgress (2): 0.4/1.1 MB | 0.4/2.6 MBProgress (2): 0.4/1.1 MB | 0.4/2.6 MBProgress (2): 0.4/1.1 MB | 0.4/2.6 MBProgress (2): 0.4/1.1 MB | 0.4/2.6 MBProgress (2): 0.4/1.1 MB | 0.4/2.6 MBProgress (2): 0.5/1.1 MB | 0.4/2.6 MBProgress (2): 0.5/1.1 MB | 0.4/2.6 MBProgress (2): 0.5/1.1 MB | 0.4/2.6 MBProgress (2): 0.5/1.1 MB | 0.5/2.6 MBProgress (2): 0.5/1.1 MB | 0.5/2.6 MBProgress (2): 0.5/1.1 MB | 0.5/2.6 MBProgress (2): 0.5/1.1 MB | 0.5/2.6 MBProgress (2): 0.5/1.1 MB | 0.5/2.6 MBProgress (2): 0.5/1.1 MB | 0.5/2.6 MBProgress (2): 0.5/1.1 MB | 0.5/2.6 MBProgress (2): 0.5/1.1 MB | 0.5/2.6 MBProgress (2): 0.5/1.1 MB | 0.5/2.6 MBProgress (2): 0.6/1.1 MB | 0.5/2.6 MBProgress (2): 0.6/1.1 MB | 0.5/2.6 MBProgress (2): 0.6/1.1 MB | 0.5/2.6 MBProgress (2): 0.6/1.1 MB | 0.5/2.6 MBProgress (2): 0.6/1.1 MB | 0.6/2.6 MBProgress (2): 0.6/1.1 MB | 0.6/2.6 MBProgress (2): 0.6/1.1 MB | 0.6/2.6 MBProgress (2): 0.6/1.1 MB | 0.6/2.6 MBProgress (2): 0.6/1.1 MB | 0.6/2.6 MBProgress (2): 0.6/1.1 MB | 0.6/2.6 MBProgress (2): 0.6/1.1 MB | 0.6/2.6 MBProgress (2): 0.7/1.1 MB | 0.6/2.6 MBProgress (2): 0.7/1.1 MB | 0.6/2.6 MBProgress (2): 0.7/1.1 MB | 0.6/2.6 MBProgress (2): 0.7/1.1 MB | 0.6/2.6 MBProgress (2): 0.7/1.1 MB | 0.7/2.6 MBProgress (2): 0.7/1.1 MB | 0.7/2.6 MBProgress (2): 0.7/1.1 MB | 0.7/2.6 MBProgress (2): 0.7/1.1 MB | 0.7/2.6 MBProgress (2): 0.7/1.1 MB | 0.7/2.6 MBProgress (2): 0.7/1.1 MB | 0.7/2.6 MBProgress (2): 0.7/1.1 MB | 0.7/2.6 MBProgress (3): 0.7/1.1 MB | 0.7/2.6 MB | 7.7/8.6 kBProgress (3): 0.7/1.1 MB | 0.7/2.6 MB | 7.7/8.6 kBProgress (3): 0.7/1.1 MB | 0.7/2.6 MB | 8.6 kB    Progress (3): 0.7/1.1 MB | 0.7/2.6 MB | 8.6 kBProgress (3): 0.8/1.1 MB | 0.7/2.6 MB | 8.6 kBProgress (3): 0.8/1.1 MB | 0.7/2.6 MB | 8.6 kBProgress (3): 0.8/1.1 MB | 0.7/2.6 MB | 8.6 kB                                              Downloaded from central: https://repo.maven.apache.org/maven2/org/webjars/webjars-locator-lite/1.1.2/webjars-locator-lite-1.1.2.jar (8.6 kB at 14 kB/s)
Progress (2): 0.8/1.1 MB | 0.8/2.6 MBProgress (2): 0.8/1.1 MB | 0.8/2.6 MB                                     Downloading from central: https://repo.maven.apache.org/maven2/org/webjars/npm/font-awesome/4.7.0/font-awesome-4.7.0.jar
Progress (2): 0.8/1.1 MB | 0.8/2.6 MBProgress (2): 0.8/1.1 MB | 0.8/2.6 MBProgress (2): 0.8/1.1 MB | 0.8/2.6 MBProgress (2): 0.8/1.1 MB | 0.8/2.6 MBProgress (2): 0.8/1.1 MB | 0.8/2.6 MBProgress (2): 0.8/1.1 MB | 0.8/2.6 MBProgress (2): 0.9/1.1 MB | 0.8/2.6 MBProgress (2): 0.9/1.1 MB | 0.8/2.6 MBProgress (2): 0.9/1.1 MB | 0.8/2.6 MBProgress (2): 0.9/1.1 MB | 0.8/2.6 MBProgress (2): 0.9/1.1 MB | 0.8/2.6 MBProgress (2): 0.9/1.1 MB | 0.8/2.6 MBProgress (2): 0.9/1.1 MB | 0.8/2.6 MBProgress (3): 0.9/1.1 MB | 0.8/2.6 MB | 7.7/238 kBProgress (3): 1.0/1.1 MB | 0.8/2.6 MB | 7.7/238 kBProgress (3): 1.0/1.1 MB | 0.8/2.6 MB | 7.7/238 kBProgress (3): 1.0/1.1 MB | 0.8/2.6 MB | 12/238 kB Progress (3): 1.0/1.1 MB | 0.8/2.6 MB | 12/238 kBProgress (3): 1.0/1.1 MB | 0.9/2.6 MB | 12/238 kBProgress (3): 1.0/1.1 MB | 0.9/2.6 MB | 28/238 kBProgress (3): 1.0/1.1 MB | 0.9/2.6 MB | 28/238 kBProgress (3): 1.0/1.1 MB | 0.9/2.6 MB | 28/238 kBProgress (3): 1.0/1.1 MB | 0.9/2.6 MB | 44/238 kBProgress (3): 1.0/1.1 MB | 0.9/2.6 MB | 44/238 kBProgress (3): 1.0/1.1 MB | 0.9/2.6 MB | 44/238 kBProgress (3): 1.0/1.1 MB | 0.9/2.6 MB | 44/238 kBProgress (3): 1.0/1.1 MB | 0.9/2.6 MB | 44/238 kBProgress (3): 1.0/1.1 MB | 0.9/2.6 MB | 61/238 kBProgress (3): 1.0/1.1 MB | 0.9/2.6 MB | 61/238 kBProgress (3): 1.0/1.1 MB | 0.9/2.6 MB | 61/238 kBProgress (3): 1.0/1.1 MB | 0.9/2.6 MB | 61/238 kBProgress (3): 1.0/1.1 MB | 0.9/2.6 MB | 77/238 kBProgress (3): 1.0/1.1 MB | 0.9/2.6 MB | 77/238 kBProgress (3): 1.0/1.1 MB | 0.9/2.6 MB | 77/238 kBProgress (3): 1.0/1.1 MB | 0.9/2.6 MB | 94/238 kBProgress (3): 1.1/1.1 MB | 0.9/2.6 MB | 94/238 kBProgress (3): 1.1/1.1 MB | 1.0/2.6 MB | 94/238 kBProgress (3): 1.1/1.1 MB | 1.0/2.6 MB | 94/238 kBProgress (3): 1.1/1.1 MB | 1.0/2.6 MB | 110/238 kBProgress (3): 1.1/1.1 MB | 1.0/2.6 MB | 110/238 kBProgress (3): 1.1/1.1 MB | 1.0/2.6 MB | 110/238 kBProgress (3): 1.1/1.1 MB | 1.0/2.6 MB | 110/238 kBProgress (3): 1.1/1.1 MB | 1.0/2.6 MB | 126/238 kBProgress (3): 1.1/1.1 MB | 1.0/2.6 MB | 126/238 kBProgress (3): 1.1 MB | 1.0/2.6 MB | 126/238 kB    Progress (3): 1.1 MB | 1.0/2.6 MB | 126/238 kBProgress (3): 1.1 MB | 1.0/2.6 MB | 143/238 kBProgress (3): 1.1 MB | 1.0/2.6 MB | 143/238 kBProgress (3): 1.1 MB | 1.0/2.6 MB | 159/238 kBProgress (3): 1.1 MB | 1.0/2.6 MB | 159/238 kB                                              Downloaded from central: https://repo.maven.apache.org/maven2/org/postgresql/postgresql/42.7.8/postgresql-42.7.8.jar (1.1 MB at 1.7 MB/s)
Progress (2): 1.1/2.6 MB | 159/238 kB                                     Downloading from central: https://repo.maven.apache.org/maven2/org/springframework/boot/spring-boot-devtools/4.0.0/spring-boot-devtools-4.0.0.jar
Progress (2): 1.1/2.6 MB | 159/238 kBProgress (2): 1.1/2.6 MB | 175/238 kBProgress (2): 1.1/2.6 MB | 175/238 kBProgress (2): 1.1/2.6 MB | 192/238 kBProgress (2): 1.1/2.6 MB | 192/238 kBProgress (2): 1.1/2.6 MB | 208/238 kBProgress (2): 1.1/2.6 MB | 208/238 kBProgress (2): 1.1/2.6 MB | 225/238 kBProgress (2): 1.1/2.6 MB | 225/238 kBProgress (2): 1.1/2.6 MB | 233/238 kBProgress (2): 1.1/2.6 MB | 238 kB    Progress (2): 1.2/2.6 MB | 238 kBProgress (2): 1.2/2.6 MB | 238 kBProgress (2): 1.2/2.6 MB | 238 kBProgress (2): 1.2/2.6 MB | 238 kBProgress (2): 1.2/2.6 MB | 238 kB                                 Downloaded from central: https://repo.maven.apache.org/maven2/org/checkerframework/checker-qual/3.49.5/checker-qual-3.49.5.jar (238 kB at 371 kB/s)
Downloading from central: https://repo.maven.apache.org/maven2/org/springframework/boot/spring-boot/4.0.0/spring-boot-4.0.0.jar
Progress (1): 1.2/2.6 MBProgress (1): 1.3/2.6 MBProgress (1): 1.3/2.6 MBProgress (1): 1.3/2.6 MBProgress (1): 1.3/2.6 MBProgress (1): 1.3/2.6 MBProgress (1): 1.3/2.6 MBProgress (1): 1.4/2.6 MBProgress (1): 1.4/2.6 MBProgress (1): 1.4/2.6 MBProgress (1): 1.4/2.6 MBProgress (1): 1.4/2.6 MBProgress (1): 1.4/2.6 MBProgress (1): 1.5/2.6 MBProgress (1): 1.5/2.6 MBProgress (1): 1.5/2.6 MBProgress (1): 1.5/2.6 MBProgress (1): 1.5/2.6 MBProgress (1): 1.5/2.6 MBProgress (1): 1.6/2.6 MBProgress (1): 1.6/2.6 MBProgress (1): 1.6/2.6 MBProgress (1): 1.6/2.6 MBProgress (1): 1.6/2.6 MBProgress (1): 1.6/2.6 MBProgress (1): 1.7/2.6 MBProgress (1): 1.7/2.6 MBProgress (1): 1.7/2.6 MBProgress (1): 1.7/2.6 MBProgress (1): 1.7/2.6 MBProgress (1): 1.7/2.6 MBProgress (1): 1.8/2.6 MBProgress (1): 1.8/2.6 MBProgress (1): 1.8/2.6 MBProgress (1): 1.8/2.6 MBProgress (1): 1.8/2.6 MBProgress (1): 1.8/2.6 MBProgress (1): 1.9/2.6 MBProgress (1): 1.9/2.6 MBProgress (1): 1.9/2.6 MBProgress (1): 1.9/2.6 MBProgress (1): 1.9/2.6 MBProgress (1): 1.9/2.6 MBProgress (1): 1.9/2.6 MBProgress (1): 2.0/2.6 MBProgress (1): 2.0/2.6 MBProgress (1): 2.0/2.6 MBProgress (1): 2.0/2.6 MBProgress (1): 2.0/2.6 MBProgress (1): 2.0/2.6 MBProgress (1): 2.1/2.6 MBProgress (1): 2.1/2.6 MBProgress (1): 2.1/2.6 MBProgress (1): 2.1/2.6 MBProgress (1): 2.1/2.6 MBProgress (1): 2.1/2.6 MBProgress (1): 2.2/2.6 MBProgress (1): 2.2/2.6 MBProgress (1): 2.2/2.6 MBProgress (1): 2.2/2.6 MBProgress (1): 2.2/2.6 MBProgress (1): 2.2/2.6 MBProgress (1): 2.3/2.6 MBProgress (1): 2.3/2.6 MBProgress (1): 2.3/2.6 MBProgress (1): 2.3/2.6 MBProgress (1): 2.3/2.6 MBProgress (1): 2.3/2.6 MBProgress (1): 2.4/2.6 MBProgress (1): 2.4/2.6 MBProgress (1): 2.4/2.6 MBProgress (1): 2.4/2.6 MBProgress (1): 2.4/2.6 MBProgress (1): 2.4/2.6 MBProgress (1): 2.5/2.6 MBProgress (1): 2.5/2.6 MBProgress (1): 2.5/2.6 MBProgress (1): 2.5/2.6 MBProgress (1): 2.5/2.6 MBProgress (1): 2.5/2.6 MBProgress (1): 2.6/2.6 MBProgress (2): 2.6/2.6 MB | 0/1.8 MBProgress (2): 2.6/2.6 MB | 0/1.8 MBProgress (2): 2.6/2.6 MB | 0/1.8 MBProgress (2): 2.6/2.6 MB | 0/1.8 MBProgress (2): 2.6/2.6 MB | 0/1.8 MBProgress (2): 2.6/2.6 MB | 0/1.8 MBProgress (2): 2.6 MB | 0/1.8 MB    Progress (2): 2.6 MB | 0.1/1.8 MBProgress (2): 2.6 MB | 0.1/1.8 MBProgress (2): 2.6 MB | 0.1/1.8 MBProgress (2): 2.6 MB | 0.1/1.8 MBProgress (2): 2.6 MB | 0.1/1.8 MBProgress (2): 2.6 MB | 0.1/1.8 MB                                 Downloaded from central: https://repo.maven.apache.org/maven2/com/mysql/mysql-connector-j/9.5.0/mysql-connector-j-9.5.0.jar (2.6 MB at 3.9 MB/s)
Progress (1): 0.2/1.8 MB                        Downloading from central: https://repo.maven.apache.org/maven2/org/springframework/spring-core/7.0.1/spring-core-7.0.1.jar
Progress (1): 0.2/1.8 MBProgress (1): 0.2/1.8 MBProgress (2): 0.2/1.8 MB | 7.7/681 kBProgress (2): 0.2/1.8 MB | 12/681 kB Progress (2): 0.2/1.8 MB | 12/681 kBProgress (2): 0.2/1.8 MB | 12/681 kBProgress (2): 0.2/1.8 MB | 28/681 kBProgress (2): 0.2/1.8 MB | 28/681 kBProgress (2): 0.2/1.8 MB | 44/681 kBProgress (2): 0.3/1.8 MB | 44/681 kBProgress (2): 0.3/1.8 MB | 61/681 kBProgress (2): 0.3/1.8 MB | 66/681 kBProgress (2): 0.3/1.8 MB | 66/681 kBProgress (2): 0.3/1.8 MB | 82/681 kBProgress (2): 0.3/1.8 MB | 82/681 kBProgress (3): 0.3/1.8 MB | 82/681 kB | 7.7/213 kBProgress (3): 0.3/1.8 MB | 82/681 kB | 16/213 kB Progress (3): 0.3/1.8 MB | 98/681 kB | 16/213 kBProgress (3): 0.3/1.8 MB | 98/681 kB | 16/213 kBProgress (3): 0.3/1.8 MB | 98/681 kB | 32/213 kBProgress (3): 0.3/1.8 MB | 115/681 kB | 32/213 kBProgress (3): 0.3/1.8 MB | 115/681 kB | 32/213 kBProgress (3): 0.3/1.8 MB | 131/681 kB | 32/213 kBProgress (3): 0.3/1.8 MB | 131/681 kB | 49/213 kBProgress (3): 0.3/1.8 MB | 131/681 kB | 49/213 kBProgress (3): 0.3/1.8 MB | 147/681 kB | 49/213 kBProgress (3): 0.3/1.8 MB | 147/681 kB | 65/213 kBProgress (3): 0.4/1.8 MB | 147/681 kB | 65/213 kBProgress (3): 0.4/1.8 MB | 164/681 kB | 65/213 kBProgress (3): 0.4/1.8 MB | 164/681 kB | 81/213 kBProgress (3): 0.4/1.8 MB | 180/681 kB | 81/213 kBProgress (3): 0.4/1.8 MB | 180/681 kB | 81/213 kBProgress (3): 0.4/1.8 MB | 180/681 kB | 98/213 kBProgress (3): 0.4/1.8 MB | 197/681 kB | 98/213 kBProgress (3): 0.4/1.8 MB | 197/681 kB | 114/213 kBProgress (3): 0.4/1.8 MB | 197/681 kB | 114/213 kBProgress (3): 0.4/1.8 MB | 213/681 kB | 114/213 kBProgress (3): 0.4/1.8 MB | 213/681 kB | 131/213 kBProgress (3): 0.4/1.8 MB | 213/681 kB | 131/213 kBProgress (3): 0.4/1.8 MB | 229/681 kB | 131/213 kBProgress (3): 0.4/1.8 MB | 229/681 kB | 147/213 kBProgress (3): 0.4/1.8 MB | 229/681 kB | 147/213 kBProgress (3): 0.4/1.8 MB | 246/681 kB | 147/213 kBProgress (3): 0.4/1.8 MB | 246/681 kB | 147/213 kBProgress (3): 0.4/1.8 MB | 246/681 kB | 163/213 kBProgress (3): 0.4/1.8 MB | 262/681 kB | 163/213 kBProgress (3): 0.5/1.8 MB | 262/681 kB | 163/213 kBProgress (3): 0.5/1.8 MB | 262/681 kB | 180/213 kBProgress (3): 0.5/1.8 MB | 279/681 kB | 180/213 kBProgress (3): 0.5/1.8 MB | 279/681 kB | 180/213 kBProgress (3): 0.5/1.8 MB | 279/681 kB | 196/213 kBProgress (3): 0.5/1.8 MB | 279/681 kB | 196/213 kBProgress (3): 0.5/1.8 MB | 295/681 kB | 196/213 kBProgress (3): 0.5/1.8 MB | 295/681 kB | 213/213 kBProgress (3): 0.5/1.8 MB | 295/681 kB | 213 kB    Progress (3): 0.5/1.8 MB | 295/681 kB | 213 kBProgress (3): 0.5/1.8 MB | 311/681 kB | 213 kBProgress (3): 0.5/1.8 MB | 311/681 kB | 213 kBProgress (3): 0.5/1.8 MB | 328/681 kB | 213 kBProgress (3): 0.5/1.8 MB | 328/681 kB | 213 kBProgress (3): 0.5/1.8 MB | 344/681 kB | 213 kBProgress (3): 0.6/1.8 MB | 344/681 kB | 213 kBProgress (3): 0.6/1.8 MB | 360/681 kB | 213 kBProgress (3): 0.6/1.8 MB | 360/681 kB | 213 kB                                              Downloaded from central: https://repo.maven.apache.org/maven2/org/springframework/boot/spring-boot-devtools/4.0.0/spring-boot-devtools-4.0.0.jar (213 kB at 319 kB/s)
Downloading from central: https://repo.maven.apache.org/maven2/commons-logging/commons-logging/1.3.5/commons-logging-1.3.5.jar
Progress (2): 0.6/1.8 MB | 360/681 kBProgress (2): 0.6/1.8 MB | 377/681 kBProgress (2): 0.6/1.8 MB | 377/681 kBProgress (2): 0.6/1.8 MB | 393/681 kBProgress (2): 0.6/1.8 MB | 393/681 kBProgress (2): 0.6/1.8 MB | 410/681 kBProgress (2): 0.6/1.8 MB | 410/681 kBProgress (2): 0.6/1.8 MB | 426/681 kBProgress (2): 0.7/1.8 MB | 426/681 kBProgress (2): 0.7/1.8 MB | 442/681 kBProgress (2): 0.7/1.8 MB | 459/681 kBProgress (2): 0.7/1.8 MB | 459/681 kBProgress (2): 0.7/1.8 MB | 459/681 kBProgress (2): 0.7/1.8 MB | 475/681 kBProgress (2): 0.7/1.8 MB | 475/681 kBProgress (2): 0.7/1.8 MB | 492/681 kBProgress (2): 0.7/1.8 MB | 492/681 kBProgress (2): 0.7/1.8 MB | 508/681 kBProgress (2): 0.7/1.8 MB | 508/681 kBProgress (2): 0.7/1.8 MB | 524/681 kBProgress (2): 0.8/1.8 MB | 524/681 kBProgress (2): 0.8/1.8 MB | 541/681 kBProgress (2): 0.8/1.8 MB | 541/681 kBProgress (2): 0.8/1.8 MB | 557/681 kBProgress (2): 0.8/1.8 MB | 557/681 kBProgress (2): 0.8/1.8 MB | 573/681 kBProgress (2): 0.8/1.8 MB | 573/681 kBProgress (2): 0.8/1.8 MB | 590/681 kBProgress (2): 0.8/1.8 MB | 590/681 kBProgress (2): 0.8/1.8 MB | 606/681 kBProgress (2): 0.8/1.8 MB | 606/681 kBProgress (2): 0.8/1.8 MB | 623/681 kBProgress (2): 0.9/1.8 MB | 623/681 kBProgress (2): 0.9/1.8 MB | 639/681 kBProgress (2): 0.9/1.8 MB | 639/681 kBProgress (2): 0.9/1.8 MB | 655/681 kBProgress (2): 0.9/1.8 MB | 655/681 kBProgress (2): 0.9/1.8 MB | 672/681 kBProgress (2): 0.9/1.8 MB | 672/681 kBProgress (2): 0.9/1.8 MB | 681 kB    Progress (2): 0.9/1.8 MB | 681 kBProgress (2): 0.9/1.8 MB | 681 kBProgress (2): 0.9/1.8 MB | 681 kBProgress (2): 1.0/1.8 MB | 681 kB                                 Downloaded from central: https://repo.maven.apache.org/maven2/org/webjars/npm/font-awesome/4.7.0/font-awesome-4.7.0.jar (681 kB at 1.0 MB/s)
Progress (2): 1.0/1.8 MB | 0/1.4 MB                                   Downloading from central: https://repo.maven.apache.org/maven2/org/springframework/spring-context/7.0.1/spring-context-7.0.1.jar
Progress (2): 1.0/1.8 MB | 0/1.4 MBProgress (2): 1.0/1.8 MB | 0/1.4 MBProgress (2): 1.0/1.8 MB | 0/1.4 MBProgress (2): 1.0/1.8 MB | 0/1.4 MBProgress (2): 1.0/1.8 MB | 0/1.4 MBProgress (2): 1.0/1.8 MB | 0/1.4 MBProgress (2): 1.0/1.8 MB | 0/1.4 MBProgress (2): 1.0/1.8 MB | 0/1.4 MBProgress (2): 1.0/1.8 MB | 0.1/1.4 MBProgress (2): 1.1/1.8 MB | 0.1/1.4 MBProgress (2): 1.1/1.8 MB | 0.1/1.4 MBProgress (2): 1.1/1.8 MB | 0.1/1.4 MBProgress (2): 1.1/1.8 MB | 0.1/1.4 MBProgress (2): 1.1/1.8 MB | 0.1/1.4 MBProgress (2): 1.1/1.8 MB | 0.1/1.4 MBProgress (2): 1.1/1.8 MB | 0.1/1.4 MBProgress (2): 1.1/1.8 MB | 0.1/1.4 MBProgress (2): 1.1/1.8 MB | 0.1/1.4 MBProgress (2): 1.1/1.8 MB | 0.1/1.4 MBProgress (2): 1.1/1.8 MB | 0.1/1.4 MBProgress (2): 1.2/1.8 MB | 0.1/1.4 MBProgress (2): 1.2/1.8 MB | 0.1/1.4 MBProgress (2): 1.2/1.8 MB | 0.1/1.4 MBProgress (2): 1.2/1.8 MB | 0.1/1.4 MBProgress (2): 1.2/1.8 MB | 0.1/1.4 MBProgress (2): 1.2/1.8 MB | 0.1/1.4 MBProgress (2): 1.2/1.8 MB | 0.1/1.4 MBProgress (2): 1.3/1.8 MB | 0.1/1.4 MBProgress (2): 1.3/1.8 MB | 0.2/1.4 MBProgress (2): 1.3/1.8 MB | 0.2/1.4 MBProgress (2): 1.3/1.8 MB | 0.2/1.4 MBProgress (2): 1.3/1.8 MB | 0.2/1.4 MBProgress (2): 1.3/1.8 MB | 0.2/1.4 MBProgress (2): 1.3/1.8 MB | 0.2/1.4 MBProgress (2): 1.3/1.8 MB | 0.2/1.4 MBProgress (2): 1.3/1.8 MB | 0.2/1.4 MBProgress (2): 1.3/1.8 MB | 0.2/1.4 MBProgress (2): 1.4/1.8 MB | 0.2/1.4 MBProgress (2): 1.4/1.8 MB | 0.2/1.4 MBProgress (2): 1.4/1.8 MB | 0.2/1.4 MBProgress (2): 1.4/1.8 MB | 0.2/1.4 MBProgress (2): 1.4/1.8 MB | 0.2/1.4 MBProgress (2): 1.4/1.8 MB | 0.2/1.4 MBProgress (2): 1.4/1.8 MB | 0.3/1.4 MBProgress (2): 1.4/1.8 MB | 0.3/1.4 MBProgress (2): 1.4/1.8 MB | 0.3/1.4 MBProgress (2): 1.4/1.8 MB | 0.3/1.4 MBProgress (2): 1.5/1.8 MB | 0.3/1.4 MBProgress (2): 1.5/1.8 MB | 0.3/1.4 MBProgress (2): 1.5/1.8 MB | 0.3/1.4 MBProgress (2): 1.5/1.8 MB | 0.3/1.4 MBProgress (2): 1.5/1.8 MB | 0.3/1.4 MBProgress (2): 1.5/1.8 MB | 0.3/1.4 MBProgress (2): 1.5/1.8 MB | 0.3/1.4 MBProgress (2): 1.5/1.8 MB | 0.3/1.4 MBProgress (2): 1.5/1.8 MB | 0.3/1.4 MBProgress (2): 1.6/1.8 MB | 0.3/1.4 MBProgress (2): 1.6/1.8 MB | 0.3/1.4 MBProgress (2): 1.6/1.8 MB | 0.3/1.4 MBProgress (2): 1.6/1.8 MB | 0.3/1.4 MBProgress (2): 1.6/1.8 MB | 0.3/1.4 MBProgress (2): 1.6/1.8 MB | 0.3/1.4 MBProgress (2): 1.6/1.8 MB | 0.3/1.4 MBProgress (2): 1.6/1.8 MB | 0.4/1.4 MBProgress (2): 1.7/1.8 MB | 0.4/1.4 MBProgress (2): 1.7/1.8 MB | 0.4/1.4 MBProgress (2): 1.7/1.8 MB | 0.4/1.4 MBProgress (2): 1.7/1.8 MB | 0.4/1.4 MBProgress (2): 1.7/1.8 MB | 0.4/1.4 MBProgress (2): 1.7/1.8 MB | 0.4/1.4 MBProgress (2): 1.7/1.8 MB | 0.4/1.4 MBProgress (2): 1.7/1.8 MB | 0.4/1.4 MBProgress (2): 1.8/1.8 MB | 0.4/1.4 MBProgress (2): 1.8/1.8 MB | 0.4/1.4 MBProgress (2): 1.8/1.8 MB | 0.4/1.4 MBProgress (2): 1.8/1.8 MB | 0.4/1.4 MBProgress (2): 1.8/1.8 MB | 0.4/1.4 MBProgress (2): 1.8/1.8 MB | 0.4/1.4 MBProgress (2): 1.8/1.8 MB | 0.4/1.4 MBProgress (2): 1.8/1.8 MB | 0.4/1.4 MBProgress (2): 1.8 MB | 0.4/1.4 MB    Progress (2): 1.8 MB | 0.4/1.4 MBProgress (2): 1.8 MB | 0.5/1.4 MBProgress (2): 1.8 MB | 0.5/1.4 MB                                 Downloaded from central: https://repo.maven.apache.org/maven2/org/webjars/npm/bootstrap/5.3.8/bootstrap-5.3.8.jar (1.8 MB at 2.7 MB/s)
Downloading from central: https://repo.maven.apache.org/maven2/org/springframework/boot/spring-boot-autoconfigure/4.0.0/spring-boot-autoconfigure-4.0.0.jar
Progress (1): 0.5/1.4 MBProgress (1): 0.5/1.4 MBProgress (1): 0.5/1.4 MBProgress (1): 0.5/1.4 MBProgress (1): 0.6/1.4 MBProgress (1): 0.6/1.4 MBProgress (1): 0.6/1.4 MBProgress (1): 0.6/1.4 MBProgress (1): 0.6/1.4 MBProgress (1): 0.6/1.4 MBProgress (1): 0.7/1.4 MBProgress (1): 0.7/1.4 MBProgress (1): 0.7/1.4 MBProgress (1): 0.7/1.4 MBProgress (1): 0.7/1.4 MBProgress (1): 0.7/1.4 MBProgress (1): 0.7/1.4 MBProgress (1): 0.8/1.4 MBProgress (1): 0.8/1.4 MBProgress (1): 0.8/1.4 MBProgress (1): 0.8/1.4 MBProgress (1): 0.8/1.4 MBProgress (1): 0.8/1.4 MBProgress (1): 0.9/1.4 MBProgress (1): 0.9/1.4 MBProgress (1): 0.9/1.4 MBProgress (1): 0.9/1.4 MBProgress (1): 0.9/1.4 MBProgress (1): 0.9/1.4 MBProgress (2): 0.9/1.4 MB | 0/2.0 MBProgress (2): 0.9/1.4 MB | 0/2.0 MBProgress (2): 0.9/1.4 MB | 0/2.0 MBProgress (2): 1.0/1.4 MB | 0/2.0 MBProgress (2): 1.0/1.4 MB | 0/2.0 MBProgress (2): 1.0/1.4 MB | 0/2.0 MBProgress (2): 1.0/1.4 MB | 0.1/2.0 MBProgress (2): 1.0/1.4 MB | 0.1/2.0 MBProgress (2): 1.0/1.4 MB | 0.1/2.0 MBProgress (2): 1.0/1.4 MB | 0.1/2.0 MBProgress (2): 1.0/1.4 MB | 0.1/2.0 MBProgress (2): 1.0/1.4 MB | 0.1/2.0 MBProgress (2): 1.0/1.4 MB | 0.1/2.0 MBProgress (2): 1.0/1.4 MB | 0.1/2.0 MBProgress (2): 1.0/1.4 MB | 0.1/2.0 MBProgress (2): 1.0/1.4 MB | 0.1/2.0 MBProgress (2): 1.0/1.4 MB | 0.2/2.0 MBProgress (2): 1.1/1.4 MB | 0.2/2.0 MBProgress (2): 1.1/1.4 MB | 0.2/2.0 MBProgress (2): 1.1/1.4 MB | 0.2/2.0 MBProgress (2): 1.1/1.4 MB | 0.2/2.0 MBProgress (2): 1.1/1.4 MB | 0.2/2.0 MBProgress (2): 1.1/1.4 MB | 0.2/2.0 MBProgress (2): 1.1/1.4 MB | 0.2/2.0 MBProgress (2): 1.1/1.4 MB | 0.2/2.0 MBProgress (2): 1.1/1.4 MB | 0.2/2.0 MBProgress (2): 1.1/1.4 MB | 0.3/2.0 MBProgress (2): 1.1/1.4 MB | 0.3/2.0 MBProgress (2): 1.1/1.4 MB | 0.3/2.0 MBProgress (2): 1.1/1.4 MB | 0.3/2.0 MBProgress (2): 1.1/1.4 MB | 0.3/2.0 MBProgress (2): 1.1/1.4 MB | 0.3/2.0 MBProgress (2): 1.1/1.4 MB | 0.3/2.0 MBProgress (2): 1.1/1.4 MB | 0.3/2.0 MBProgress (2): 1.2/1.4 MB | 0.3/2.0 MBProgress (2): 1.2/1.4 MB | 0.3/2.0 MBProgress (2): 1.2/1.4 MB | 0.4/2.0 MBProgress (2): 1.2/1.4 MB | 0.4/2.0 MBProgress (2): 1.2/1.4 MB | 0.4/2.0 MBProgress (2): 1.2/1.4 MB | 0.4/2.0 MBProgress (2): 1.2/1.4 MB | 0.4/2.0 MBProgress (2): 1.2/1.4 MB | 0.4/2.0 MBProgress (2): 1.2/1.4 MB | 0.4/2.0 MBProgress (2): 1.2/1.4 MB | 0.4/2.0 MBProgress (2): 1.2/1.4 MB | 0.4/2.0 MBProgress (2): 1.2/1.4 MB | 0.4/2.0 MBProgress (2): 1.2/1.4 MB | 0.4/2.0 MBProgress (2): 1.2/1.4 MB | 0.5/2.0 MBProgress (2): 1.3/1.4 MB | 0.5/2.0 MBProgress (2): 1.3/1.4 MB | 0.5/2.0 MBProgress (2): 1.3/1.4 MB | 0.5/2.0 MBProgress (2): 1.3/1.4 MB | 0.5/2.0 MBProgress (2): 1.3/1.4 MB | 0.5/2.0 MBProgress (2): 1.3/1.4 MB | 0.5/2.0 MBProgress (2): 1.3/1.4 MB | 0.5/2.0 MBProgress (2): 1.3/1.4 MB | 0.5/2.0 MBProgress (2): 1.3/1.4 MB | 0.5/2.0 MBProgress (2): 1.3/1.4 MB | 0.5/2.0 MBProgress (2): 1.3/1.4 MB | 0.6/2.0 MBProgress (2): 1.3/1.4 MB | 0.6/2.0 MBProgress (2): 1.3/1.4 MB | 0.6/2.0 MBProgress (2): 1.3/1.4 MB | 0.6/2.0 MBProgress (2): 1.3/1.4 MB | 0.6/2.0 MBProgress (2): 1.4/1.4 MB | 0.6/2.0 MBProgress (2): 1.4/1.4 MB | 0.6/2.0 MBProgress (2): 1.4 MB | 0.6/2.0 MB    Progress (2): 1.4 MB | 0.6/2.0 MBProgress (2): 1.4 MB | 0.7/2.0 MBProgress (2): 1.4 MB | 0.7/2.0 MBProgress (2): 1.4 MB | 0.7/2.0 MB                                 Downloaded from central: https://repo.maven.apache.org/maven2/org/springframework/boot/spring-boot/4.0.0/spring-boot-4.0.0.jar (1.4 MB at 2.0 MB/s)
Progress (1): 0.7/2.0 MB                        Downloading from central: https://repo.maven.apache.org/maven2/org/springframework/boot/spring-boot-starter-data-jpa-test/4.0.0/spring-boot-starter-data-jpa-test-4.0.0.jar
Progress (1): 0.7/2.0 MBProgress (1): 0.7/2.0 MBProgress (1): 0.7/2.0 MBProgress (1): 0.8/2.0 MBProgress (2): 0.8/2.0 MB | 0/1.4 MBProgress (2): 0.8/2.0 MB | 0/1.4 MBProgress (2): 0.8/2.0 MB | 0/1.4 MBProgress (2): 0.8/2.0 MB | 0/1.4 MBProgress (2): 0.8/2.0 MB | 0/1.4 MBProgress (2): 0.8/2.0 MB | 0/1.4 MBProgress (2): 0.8/2.0 MB | 0/1.4 MBProgress (2): 0.8/2.0 MB | 0/1.4 MBProgress (2): 0.8/2.0 MB | 0.1/1.4 MBProgress (2): 0.8/2.0 MB | 0.1/1.4 MBProgress (2): 0.8/2.0 MB | 0.1/1.4 MBProgress (2): 0.9/2.0 MB | 0.1/1.4 MBProgress (2): 0.9/2.0 MB | 0.1/1.4 MBProgress (2): 0.9/2.0 MB | 0.1/1.4 MBProgress (2): 0.9/2.0 MB | 0.1/1.4 MBProgress (2): 0.9/2.0 MB | 0.1/1.4 MBProgress (2): 0.9/2.0 MB | 0.1/1.4 MBProgress (2): 0.9/2.0 MB | 0.1/1.4 MBProgress (2): 0.9/2.0 MB | 0.1/1.4 MBProgress (2): 0.9/2.0 MB | 0.1/1.4 MBProgress (2): 0.9/2.0 MB | 0.2/1.4 MBProgress (2): 0.9/2.0 MB | 0.2/1.4 MBProgress (2): 0.9/2.0 MB | 0.2/1.4 MBProgress (2): 1.0/2.0 MB | 0.2/1.4 MBProgress (2): 1.0/2.0 MB | 0.2/1.4 MBProgress (2): 1.0/2.0 MB | 0.2/1.4 MBProgress (3): 1.0/2.0 MB | 0.2/1.4 MB | 7.7/74 kBProgress (3): 1.0/2.0 MB | 0.2/1.4 MB | 7.7/74 kBProgress (3): 1.0/2.0 MB | 0.2/1.4 MB | 16/74 kB Progress (3): 1.0/2.0 MB | 0.2/1.4 MB | 16/74 kBProgress (3): 1.0/2.0 MB | 0.2/1.4 MB | 16/74 kBProgress (3): 1.0/2.0 MB | 0.2/1.4 MB | 16/74 kBProgress (3): 1.0/2.0 MB | 0.2/1.4 MB | 32/74 kBProgress (3): 1.0/2.0 MB | 0.2/1.4 MB | 32/74 kBProgress (3): 1.0/2.0 MB | 0.2/1.4 MB | 32/74 kBProgress (3): 1.0/2.0 MB | 0.2/1.4 MB | 32/74 kBProgress (3): 1.0/2.0 MB | 0.2/1.4 MB | 49/74 kBProgress (3): 1.0/2.0 MB | 0.3/1.4 MB | 49/74 kBProgress (3): 1.0/2.0 MB | 0.3/1.4 MB | 49/74 kBProgress (3): 1.0/2.0 MB | 0.3/1.4 MB | 65/74 kBProgress (3): 1.0/2.0 MB | 0.3/1.4 MB | 65/74 kBProgress (3): 1.0/2.0 MB | 0.3/1.4 MB | 65/74 kBProgress (3): 1.0/2.0 MB | 0.3/1.4 MB | 74 kB   Progress (3): 1.1/2.0 MB | 0.3/1.4 MB | 74 kBProgress (3): 1.1/2.0 MB | 0.3/1.4 MB | 74 kBProgress (3): 1.1/2.0 MB | 0.3/1.4 MB | 74 kBProgress (3): 1.1/2.0 MB | 0.3/1.4 MB | 74 kBProgress (3): 1.1/2.0 MB | 0.3/1.4 MB | 74 kBProgress (3): 1.1/2.0 MB | 0.3/1.4 MB | 74 kBProgress (3): 1.1/2.0 MB | 0.3/1.4 MB | 74 kB                                             Downloaded from central: https://repo.maven.apache.org/maven2/commons-logging/commons-logging/1.3.5/commons-logging-1.3.5.jar (74 kB at 104 kB/s)
Downloading from central: https://repo.maven.apache.org/maven2/org/springframework/boot/spring-boot-starter-test/4.0.0/spring-boot-starter-test-4.0.0.jar
Progress (2): 1.1/2.0 MB | 0.3/1.4 MBProgress (2): 1.1/2.0 MB | 0.4/1.4 MBProgress (2): 1.1/2.0 MB | 0.4/1.4 MBProgress (2): 1.1/2.0 MB | 0.4/1.4 MBProgress (2): 1.1/2.0 MB | 0.4/1.4 MBProgress (2): 1.1/2.0 MB | 0.4/1.4 MBProgress (2): 1.1/2.0 MB | 0.4/1.4 MBProgress (2): 1.2/2.0 MB | 0.4/1.4 MBProgress (2): 1.2/2.0 MB | 0.4/1.4 MBProgress (2): 1.2/2.0 MB | 0.4/1.4 MBProgress (2): 1.2/2.0 MB | 0.4/1.4 MBProgress (2): 1.2/2.0 MB | 0.4/1.4 MBProgress (2): 1.2/2.0 MB | 0.4/1.4 MBProgress (2): 1.2/2.0 MB | 0.4/1.4 MBProgress (3): 1.2/2.0 MB | 0.4/1.4 MB | 7.7/369 kBProgress (3): 1.2/2.0 MB | 0.4/1.4 MB | 16/369 kB Progress (3): 1.2/2.0 MB | 0.5/1.4 MB | 16/369 kBProgress (3): 1.2/2.0 MB | 0.5/1.4 MB | 16/369 kBProgress (3): 1.2/2.0 MB | 0.5/1.4 MB | 16/369 kBProgress (3): 1.2/2.0 MB | 0.5/1.4 MB | 32/369 kBProgress (3): 1.2/2.0 MB | 0.5/1.4 MB | 32/369 kBProgress (3): 1.2/2.0 MB | 0.5/1.4 MB | 32/369 kBProgress (3): 1.3/2.0 MB | 0.5/1.4 MB | 32/369 kBProgress (3): 1.3/2.0 MB | 0.5/1.4 MB | 49/369 kBProgress (3): 1.3/2.0 MB | 0.5/1.4 MB | 49/369 kBProgress (3): 1.3/2.0 MB | 0.5/1.4 MB | 49/369 kBProgress (3): 1.3/2.0 MB | 0.5/1.4 MB | 49/369 kBProgress (3): 1.3/2.0 MB | 0.5/1.4 MB | 65/369 kBProgress (3): 1.3/2.0 MB | 0.5/1.4 MB | 65/369 kBProgress (3): 1.3/2.0 MB | 0.5/1.4 MB | 65/369 kBProgress (3): 1.3/2.0 MB | 0.5/1.4 MB | 65/369 kBProgress (3): 1.3/2.0 MB | 0.5/1.4 MB | 81/369 kBProgress (3): 1.3/2.0 MB | 0.6/1.4 MB | 81/369 kBProgress (3): 1.3/2.0 MB | 0.6/1.4 MB | 81/369 kBProgress (3): 1.3/2.0 MB | 0.6/1.4 MB | 81/369 kBProgress (3): 1.3/2.0 MB | 0.6/1.4 MB | 98/369 kBProgress (3): 1.3/2.0 MB | 0.6/1.4 MB | 98/369 kBProgress (3): 1.3/2.0 MB | 0.6/1.4 MB | 98/369 kBProgress (3): 1.4/2.0 MB | 0.6/1.4 MB | 98/369 kBProgress (3): 1.4/2.0 MB | 0.6/1.4 MB | 114/369 kBProgress (3): 1.4/2.0 MB | 0.6/1.4 MB | 114/369 kBProgress (3): 1.4/2.0 MB | 0.6/1.4 MB | 114/369 kBProgress (3): 1.4/2.0 MB | 0.6/1.4 MB | 131/369 kBProgress (3): 1.4/2.0 MB | 0.6/1.4 MB | 131/369 kBProgress (3): 1.4/2.0 MB | 0.6/1.4 MB | 131/369 kBProgress (3): 1.4/2.0 MB | 0.6/1.4 MB | 131/369 kBProgress (3): 1.4/2.0 MB | 0.6/1.4 MB | 147/369 kBProgress (3): 1.4/2.0 MB | 0.6/1.4 MB | 147/369 kBProgress (3): 1.4/2.0 MB | 0.7/1.4 MB | 147/369 kBProgress (3): 1.4/2.0 MB | 0.7/1.4 MB | 147/369 kBProgress (3): 1.4/2.0 MB | 0.7/1.4 MB | 163/369 kBProgress (3): 1.4/2.0 MB | 0.7/1.4 MB | 163/369 kBProgress (3): 1.4/2.0 MB | 0.7/1.4 MB | 163/369 kBProgress (3): 1.4/2.0 MB | 0.7/1.4 MB | 180/369 kBProgress (3): 1.4/2.0 MB | 0.7/1.4 MB | 180/369 kBProgress (3): 1.5/2.0 MB | 0.7/1.4 MB | 180/369 kBProgress (3): 1.5/2.0 MB | 0.7/1.4 MB | 180/369 kBProgress (3): 1.5/2.0 MB | 0.7/1.4 MB | 196/369 kBProgress (3): 1.5/2.0 MB | 0.7/1.4 MB | 196/369 kBProgress (3): 1.5/2.0 MB | 0.7/1.4 MB | 196/369 kBProgress (3): 1.5/2.0 MB | 0.7/1.4 MB | 196/369 kBProgress (3): 1.5/2.0 MB | 0.7/1.4 MB | 213/369 kBProgress (3): 1.5/2.0 MB | 0.7/1.4 MB | 213/369 kBProgress (3): 1.5/2.0 MB | 0.7/1.4 MB | 229/369 kBProgress (3): 1.5/2.0 MB | 0.7/1.4 MB | 229/369 kBProgress (3): 1.5/2.0 MB | 0.7/1.4 MB | 229/369 kBProgress (3): 1.5/2.0 MB | 0.7/1.4 MB | 229/369 kBProgress (3): 1.5/2.0 MB | 0.7/1.4 MB | 245/369 kBProgress (3): 1.5/2.0 MB | 0.8/1.4 MB | 245/369 kBProgress (3): 1.6/2.0 MB | 0.8/1.4 MB | 245/369 kBProgress (3): 1.6/2.0 MB | 0.8/1.4 MB | 245/369 kBProgress (3): 1.6/2.0 MB | 0.8/1.4 MB | 262/369 kBProgress (3): 1.6/2.0 MB | 0.8/1.4 MB | 262/369 kBProgress (3): 1.6/2.0 MB | 0.8/1.4 MB | 262/369 kBProgress (3): 1.6/2.0 MB | 0.8/1.4 MB | 278/369 kBProgress (3): 1.6/2.0 MB | 0.8/1.4 MB | 278/369 kBProgress (3): 1.6/2.0 MB | 0.8/1.4 MB | 278/369 kBProgress (3): 1.6/2.0 MB | 0.8/1.4 MB | 278/369 kBProgress (3): 1.6/2.0 MB | 0.8/1.4 MB | 294/369 kBProgress (3): 1.6/2.0 MB | 0.8/1.4 MB | 294/369 kBProgress (3): 1.6/2.0 MB | 0.8/1.4 MB | 294/369 kBProgress (3): 1.6/2.0 MB | 0.9/1.4 MB | 294/369 kBProgress (3): 1.6/2.0 MB | 0.9/1.4 MB | 294/369 kBProgress (3): 1.6/2.0 MB | 0.9/1.4 MB | 294/369 kBProgress (3): 1.6/2.0 MB | 0.9/1.4 MB | 294/369 kBProgress (3): 1.6/2.0 MB | 0.9/1.4 MB | 294/369 kBProgress (3): 1.6/2.0 MB | 0.9/1.4 MB | 294/369 kBProgress (3): 1.6/2.0 MB | 1.0/1.4 MB | 294/369 kBProgress (3): 1.6/2.0 MB | 1.0/1.4 MB | 294/369 kBProgress (3): 1.6/2.0 MB | 1.0/1.4 MB | 294/369 kBProgress (3): 1.6/2.0 MB | 1.0/1.4 MB | 294/369 kBProgress (3): 1.6/2.0 MB | 1.0/1.4 MB | 311/369 kBProgress (3): 1.6/2.0 MB | 1.0/1.4 MB | 311/369 kBProgress (3): 1.6/2.0 MB | 1.0/1.4 MB | 327/369 kBProgress (3): 1.6/2.0 MB | 1.0/1.4 MB | 327/369 kBProgress (3): 1.6/2.0 MB | 1.0/1.4 MB | 327/369 kBProgress (3): 1.6/2.0 MB | 1.0/1.4 MB | 344/369 kBProgress (3): 1.6/2.0 MB | 1.0/1.4 MB | 344/369 kBProgress (3): 1.6/2.0 MB | 1.0/1.4 MB | 344/369 kBProgress (3): 1.6/2.0 MB | 1.0/1.4 MB | 360/369 kBProgress (3): 1.6/2.0 MB | 1.1/1.4 MB | 360/369 kBProgress (3): 1.7/2.0 MB | 1.1/1.4 MB | 360/369 kBProgress (3): 1.7/2.0 MB | 1.1/1.4 MB | 369 kB    Progress (3): 1.7/2.0 MB | 1.1/1.4 MB | 369 kBProgress (3): 1.7/2.0 MB | 1.1/1.4 MB | 369 kBProgress (3): 1.7/2.0 MB | 1.1/1.4 MB | 369 kBProgress (3): 1.7/2.0 MB | 1.1/1.4 MB | 369 kBProgress (3): 1.7/2.0 MB | 1.1/1.4 MB | 369 kBProgress (3): 1.7/2.0 MB | 1.1/1.4 MB | 369 kBProgress (3): 1.7/2.0 MB | 1.1/1.4 MB | 369 kBProgress (3): 1.7/2.0 MB | 1.1/1.4 MB | 369 kBProgress (3): 1.7/2.0 MB | 1.1/1.4 MB | 369 kBProgress (3): 1.7/2.0 MB | 1.1/1.4 MB | 369 kBProgress (3): 1.8/2.0 MB | 1.1/1.4 MB | 369 kBProgress (3): 1.8/2.0 MB | 1.2/1.4 MB | 369 kBProgress (3): 1.8/2.0 MB | 1.2/1.4 MB | 369 kBProgress (3): 1.8/2.0 MB | 1.2/1.4 MB | 369 kBProgress (3): 1.8/2.0 MB | 1.2/1.4 MB | 369 kBProgress (3): 1.8/2.0 MB | 1.2/1.4 MB | 369 kBProgress (3): 1.8/2.0 MB | 1.2/1.4 MB | 369 kB                                              Downloaded from central: https://repo.maven.apache.org/maven2/org/springframework/boot/spring-boot-autoconfigure/4.0.0/spring-boot-autoconfigure-4.0.0.jar (369 kB at 515 kB/s)
Progress (2): 1.8/2.0 MB | 1.2/1.4 MBProgress (2): 1.8/2.0 MB | 1.2/1.4 MB                                     Downloading from central: https://repo.maven.apache.org/maven2/org/springframework/boot/spring-boot-test/4.0.0/spring-boot-test-4.0.0.jar
Progress (2): 1.8/2.0 MB | 1.2/1.4 MBProgress (2): 1.8/2.0 MB | 1.2/1.4 MBProgress (2): 1.9/2.0 MB | 1.2/1.4 MBProgress (2): 1.9/2.0 MB | 1.2/1.4 MBProgress (2): 1.9/2.0 MB | 1.2/1.4 MBProgress (2): 1.9/2.0 MB | 1.2/1.4 MBProgress (2): 1.9/2.0 MB | 1.2/1.4 MBProgress (2): 1.9/2.0 MB | 1.3/1.4 MBProgress (2): 1.9/2.0 MB | 1.3/1.4 MBProgress (2): 1.9/2.0 MB | 1.3/1.4 MBProgress (2): 1.9/2.0 MB | 1.3/1.4 MBProgress (2): 1.9/2.0 MB | 1.3/1.4 MBProgress (2): 1.9/2.0 MB | 1.3/1.4 MBProgress (2): 1.9/2.0 MB | 1.3/1.4 MBProgress (2): 1.9/2.0 MB | 1.3/1.4 MBProgress (2): 1.9/2.0 MB | 1.3/1.4 MBProgress (2): 2.0/2.0 MB | 1.3/1.4 MBProgress (2): 2.0/2.0 MB | 1.3/1.4 MBProgress (2): 2.0/2.0 MB | 1.3/1.4 MBProgress (2): 2.0/2.0 MB | 1.4/1.4 MBProgress (2): 2.0/2.0 MB | 1.4/1.4 MBProgress (2): 2.0/2.0 MB | 1.4/1.4 MBProgress (2): 2.0 MB | 1.4/1.4 MB    Progress (2): 2.0 MB | 1.4 MB                                 Downloaded from central: https://repo.maven.apache.org/maven2/org/springframework/spring-core/7.0.1/spring-core-7.0.1.jar (2.0 MB at 2.8 MB/s)
Downloading from central: https://repo.maven.apache.org/maven2/org/springframework/boot/spring-boot-test-autoconfigure/4.0.0/spring-boot-test-autoconfigure-4.0.0.jar
Downloaded from central: https://repo.maven.apache.org/maven2/org/springframework/spring-context/7.0.1/spring-context-7.0.1.jar (1.4 MB at 1.9 MB/s)
Downloading from central: https://repo.maven.apache.org/maven2/net/minidev/json-smart/2.6.0/json-smart-2.6.0.jar
Progress (1): 4.8 kB                    Downloaded from central: https://repo.maven.apache.org/maven2/org/springframework/boot/spring-boot-starter-data-jpa-test/4.0.0/spring-boot-starter-data-jpa-test-4.0.0.jar (4.8 kB at 6.6 kB/s)
Downloading from central: https://repo.maven.apache.org/maven2/net/minidev/accessors-smart/2.6.0/accessors-smart-2.6.0.jar
Progress (1): 3.4/4.8 kBProgress (1): 4.8 kB    Progress (2): 4.8 kB | 7.7/28 kBProgress (2): 4.8 kB | 16/28 kB Progress (2): 4.8 kB | 28 kB                               Downloaded from central: https://repo.maven.apache.org/maven2/org/springframework/boot/spring-boot-starter-test/4.0.0/spring-boot-starter-test-4.0.0.jar (4.8 kB at 6.5 kB/s)
Downloading from central: https://repo.maven.apache.org/maven2/org/assertj/assertj-core/3.27.7/assertj-core-3.27.7.jar
Downloaded from central: https://repo.maven.apache.org/maven2/org/springframework/boot/spring-boot-test-autoconfigure/4.0.0/spring-boot-test-autoconfigure-4.0.0.jar (28 kB at 38 kB/s)
Downloading from central: https://repo.maven.apache.org/maven2/org/junit/jupiter/junit-jupiter/6.0.1/junit-jupiter-6.0.1.jar
Progress (1): 7.7/210 kBProgress (1): 16/210 kB Progress (1): 32/210 kBProgress (1): 49/210 kBProgress (1): 65/210 kBProgress (1): 81/210 kBProgress (1): 98/210 kBProgress (1): 114/210 kBProgress (1): 131/210 kBProgress (1): 147/210 kBProgress (1): 163/210 kBProgress (1): 180/210 kBProgress (1): 196/210 kBProgress (1): 210 kB                        Downloaded from central: https://repo.maven.apache.org/maven2/org/springframework/boot/spring-boot-test/4.0.0/spring-boot-test-4.0.0.jar (210 kB at 282 kB/s)
Downloading from central: https://repo.maven.apache.org/maven2/org/junit/jupiter/junit-jupiter-api/6.0.1/junit-jupiter-api-6.0.1.jar
Progress (1): 7.7/123 kBProgress (1): 12/123 kB Progress (1): 28/123 kBProgress (1): 44/123 kBProgress (2): 44/123 kB | 7.7/30 kBProgress (2): 61/123 kB | 7.7/30 kBProgress (2): 61/123 kB | 16/30 kB Progress (2): 61/123 kB | 30 kB   Progress (2): 77/123 kB | 30 kBProgress (2): 94/123 kB | 30 kBProgress (2): 110/123 kB | 30 kBProgress (2): 123 kB | 30 kB                                Downloaded from central: https://repo.maven.apache.org/maven2/net/minidev/json-smart/2.6.0/json-smart-2.6.0.jar (123 kB at 164 kB/s)
Downloading from central: https://repo.maven.apache.org/maven2/org/junit/platform/junit-platform-commons/6.0.1/junit-platform-commons-6.0.1.jar
Downloaded from central: https://repo.maven.apache.org/maven2/net/minidev/accessors-smart/2.6.0/accessors-smart-2.6.0.jar (30 kB at 40 kB/s)
Downloading from central: https://repo.maven.apache.org/maven2/org/junit/jupiter/junit-jupiter-params/6.0.1/junit-jupiter-params-6.0.1.jar
Progress (1): 0/1.4 MBProgress (1): 0/1.4 MBProgress (1): 0/1.4 MBProgress (1): 0/1.4 MBProgress (1): 0.1/1.4 MBProgress (1): 0.1/1.4 MBProgress (1): 0.1/1.4 MBProgress (1): 0.1/1.4 MBProgress (1): 0.1/1.4 MBProgress (1): 0.1/1.4 MBProgress (1): 0.2/1.4 MBProgress (1): 0.2/1.4 MBProgress (1): 0.2/1.4 MBProgress (1): 0.2/1.4 MBProgress (1): 0.2/1.4 MBProgress (1): 0.2/1.4 MBProgress (1): 0.3/1.4 MBProgress (1): 0.3/1.4 MBProgress (1): 0.3/1.4 MBProgress (1): 0.3/1.4 MBProgress (1): 0.3/1.4 MBProgress (1): 0.3/1.4 MBProgress (1): 0.3/1.4 MBProgress (1): 0.4/1.4 MBProgress (1): 0.4/1.4 MBProgress (1): 0.4/1.4 MBProgress (1): 0.4/1.4 MBProgress (1): 0.4/1.4 MBProgress (1): 0.4/1.4 MBProgress (1): 0.5/1.4 MBProgress (1): 0.5/1.4 MBProgress (1): 0.5/1.4 MBProgress (1): 0.5/1.4 MBProgress (1): 0.5/1.4 MBProgress (1): 0.5/1.4 MBProgress (1): 0.6/1.4 MBProgress (1): 0.6/1.4 MBProgress (1): 0.6/1.4 MBProgress (1): 0.6/1.4 MBProgress (1): 0.6/1.4 MBProgress (1): 0.6/1.4 MBProgress (1): 0.7/1.4 MBProgress (1): 0.7/1.4 MBProgress (1): 0.7/1.4 MBProgress (1): 0.7/1.4 MBProgress (1): 0.7/1.4 MBProgress (1): 0.7/1.4 MBProgress (1): 0.8/1.4 MBProgress (1): 0.8/1.4 MBProgress (1): 0.8/1.4 MBProgress (1): 0.8/1.4 MBProgress (1): 0.8/1.4 MBProgress (1): 0.8/1.4 MBProgress (1): 0.8/1.4 MBProgress (1): 0.9/1.4 MBProgress (1): 0.9/1.4 MBProgress (1): 0.9/1.4 MBProgress (1): 0.9/1.4 MBProgress (1): 0.9/1.4 MBProgress (2): 0.9/1.4 MB | 6.4 kBProgress (2): 0.9/1.4 MB | 6.4 kBProgress (2): 1.0/1.4 MB | 6.4 kBProgress (2): 1.0/1.4 MB | 6.4 kBProgress (2): 1.0/1.4 MB | 6.4 kBProgress (2): 1.0/1.4 MB | 6.4 kBProgress (2): 1.0/1.4 MB | 6.4 kB                                 Downloaded from central: https://repo.maven.apache.org/maven2/org/junit/jupiter/junit-jupiter/6.0.1/junit-jupiter-6.0.1.jar (6.4 kB at 8.3 kB/s)
Downloading from central: https://repo.maven.apache.org/maven2/org/junit/jupiter/junit-jupiter-engine/6.0.1/junit-jupiter-engine-6.0.1.jar
Progress (1): 1.0/1.4 MBProgress (1): 1.1/1.4 MBProgress (1): 1.1/1.4 MBProgress (1): 1.1/1.4 MBProgress (1): 1.1/1.4 MBProgress (1): 1.1/1.4 MBProgress (1): 1.1/1.4 MBProgress (1): 1.1/1.4 MBProgress (1): 1.2/1.4 MBProgress (1): 1.2/1.4 MBProgress (1): 1.2/1.4 MBProgress (1): 1.2/1.4 MBProgress (1): 1.2/1.4 MBProgress (1): 1.2/1.4 MBProgress (1): 1.3/1.4 MBProgress (1): 1.3/1.4 MBProgress (1): 1.3/1.4 MBProgress (2): 1.3/1.4 MB | 3.4/251 kBProgress (2): 1.3/1.4 MB | 3.4/251 kBProgress (2): 1.3/1.4 MB | 3.4/251 kBProgress (2): 1.3/1.4 MB | 3.4/251 kBProgress (2): 1.3/1.4 MB | 20/251 kB Progress (2): 1.4/1.4 MB | 20/251 kBProgress (2): 1.4/1.4 MB | 36/251 kBProgress (2): 1.4/1.4 MB | 36/251 kBProgress (2): 1.4/1.4 MB | 53/251 kBProgress (2): 1.4/1.4 MB | 53/251 kBProgress (2): 1.4/1.4 MB | 69/251 kBProgress (2): 1.4 MB | 69/251 kB    Progress (2): 1.4 MB | 85/251 kBProgress (2): 1.4 MB | 102/251 kBProgress (2): 1.4 MB | 118/251 kBProgress (2): 1.4 MB | 126/251 kBProgress (2): 1.4 MB | 143/251 kBProgress (2): 1.4 MB | 159/251 kB                                 Downloaded from central: https://repo.maven.apache.org/maven2/org/assertj/assertj-core/3.27.7/assertj-core-3.27.7.jar (1.4 MB at 1.8 MB/s)
Progress (1): 175/251 kB                        Downloading from central: https://repo.maven.apache.org/maven2/org/junit/platform/junit-platform-engine/6.0.1/junit-platform-engine-6.0.1.jar
Progress (1): 192/251 kBProgress (1): 208/251 kBProgress (1): 225/251 kBProgress (1): 241/251 kBProgress (1): 251 kB                        Downloaded from central: https://repo.maven.apache.org/maven2/org/junit/jupiter/junit-jupiter-api/6.0.1/junit-jupiter-api-6.0.1.jar (251 kB at 326 kB/s)
Downloading from central: https://repo.maven.apache.org/maven2/org/mockito/mockito-core/5.20.0/mockito-core-5.20.0.jar
Progress (1): 7.7/171 kBProgress (1): 16/171 kB Progress (1): 32/171 kBProgress (1): 49/171 kBProgress (1): 57/171 kBProgress (1): 73/171 kBProgress (1): 90/171 kBProgress (1): 106/171 kBProgress (1): 122/171 kBProgress (1): 139/171 kBProgress (1): 155/171 kBProgress (1): 171 kB                        Downloaded from central: https://repo.maven.apache.org/maven2/org/junit/platform/junit-platform-commons/6.0.1/junit-platform-commons-6.0.1.jar (171 kB at 220 kB/s)
Downloading from central: https://repo.maven.apache.org/maven2/org/mockito/mockito-junit-jupiter/5.20.0/mockito-junit-jupiter-5.20.0.jar
Progress (1): 7.7/297 kBProgress (1): 12/297 kB Progress (1): 28/297 kBProgress (1): 44/297 kBProgress (1): 61/297 kBProgress (1): 77/297 kBProgress (1): 94/297 kBProgress (1): 110/297 kBProgress (1): 126/297 kBProgress (1): 143/297 kBProgress (1): 159/297 kBProgress (1): 175/297 kBProgress (1): 192/297 kBProgress (1): 208/297 kBProgress (1): 225/297 kBProgress (1): 241/297 kBProgress (1): 257/297 kBProgress (1): 274/297 kBProgress (1): 290/297 kBProgress (1): 297 kB    Progress (2): 297 kB | 3.4/356 kBProgress (2): 297 kB | 20/356 kB Progress (2): 297 kB | 36/356 kB                                Downloaded from central: https://repo.maven.apache.org/maven2/org/junit/jupiter/junit-jupiter-params/6.0.1/junit-jupiter-params-6.0.1.jar (297 kB at 377 kB/s)
Downloading from central: https://repo.maven.apache.org/maven2/org/springframework/spring-test/7.0.1/spring-test-7.0.1.jar
Progress (1): 53/356 kBProgress (1): 69/356 kBProgress (1): 85/356 kBProgress (1): 102/356 kBProgress (1): 118/356 kBProgress (1): 134/356 kBProgress (1): 151/356 kBProgress (1): 167/356 kBProgress (1): 184/356 kBProgress (1): 200/356 kBProgress (1): 216/356 kBProgress (1): 233/356 kBProgress (1): 249/356 kBProgress (1): 266/356 kBProgress (1): 282/356 kBProgress (1): 298/356 kBProgress (1): 315/356 kBProgress (1): 331/356 kBProgress (1): 347/356 kBProgress (1): 356 kB                        Downloaded from central: https://repo.maven.apache.org/maven2/org/junit/jupiter/junit-jupiter-engine/6.0.1/junit-jupiter-engine-6.0.1.jar (356 kB at 451 kB/s)
Downloading from central: https://repo.maven.apache.org/maven2/org/springframework/boot/spring-boot-starter-jdbc-test/4.0.0/spring-boot-starter-jdbc-test-4.0.0.jar
Progress (1): 7.7/278 kBProgress (1): 16/278 kB Progress (1): 32/278 kBProgress (1): 49/278 kBProgress (1): 65/278 kBProgress (2): 65/278 kB | 7.7/711 kBProgress (2): 81/278 kB | 7.7/711 kBProgress (2): 81/278 kB | 16/711 kB Progress (2): 98/278 kB | 16/711 kBProgress (2): 98/278 kB | 32/711 kBProgress (2): 114/278 kB | 32/711 kBProgress (2): 114/278 kB | 49/711 kBProgress (2): 131/278 kB | 49/711 kBProgress (2): 131/278 kB | 65/711 kBProgress (2): 147/278 kB | 65/711 kBProgress (2): 147/278 kB | 81/711 kBProgress (2): 163/278 kB | 81/711 kBProgress (2): 163/278 kB | 98/711 kBProgress (2): 180/278 kB | 98/711 kBProgress (2): 196/278 kB | 98/711 kBProgress (2): 196/278 kB | 114/711 kBProgress (2): 213/278 kB | 114/711 kBProgress (2): 229/278 kB | 114/711 kBProgress (2): 229/278 kB | 131/711 kBProgress (2): 245/278 kB | 131/711 kBProgress (2): 262/278 kB | 131/711 kBProgress (2): 262/278 kB | 147/711 kBProgress (2): 278 kB | 147/711 kB    Progress (2): 278 kB | 163/711 kBProgress (2): 278 kB | 180/711 kBProgress (2): 278 kB | 196/711 kBProgress (2): 278 kB | 213/711 kBProgress (2): 278 kB | 229/711 kBProgress (2): 278 kB | 245/711 kBProgress (2): 278 kB | 262/711 kB                                 Downloaded from central: https://repo.maven.apache.org/maven2/org/junit/platform/junit-platform-engine/6.0.1/junit-platform-engine-6.0.1.jar (278 kB at 350 kB/s)
Downloading from central: https://repo.maven.apache.org/maven2/org/springframework/boot/spring-boot-jdbc-test/4.0.0/spring-boot-jdbc-test-4.0.0.jar
Progress (1): 278/711 kBProgress (1): 294/711 kBProgress (1): 311/711 kBProgress (1): 327/711 kBProgress (1): 344/711 kBProgress (1): 360/711 kBProgress (1): 376/711 kBProgress (1): 393/711 kBProgress (1): 409/711 kBProgress (1): 426/711 kBProgress (1): 442/711 kBProgress (1): 458/711 kBProgress (1): 475/711 kBProgress (1): 491/711 kBProgress (1): 507/711 kBProgress (1): 524/711 kBProgress (1): 540/711 kBProgress (1): 557/711 kBProgress (1): 573/711 kBProgress (1): 589/711 kBProgress (1): 606/711 kBProgress (1): 622/711 kBProgress (1): 639/711 kBProgress (1): 655/711 kBProgress (1): 671/711 kBProgress (1): 688/711 kBProgress (1): 704/711 kBProgress (1): 711 kB                        Downloaded from central: https://repo.maven.apache.org/maven2/org/mockito/mockito-core/5.20.0/mockito-core-5.20.0.jar (711 kB at 893 kB/s)
Downloading from central: https://repo.maven.apache.org/maven2/org/springframework/boot/spring-boot-data-jpa-test/4.0.0/spring-boot-data-jpa-test-4.0.0.jar
Progress (1): 7.7/9.4 kBProgress (1): 9.4 kB                        Downloaded from central: https://repo.maven.apache.org/maven2/org/mockito/mockito-junit-jupiter/5.20.0/mockito-junit-jupiter-5.20.0.jar (9.4 kB at 12 kB/s)
Downloading from central: https://repo.maven.apache.org/maven2/org/springframework/boot/spring-boot-jpa-test/4.0.0/spring-boot-jpa-test-4.0.0.jar
Progress (1): 4.8 kB                    Downloaded from central: https://repo.maven.apache.org/maven2/org/springframework/boot/spring-boot-starter-jdbc-test/4.0.0/spring-boot-starter-jdbc-test-4.0.0.jar (4.8 kB at 5.9 kB/s)
Progress (1): 0/1.1 MBProgress (1): 0/1.1 MB                      Downloading from central: https://repo.maven.apache.org/maven2/org/springframework/boot/spring-boot-starter-restclient-test/4.0.0/spring-boot-starter-restclient-test-4.0.0.jar
Progress (1): 0/1.1 MBProgress (1): 0/1.1 MBProgress (1): 0.1/1.1 MBProgress (1): 0.1/1.1 MBProgress (1): 0.1/1.1 MBProgress (1): 0.1/1.1 MBProgress (1): 0.1/1.1 MBProgress (1): 0.1/1.1 MBProgress (1): 0.2/1.1 MBProgress (1): 0.2/1.1 MBProgress (1): 0.2/1.1 MBProgress (1): 0.2/1.1 MBProgress (1): 0.2/1.1 MBProgress (1): 0.2/1.1 MBProgress (1): 0.3/1.1 MBProgress (2): 0.3/1.1 MB | 7.7/21 kBProgress (2): 0.3/1.1 MB | 12/21 kB Progress (2): 0.3/1.1 MB | 21 kB   Progress (2): 0.3/1.1 MB | 21 kBProgress (2): 0.3/1.1 MB | 21 kBProgress (2): 0.3/1.1 MB | 21 kBProgress (2): 0.3/1.1 MB | 21 kB                                Downloaded from central: https://repo.maven.apache.org/maven2/org/springframework/boot/spring-boot-jdbc-test/4.0.0/spring-boot-jdbc-test-4.0.0.jar (21 kB at 26 kB/s)
Downloading from central: https://repo.maven.apache.org/maven2/org/springframework/boot/spring-boot-starter-restclient/4.0.0/spring-boot-starter-restclient-4.0.0.jar
Progress (1): 0.3/1.1 MBProgress (1): 0.4/1.1 MBProgress (1): 0.4/1.1 MBProgress (1): 0.4/1.1 MBProgress (1): 0.4/1.1 MBProgress (1): 0.4/1.1 MBProgress (1): 0.4/1.1 MBProgress (1): 0.5/1.1 MBProgress (1): 0.5/1.1 MBProgress (1): 0.5/1.1 MBProgress (1): 0.5/1.1 MBProgress (1): 0.5/1.1 MBProgress (1): 0.5/1.1 MBProgress (1): 0.6/1.1 MBProgress (1): 0.6/1.1 MBProgress (1): 0.6/1.1 MBProgress (1): 0.6/1.1 MBProgress (1): 0.6/1.1 MBProgress (1): 0.6/1.1 MBProgress (1): 0.7/1.1 MBProgress (1): 0.7/1.1 MBProgress (1): 0.7/1.1 MBProgress (2): 0.7/1.1 MB | 7.5/9.4 kBProgress (2): 0.7/1.1 MB | 7.5/9.4 kBProgress (2): 0.7/1.1 MB | 9.4 kB    Progress (2): 0.7/1.1 MB | 9.4 kB                                 Downloaded from central: https://repo.maven.apache.org/maven2/org/springframework/boot/spring-boot-data-jpa-test/4.0.0/spring-boot-data-jpa-test-4.0.0.jar (9.4 kB at 12 kB/s)
Downloading from central: https://repo.maven.apache.org/maven2/org/springframework/boot/spring-boot-restclient/4.0.0/spring-boot-restclient-4.0.0.jar
Progress (1): 0.7/1.1 MBProgress (1): 0.7/1.1 MBProgress (1): 0.8/1.1 MBProgress (1): 0.8/1.1 MBProgress (1): 0.8/1.1 MBProgress (1): 0.8/1.1 MBProgress (1): 0.8/1.1 MBProgress (1): 0.8/1.1 MBProgress (1): 0.9/1.1 MBProgress (1): 0.9/1.1 MBProgress (1): 0.9/1.1 MBProgress (1): 0.9/1.1 MBProgress (1): 0.9/1.1 MBProgress (1): 0.9/1.1 MBProgress (1): 1.0/1.1 MBProgress (1): 1.0/1.1 MBProgress (1): 1.0/1.1 MBProgress (1): 1.0/1.1 MBProgress (1): 1.0/1.1 MBProgress (1): 1.0/1.1 MBProgress (1): 1.1/1.1 MBProgress (1): 1.1/1.1 MBProgress (1): 1.1/1.1 MBProgress (1): 1.1 MB                        Downloaded from central: https://repo.maven.apache.org/maven2/org/springframework/spring-test/7.0.1/spring-test-7.0.1.jar (1.1 MB at 1.3 MB/s)
Downloading from central: https://repo.maven.apache.org/maven2/org/springframework/boot/spring-boot-http-client/4.0.0/spring-boot-http-client-4.0.0.jar
Progress (1): 7.7/9.5 kBProgress (1): 9.5 kB                        Downloaded from central: https://repo.maven.apache.org/maven2/org/springframework/boot/spring-boot-jpa-test/4.0.0/spring-boot-jpa-test-4.0.0.jar (9.5 kB at 11 kB/s)
Downloading from central: https://repo.maven.apache.org/maven2/org/springframework/boot/spring-boot-starter-jackson-test/4.0.0/spring-boot-starter-jackson-test-4.0.0.jar
Progress (1): 3.4/4.8 kBProgress (1): 4.8 kB                        Downloaded from central: https://repo.maven.apache.org/maven2/org/springframework/boot/spring-boot-starter-restclient-test/4.0.0/spring-boot-starter-restclient-test-4.0.0.jar (4.8 kB at 5.8 kB/s)
Downloading from central: https://repo.maven.apache.org/maven2/org/springframework/boot/spring-boot-restclient-test/4.0.0/spring-boot-restclient-test-4.0.0.jar
Progress (1): 4.8 kB                    Downloaded from central: https://repo.maven.apache.org/maven2/org/springframework/boot/spring-boot-starter-restclient/4.0.0/spring-boot-starter-restclient-4.0.0.jar (4.8 kB at 5.7 kB/s)
Downloading from central: https://repo.maven.apache.org/maven2/org/springframework/boot/spring-boot-starter-webmvc-test/4.0.0/spring-boot-starter-webmvc-test-4.0.0.jar
Progress (1): 7.7/49 kBProgress (1): 16/49 kB Progress (1): 32/49 kBProgress (1): 49 kB                      Downloaded from central: https://repo.maven.apache.org/maven2/org/springframework/boot/spring-boot-restclient/4.0.0/spring-boot-restclient-4.0.0.jar (49 kB at 58 kB/s)
Downloading from central: https://repo.maven.apache.org/maven2/org/springframework/boot/spring-boot-webmvc-test/4.0.0/spring-boot-webmvc-test-4.0.0.jar
Progress (1): 3.4/25 kBProgress (1): 20/25 kB Progress (1): 25 kB   Progress (2): 25 kB | 7.7/117 kBProgress (2): 25 kB | 16/117 kB                                Downloaded from central: https://repo.maven.apache.org/maven2/org/springframework/boot/spring-boot-restclient-test/4.0.0/spring-boot-restclient-test-4.0.0.jar (25 kB at 29 kB/s)
Downloading from central: https://repo.maven.apache.org/maven2/org/springframework/boot/spring-boot-web-server/4.0.0/spring-boot-web-server-4.0.0.jar
Progress (1): 32/117 kBProgress (1): 49/117 kBProgress (1): 65/117 kBProgress (1): 81/117 kBProgress (1): 98/117 kBProgress (1): 114/117 kBProgress (1): 117 kB                        Downloaded from central: https://repo.maven.apache.org/maven2/org/springframework/boot/spring-boot-http-client/4.0.0/spring-boot-http-client-4.0.0.jar (117 kB at 137 kB/s)
Progress (1): 4.7 kB                    Downloading from central: https://repo.maven.apache.org/maven2/org/springframework/boot/spring-boot-resttestclient/4.0.0/spring-boot-resttestclient-4.0.0.jar
Downloaded from central: https://repo.maven.apache.org/maven2/org/springframework/boot/spring-boot-starter-jackson-test/4.0.0/spring-boot-starter-jackson-test-4.0.0.jar (4.7 kB at 5.5 kB/s)
Downloading from central: https://repo.maven.apache.org/maven2/org/springframework/boot/spring-boot-testcontainers/4.0.0/spring-boot-testcontainers-4.0.0.jar
Progress (1): 7.7/46 kBProgress (1): 16/46 kB Progress (2): 16/46 kB | 4.8 kBProgress (2): 32/46 kB | 4.8 kBProgress (2): 46 kB | 4.8 kB                               Downloaded from central: https://repo.maven.apache.org/maven2/org/springframework/boot/spring-boot-starter-webmvc-test/4.0.0/spring-boot-starter-webmvc-test-4.0.0.jar (4.8 kB at 5.5 kB/s)
Downloading from central: https://repo.maven.apache.org/maven2/org/testcontainers/testcontainers/2.0.2/testcontainers-2.0.2.jar
Downloaded from central: https://repo.maven.apache.org/maven2/org/springframework/boot/spring-boot-webmvc-test/4.0.0/spring-boot-webmvc-test-4.0.0.jar (46 kB at 53 kB/s)
Downloading from central: https://repo.maven.apache.org/maven2/org/springframework/boot/spring-boot-docker-compose/4.0.0/spring-boot-docker-compose-4.0.0.jar
Progress (1): 7.7/174 kBProgress (1): 12/174 kB Progress (1): 29/174 kBProgress (1): 45/174 kBProgress (1): 61/174 kBProgress (1): 78/174 kBProgress (1): 94/174 kBProgress (1): 111/174 kBProgress (1): 127/174 kBProgress (1): 143/174 kBProgress (1): 160/174 kBProgress (1): 174 kB                        Downloaded from central: https://repo.maven.apache.org/maven2/org/springframework/boot/spring-boot-web-server/4.0.0/spring-boot-web-server-4.0.0.jar (174 kB at 198 kB/s)
Downloading from central: https://repo.maven.apache.org/maven2/tools/jackson/core/jackson-databind/3.0.2/jackson-databind-3.0.2.jar
Progress (1): 7.7/33 kBProgress (1): 16/33 kB Progress (1): 32/33 kBProgress (1): 33 kB                      Downloaded from central: https://repo.maven.apache.org/maven2/org/springframework/boot/spring-boot-resttestclient/4.0.0/spring-boot-resttestclient-4.0.0.jar (33 kB at 38 kB/s)
Downloading from central: https://repo.maven.apache.org/maven2/tools/jackson/core/jackson-core/3.0.2/jackson-core-3.0.2.jar
Progress (1): 4.1/127 kBProgress (1): 20/127 kB Progress (1): 37/127 kBProgress (1): 53/127 kBProgress (1): 61/127 kBProgress (1): 78/127 kBProgress (1): 94/127 kBProgress (1): 111/127 kBProgress (1): 127 kB                        Downloaded from central: https://repo.maven.apache.org/maven2/org/springframework/boot/spring-boot-docker-compose/4.0.0/spring-boot-docker-compose-4.0.0.jar (127 kB at 142 kB/s)
Downloading from central: https://repo.maven.apache.org/maven2/org/testcontainers/testcontainers-junit-jupiter/2.0.2/testcontainers-junit-jupiter-2.0.2.jar
Progress (1): 0/18 MBProgress (1): 0/18 MBProgress (1): 0/18 MBProgress (1): 0/18 MBProgress (1): 0.1/18 MBProgress (1): 0.1/18 MBProgress (1): 0.1/18 MBProgress (1): 0.1/18 MBProgress (1): 0.1/18 MBProgress (1): 0.1/18 MBProgress (1): 0.2/18 MBProgress (1): 0.2/18 MBProgress (1): 0.2/18 MBProgress (1): 0.2/18 MBProgress (1): 0.2/18 MBProgress (1): 0.2/18 MBProgress (1): 0.3/18 MBProgress (1): 0.3/18 MBProgress (1): 0.3/18 MBProgress (1): 0.3/18 MBProgress (1): 0.3/18 MBProgress (1): 0.3/18 MBProgress (1): 0.4/18 MBProgress (1): 0.4/18 MBProgress (1): 0.4/18 MBProgress (1): 0.4/18 MBProgress (1): 0.4/18 MBProgress (2): 0.4/18 MB | 7.7/76 kBProgress (2): 0.4/18 MB | 16/76 kB Progress (2): 0.4/18 MB | 16/76 kBProgress (2): 0.4/18 MB | 32/76 kBProgress (2): 0.5/18 MB | 32/76 kBProgress (2): 0.5/18 MB | 49/76 kBProgress (2): 0.5/18 MB | 65/76 kBProgress (2): 0.5/18 MB | 76 kB   Progress (2): 0.5/18 MB | 76 kBProgress (2): 0.5/18 MB | 76 kBProgress (2): 0.5/18 MB | 76 kBProgress (2): 0.5/18 MB | 76 kBProgress (2): 0.5/18 MB | 76 kB                               Downloaded from central: https://repo.maven.apache.org/maven2/org/springframework/boot/spring-boot-testcontainers/4.0.0/spring-boot-testcontainers-4.0.0.jar (76 kB at 85 kB/s)
Downloading from central: https://repo.maven.apache.org/maven2/org/testcontainers/testcontainers-mysql/2.0.2/testcontainers-mysql-2.0.2.jar
Progress (1): 0.6/18 MBProgress (1): 0.6/18 MBProgress (1): 0.6/18 MBProgress (1): 0.6/18 MBProgress (1): 0.6/18 MBProgress (1): 0.6/18 MBProgress (1): 0.7/18 MBProgress (1): 0.7/18 MBProgress (1): 0.7/18 MBProgress (1): 0.7/18 MBProgress (1): 0.7/18 MBProgress (1): 0.7/18 MBProgress (1): 0.8/18 MBProgress (1): 0.8/18 MBProgress (1): 0.8/18 MBProgress (1): 0.8/18 MBProgress (1): 0.8/18 MBProgress (1): 0.8/18 MBProgress (1): 0.9/18 MBProgress (1): 0.9/18 MBProgress (1): 0.9/18 MBProgress (1): 0.9/18 MBProgress (1): 0.9/18 MBProgress (1): 0.9/18 MBProgress (1): 0.9/18 MBProgress (1): 1.0/18 MBProgress (1): 1.0/18 MBProgress (1): 1.0/18 MBProgress (1): 1.0/18 MBProgress (1): 1.0/18 MBProgress (1): 1.0/18 MBProgress (1): 1.1/18 MBProgress (1): 1.1/18 MBProgress (1): 1.1/18 MBProgress (1): 1.1/18 MBProgress (1): 1.1/18 MBProgress (1): 1.1/18 MBProgress (1): 1.2/18 MBProgress (1): 1.2/18 MBProgress (1): 1.2/18 MBProgress (1): 1.2/18 MBProgress (1): 1.2/18 MBProgress (1): 1.2/18 MBProgress (1): 1.3/18 MBProgress (1): 1.3/18 MBProgress (1): 1.3/18 MBProgress (1): 1.3/18 MBProgress (1): 1.3/18 MBProgress (1): 1.3/18 MBProgress (1): 1.4/18 MBProgress (1): 1.4/18 MBProgress (1): 1.4/18 MBProgress (1): 1.4/18 MBProgress (1): 1.4/18 MBProgress (1): 1.4/18 MBProgress (1): 1.5/18 MBProgress (1): 1.5/18 MBProgress (1): 1.5/18 MBProgress (1): 1.5/18 MBProgress (1): 1.5/18 MBProgress (1): 1.5/18 MBProgress (1): 1.6/18 MBProgress (1): 1.6/18 MBProgress (1): 1.6/18 MBProgress (1): 1.6/18 MBProgress (1): 1.6/18 MBProgress (1): 1.6/18 MBProgress (1): 1.7/18 MBProgress (1): 1.7/18 MBProgress (1): 1.7/18 MBProgress (1): 1.7/18 MBProgress (1): 1.7/18 MBProgress (1): 1.7/18 MBProgress (1): 1.8/18 MBProgress (1): 1.8/18 MBProgress (1): 1.8/18 MBProgress (1): 1.8/18 MBProgress (1): 1.8/18 MBProgress (1): 1.8/18 MBProgress (1): 1.9/18 MBProgress (1): 1.9/18 MBProgress (1): 1.9/18 MBProgress (1): 1.9/18 MBProgress (1): 1.9/18 MBProgress (1): 1.9/18 MBProgress (1): 1.9/18 MBProgress (1): 2.0/18 MBProgress (1): 2.0/18 MBProgress (1): 2.0/18 MBProgress (1): 2.0/18 MBProgress (1): 2.0/18 MBProgress (1): 2.0/18 MBProgress (1): 2.1/18 MBProgress (1): 2.1/18 MBProgress (1): 2.1/18 MBProgress (1): 2.1/18 MBProgress (1): 2.1/18 MBProgress (1): 2.1/18 MBProgress (1): 2.2/18 MBProgress (2): 2.2/18 MB | 0/1.9 MBProgress (2): 2.2/18 MB | 0/1.9 MBProgress (2): 2.2/18 MB | 0/1.9 MBProgress (2): 2.2/18 MB | 0/1.9 MBProgress (2): 2.2/18 MB | 0/1.9 MBProgress (2): 2.2/18 MB | 0/1.9 MBProgress (2): 2.2/18 MB | 0/1.9 MBProgress (2): 2.2/18 MB | 0.1/1.9 MBProgress (2): 2.2/18 MB | 0.1/1.9 MBProgress (2): 2.2/18 MB | 0.1/1.9 MBProgress (2): 2.2/18 MB | 0.1/1.9 MBProgress (2): 2.3/18 MB | 0.1/1.9 MBProgress (2): 2.3/18 MB | 0.1/1.9 MBProgress (2): 2.3/18 MB | 0.1/1.9 MBProgress (2): 2.3/18 MB | 0.1/1.9 MBProgress (2): 2.3/18 MB | 0.1/1.9 MBProgress (2): 2.3/18 MB | 0.1/1.9 MBProgress (2): 2.3/18 MB | 0.1/1.9 MBProgress (2): 2.3/18 MB | 0.1/1.9 MBProgress (2): 2.3/18 MB | 0.1/1.9 MBProgress (2): 2.4/18 MB | 0.1/1.9 MBProgress (2): 2.4/18 MB | 0.1/1.9 MBProgress (2): 2.4/18 MB | 0.1/1.9 MBProgress (2): 2.4/18 MB | 0.1/1.9 MBProgress (2): 2.4/18 MB | 0.1/1.9 MBProgress (2): 2.4/18 MB | 0.1/1.9 MBProgress (2): 2.4/18 MB | 0.1/1.9 MBProgress (2): 2.4/18 MB | 0.2/1.9 MBProgress (2): 2.5/18 MB | 0.2/1.9 MBProgress (2): 2.5/18 MB | 0.2/1.9 MBProgress (2): 2.5/18 MB | 0.2/1.9 MBProgress (2): 2.5/18 MB | 0.2/1.9 MBProgress (2): 2.5/18 MB | 0.2/1.9 MBProgress (2): 2.5/18 MB | 0.2/1.9 MBProgress (2): 2.5/18 MB | 0.2/1.9 MBProgress (2): 2.5/18 MB | 0.2/1.9 MBProgress (2): 2.5/18 MB | 0.2/1.9 MBProgress (2): 2.5/18 MB | 0.2/1.9 MBProgress (2): 2.6/18 MB | 0.2/1.9 MBProgress (2): 2.6/18 MB | 0.2/1.9 MBProgress (2): 2.6/18 MB | 0.2/1.9 MBProgress (2): 2.6/18 MB | 0.2/1.9 MBProgress (2): 2.6/18 MB | 0.2/1.9 MBProgress (2): 2.6/18 MB | 0.3/1.9 MBProgress (2): 2.6/18 MB | 0.3/1.9 MBProgress (2): 2.6/18 MB | 0.3/1.9 MBProgress (2): 2.6/18 MB | 0.3/1.9 MBProgress (2): 2.7/18 MB | 0.3/1.9 MBProgress (2): 2.7/18 MB | 0.3/1.9 MBProgress (2): 2.7/18 MB | 0.3/1.9 MBProgress (2): 2.7/18 MB | 0.3/1.9 MBProgress (2): 2.7/18 MB | 0.3/1.9 MBProgress (2): 2.7/18 MB | 0.3/1.9 MBProgress (2): 2.7/18 MB | 0.3/1.9 MBProgress (2): 2.7/18 MB | 0.3/1.9 MBProgress (2): 2.7/18 MB | 0.3/1.9 MBProgress (2): 2.7/18 MB | 0.3/1.9 MBProgress (2): 2.8/18 MB | 0.3/1.9 MBProgress (2): 2.8/18 MB | 0.3/1.9 MBProgress (2): 2.8/18 MB | 0.3/1.9 MBProgress (2): 2.8/18 MB | 0.3/1.9 MBProgress (2): 2.8/18 MB | 0.3/1.9 MBProgress (2): 2.8/18 MB | 0.3/1.9 MBProgress (2): 2.8/18 MB | 0.4/1.9 MBProgress (2): 2.8/18 MB | 0.4/1.9 MBProgress (2): 2.8/18 MB | 0.4/1.9 MBProgress (2): 2.9/18 MB | 0.4/1.9 MBProgress (2): 2.9/18 MB | 0.4/1.9 MBProgress (2): 2.9/18 MB | 0.4/1.9 MBProgress (2): 2.9/18 MB | 0.4/1.9 MBProgress (2): 2.9/18 MB | 0.4/1.9 MBProgress (2): 2.9/18 MB | 0.4/1.9 MBProgress (2): 2.9/18 MB | 0.4/1.9 MBProgress (2): 2.9/18 MB | 0.4/1.9 MBProgress (2): 2.9/18 MB | 0.4/1.9 MBProgress (2): 3.0/18 MB | 0.4/1.9 MBProgress (2): 3.0/18 MB | 0.4/1.9 MBProgress (2): 3.0/18 MB | 0.4/1.9 MBProgress (2): 3.0/18 MB | 0.4/1.9 MBProgress (2): 3.0/18 MB | 0.5/1.9 MBProgress (2): 3.0/18 MB | 0.5/1.9 MBProgress (2): 3.0/18 MB | 0.5/1.9 MBProgress (2): 3.0/18 MB | 0.5/1.9 MBProgress (2): 3.0/18 MB | 0.5/1.9 MBProgress (2): 3.1/18 MB | 0.5/1.9 MBProgress (2): 3.1/18 MB | 0.5/1.9 MBProgress (2): 3.1/18 MB | 0.5/1.9 MBProgress (2): 3.1/18 MB | 0.5/1.9 MBProgress (2): 3.1/18 MB | 0.5/1.9 MBProgress (2): 3.1/18 MB | 0.5/1.9 MBProgress (2): 3.1/18 MB | 0.5/1.9 MBProgress (2): 3.1/18 MB | 0.5/1.9 MBProgress (2): 3.1/18 MB | 0.5/1.9 MBProgress (2): 3.1/18 MB | 0.5/1.9 MBProgress (2): 3.2/18 MB | 0.5/1.9 MBProgress (2): 3.2/18 MB | 0.5/1.9 MBProgress (2): 3.2/18 MB | 0.5/1.9 MBProgress (2): 3.2/18 MB | 0.5/1.9 MBProgress (2): 3.2/18 MB | 0.5/1.9 MBProgress (2): 3.2/18 MB | 0.5/1.9 MBProgress (2): 3.3/18 MB | 0.5/1.9 MBProgress (2): 3.3/18 MB | 0.5/1.9 MBProgress (2): 3.3/18 MB | 0.5/1.9 MBProgress (2): 3.3/18 MB | 0.6/1.9 MBProgress (2): 3.3/18 MB | 0.6/1.9 MBProgress (2): 3.3/18 MB | 0.6/1.9 MBProgress (2): 3.3/18 MB | 0.6/1.9 MBProgress (2): 3.3/18 MB | 0.6/1.9 MBProgress (2): 3.3/18 MB | 0.6/1.9 MBProgress (2): 3.3/18 MB | 0.6/1.9 MBProgress (2): 3.4/18 MB | 0.6/1.9 MBProgress (2): 3.4/18 MB | 0.6/1.9 MBProgress (2): 3.4/18 MB | 0.6/1.9 MBProgress (2): 3.4/18 MB | 0.6/1.9 MBProgress (2): 3.4/18 MB | 0.6/1.9 MBProgress (2): 3.4/18 MB | 0.6/1.9 MBProgress (2): 3.4/18 MB | 0.6/1.9 MBProgress (2): 3.4/18 MB | 0.6/1.9 MBProgress (2): 3.4/18 MB | 0.6/1.9 MBProgress (2): 3.5/18 MB | 0.6/1.9 MBProgress (2): 3.5/18 MB | 0.6/1.9 MBProgress (2): 3.5/18 MB | 0.6/1.9 MBProgress (2): 3.5/18 MB | 0.7/1.9 MBProgress (2): 3.5/18 MB | 0.7/1.9 MBProgress (2): 3.5/18 MB | 0.7/1.9 MBProgress (2): 3.5/18 MB | 0.7/1.9 MBProgress (2): 3.5/18 MB | 0.7/1.9 MBProgress (2): 3.5/18 MB | 0.7/1.9 MBProgress (2): 3.5/18 MB | 0.7/1.9 MBProgress (2): 3.6/18 MB | 0.7/1.9 MBProgress (2): 3.6/18 MB | 0.7/1.9 MBProgress (2): 3.6/18 MB | 0.7/1.9 MBProgress (2): 3.6/18 MB | 0.7/1.9 MBProgress (2): 3.6/18 MB | 0.7/1.9 MBProgress (2): 3.6/18 MB | 0.7/1.9 MBProgress (2): 3.6/18 MB | 0.7/1.9 MBProgress (2): 3.7/18 MB | 0.7/1.9 MBProgress (2): 3.7/18 MB | 0.7/1.9 MBProgress (2): 3.7/18 MB | 0.7/1.9 MBProgress (2): 3.7/18 MB | 0.8/1.9 MBProgress (2): 3.7/18 MB | 0.8/1.9 MBProgress (2): 3.7/18 MB | 0.8/1.9 MBProgress (2): 3.7/18 MB | 0.8/1.9 MBProgress (2): 3.7/18 MB | 0.8/1.9 MBProgress (2): 3.7/18 MB | 0.8/1.9 MBProgress (2): 3.8/18 MB | 0.8/1.9 MBProgress (2): 3.8/18 MB | 0.8/1.9 MBProgress (2): 3.8/18 MB | 0.8/1.9 MBProgress (2): 3.8/18 MB | 0.8/1.9 MBProgress (2): 3.8/18 MB | 0.8/1.9 MBProgress (2): 3.8/18 MB | 0.8/1.9 MBProgress (2): 3.8/18 MB | 0.8/1.9 MBProgress (2): 3.8/18 MB | 0.8/1.9 MBProgress (2): 3.8/18 MB | 0.8/1.9 MBProgress (2): 3.8/18 MB | 0.8/1.9 MBProgress (2): 3.8/18 MB | 0.8/1.9 MBProgress (2): 3.9/18 MB | 0.8/1.9 MBProgress (2): 3.9/18 MB | 0.8/1.9 MBProgress (2): 3.9/18 MB | 0.8/1.9 MBProgress (2): 3.9/18 MB | 0.9/1.9 MBProgress (2): 3.9/18 MB | 0.9/1.9 MBProgress (2): 3.9/18 MB | 0.9/1.9 MBProgress (2): 3.9/18 MB | 0.9/1.9 MBProgress (2): 3.9/18 MB | 0.9/1.9 MBProgress (2): 3.9/18 MB | 0.9/1.9 MBProgress (2): 3.9/18 MB | 0.9/1.9 MBProgress (2): 4.0/18 MB | 0.9/1.9 MBProgress (2): 4.0/18 MB | 0.9/1.9 MBProgress (3): 4.0/18 MB | 0.9/1.9 MB | 7.7/15 kBProgress (3): 4.0/18 MB | 0.9/1.9 MB | 7.7/15 kBProgress (3): 4.0/18 MB | 0.9/1.9 MB | 12/15 kB Progress (3): 4.0/18 MB | 0.9/1.9 MB | 12/15 kBProgress (3): 4.0/18 MB | 0.9/1.9 MB | 15 kB   Progress (3): 4.0/18 MB | 0.9/1.9 MB | 15 kBProgress (3): 4.0/18 MB | 0.9/1.9 MB | 15 kBProgress (3): 4.0/18 MB | 1.0/1.9 MB | 15 kBProgress (3): 4.0/18 MB | 1.0/1.9 MB | 15 kBProgress (3): 4.0/18 MB | 1.0/1.9 MB | 15 kBProgress (3): 4.0/18 MB | 1.0/1.9 MB | 15 kBProgress (3): 4.1/18 MB | 1.0/1.9 MB | 15 kBProgress (3): 4.1/18 MB | 1.0/1.9 MB | 15 kBProgress (3): 4.1/18 MB | 1.0/1.9 MB | 15 kBProgress (3): 4.1/18 MB | 1.0/1.9 MB | 15 kBProgress (3): 4.1/18 MB | 1.0/1.9 MB | 15 kBProgress (3): 4.1/18 MB | 1.0/1.9 MB | 15 kBProgress (3): 4.1/18 MB | 1.0/1.9 MB | 15 kBProgress (3): 4.1/18 MB | 1.0/1.9 MB | 15 kBProgress (3): 4.1/18 MB | 1.0/1.9 MB | 15 kBProgress (3): 4.2/18 MB | 1.0/1.9 MB | 15 kBProgress (3): 4.2/18 MB | 1.0/1.9 MB | 15 kBProgress (3): 4.2/18 MB | 1.0/1.9 MB | 15 kBProgress (3): 4.2/18 MB | 1.0/1.9 MB | 15 kBProgress (3): 4.2/18 MB | 1.0/1.9 MB | 15 kBProgress (3): 4.2/18 MB | 1.0/1.9 MB | 15 kBProgress (3): 4.2/18 MB | 1.0/1.9 MB | 15 kBProgress (3): 4.3/18 MB | 1.0/1.9 MB | 15 kBProgress (4): 4.3/18 MB | 1.0/1.9 MB | 15 kB | 7.7/594 kB                                                         Downloaded from central: https://repo.maven.apache.org/maven2/org/testcontainers/testcontainers-junit-jupiter/2.0.2/testcontainers-junit-jupiter-2.0.2.jar (15 kB at 16 kB/s)
Progress (3): 4.3/18 MB | 1.0/1.9 MB | 16/594 kBProgress (3): 4.3/18 MB | 1.0/1.9 MB | 16/594 kB                                                Downloading from central: https://repo.maven.apache.org/maven2/org/testcontainers/testcontainers-jdbc/2.0.2/testcontainers-jdbc-2.0.2.jar
Progress (3): 4.3/18 MB | 1.0/1.9 MB | 16/594 kBProgress (3): 4.3/18 MB | 1.0/1.9 MB | 29/594 kBProgress (3): 4.3/18 MB | 1.0/1.9 MB | 29/594 kBProgress (3): 4.3/18 MB | 1.0/1.9 MB | 45/594 kBProgress (3): 4.3/18 MB | 1.0/1.9 MB | 45/594 kBProgress (3): 4.3/18 MB | 1.0/1.9 MB | 61/594 kBProgress (3): 4.3/18 MB | 1.0/1.9 MB | 61/594 kBProgress (3): 4.3/18 MB | 1.0/1.9 MB | 78/594 kBProgress (3): 4.3/18 MB | 1.0/1.9 MB | 94/594 kBProgress (3): 4.4/18 MB | 1.0/1.9 MB | 94/594 kBProgress (3): 4.4/18 MB | 1.0/1.9 MB | 111/594 kBProgress (3): 4.4/18 MB | 1.0/1.9 MB | 111/594 kBProgress (3): 4.4/18 MB | 1.0/1.9 MB | 127/594 kBProgress (3): 4.4/18 MB | 1.0/1.9 MB | 127/594 kBProgress (3): 4.4/18 MB | 1.0/1.9 MB | 143/594 kBProgress (3): 4.4/18 MB | 1.0/1.9 MB | 143/594 kBProgress (3): 4.4/18 MB | 1.0/1.9 MB | 160/594 kBProgress (3): 4.4/18 MB | 1.0/1.9 MB | 160/594 kBProgress (3): 4.4/18 MB | 1.0/1.9 MB | 176/594 kBProgress (3): 4.4/18 MB | 1.1/1.9 MB | 176/594 kBProgress (3): 4.4/18 MB | 1.1/1.9 MB | 176/594 kBProgress (3): 4.4/18 MB | 1.1/1.9 MB | 193/594 kBProgress (3): 4.4/18 MB | 1.1/1.9 MB | 193/594 kBProgress (3): 4.5/18 MB | 1.1/1.9 MB | 193/594 kBProgress (3): 4.5/18 MB | 1.1/1.9 MB | 209/594 kBProgress (3): 4.5/18 MB | 1.1/1.9 MB | 225/594 kBProgress (3): 4.5/18 MB | 1.1/1.9 MB | 225/594 kBProgress (3): 4.5/18 MB | 1.1/1.9 MB | 225/594 kBProgress (3): 4.5/18 MB | 1.1/1.9 MB | 242/594 kBProgress (3): 4.5/18 MB | 1.1/1.9 MB | 242/594 kBProgress (3): 4.5/18 MB | 1.1/1.9 MB | 242/594 kBProgress (3): 4.5/18 MB | 1.1/1.9 MB | 246/594 kBProgress (3): 4.5/18 MB | 1.1/1.9 MB | 246/594 kBProgress (3): 4.5/18 MB | 1.1/1.9 MB | 246/594 kBProgress (3): 4.5/18 MB | 1.1/1.9 MB | 262/594 kBProgress (3): 4.5/18 MB | 1.1/1.9 MB | 262/594 kBProgress (3): 4.5/18 MB | 1.1/1.9 MB | 262/594 kBProgress (3): 4.5/18 MB | 1.1/1.9 MB | 279/594 kBProgress (3): 4.5/18 MB | 1.2/1.9 MB | 279/594 kBProgress (3): 4.5/18 MB | 1.2/1.9 MB | 279/594 kBProgress (3): 4.5/18 MB | 1.2/1.9 MB | 295/594 kBProgress (3): 4.5/18 MB | 1.2/1.9 MB | 295/594 kBProgress (3): 4.6/18 MB | 1.2/1.9 MB | 295/594 kBProgress (3): 4.6/18 MB | 1.2/1.9 MB | 311/594 kBProgress (3): 4.6/18 MB | 1.2/1.9 MB | 311/594 kBProgress (3): 4.6/18 MB | 1.2/1.9 MB | 328/594 kBProgress (3): 4.6/18 MB | 1.2/1.9 MB | 328/594 kBProgress (3): 4.6/18 MB | 1.2/1.9 MB | 328/594 kBProgress (3): 4.6/18 MB | 1.2/1.9 MB | 328/594 kBProgress (3): 4.6/18 MB | 1.2/1.9 MB | 344/594 kBProgress (3): 4.6/18 MB | 1.2/1.9 MB | 344/594 kBProgress (3): 4.6/18 MB | 1.2/1.9 MB | 360/594 kBProgress (3): 4.6/18 MB | 1.2/1.9 MB | 360/594 kBProgress (3): 4.6/18 MB | 1.2/1.9 MB | 377/594 kBProgress (3): 4.6/18 MB | 1.2/1.9 MB | 393/594 kBProgress (3): 4.6/18 MB | 1.2/1.9 MB | 393/594 kBProgress (3): 4.6/18 MB | 1.2/1.9 MB | 410/594 kBProgress (3): 4.6/18 MB | 1.2/1.9 MB | 410/594 kBProgress (3): 4.7/18 MB | 1.2/1.9 MB | 410/594 kBProgress (3): 4.7/18 MB | 1.2/1.9 MB | 426/594 kBProgress (3): 4.7/18 MB | 1.2/1.9 MB | 426/594 kBProgress (3): 4.7/18 MB | 1.2/1.9 MB | 426/594 kBProgress (3): 4.7/18 MB | 1.2/1.9 MB | 442/594 kBProgress (3): 4.7/18 MB | 1.2/1.9 MB | 442/594 kBProgress (3): 4.7/18 MB | 1.2/1.9 MB | 442/594 kBProgress (3): 4.7/18 MB | 1.2/1.9 MB | 459/594 kBProgress (3): 4.7/18 MB | 1.2/1.9 MB | 459/594 kBProgress (3): 4.7/18 MB | 1.2/1.9 MB | 475/594 kBProgress (3): 4.7/18 MB | 1.3/1.9 MB | 475/594 kBProgress (3): 4.7/18 MB | 1.3/1.9 MB | 492/594 kBProgress (3): 4.7/18 MB | 1.3/1.9 MB | 492/594 kBProgress (3): 4.7/18 MB | 1.3/1.9 MB | 508/594 kBProgress (3): 4.7/18 MB | 1.3/1.9 MB | 508/594 kBProgress (3): 4.7/18 MB | 1.3/1.9 MB | 508/594 kBProgress (3): 4.7/18 MB | 1.3/1.9 MB | 524/594 kBProgress (3): 4.8/18 MB | 1.3/1.9 MB | 524/594 kBProgress (3): 4.8/18 MB | 1.3/1.9 MB | 541/594 kBProgress (3): 4.8/18 MB | 1.3/1.9 MB | 541/594 kBProgress (3): 4.8/18 MB | 1.3/1.9 MB | 541/594 kBProgress (3): 4.8/18 MB | 1.3/1.9 MB | 557/594 kBProgress (3): 4.8/18 MB | 1.3/1.9 MB | 557/594 kBProgress (3): 4.8/18 MB | 1.3/1.9 MB | 573/594 kBProgress (3): 4.8/18 MB | 1.3/1.9 MB | 573/594 kBProgress (3): 4.8/18 MB | 1.3/1.9 MB | 573/594 kBProgress (3): 4.8/18 MB | 1.3/1.9 MB | 590/594 kBProgress (3): 4.8/18 MB | 1.3/1.9 MB | 590/594 kBProgress (3): 4.8/18 MB | 1.3/1.9 MB | 590/594 kBProgress (3): 4.8/18 MB | 1.3/1.9 MB | 594 kB    Progress (3): 4.8/18 MB | 1.3/1.9 MB | 594 kBProgress (3): 4.8/18 MB | 1.3/1.9 MB | 594 kBProgress (3): 4.8/18 MB | 1.4/1.9 MB | 594 kBProgress (3): 4.8/18 MB | 1.4/1.9 MB | 594 kBProgress (3): 4.9/18 MB | 1.4/1.9 MB | 594 kBProgress (3): 4.9/18 MB | 1.4/1.9 MB | 594 kBProgress (3): 4.9/18 MB | 1.4/1.9 MB | 594 kBProgress (3): 4.9/18 MB | 1.4/1.9 MB | 594 kB                                             Downloaded from central: https://repo.maven.apache.org/maven2/tools/jackson/core/jackson-core/3.0.2/jackson-core-3.0.2.jar (594 kB at 643 kB/s)
Progress (2): 4.9/18 MB | 1.4/1.9 MBProgress (2): 4.9/18 MB | 1.4/1.9 MB                                    Downloading from central: https://repo.maven.apache.org/maven2/org/testcontainers/testcontainers-database-commons/2.0.2/testcontainers-database-commons-2.0.2.jar
Progress (2): 4.9/18 MB | 1.4/1.9 MBProgress (2): 4.9/18 MB | 1.4/1.9 MBProgress (2): 4.9/18 MB | 1.4/1.9 MBProgress (2): 4.9/18 MB | 1.4/1.9 MBProgress (2): 5.0/18 MB | 1.4/1.9 MBProgress (2): 5.0/18 MB | 1.4/1.9 MBProgress (2): 5.0/18 MB | 1.4/1.9 MBProgress (2): 5.0/18 MB | 1.4/1.9 MBProgress (2): 5.0/18 MB | 1.4/1.9 MBProgress (2): 5.0/18 MB | 1.4/1.9 MBProgress (2): 5.0/18 MB | 1.4/1.9 MBProgress (2): 5.0/18 MB | 1.5/1.9 MBProgress (2): 5.1/18 MB | 1.5/1.9 MBProgress (2): 5.1/18 MB | 1.5/1.9 MBProgress (2): 5.1/18 MB | 1.5/1.9 MBProgress (2): 5.1/18 MB | 1.5/1.9 MBProgress (2): 5.1/18 MB | 1.5/1.9 MBProgress (2): 5.1/18 MB | 1.5/1.9 MBProgress (2): 5.1/18 MB | 1.5/1.9 MBProgress (2): 5.1/18 MB | 1.5/1.9 MBProgress (2): 5.1/18 MB | 1.5/1.9 MBProgress (2): 5.2/18 MB | 1.5/1.9 MBProgress (2): 5.2/18 MB | 1.5/1.9 MBProgress (2): 5.2/18 MB | 1.5/1.9 MBProgress (2): 5.2/18 MB | 1.5/1.9 MBProgress (2): 5.2/18 MB | 1.5/1.9 MBProgress (2): 5.2/18 MB | 1.5/1.9 MBProgress (2): 5.2/18 MB | 1.5/1.9 MBProgress (2): 5.2/18 MB | 1.6/1.9 MBProgress (2): 5.2/18 MB | 1.6/1.9 MBProgress (2): 5.3/18 MB | 1.6/1.9 MBProgress (2): 5.3/18 MB | 1.6/1.9 MBProgress (2): 5.3/18 MB | 1.6/1.9 MBProgress (2): 5.3/18 MB | 1.6/1.9 MBProgress (2): 5.3/18 MB | 1.6/1.9 MBProgress (2): 5.3/18 MB | 1.6/1.9 MBProgress (2): 5.3/18 MB | 1.6/1.9 MBProgress (2): 5.3/18 MB | 1.6/1.9 MBProgress (2): 5.3/18 MB | 1.6/1.9 MBProgress (2): 5.3/18 MB | 1.6/1.9 MBProgress (2): 5.4/18 MB | 1.6/1.9 MBProgress (2): 5.4/18 MB | 1.6/1.9 MBProgress (2): 5.4/18 MB | 1.6/1.9 MBProgress (2): 5.4/18 MB | 1.7/1.9 MBProgress (2): 5.4/18 MB | 1.7/1.9 MBProgress (2): 5.4/18 MB | 1.7/1.9 MBProgress (2): 5.4/18 MB | 1.7/1.9 MBProgress (2): 5.4/18 MB | 1.7/1.9 MBProgress (2): 5.4/18 MB | 1.7/1.9 MBProgress (2): 5.4/18 MB | 1.7/1.9 MBProgress (2): 5.5/18 MB | 1.7/1.9 MBProgress (2): 5.5/18 MB | 1.7/1.9 MBProgress (2): 5.5/18 MB | 1.7/1.9 MBProgress (2): 5.5/18 MB | 1.7/1.9 MBProgress (2): 5.5/18 MB | 1.7/1.9 MBProgress (2): 5.5/18 MB | 1.7/1.9 MBProgress (2): 5.6/18 MB | 1.7/1.9 MBProgress (2): 5.6/18 MB | 1.7/1.9 MBProgress (2): 5.6/18 MB | 1.7/1.9 MBProgress (2): 5.6/18 MB | 1.7/1.9 MBProgress (2): 5.6/18 MB | 1.7/1.9 MBProgress (2): 5.6/18 MB | 1.7/1.9 MBProgress (2): 5.7/18 MB | 1.7/1.9 MBProgress (2): 5.7/18 MB | 1.7/1.9 MBProgress (2): 5.7/18 MB | 1.7/1.9 MBProgress (2): 5.7/18 MB | 1.7/1.9 MBProgress (2): 5.7/18 MB | 1.7/1.9 MBProgress (2): 5.7/18 MB | 1.7/1.9 MBProgress (2): 5.8/18 MB | 1.7/1.9 MBProgress (2): 5.8/18 MB | 1.7/1.9 MBProgress (2): 5.8/18 MB | 1.7/1.9 MBProgress (2): 5.8/18 MB | 1.7/1.9 MBProgress (2): 5.8/18 MB | 1.7/1.9 MBProgress (2): 5.8/18 MB | 1.7/1.9 MBProgress (2): 5.8/18 MB | 1.7/1.9 MBProgress (2): 5.8/18 MB | 1.7/1.9 MBProgress (2): 5.8/18 MB | 1.7/1.9 MBProgress (2): 5.8/18 MB | 1.7/1.9 MBProgress (2): 5.8/18 MB | 1.8/1.9 MBProgress (2): 5.9/18 MB | 1.8/1.9 MBProgress (2): 5.9/18 MB | 1.8/1.9 MBProgress (2): 5.9/18 MB | 1.8/1.9 MBProgress (2): 5.9/18 MB | 1.8/1.9 MBProgress (2): 5.9/18 MB | 1.8/1.9 MBProgress (2): 5.9/18 MB | 1.8/1.9 MBProgress (2): 5.9/18 MB | 1.8/1.9 MBProgress (2): 5.9/18 MB | 1.8/1.9 MBProgress (2): 6.0/18 MB | 1.8/1.9 MBProgress (2): 6.0/18 MB | 1.8/1.9 MBProgress (2): 6.0/18 MB | 1.8/1.9 MBProgress (2): 6.0/18 MB | 1.8/1.9 MBProgress (2): 6.0/18 MB | 1.8/1.9 MBProgress (2): 6.0/18 MB | 1.8/1.9 MBProgress (2): 6.0/18 MB | 1.8/1.9 MBProgress (2): 6.0/18 MB | 1.8/1.9 MBProgress (2): 6.0/18 MB | 1.8/1.9 MBProgress (2): 6.1/18 MB | 1.8/1.9 MBProgress (2): 6.1/18 MB | 1.8/1.9 MBProgress (2): 6.1/18 MB | 1.8/1.9 MBProgress (2): 6.1/18 MB | 1.8/1.9 MBProgress (2): 6.1/18 MB | 1.8/1.9 MBProgress (2): 6.1/18 MB | 1.9 MB    Progress (2): 6.1/18 MB | 1.9 MBProgress (3): 6.1/18 MB | 1.9 MB | 7.7/13 kBProgress (3): 6.2/18 MB | 1.9 MB | 7.7/13 kBProgress (3): 6.2/18 MB | 1.9 MB | 13 kB    Progress (3): 6.2/18 MB | 1.9 MB | 13 kBProgress (3): 6.2/18 MB | 1.9 MB | 13 kBProgress (3): 6.2/18 MB | 1.9 MB | 13 kBProgress (3): 6.2/18 MB | 1.9 MB | 13 kB                                        Downloaded from central: https://repo.maven.apache.org/maven2/tools/jackson/core/jackson-databind/3.0.2/jackson-databind-3.0.2.jar (1.9 MB at 2.0 MB/s)
Progress (2): 6.2/18 MB | 13 kB                               Downloaded from central: https://repo.maven.apache.org/maven2/org/testcontainers/testcontainers-mysql/2.0.2/testcontainers-mysql-2.0.2.jar (13 kB at 14 kB/s)
Progress (1): 6.3/18 MBProgress (1): 6.3/18 MBProgress (1): 6.3/18 MBProgress (1): 6.3/18 MBProgress (1): 6.3/18 MBProgress (1): 6.3/18 MBProgress (1): 6.4/18 MBProgress (1): 6.4/18 MBProgress (1): 6.4/18 MBProgress (1): 6.4/18 MBProgress (1): 6.4/18 MBProgress (1): 6.4/18 MBProgress (1): 6.5/18 MBProgress (1): 6.5/18 MBProgress (1): 6.5/18 MBProgress (1): 6.5/18 MBProgress (1): 6.5/18 MBProgress (1): 6.5/18 MBProgress (1): 6.6/18 MBProgress (1): 6.6/18 MBProgress (1): 6.6/18 MBProgress (1): 6.6/18 MBProgress (1): 6.6/18 MBProgress (1): 6.6/18 MBProgress (1): 6.7/18 MBProgress (1): 6.7/18 MBProgress (1): 6.7/18 MBProgress (1): 6.7/18 MBProgress (1): 6.7/18 MBProgress (1): 6.7/18 MBProgress (1): 6.7/18 MBProgress (1): 6.8/18 MBProgress (1): 6.8/18 MBProgress (1): 6.8/18 MBProgress (1): 6.8/18 MBProgress (1): 6.8/18 MBProgress (1): 6.8/18 MBProgress (1): 6.9/18 MBProgress (1): 6.9/18 MBProgress (1): 6.9/18 MBProgress (1): 6.9/18 MBProgress (1): 6.9/18 MBProgress (1): 6.9/18 MBProgress (1): 7.0/18 MBProgress (1): 7.0/18 MBProgress (1): 7.0/18 MBProgress (1): 7.0/18 MBProgress (1): 7.0/18 MBProgress (1): 7.0/18 MBProgress (1): 7.1/18 MBProgress (1): 7.1/18 MBProgress (1): 7.1/18 MBProgress (1): 7.1/18 MBProgress (1): 7.1/18 MBProgress (1): 7.1/18 MBProgress (1): 7.2/18 MBProgress (1): 7.2/18 MBProgress (1): 7.2/18 MBProgress (1): 7.2/18 MBProgress (1): 7.2/18 MBProgress (1): 7.2/18 MBProgress (1): 7.3/18 MBProgress (1): 7.3/18 MBProgress (1): 7.3/18 MBProgress (1): 7.3/18 MBProgress (1): 7.3/18 MBProgress (1): 7.3/18 MBProgress (1): 7.4/18 MBProgress (1): 7.4/18 MBProgress (1): 7.4/18 MBProgress (1): 7.4/18 MBProgress (1): 7.4/18 MBProgress (1): 7.4/18 MBProgress (1): 7.5/18 MBProgress (1): 7.5/18 MBProgress (1): 7.5/18 MBProgress (1): 7.5/18 MBProgress (1): 7.5/18 MBProgress (1): 7.5/18 MBProgress (1): 7.6/18 MBProgress (1): 7.6/18 MBProgress (1): 7.6/18 MBProgress (1): 7.6/18 MBProgress (1): 7.6/18 MBProgress (1): 7.6/18 MBProgress (1): 7.7/18 MBProgress (1): 7.7/18 MBProgress (1): 7.7/18 MBProgress (1): 7.7/18 MBProgress (1): 7.7/18 MBProgress (1): 7.7/18 MBProgress (1): 7.7/18 MBProgress (1): 7.8/18 MBProgress (1): 7.8/18 MBProgress (1): 7.8/18 MBProgress (1): 7.8/18 MBProgress (1): 7.8/18 MBProgress (1): 7.8/18 MBProgress (1): 7.9/18 MBProgress (1): 7.9/18 MBProgress (1): 7.9/18 MBProgress (1): 7.9/18 MBProgress (1): 7.9/18 MBProgress (1): 7.9/18 MBProgress (1): 8.0/18 MBProgress (1): 8.0/18 MBProgress (1): 8.0/18 MBProgress (1): 8.0/18 MBProgress (1): 8.0/18 MBProgress (1): 8.0/18 MBProgress (1): 8.1/18 MBProgress (1): 8.1/18 MBProgress (1): 8.1/18 MBProgress (1): 8.1/18 MBProgress (1): 8.1/18 MBProgress (1): 8.1/18 MBProgress (1): 8.2/18 MBProgress (1): 8.2/18 MBProgress (1): 8.2/18 MBProgress (1): 8.2/18 MBProgress (1): 8.2/18 MBProgress (1): 8.2/18 MBProgress (1): 8.3/18 MBProgress (1): 8.3/18 MBProgress (1): 8.3/18 MBProgress (1): 8.3/18 MBProgress (1): 8.3/18 MBProgress (1): 8.3/18 MBProgress (1): 8.4/18 MBProgress (1): 8.4/18 MBProgress (1): 8.4/18 MBProgress (1): 8.4/18 MBProgress (1): 8.4/18 MBProgress (1): 8.4/18 MBProgress (1): 8.5/18 MBProgress (1): 8.5/18 MBProgress (1): 8.5/18 MBProgress (2): 8.5/18 MB | 7.7/30 kBProgress (2): 8.5/18 MB | 7.7/30 kBProgress (2): 8.5/18 MB | 16/30 kB Progress (2): 8.5/18 MB | 16/30 kBProgress (2): 8.5/18 MB | 30 kB   Progress (2): 8.5/18 MB | 30 kBProgress (2): 8.6/18 MB | 30 kBProgress (2): 8.6/18 MB | 30 kBProgress (2): 8.6/18 MB | 30 kB                               Downloaded from central: https://repo.maven.apache.org/maven2/org/testcontainers/testcontainers-jdbc/2.0.2/testcontainers-jdbc-2.0.2.jar (30 kB at 32 kB/s)
Progress (1): 8.6/18 MBProgress (1): 8.6/18 MBProgress (1): 8.6/18 MBProgress (1): 8.7/18 MBProgress (1): 8.7/18 MBProgress (1): 8.7/18 MBProgress (1): 8.7/18 MBProgress (1): 8.7/18 MBProgress (1): 8.7/18 MBProgress (1): 8.7/18 MBProgress (1): 8.8/18 MBProgress (1): 8.8/18 MBProgress (1): 8.8/18 MBProgress (1): 8.8/18 MBProgress (1): 8.8/18 MBProgress (1): 8.8/18 MBProgress (1): 8.9/18 MBProgress (1): 8.9/18 MBProgress (1): 8.9/18 MBProgress (1): 8.9/18 MBProgress (1): 8.9/18 MBProgress (1): 8.9/18 MBProgress (1): 9.0/18 MBProgress (1): 9.0/18 MBProgress (1): 9.0/18 MBProgress (1): 9.0/18 MBProgress (1): 9.0/18 MBProgress (1): 9.0/18 MBProgress (1): 9.1/18 MBProgress (1): 9.1/18 MBProgress (1): 9.1/18 MBProgress (1): 9.1/18 MBProgress (1): 9.1/18 MBProgress (1): 9.1/18 MBProgress (1): 9.2/18 MBProgress (1): 9.2/18 MBProgress (1): 9.2/18 MBProgress (1): 9.2/18 MBProgress (1): 9.2/18 MBProgress (1): 9.2/18 MBProgress (1): 9.3/18 MBProgress (1): 9.3/18 MBProgress (1): 9.3/18 MBProgress (1): 9.3/18 MBProgress (1): 9.3/18 MBProgress (1): 9.3/18 MBProgress (1): 9.4/18 MBProgress (1): 9.4/18 MBProgress (1): 9.4/18 MBProgress (1): 9.4/18 MBProgress (1): 9.4/18 MBProgress (1): 9.4/18 MBProgress (1): 9.5/18 MBProgress (1): 9.5/18 MBProgress (1): 9.5/18 MBProgress (1): 9.5/18 MBProgress (1): 9.5/18 MBProgress (1): 9.5/18 MBProgress (1): 9.6/18 MBProgress (1): 9.6/18 MBProgress (1): 9.6/18 MBProgress (1): 9.6/18 MBProgress (1): 9.6/18 MBProgress (1): 9.6/18 MBProgress (1): 9.6/18 MBProgress (1): 9.7/18 MBProgress (1): 9.7/18 MBProgress (1): 9.7/18 MBProgress (1): 9.7/18 MBProgress (1): 9.7/18 MBProgress (1): 9.7/18 MBProgress (1): 9.8/18 MBProgress (1): 9.8/18 MBProgress (1): 9.8/18 MBProgress (1): 9.8/18 MBProgress (1): 9.8/18 MBProgress (1): 9.8/18 MBProgress (1): 9.9/18 MBProgress (1): 9.9/18 MBProgress (1): 9.9/18 MBProgress (1): 9.9/18 MBProgress (1): 9.9/18 MBProgress (1): 9.9/18 MBProgress (1): 10.0/18 MBProgress (2): 10.0/18 MB | 7.7/15 kBProgress (2): 10.0/18 MB | 15 kB    Progress (2): 10.0/18 MB | 15 kBProgress (2): 10.0/18 MB | 15 kBProgress (2): 10/18 MB | 15 kB  Progress (2): 10/18 MB | 15 kBProgress (2): 10/18 MB | 15 kBProgress (2): 10/18 MB | 15 kBProgress (2): 10/18 MB | 15 kB                              Downloaded from central: https://repo.maven.apache.org/maven2/org/testcontainers/testcontainers-database-commons/2.0.2/testcontainers-database-commons-2.0.2.jar (15 kB at 16 kB/s)
Progress (1): 10/18 MBProgress (1): 10/18 MBProgress (1): 10/18 MBProgress (1): 10/18 MBProgress (1): 10/18 MBProgress (1): 10/18 MBProgress (1): 10/18 MBProgress (1): 10/18 MBProgress (1): 10/18 MBProgress (1): 10/18 MBProgress (1): 10/18 MBProgress (1): 10/18 MBProgress (1): 10/18 MBProgress (1): 10/18 MBProgress (1): 10/18 MBProgress (1): 10/18 MBProgress (1): 10/18 MBProgress (1): 10/18 MBProgress (1): 10/18 MBProgress (1): 10/18 MBProgress (1): 10/18 MBProgress (1): 10/18 MBProgress (1): 10/18 MBProgress (1): 10/18 MBProgress (1): 10/18 MBProgress (1): 11/18 MBProgress (1): 11/18 MBProgress (1): 11/18 MBProgress (1): 11/18 MBProgress (1): 11/18 MBProgress (1): 11/18 MBProgress (1): 11/18 MBProgress (1): 11/18 MBProgress (1): 11/18 MBProgress (1): 11/18 MBProgress (1): 11/18 MBProgress (1): 11/18 MBProgress (1): 11/18 MBProgress (1): 11/18 MBProgress (1): 11/18 MBProgress (1): 11/18 MBProgress (1): 11/18 MBProgress (1): 11/18 MBProgress (1): 11/18 MBProgress (1): 11/18 MBProgress (1): 11/18 MBProgress (1): 11/18 MBProgress (1): 11/18 MBProgress (1): 11/18 MBProgress (1): 11/18 MBProgress (1): 11/18 MBProgress (1): 11/18 MBProgress (1): 11/18 MBProgress (1): 11/18 MBProgress (1): 11/18 MBProgress (1): 11/18 MBProgress (1): 11/18 MBProgress (1): 11/18 MBProgress (1): 11/18 MBProgress (1): 11/18 MBProgress (1): 11/18 MBProgress (1): 11/18 MBProgress (1): 11/18 MBProgress (1): 11/18 MBProgress (1): 11/18 MBProgress (1): 11/18 MBProgress (1): 11/18 MBProgress (1): 11/18 MBProgress (1): 11/18 MBProgress (1): 11/18 MBProgress (1): 11/18 MBProgress (1): 11/18 MBProgress (1): 11/18 MBProgress (1): 11/18 MBProgress (1): 11/18 MBProgress (1): 11/18 MBProgress (1): 11/18 MBProgress (1): 11/18 MBProgress (1): 11/18 MBProgress (1): 11/18 MBProgress (1): 11/18 MBProgress (1): 11/18 MBProgress (1): 11/18 MBProgress (1): 11/18 MBProgress (1): 11/18 MBProgress (1): 11/18 MBProgress (1): 12/18 MBProgress (1): 12/18 MBProgress (1): 12/18 MBProgress (1): 12/18 MBProgress (1): 12/18 MBProgress (1): 12/18 MBProgress (1): 12/18 MBProgress (1): 12/18 MBProgress (1): 12/18 MBProgress (1): 12/18 MBProgress (1): 12/18 MBProgress (1): 12/18 MBProgress (1): 12/18 MBProgress (1): 12/18 MBProgress (1): 12/18 MBProgress (1): 12/18 MBProgress (1): 12/18 MBProgress (1): 12/18 MBProgress (1): 12/18 MBProgress (1): 12/18 MBProgress (1): 12/18 MBProgress (1): 12/18 MBProgress (1): 12/18 MBProgress (1): 12/18 MBProgress (1): 12/18 MBProgress (1): 12/18 MBProgress (1): 12/18 MBProgress (1): 12/18 MBProgress (1): 12/18 MBProgress (1): 12/18 MBProgress (1): 12/18 MBProgress (1): 12/18 MBProgress (1): 12/18 MBProgress (1): 12/18 MBProgress (1): 12/18 MBProgress (1): 12/18 MBProgress (1): 12/18 MBProgress (1): 12/18 MBProgress (1): 12/18 MBProgress (1): 12/18 MBProgress (1): 12/18 MBProgress (1): 12/18 MBProgress (1): 12/18 MBProgress (1): 12/18 MBProgress (1): 12/18 MBProgress (1): 12/18 MBProgress (1): 12/18 MBProgress (1): 12/18 MBProgress (1): 12/18 MBProgress (1): 12/18 MBProgress (1): 12/18 MBProgress (1): 12/18 MBProgress (1): 12/18 MBProgress (1): 12/18 MBProgress (1): 12/18 MBProgress (1): 12/18 MBProgress (1): 12/18 MBProgress (1): 12/18 MBProgress (1): 12/18 MBProgress (1): 12/18 MBProgress (1): 12/18 MBProgress (1): 13/18 MBProgress (1): 13/18 MBProgress (1): 13/18 MBProgress (1): 13/18 MBProgress (1): 13/18 MBProgress (1): 13/18 MBProgress (1): 13/18 MBProgress (1): 13/18 MBProgress (1): 13/18 MBProgress (1): 13/18 MBProgress (1): 13/18 MBProgress (1): 13/18 MBProgress (1): 13/18 MBProgress (1): 13/18 MBProgress (1): 13/18 MBProgress (1): 13/18 MBProgress (1): 13/18 MBProgress (1): 13/18 MBProgress (1): 13/18 MBProgress (1): 13/18 MBProgress (1): 13/18 MBProgress (1): 13/18 MBProgress (1): 13/18 MBProgress (1): 13/18 MBProgress (1): 13/18 MBProgress (1): 13/18 MBProgress (1): 13/18 MBProgress (1): 13/18 MBProgress (1): 13/18 MBProgress (1): 13/18 MBProgress (1): 13/18 MBProgress (1): 13/18 MBProgress (1): 13/18 MBProgress (1): 13/18 MBProgress (1): 13/18 MBProgress (1): 13/18 MBProgress (1): 13/18 MBProgress (1): 13/18 MBProgress (1): 13/18 MBProgress (1): 13/18 MBProgress (1): 13/18 MBProgress (1): 13/18 MBProgress (1): 13/18 MBProgress (1): 13/18 MBProgress (1): 13/18 MBProgress (1): 13/18 MBProgress (1): 13/18 MBProgress (1): 13/18 MBProgress (1): 13/18 MBProgress (1): 13/18 MBProgress (1): 13/18 MBProgress (1): 13/18 MBProgress (1): 13/18 MBProgress (1): 13/18 MBProgress (1): 13/18 MBProgress (1): 13/18 MBProgress (1): 13/18 MBProgress (1): 13/18 MBProgress (1): 13/18 MBProgress (1): 13/18 MBProgress (1): 13/18 MBProgress (1): 13/18 MBProgress (1): 14/18 MBProgress (1): 14/18 MBProgress (1): 14/18 MBProgress (1): 14/18 MBProgress (1): 14/18 MBProgress (1): 14/18 MBProgress (1): 14/18 MBProgress (1): 14/18 MBProgress (1): 14/18 MBProgress (1): 14/18 MBProgress (1): 14/18 MBProgress (1): 14/18 MBProgress (1): 14/18 MBProgress (1): 14/18 MBProgress (1): 14/18 MBProgress (1): 14/18 MBProgress (1): 14/18 MBProgress (1): 14/18 MBProgress (1): 14/18 MBProgress (1): 14/18 MBProgress (1): 14/18 MBProgress (1): 14/18 MBProgress (1): 14/18 MBProgress (1): 14/18 MBProgress (1): 14/18 MBProgress (1): 14/18 MBProgress (1): 14/18 MBProgress (1): 14/18 MBProgress (1): 14/18 MBProgress (1): 14/18 MBProgress (1): 14/18 MBProgress (1): 14/18 MBProgress (1): 14/18 MBProgress (1): 14/18 MBProgress (1): 14/18 MBProgress (1): 14/18 MBProgress (1): 14/18 MBProgress (1): 14/18 MBProgress (1): 14/18 MBProgress (1): 14/18 MBProgress (1): 14/18 MBProgress (1): 14/18 MBProgress (1): 14/18 MBProgress (1): 14/18 MBProgress (1): 14/18 MBProgress (1): 14/18 MBProgress (1): 14/18 MBProgress (1): 14/18 MBProgress (1): 14/18 MBProgress (1): 14/18 MBProgress (1): 14/18 MBProgress (1): 14/18 MBProgress (1): 14/18 MBProgress (1): 14/18 MBProgress (1): 14/18 MBProgress (1): 14/18 MBProgress (1): 14/18 MBProgress (1): 14/18 MBProgress (1): 14/18 MBProgress (1): 14/18 MBProgress (1): 14/18 MBProgress (1): 15/18 MBProgress (1): 15/18 MBProgress (1): 15/18 MBProgress (1): 15/18 MBProgress (1): 15/18 MBProgress (1): 15/18 MBProgress (1): 15/18 MBProgress (1): 15/18 MBProgress (1): 15/18 MBProgress (1): 15/18 MBProgress (1): 15/18 MBProgress (1): 15/18 MBProgress (1): 15/18 MBProgress (1): 15/18 MBProgress (1): 15/18 MBProgress (1): 15/18 MBProgress (1): 15/18 MBProgress (1): 15/18 MBProgress (1): 15/18 MBProgress (1): 15/18 MBProgress (1): 15/18 MBProgress (1): 15/18 MBProgress (1): 15/18 MBProgress (1): 15/18 MBProgress (1): 15/18 MBProgress (1): 15/18 MBProgress (1): 15/18 MBProgress (1): 15/18 MBProgress (1): 15/18 MBProgress (1): 15/18 MBProgress (1): 15/18 MBProgress (1): 15/18 MBProgress (1): 15/18 MBProgress (1): 15/18 MBProgress (1): 15/18 MBProgress (1): 15/18 MBProgress (1): 15/18 MBProgress (1): 15/18 MBProgress (1): 15/18 MBProgress (1): 15/18 MBProgress (1): 15/18 MBProgress (1): 15/18 MBProgress (1): 15/18 MBProgress (1): 15/18 MBProgress (1): 15/18 MBProgress (1): 15/18 MBProgress (1): 15/18 MBProgress (1): 15/18 MBProgress (1): 15/18 MBProgress (1): 15/18 MBProgress (1): 15/18 MBProgress (1): 15/18 MBProgress (1): 15/18 MBProgress (1): 15/18 MBProgress (1): 15/18 MBProgress (1): 15/18 MBProgress (1): 15/18 MBProgress (1): 15/18 MBProgress (1): 15/18 MBProgress (1): 15/18 MBProgress (1): 15/18 MBProgress (1): 16/18 MBProgress (1): 16/18 MBProgress (1): 16/18 MBProgress (1): 16/18 MBProgress (1): 16/18 MBProgress (1): 16/18 MBProgress (1): 16/18 MBProgress (1): 16/18 MBProgress (1): 16/18 MBProgress (1): 16/18 MBProgress (1): 16/18 MBProgress (1): 16/18 MBProgress (1): 16/18 MBProgress (1): 16/18 MBProgress (1): 16/18 MBProgress (1): 16/18 MBProgress (1): 16/18 MBProgress (1): 16/18 MBProgress (1): 16/18 MBProgress (1): 16/18 MBProgress (1): 16/18 MBProgress (1): 16/18 MBProgress (1): 16/18 MBProgress (1): 16/18 MBProgress (1): 16/18 MBProgress (1): 16/18 MBProgress (1): 16/18 MBProgress (1): 16/18 MBProgress (1): 16/18 MBProgress (1): 16/18 MBProgress (1): 16/18 MBProgress (1): 16/18 MBProgress (1): 16/18 MBProgress (1): 16/18 MBProgress (1): 16/18 MBProgress (1): 16/18 MBProgress (1): 16/18 MBProgress (1): 16/18 MBProgress (1): 16/18 MBProgress (1): 16/18 MBProgress (1): 16/18 MBProgress (1): 16/18 MBProgress (1): 16/18 MBProgress (1): 16/18 MBProgress (1): 16/18 MBProgress (1): 16/18 MBProgress (1): 16/18 MBProgress (1): 16/18 MBProgress (1): 16/18 MBProgress (1): 16/18 MBProgress (1): 16/18 MBProgress (1): 16/18 MBProgress (1): 16/18 MBProgress (1): 16/18 MBProgress (1): 16/18 MBProgress (1): 16/18 MBProgress (1): 16/18 MBProgress (1): 16/18 MBProgress (1): 16/18 MBProgress (1): 16/18 MBProgress (1): 16/18 MBProgress (1): 17/18 MBProgress (1): 17/18 MBProgress (1): 17/18 MBProgress (1): 17/18 MBProgress (1): 17/18 MBProgress (1): 17/18 MBProgress (1): 17/18 MBProgress (1): 17/18 MBProgress (1): 17/18 MBProgress (1): 17/18 MBProgress (1): 17/18 MBProgress (1): 17/18 MBProgress (1): 17/18 MBProgress (1): 17/18 MBProgress (1): 17/18 MBProgress (1): 17/18 MBProgress (1): 17/18 MBProgress (1): 17/18 MBProgress (1): 17/18 MBProgress (1): 17/18 MBProgress (1): 17/18 MBProgress (1): 17/18 MBProgress (1): 17/18 MBProgress (1): 17/18 MBProgress (1): 17/18 MBProgress (1): 17/18 MBProgress (1): 17/18 MBProgress (1): 17/18 MBProgress (1): 17/18 MBProgress (1): 17/18 MBProgress (1): 17/18 MBProgress (1): 17/18 MBProgress (1): 17/18 MBProgress (1): 17/18 MBProgress (1): 17/18 MBProgress (1): 17/18 MBProgress (1): 17/18 MBProgress (1): 17/18 MBProgress (1): 17/18 MBProgress (1): 17/18 MBProgress (1): 17/18 MBProgress (1): 17/18 MBProgress (1): 17/18 MBProgress (1): 17/18 MBProgress (1): 17/18 MBProgress (1): 17/18 MBProgress (1): 17/18 MBProgress (1): 17/18 MBProgress (1): 17/18 MBProgress (1): 17/18 MBProgress (1): 17/18 MBProgress (1): 17/18 MBProgress (1): 17/18 MBProgress (1): 17/18 MBProgress (1): 17/18 MBProgress (1): 17/18 MBProgress (1): 17/18 MBProgress (1): 17/18 MBProgress (1): 17/18 MBProgress (1): 17/18 MBProgress (1): 17/18 MBProgress (1): 18/18 MBProgress (1): 18/18 MBProgress (1): 18/18 MBProgress (1): 18/18 MBProgress (1): 18/18 MBProgress (1): 18/18 MBProgress (1): 18/18 MBProgress (1): 18/18 MBProgress (1): 18/18 MBProgress (1): 18/18 MBProgress (1): 18/18 MBProgress (1): 18/18 MBProgress (1): 18/18 MBProgress (1): 18/18 MBProgress (1): 18/18 MBProgress (1): 18/18 MBProgress (1): 18/18 MBProgress (1): 18 MB                      Downloaded from central: https://repo.maven.apache.org/maven2/org/testcontainers/testcontainers/2.0.2/testcontainers-2.0.2.jar (18 MB at 18 MB/s)
[INFO] 
[INFO] --- clean:3.5.0:clean (default-clean) @ spring-petclinic ---
[INFO] 
[INFO] --- enforcer:3.6.2:enforce (enforce-java) @ spring-petclinic ---
[INFO] Rule 0: org.apache.maven.enforcer.rules.version.RequireJavaVersion passed
[INFO] 
[INFO] --- spring-javaformat:0.0.47:validate (default) @ spring-petclinic ---
[INFO] 
[INFO] --- checkstyle:3.6.0:check (nohttp-checkstyle-validation) @ spring-petclinic ---
Downloading from central: https://repo.maven.apache.org/maven2/com/puppycrawl/tools/checkstyle/12.1.2/checkstyle-12.1.2.pom
Progress (1): 842 BProgress (1): 4.0 kBProgress (1): 6.1 kBProgress (1): 8.0 kBProgress (1): 9.6 kBProgress (1): 12 kB Progress (1): 16 kBProgress (1): 19 kBProgress (1): 22 kBProgress (1): 25 kBProgress (1): 29 kBProgress (1): 33 kBProgress (1): 38 kBProgress (1): 55 kBProgress (1): 59 kBProgress (1): 59 kBProgress (1): 63 kBProgress (1): 66 kBProgress (1): 70 kBProgress (1): 73 kBProgress (1): 76 kBProgress (1): 79 kBProgress (1): 83 kBProgress (1): 85 kBProgress (1): 88 kBProgress (1): 90 kBProgress (1): 92 kBProgress (1): 95 kBProgress (1): 98 kBProgress (1): 102 kBProgress (1): 107 kBProgress (1): 116 kBProgress (1): 131 kBProgress (1): 134 kBProgress (1): 137 kBProgress (1): 148 kBProgress (1): 157 kBProgress (1): 177 kBProgress (1): 195 kBProgress (1): 206 kBProgress (1): 210 kBProgress (1): 222 kBProgress (1): 224 kBProgress (1): 235 kBProgress (1): 240 kBProgress (1): 251 kBProgress (1): 253 kB                    Downloaded from central: https://repo.maven.apache.org/maven2/com/puppycrawl/tools/checkstyle/12.1.2/checkstyle-12.1.2.pom (253 kB at 7.2 MB/s)
Downloading from central: https://repo.maven.apache.org/maven2/org/slf4j/slf4j-simple/1.7.32/slf4j-simple-1.7.32.pom
Progress (1): 1.0 kB                    Downloaded from central: https://repo.maven.apache.org/maven2/org/slf4j/slf4j-simple/1.7.32/slf4j-simple-1.7.32.pom (1.0 kB at 41 kB/s)
Downloading from central: https://repo.maven.apache.org/maven2/org/checkerframework/checker-qual/3.52.0/checker-qual-3.52.0.pom
Progress (1): 954 BProgress (1): 2.1 kB                    Downloaded from central: https://repo.maven.apache.org/maven2/org/checkerframework/checker-qual/3.52.0/checker-qual-3.52.0.pom (2.1 kB at 87 kB/s)
Downloading from central: https://repo.maven.apache.org/maven2/io/spring/nohttp/nohttp-checkstyle/0.0.11/nohttp-checkstyle-0.0.11.pom
Progress (1): 1.3 kBProgress (1): 2.5 kB                    Downloaded from central: https://repo.maven.apache.org/maven2/io/spring/nohttp/nohttp-checkstyle/0.0.11/nohttp-checkstyle-0.0.11.pom (2.5 kB at 100 kB/s)
Downloading from central: https://repo.maven.apache.org/maven2/com/puppycrawl/tools/checkstyle/8.33/checkstyle-8.33.pom
Progress (1): 856 BProgress (1): 3.9 kBProgress (1): 6.4 kBProgress (1): 9.4 kBProgress (1): 12 kB Progress (1): 15 kBProgress (1): 20 kBProgress (1): 23 kBProgress (1): 27 kBProgress (1): 31 kBProgress (1): 39 kBProgress (1): 44 kBProgress (1): 48 kBProgress (1): 50 kBProgress (1): 54 kBProgress (1): 54 kBProgress (1): 57 kBProgress (1): 59 kBProgress (1): 61 kBProgress (1): 65 kBProgress (1): 68 kBProgress (1): 71 kBProgress (1): 92 kBProgress (1): 105 kBProgress (1): 113 kBProgress (1): 122 kBProgress (1): 127 kB                    Downloaded from central: https://repo.maven.apache.org/maven2/com/puppycrawl/tools/checkstyle/8.33/checkstyle-8.33.pom (127 kB at 4.7 MB/s)
Downloading from central: https://repo.maven.apache.org/maven2/info/picocli/picocli/4.3.1/picocli-4.3.1.pom
Progress (1): 957 BProgress (1): 1.4 kB                    Downloaded from central: https://repo.maven.apache.org/maven2/info/picocli/picocli/4.3.1/picocli-4.3.1.pom (1.4 kB at 60 kB/s)
Downloading from central: https://repo.maven.apache.org/maven2/org/antlr/antlr4-runtime/4.8-1/antlr4-runtime-4.8-1.pom
Progress (1): 911 BProgress (1): 3.3 kBProgress (1): 3.6 kB                    Downloaded from central: https://repo.maven.apache.org/maven2/org/antlr/antlr4-runtime/4.8-1/antlr4-runtime-4.8-1.pom (3.6 kB at 151 kB/s)
Downloading from central: https://repo.maven.apache.org/maven2/org/antlr/antlr4-master/4.8-1/antlr4-master-4.8-1.pom
Progress (1): 1.0 kBProgress (1): 2.9 kBProgress (1): 4.4 kB                    Downloaded from central: https://repo.maven.apache.org/maven2/org/antlr/antlr4-master/4.8-1/antlr4-master-4.8-1.pom (4.4 kB at 191 kB/s)
Downloading from central: https://repo.maven.apache.org/maven2/com/google/guava/guava/29.0-jre/guava-29.0-jre.pom
Progress (1): 1.0 kBProgress (1): 3.0 kBProgress (1): 4.9 kBProgress (1): 6.8 kBProgress (1): 8.7 kBProgress (1): 11 kB                    Downloaded from central: https://repo.maven.apache.org/maven2/com/google/guava/guava/29.0-jre/guava-29.0-jre.pom (11 kB at 455 kB/s)
Downloading from central: https://repo.maven.apache.org/maven2/com/google/guava/guava-parent/29.0-jre/guava-parent-29.0-jre.pom
Progress (1): 965 BProgress (1): 2.9 kBProgress (1): 5.6 kBProgress (1): 7.6 kBProgress (1): 10 kB Progress (1): 13 kB                   Downloaded from central: https://repo.maven.apache.org/maven2/com/google/guava/guava-parent/29.0-jre/guava-parent-29.0-jre.pom (13 kB at 486 kB/s)
Downloading from central: https://repo.maven.apache.org/maven2/org/checkerframework/checker-qual/2.11.1/checker-qual-2.11.1.pom
Progress (1): 1.1 kBProgress (1): 2.4 kB                    Downloaded from central: https://repo.maven.apache.org/maven2/org/checkerframework/checker-qual/2.11.1/checker-qual-2.11.1.pom (2.4 kB at 96 kB/s)
Downloading from central: https://repo.maven.apache.org/maven2/com/google/errorprone/error_prone_annotations/2.3.4/error_prone_annotations-2.3.4.pom
Progress (1): 835 BProgress (1): 2.1 kB                    Downloaded from central: https://repo.maven.apache.org/maven2/com/google/errorprone/error_prone_annotations/2.3.4/error_prone_annotations-2.3.4.pom (2.1 kB at 84 kB/s)
Downloading from central: https://repo.maven.apache.org/maven2/com/google/errorprone/error_prone_parent/2.3.4/error_prone_parent-2.3.4.pom
Progress (1): 752 BProgress (1): 2.4 kBProgress (1): 5.0 kBProgress (1): 5.4 kB                    Downloaded from central: https://repo.maven.apache.org/maven2/com/google/errorprone/error_prone_parent/2.3.4/error_prone_parent-2.3.4.pom (5.4 kB at 246 kB/s)
Downloading from central: https://repo.maven.apache.org/maven2/net/sf/saxon/Saxon-HE/9.9.1-7/Saxon-HE-9.9.1-7.pom
Progress (1): 1.3 kBProgress (1): 3.5 kBProgress (1): 4.1 kB                    Downloaded from central: https://repo.maven.apache.org/maven2/net/sf/saxon/Saxon-HE/9.9.1-7/Saxon-HE-9.9.1-7.pom (4.1 kB at 163 kB/s)
Downloading from central: https://repo.maven.apache.org/maven2/io/spring/nohttp/nohttp/0.0.11/nohttp-0.0.11.pom
Progress (1): 1.4 kBProgress (1): 2.5 kB                    Downloaded from central: https://repo.maven.apache.org/maven2/io/spring/nohttp/nohttp/0.0.11/nohttp-0.0.11.pom (2.5 kB at 85 kB/s)
Downloading from central: https://repo.maven.apache.org/maven2/ch/qos/logback/logback-classic/1.2.3/logback-classic-1.2.3.pom
Progress (1): 2.0 kBProgress (1): 5.7 kBProgress (1): 8.8 kBProgress (1): 11 kB Progress (1): 13 kB                   Downloaded from central: https://repo.maven.apache.org/maven2/ch/qos/logback/logback-classic/1.2.3/logback-classic-1.2.3.pom (13 kB at 422 kB/s)
Downloading from central: https://repo.maven.apache.org/maven2/ch/qos/logback/logback-parent/1.2.3/logback-parent-1.2.3.pom
Progress (1): 1.1 kBProgress (1): 2.8 kBProgress (1): 6.9 kBProgress (1): 11 kB Progress (1): 14 kBProgress (1): 18 kB                   Downloaded from central: https://repo.maven.apache.org/maven2/ch/qos/logback/logback-parent/1.2.3/logback-parent-1.2.3.pom (18 kB at 741 kB/s)
Downloading from central: https://repo.maven.apache.org/maven2/ch/qos/logback/logback-core/1.2.3/logback-core-1.2.3.pom
Progress (1): 1.7 kBProgress (1): 3.9 kBProgress (1): 4.2 kB                    Downloaded from central: https://repo.maven.apache.org/maven2/ch/qos/logback/logback-core/1.2.3/logback-core-1.2.3.pom (4.2 kB at 161 kB/s)
Downloading from central: https://repo.maven.apache.org/maven2/org/slf4j/slf4j-api/1.7.25/slf4j-api-1.7.25.pom
Progress (1): 1.0 kBProgress (1): 3.3 kBProgress (1): 3.8 kB                    Downloaded from central: https://repo.maven.apache.org/maven2/org/slf4j/slf4j-api/1.7.25/slf4j-api-1.7.25.pom (3.8 kB at 160 kB/s)
Downloading from central: https://repo.maven.apache.org/maven2/org/slf4j/slf4j-parent/1.7.25/slf4j-parent-1.7.25.pom
Progress (1): 1.1 kBProgress (1): 3.4 kBProgress (1): 5.6 kBProgress (1): 8.6 kBProgress (1): 12 kB Progress (1): 14 kB                   Downloaded from central: https://repo.maven.apache.org/maven2/org/slf4j/slf4j-parent/1.7.25/slf4j-parent-1.7.25.pom (14 kB at 466 kB/s)
Downloading from central: https://repo.maven.apache.org/maven2/org/slf4j/slf4j-api/1.7.26/slf4j-api-1.7.26.pom
Progress (1): 1.0 kBProgress (1): 3.3 kBProgress (1): 3.8 kB                    Downloaded from central: https://repo.maven.apache.org/maven2/org/slf4j/slf4j-api/1.7.26/slf4j-api-1.7.26.pom (3.8 kB at 160 kB/s)
Downloading from central: https://repo.maven.apache.org/maven2/org/slf4j/slf4j-parent/1.7.26/slf4j-parent-1.7.26.pom
Progress (1): 1.0 kBProgress (1): 3.4 kBProgress (1): 6.0 kBProgress (1): 9.0 kBProgress (1): 12 kB Progress (1): 14 kB                   Downloaded from central: https://repo.maven.apache.org/maven2/org/slf4j/slf4j-parent/1.7.26/slf4j-parent-1.7.26.pom (14 kB at 651 kB/s)
Downloading from central: https://repo.maven.apache.org/maven2/com/puppycrawl/tools/checkstyle/12.1.2/checkstyle-12.1.2.jar
Progress (1): 0/2.1 MBProgress (1): 0/2.1 MBProgress (1): 0/2.1 MBProgress (1): 0/2.1 MBProgress (1): 0.1/2.1 MBProgress (1): 0.1/2.1 MBProgress (1): 0.1/2.1 MBProgress (1): 0.1/2.1 MBProgress (1): 0.1/2.1 MBProgress (1): 0.1/2.1 MBProgress (1): 0.1/2.1 MBProgress (1): 0.2/2.1 MBProgress (1): 0.2/2.1 MBProgress (1): 0.2/2.1 MBProgress (1): 0.2/2.1 MBProgress (1): 0.2/2.1 MBProgress (1): 0.2/2.1 MBProgress (1): 0.2/2.1 MBProgress (1): 0.3/2.1 MBProgress (1): 0.3/2.1 MBProgress (1): 0.3/2.1 MBProgress (1): 0.3/2.1 MBProgress (1): 0.3/2.1 MBProgress (1): 0.3/2.1 MBProgress (1): 0.4/2.1 MBProgress (1): 0.4/2.1 MBProgress (1): 0.4/2.1 MBProgress (1): 0.4/2.1 MBProgress (1): 0.4/2.1 MBProgress (1): 0.4/2.1 MBProgress (1): 0.5/2.1 MBProgress (1): 0.5/2.1 MBProgress (1): 0.5/2.1 MBProgress (1): 0.5/2.1 MBProgress (1): 0.5/2.1 MBProgress (1): 0.5/2.1 MBProgress (1): 0.6/2.1 MBProgress (1): 0.6/2.1 MBProgress (1): 0.6/2.1 MBProgress (1): 0.6/2.1 MBProgress (1): 0.6/2.1 MBProgress (1): 0.6/2.1 MBProgress (1): 0.6/2.1 MBProgress (1): 0.7/2.1 MBProgress (1): 0.7/2.1 MBProgress (1): 0.7/2.1 MBProgress (1): 0.7/2.1 MBProgress (1): 0.7/2.1 MBProgress (1): 0.7/2.1 MBProgress (1): 0.8/2.1 MBProgress (1): 0.8/2.1 MBProgress (1): 0.8/2.1 MBProgress (1): 0.8/2.1 MBProgress (1): 0.8/2.1 MBProgress (1): 0.8/2.1 MBProgress (1): 0.9/2.1 MBProgress (1): 0.9/2.1 MBProgress (1): 0.9/2.1 MBProgress (1): 0.9/2.1 MBProgress (1): 0.9/2.1 MBProgress (1): 0.9/2.1 MBProgress (1): 1.0/2.1 MBProgress (1): 1.0/2.1 MBProgress (1): 1.0/2.1 MBProgress (1): 1.0/2.1 MBProgress (1): 1.0/2.1 MBProgress (1): 1.0/2.1 MBProgress (1): 1.0/2.1 MBProgress (1): 1.1/2.1 MBProgress (1): 1.1/2.1 MBProgress (1): 1.1/2.1 MBProgress (1): 1.1/2.1 MBProgress (1): 1.1/2.1 MBProgress (1): 1.1/2.1 MBProgress (1): 1.1/2.1 MBProgress (1): 1.2/2.1 MBProgress (1): 1.2/2.1 MBProgress (1): 1.2/2.1 MBProgress (1): 1.2/2.1 MBProgress (1): 1.2/2.1 MBProgress (1): 1.2/2.1 MBProgress (1): 1.2/2.1 MBProgress (1): 1.3/2.1 MBProgress (1): 1.3/2.1 MBProgress (1): 1.3/2.1 MBProgress (1): 1.3/2.1 MBProgress (1): 1.3/2.1 MBProgress (1): 1.3/2.1 MBProgress (1): 1.4/2.1 MBProgress (1): 1.4/2.1 MBProgress (1): 1.4/2.1 MBProgress (1): 1.4/2.1 MBProgress (1): 1.4/2.1 MBProgress (1): 1.4/2.1 MBProgress (1): 1.5/2.1 MBProgress (1): 1.5/2.1 MBProgress (1): 1.5/2.1 MBProgress (1): 1.5/2.1 MBProgress (1): 1.5/2.1 MBProgress (1): 1.5/2.1 MBProgress (1): 1.6/2.1 MBProgress (1): 1.6/2.1 MBProgress (1): 1.6/2.1 MBProgress (1): 1.6/2.1 MBProgress (1): 1.6/2.1 MBProgress (1): 1.6/2.1 MBProgress (1): 1.6/2.1 MBProgress (1): 1.7/2.1 MBProgress (1): 1.7/2.1 MBProgress (1): 1.7/2.1 MBProgress (1): 1.7/2.1 MBProgress (1): 1.7/2.1 MBProgress (1): 1.7/2.1 MBProgress (1): 1.8/2.1 MBProgress (1): 1.8/2.1 MBProgress (1): 1.8/2.1 MBProgress (1): 1.8/2.1 MBProgress (1): 1.8/2.1 MBProgress (1): 1.8/2.1 MBProgress (1): 1.9/2.1 MBProgress (1): 1.9/2.1 MBProgress (1): 1.9/2.1 MBProgress (1): 1.9/2.1 MBProgress (1): 1.9/2.1 MBProgress (1): 1.9/2.1 MBProgress (1): 1.9/2.1 MBProgress (1): 2.0/2.1 MBProgress (1): 2.0/2.1 MBProgress (1): 2.0/2.1 MBProgress (1): 2.0/2.1 MBProgress (1): 2.0/2.1 MBProgress (1): 2.0/2.1 MBProgress (1): 2.1/2.1 MBProgress (1): 2.1 MB                        Downloaded from central: https://repo.maven.apache.org/maven2/com/puppycrawl/tools/checkstyle/12.1.2/checkstyle-12.1.2.jar (2.1 MB at 43 MB/s)
Downloading from central: https://repo.maven.apache.org/maven2/org/slf4j/slf4j-simple/1.7.32/slf4j-simple-1.7.32.jar
Downloading from central: https://repo.maven.apache.org/maven2/org/checkerframework/checker-qual/3.52.0/checker-qual-3.52.0.jar
Downloading from central: https://repo.maven.apache.org/maven2/io/spring/nohttp/nohttp-checkstyle/0.0.11/nohttp-checkstyle-0.0.11.jar
Downloading from central: https://repo.maven.apache.org/maven2/io/spring/nohttp/nohttp/0.0.11/nohttp-0.0.11.jar
Downloading from central: https://repo.maven.apache.org/maven2/ch/qos/logback/logback-classic/1.2.3/logback-classic-1.2.3.jar
Progress (1): 4.9 kB                    Downloaded from central: https://repo.maven.apache.org/maven2/io/spring/nohttp/nohttp-checkstyle/0.0.11/nohttp-checkstyle-0.0.11.jar (4.9 kB at 223 kB/s)
Downloading from central: https://repo.maven.apache.org/maven2/ch/qos/logback/logback-core/1.2.3/logback-core-1.2.3.jar
Progress (1): 7.7/15 kBProgress (1): 15 kB    Progress (2): 15 kB | 7.7/242 kBProgress (2): 15 kB | 16/242 kB Progress (2): 15 kB | 32/242 kBProgress (2): 15 kB | 49/242 kBProgress (2): 15 kB | 65/242 kB                               Downloaded from central: https://repo.maven.apache.org/maven2/org/slf4j/slf4j-simple/1.7.32/slf4j-simple-1.7.32.jar (15 kB at 587 kB/s)
Progress (1): 81/242 kBProgress (1): 98/242 kBProgress (1): 114/242 kBProgress (1): 131/242 kBProgress (1): 147/242 kBProgress (1): 163/242 kBProgress (1): 180/242 kBProgress (1): 196/242 kBProgress (1): 213/242 kBProgress (1): 229/242 kBProgress (1): 233/242 kBProgress (1): 242 kB                        Downloaded from central: https://repo.maven.apache.org/maven2/org/checkerframework/checker-qual/3.52.0/checker-qual-3.52.0.jar (242 kB at 8.9 MB/s)
Progress (1): 7.7/290 kBProgress (1): 16/290 kB Progress (1): 32/290 kBProgress (1): 49/290 kBProgress (1): 65/290 kBProgress (1): 81/290 kBProgress (1): 98/290 kBProgress (2): 98/290 kB | 7.7/25 kBProgress (2): 114/290 kB | 7.7/25 kBProgress (2): 114/290 kB | 16/25 kB Progress (2): 114/290 kB | 25 kB   Progress (2): 131/290 kB | 25 kBProgress (2): 147/290 kB | 25 kBProgress (2): 163/290 kB | 25 kBProgress (2): 180/290 kB | 25 kBProgress (2): 196/290 kB | 25 kBProgress (2): 213/290 kB | 25 kB                                Downloaded from central: https://repo.maven.apache.org/maven2/io/spring/nohttp/nohttp/0.0.11/nohttp-0.0.11.jar (25 kB at 781 kB/s)
Progress (1): 229/290 kBProgress (1): 245/290 kBProgress (1): 262/290 kBProgress (1): 278/290 kBProgress (1): 290 kB                        Downloaded from central: https://repo.maven.apache.org/maven2/ch/qos/logback/logback-classic/1.2.3/logback-classic-1.2.3.jar (290 kB at 8.5 MB/s)
Progress (1): 16/472 kBProgress (1): 33/472 kBProgress (1): 41/472 kBProgress (1): 49/472 kBProgress (1): 66/472 kBProgress (1): 82/472 kBProgress (1): 98/472 kBProgress (1): 115/472 kBProgress (1): 131/472 kBProgress (1): 147/472 kBProgress (1): 164/472 kBProgress (1): 180/472 kBProgress (1): 197/472 kBProgress (1): 213/472 kBProgress (1): 229/472 kBProgress (1): 246/472 kBProgress (1): 262/472 kBProgress (1): 279/472 kBProgress (1): 295/472 kBProgress (1): 299/472 kBProgress (1): 315/472 kBProgress (1): 331/472 kBProgress (1): 344/472 kBProgress (1): 360/472 kBProgress (1): 377/472 kBProgress (1): 393/472 kBProgress (1): 410/472 kBProgress (1): 426/472 kBProgress (1): 442/472 kBProgress (1): 459/472 kBProgress (1): 472 kB                        Downloaded from central: https://repo.maven.apache.org/maven2/ch/qos/logback/logback-core/1.2.3/logback-core-1.2.3.jar (472 kB at 7.6 MB/s)
[INFO] You have 0 Checkstyle violations.
[INFO] 
[INFO] --- jacoco:0.8.14:prepare-agent (default) @ spring-petclinic ---
Downloading from central: https://repo.maven.apache.org/maven2/org/jacoco/org.jacoco.agent/0.8.14/org.jacoco.agent-0.8.14.pom
Progress (1): 884 BProgress (1): 3.5 kBProgress (1): 3.5 kB                    Downloaded from central: https://repo.maven.apache.org/maven2/org/jacoco/org.jacoco.agent/0.8.14/org.jacoco.agent-0.8.14.pom (3.5 kB at 152 kB/s)
Downloading from central: https://repo.maven.apache.org/maven2/org/jacoco/org.jacoco.core/0.8.14/org.jacoco.core-0.8.14.pom
Progress (1): 895 BProgress (1): 2.1 kB                    Downloaded from central: https://repo.maven.apache.org/maven2/org/jacoco/org.jacoco.core/0.8.14/org.jacoco.core-0.8.14.pom (2.1 kB at 95 kB/s)
Downloading from central: https://repo.maven.apache.org/maven2/org/ow2/asm/asm/9.9/asm-9.9.pom
Progress (1): 1.3 kBProgress (1): 2.4 kB                    Downloaded from central: https://repo.maven.apache.org/maven2/org/ow2/asm/asm/9.9/asm-9.9.pom (2.4 kB at 108 kB/s)
Downloading from central: https://repo.maven.apache.org/maven2/org/ow2/asm/asm-commons/9.9/asm-commons-9.9.pom
Progress (1): 1.1 kBProgress (1): 2.8 kB                    Downloaded from central: https://repo.maven.apache.org/maven2/org/ow2/asm/asm-commons/9.9/asm-commons-9.9.pom (2.8 kB at 133 kB/s)
Downloading from central: https://repo.maven.apache.org/maven2/org/ow2/asm/asm-tree/9.9/asm-tree-9.9.pom
Progress (1): 1.1 kBProgress (1): 2.6 kB                    Downloaded from central: https://repo.maven.apache.org/maven2/org/ow2/asm/asm-tree/9.9/asm-tree-9.9.pom (2.6 kB at 113 kB/s)
Downloading from central: https://repo.maven.apache.org/maven2/org/jacoco/org.jacoco.report/0.8.14/org.jacoco.report-0.8.14.pom
Progress (1): 898 BProgress (1): 1.9 kB                    Downloaded from central: https://repo.maven.apache.org/maven2/org/jacoco/org.jacoco.report/0.8.14/org.jacoco.report-0.8.14.pom (1.9 kB at 90 kB/s)
Downloading from central: https://repo.maven.apache.org/maven2/org/jacoco/org.jacoco.agent/0.8.14/org.jacoco.agent-0.8.14-runtime.jar
Progress (1): 7.7/307 kBProgress (1): 16/307 kB Progress (1): 32/307 kBProgress (1): 49/307 kBProgress (1): 65/307 kBProgress (1): 81/307 kBProgress (1): 98/307 kBProgress (1): 114/307 kBProgress (1): 131/307 kBProgress (1): 147/307 kBProgress (1): 163/307 kBProgress (1): 180/307 kBProgress (1): 196/307 kBProgress (1): 213/307 kBProgress (1): 229/307 kBProgress (1): 245/307 kBProgress (1): 262/307 kBProgress (1): 278/307 kBProgress (1): 294/307 kBProgress (1): 307 kB                        Downloaded from central: https://repo.maven.apache.org/maven2/org/jacoco/org.jacoco.agent/0.8.14/org.jacoco.agent-0.8.14-runtime.jar (307 kB at 11 MB/s)
Downloading from central: https://repo.maven.apache.org/maven2/org/jacoco/org.jacoco.core/0.8.14/org.jacoco.core-0.8.14.jar
Downloading from central: https://repo.maven.apache.org/maven2/org/ow2/asm/asm/9.9/asm-9.9.jar
Downloading from central: https://repo.maven.apache.org/maven2/org/ow2/asm/asm-commons/9.9/asm-commons-9.9.jar
Downloading from central: https://repo.maven.apache.org/maven2/org/ow2/asm/asm-tree/9.9/asm-tree-9.9.jar
Downloading from central: https://repo.maven.apache.org/maven2/org/jacoco/org.jacoco.report/0.8.14/org.jacoco.report-0.8.14.jar
Progress (1): 7.7/230 kBProgress (1): 16/230 kB Progress (1): 24/230 kBProgress (1): 41/230 kBProgress (1): 57/230 kBProgress (1): 73/230 kBProgress (1): 90/230 kBProgress (1): 106/230 kBProgress (1): 122/230 kBProgress (1): 139/230 kBProgress (1): 155/230 kBProgress (1): 172/230 kBProgress (1): 188/230 kBProgress (1): 204/230 kBProgress (1): 221/230 kBProgress (1): 230 kB                        Downloaded from central: https://repo.maven.apache.org/maven2/org/jacoco/org.jacoco.core/0.8.14/org.jacoco.core-0.8.14.jar (230 kB at 10 MB/s)
Progress (1): 3.4/131 kBProgress (2): 3.4/131 kB | 7.7/74 kBProgress (2): 3.4/131 kB | 12/74 kB Progress (2): 3.4/131 kB | 28/74 kBProgress (2): 20/131 kB | 28/74 kB Progress (2): 28/131 kB | 28/74 kBProgress (2): 44/131 kB | 28/74 kBProgress (2): 44/131 kB | 44/74 kBProgress (2): 61/131 kB | 44/74 kBProgress (2): 61/131 kB | 61/74 kBProgress (2): 77/131 kB | 61/74 kBProgress (2): 77/131 kB | 74 kB   Progress (2): 93/131 kB | 74 kBProgress (2): 110/131 kB | 74 kBProgress (2): 126/131 kB | 74 kBProgress (2): 131 kB | 74 kB                                Downloaded from central: https://repo.maven.apache.org/maven2/org/ow2/asm/asm-commons/9.9/asm-commons-9.9.jar (74 kB at 2.9 MB/s)
Downloaded from central: https://repo.maven.apache.org/maven2/org/jacoco/org.jacoco.report/0.8.14/org.jacoco.report-0.8.14.jar (131 kB at 5.2 MB/s)
Progress (1): 7.7/52 kBProgress (1): 16/52 kB Progress (1): 32/52 kBProgress (1): 48/52 kBProgress (1): 52 kB                      Downloaded from central: https://repo.maven.apache.org/maven2/org/ow2/asm/asm-tree/9.9/asm-tree-9.9.jar (52 kB at 1.9 MB/s)
Progress (1): 7.7/126 kBProgress (1): 16/126 kB Progress (1): 32/126 kBProgress (1): 49/126 kBProgress (1): 61/126 kBProgress (1): 77/126 kBProgress (1): 94/126 kBProgress (1): 110/126 kBProgress (1): 126 kB                        Downloaded from central: https://repo.maven.apache.org/maven2/org/ow2/asm/asm/9.9/asm-9.9.jar (126 kB at 3.8 MB/s)
[INFO] argLine set to -javaagent:/home/ubuntu/.m2/repository/org/jacoco/org.jacoco.agent/0.8.14/org.jacoco.agent-0.8.14-runtime.jar=destfile=/home/ubuntu/repos/spring-petclinic/target/jacoco.exec
[INFO] 
[INFO] --- git-commit-id:9.0.2:revision (default) @ spring-petclinic ---
Downloading from central: https://repo.maven.apache.org/maven2/io/github/git-commit-id/git-commit-id-plugin-core/6.0.0/git-commit-id-plugin-core-6.0.0.pom
Progress (1): 1.3 kBProgress (1): 4.5 kBProgress (1): 8.8 kBProgress (1): 13 kB Progress (1): 16 kBProgress (1): 20 kB                   Downloaded from central: https://repo.maven.apache.org/maven2/io/github/git-commit-id/git-commit-id-plugin-core/6.0.0/git-commit-id-plugin-core-6.0.0.pom (20 kB at 616 kB/s)
Downloading from central: https://repo.maven.apache.org/maven2/org/eclipse/jgit/org.eclipse.jgit/6.10.0.202406032230-r/org.eclipse.jgit-6.10.0.202406032230-r.pom
Progress (1): 837 BProgress (1): 2.6 kBProgress (1): 5.4 kBProgress (1): 7.7 kB                    Downloaded from central: https://repo.maven.apache.org/maven2/org/eclipse/jgit/org.eclipse.jgit/6.10.0.202406032230-r/org.eclipse.jgit-6.10.0.202406032230-r.pom (7.7 kB at 264 kB/s)
Downloading from central: https://repo.maven.apache.org/maven2/org/eclipse/jgit/org.eclipse.jgit-parent/6.10.0.202406032230-r/org.eclipse.jgit-parent-6.10.0.202406032230-r.pom
Progress (1): 778 BProgress (1): 2.7 kBProgress (1): 4.1 kBProgress (1): 6.0 kBProgress (1): 9.1 kBProgress (1): 13 kB Progress (1): 16 kBProgress (1): 19 kBProgress (1): 22 kBProgress (1): 25 kBProgress (1): 27 kBProgress (1): 33 kBProgress (1): 37 kBProgress (1): 40 kBProgress (1): 42 kB                   Downloaded from central: https://repo.maven.apache.org/maven2/org/eclipse/jgit/org.eclipse.jgit-parent/6.10.0.202406032230-r/org.eclipse.jgit-parent-6.10.0.202406032230-r.pom (42 kB at 1.4 MB/s)
Downloading from central: https://repo.maven.apache.org/maven2/com/googlecode/javaewah/JavaEWAH/1.2.3/JavaEWAH-1.2.3.pom
Progress (1): 1.1 kBProgress (1): 2.8 kBProgress (1): 5.6 kBProgress (1): 6.2 kB                    Downloaded from central: https://repo.maven.apache.org/maven2/com/googlecode/javaewah/JavaEWAH/1.2.3/JavaEWAH-1.2.3.pom (6.2 kB at 199 kB/s)
Downloading from central: https://repo.maven.apache.org/maven2/org/eclipse/jgit/org.eclipse.jgit.ssh.jsch/6.10.0.202406032230-r/org.eclipse.jgit.ssh.jsch-6.10.0.202406032230-r.pom
Progress (1): 847 BProgress (1): 2.9 kBProgress (1): 7.2 kBProgress (1): 7.2 kB                    Downloaded from central: https://repo.maven.apache.org/maven2/org/eclipse/jgit/org.eclipse.jgit.ssh.jsch/6.10.0.202406032230-r/org.eclipse.jgit.ssh.jsch-6.10.0.202406032230-r.pom (7.2 kB at 240 kB/s)
Downloading from central: https://repo.maven.apache.org/maven2/com/jcraft/jsch/0.1.55/jsch-0.1.55.pom
Progress (1): 1.3 kBProgress (1): 3.2 kB                    Downloaded from central: https://repo.maven.apache.org/maven2/com/jcraft/jsch/0.1.55/jsch-0.1.55.pom (3.2 kB at 120 kB/s)
Downloading from central: https://repo.maven.apache.org/maven2/org/sonatype/oss/oss-parent/6/oss-parent-6.pom
Progress (1): 848 BProgress (1): 2.5 kBProgress (1): 4.8 kB                    Downloaded from central: https://repo.maven.apache.org/maven2/org/sonatype/oss/oss-parent/6/oss-parent-6.pom (4.8 kB at 161 kB/s)
Downloading from central: https://repo.maven.apache.org/maven2/com/jcraft/jzlib/1.1.3/jzlib-1.1.3.pom
Progress (1): 1.2 kBProgress (1): 3.1 kB                    Downloaded from central: https://repo.maven.apache.org/maven2/com/jcraft/jzlib/1.1.3/jzlib-1.1.3.pom (3.1 kB at 104 kB/s)
Downloading from central: https://repo.maven.apache.org/maven2/joda-time/joda-time/2.14.0/joda-time-2.14.0.pom
Progress (1): 910 BProgress (1): 3.4 kBProgress (1): 6.7 kBProgress (1): 10 kB Progress (1): 13 kBProgress (1): 15 kBProgress (1): 19 kBProgress (1): 25 kBProgress (1): 28 kBProgress (1): 31 kBProgress (1): 34 kBProgress (1): 37 kBProgress (1): 40 kB                   Downloaded from central: https://repo.maven.apache.org/maven2/joda-time/joda-time/2.14.0/joda-time-2.14.0.pom (40 kB at 1.2 MB/s)
Downloading from central: https://repo.maven.apache.org/maven2/nu/studer/java-ordered-properties/1.0.4/java-ordered-properties-1.0.4.pom
Progress (1): 1.0 kBProgress (1): 1.4 kB                    Downloaded from central: https://repo.maven.apache.org/maven2/nu/studer/java-ordered-properties/1.0.4/java-ordered-properties-1.0.4.pom (1.4 kB at 44 kB/s)
Downloading from central: https://repo.maven.apache.org/maven2/jakarta/json/jakarta.json-api/2.1.3/jakarta.json-api-2.1.3.pom
Progress (1): 834 BProgress (1): 2.6 kBProgress (1): 5.9 kBProgress (1): 10 kB Progress (1): 14 kBProgress (1): 17 kBProgress (1): 19 kB                   Downloaded from central: https://repo.maven.apache.org/maven2/jakarta/json/jakarta.json-api/2.1.3/jakarta.json-api-2.1.3.pom (19 kB at 643 kB/s)
Downloading from central: https://repo.maven.apache.org/maven2/org/eclipse/ee4j/project/1.0.8/project-1.0.8.pom
Progress (1): 873 BProgress (1): 2.5 kBProgress (1): 5.0 kBProgress (1): 8.2 kBProgress (1): 12 kB Progress (1): 15 kB                   Downloaded from central: https://repo.maven.apache.org/maven2/org/eclipse/ee4j/project/1.0.8/project-1.0.8.pom (15 kB at 486 kB/s)
Downloading from central: https://repo.maven.apache.org/maven2/org/eclipse/parsson/parsson/1.1.7/parsson-1.1.7.pom
Progress (1): 855 BProgress (1): 2.7 kBProgress (1): 4.6 kB                    Downloaded from central: https://repo.maven.apache.org/maven2/org/eclipse/parsson/parsson/1.1.7/parsson-1.1.7.pom (4.6 kB at 113 kB/s)
Downloading from central: https://repo.maven.apache.org/maven2/org/eclipse/parsson/project/1.1.7/project-1.1.7.pom
Progress (1): 823 BProgress (1): 2.6 kBProgress (1): 4.9 kBProgress (1): 8.5 kBProgress (1): 12 kB Progress (1): 19 kBProgress (1): 22 kB                   Downloaded from central: https://repo.maven.apache.org/maven2/org/eclipse/parsson/project/1.1.7/project-1.1.7.pom (22 kB at 495 kB/s)
Downloading from central: https://repo.maven.apache.org/maven2/org/codehaus/plexus/plexus-build-api/1.2.0/plexus-build-api-1.2.0.pom
Progress (1): 828 BProgress (1): 2.9 kBProgress (1): 4.7 kB                    Downloaded from central: https://repo.maven.apache.org/maven2/org/codehaus/plexus/plexus-build-api/1.2.0/plexus-build-api-1.2.0.pom (4.7 kB at 163 kB/s)
Downloading from central: https://repo.maven.apache.org/maven2/org/codehaus/plexus/plexus/13/plexus-13.pom
Progress (1): 819 BProgress (1): 2.9 kBProgress (1): 3.4 kBProgress (1): 6.8 kBProgress (1): 9.0 kBProgress (1): 11 kB Progress (1): 15 kBProgress (1): 19 kBProgress (1): 22 kBProgress (1): 26 kBProgress (1): 27 kB                   Downloaded from central: https://repo.maven.apache.org/maven2/org/codehaus/plexus/plexus/13/plexus-13.pom (27 kB at 782 kB/s)
Downloading from central: https://repo.maven.apache.org/maven2/org/codehaus/plexus/plexus-utils/4.0.0/plexus-utils-4.0.0.pom
Progress (1): 724 BProgress (1): 2.3 kBProgress (1): 4.5 kBProgress (1): 8.7 kB                    Downloaded from central: https://repo.maven.apache.org/maven2/org/codehaus/plexus/plexus-utils/4.0.0/plexus-utils-4.0.0.pom (8.7 kB at 298 kB/s)
Downloading from central: https://repo.maven.apache.org/maven2/org/eclipse/sisu/org.eclipse.sisu.plexus/0.9.0.M2/org.eclipse.sisu.plexus-0.9.0.M2.pom
Progress (1): 827 BProgress (1): 3.5 kBProgress (1): 8.7 kBProgress (1): 15 kB Progress (1): 15 kB                   Downloaded from central: https://repo.maven.apache.org/maven2/org/eclipse/sisu/org.eclipse.sisu.plexus/0.9.0.M2/org.eclipse.sisu.plexus-0.9.0.M2.pom (15 kB at 454 kB/s)
Downloading from central: https://repo.maven.apache.org/maven2/org/eclipse/sisu/sisu-plexus/0.9.0.M2/sisu-plexus-0.9.0.M2.pom
Progress (1): 811 BProgress (1): 2.8 kBProgress (1): 4.9 kBProgress (1): 8.5 kBProgress (1): 12 kB Progress (1): 15 kB                   Downloaded from central: https://repo.maven.apache.org/maven2/org/eclipse/sisu/sisu-plexus/0.9.0.M2/sisu-plexus-0.9.0.M2.pom (15 kB at 483 kB/s)
Downloading from central: https://repo.maven.apache.org/maven2/io/github/git-commit-id/git-commit-id-plugin-core/6.0.0/git-commit-id-plugin-core-6.0.0.jar
Progress (1): 7.7/110 kBProgress (1): 16/110 kB Progress (1): 28/110 kBProgress (1): 44/110 kBProgress (1): 61/110 kBProgress (1): 77/110 kBProgress (1): 94/110 kBProgress (1): 110 kB                       Downloaded from central: https://repo.maven.apache.org/maven2/io/github/git-commit-id/git-commit-id-plugin-core/6.0.0/git-commit-id-plugin-core-6.0.0.jar (110 kB at 3.5 MB/s)
Downloading from central: https://repo.maven.apache.org/maven2/org/eclipse/jgit/org.eclipse.jgit/6.10.0.202406032230-r/org.eclipse.jgit-6.10.0.202406032230-r.jar
Downloading from central: https://repo.maven.apache.org/maven2/com/googlecode/javaewah/JavaEWAH/1.2.3/JavaEWAH-1.2.3.jar
Downloading from central: https://repo.maven.apache.org/maven2/commons-codec/commons-codec/1.17.0/commons-codec-1.17.0.jar
Downloading from central: https://repo.maven.apache.org/maven2/org/eclipse/jgit/org.eclipse.jgit.ssh.jsch/6.10.0.202406032230-r/org.eclipse.jgit.ssh.jsch-6.10.0.202406032230-r.jar
Downloading from central: https://repo.maven.apache.org/maven2/com/jcraft/jsch/0.1.55/jsch-0.1.55.jar
Progress (1): 7.7/44 kBProgress (1): 16/44 kB Progress (1): 25/44 kBProgress (1): 41/44 kBProgress (1): 44 kB   Progress (2): 44 kB | 7.7/373 kB                                Downloaded from central: https://repo.maven.apache.org/maven2/org/eclipse/jgit/org.eclipse.jgit.ssh.jsch/6.10.0.202406032230-r/org.eclipse.jgit.ssh.jsch-6.10.0.202406032230-r.jar (44 kB at 1.8 MB/s)
Downloading from central: https://repo.maven.apache.org/maven2/com/jcraft/jzlib/1.1.3/jzlib-1.1.3.jar
Progress (1): 16/373 kBProgress (1): 32/373 kBProgress (1): 49/373 kBProgress (1): 65/373 kBProgress (1): 81/373 kBProgress (1): 98/373 kBProgress (1): 114/373 kBProgress (1): 131/373 kBProgress (1): 147/373 kBProgress (1): 163/373 kBProgress (1): 180/373 kBProgress (1): 196/373 kBProgress (1): 213/373 kBProgress (1): 229/373 kBProgress (1): 245/373 kBProgress (1): 262/373 kBProgress (1): 262/373 kBProgress (1): 279/373 kBProgress (1): 295/373 kBProgress (1): 311/373 kBProgress (1): 328/373 kBProgress (1): 344/373 kBProgress (1): 360/373 kBProgress (1): 373 kB                        Downloaded from central: https://repo.maven.apache.org/maven2/commons-codec/commons-codec/1.17.0/commons-codec-1.17.0.jar (373 kB at 13 MB/s)
Downloading from central: https://repo.maven.apache.org/maven2/joda-time/joda-time/2.14.0/joda-time-2.14.0.jar
Progress (1): 7.7/283 kBProgress (1): 16/283 kB Progress (1): 24/283 kBProgress (1): 41/283 kBProgress (2): 41/283 kB | 7.7/171 kBProgress (2): 57/283 kB | 7.7/171 kBProgress (2): 73/283 kB | 7.7/171 kBProgress (2): 90/283 kB | 7.7/171 kBProgress (2): 90/283 kB | 16/171 kB Progress (2): 106/283 kB | 16/171 kBProgress (2): 106/283 kB | 32/171 kBProgress (2): 122/283 kB | 32/171 kBProgress (2): 139/283 kB | 32/171 kBProgress (2): 155/283 kB | 32/171 kBProgress (2): 172/283 kB | 32/171 kBProgress (2): 188/283 kB | 32/171 kBProgress (2): 204/283 kB | 32/171 kBProgress (2): 221/283 kB | 32/171 kBProgress (2): 233/283 kB | 32/171 kBProgress (2): 249/283 kB | 32/171 kBProgress (2): 265/283 kB | 32/171 kBProgress (2): 282/283 kB | 32/171 kBProgress (2): 283 kB | 32/171 kB    Progress (2): 283 kB | 49/171 kBProgress (2): 283 kB | 65/171 kBProgress (2): 283 kB | 81/171 kBProgress (2): 283 kB | 98/171 kBProgress (2): 283 kB | 114/171 kB                                 Downloaded from central: https://repo.maven.apache.org/maven2/com/jcraft/jsch/0.1.55/jsch-0.1.55.jar (283 kB at 8.6 MB/s)
Downloading from central: https://repo.maven.apache.org/maven2/nu/studer/java-ordered-properties/1.0.4/java-ordered-properties-1.0.4.jar
Progress (1): 131/171 kBProgress (1): 147/171 kBProgress (1): 163/171 kBProgress (1): 171 kB                        Downloaded from central: https://repo.maven.apache.org/maven2/com/googlecode/javaewah/JavaEWAH/1.2.3/JavaEWAH-1.2.3.jar (171 kB at 4.9 MB/s)
Downloading from central: https://repo.maven.apache.org/maven2/jakarta/json/jakarta.json-api/2.1.3/jakarta.json-api-2.1.3.jar
Progress (1): 7.7/72 kBProgress (1): 16/72 kB Progress (1): 32/72 kBProgress (1): 49/72 kBProgress (1): 65/72 kBProgress (1): 72 kB                      Downloaded from central: https://repo.maven.apache.org/maven2/com/jcraft/jzlib/1.1.3/jzlib-1.1.3.jar (72 kB at 1.5 MB/s)
Downloading from central: https://repo.maven.apache.org/maven2/org/eclipse/parsson/parsson/1.1.7/parsson-1.1.7.jar
Progress (1): 7.7/640 kBProgress (1): 16/640 kB Progress (1): 32/640 kBProgress (1): 48/640 kBProgress (1): 65/640 kBProgress (1): 66/640 kBProgress (1): 82/640 kBProgress (1): 98/640 kBProgress (1): 115/640 kBProgress (1): 131/640 kBProgress (1): 147/640 kBProgress (1): 164/640 kBProgress (1): 180/640 kBProgress (1): 197/640 kBProgress (1): 213/640 kBProgress (1): 229/640 kBProgress (1): 246/640 kBProgress (1): 262/640 kBProgress (1): 279/640 kBProgress (1): 295/640 kBProgress (1): 311/640 kBProgress (1): 328/640 kBProgress (1): 331/640 kBProgress (1): 348/640 kBProgress (1): 360/640 kBProgress (1): 377/640 kBProgress (1): 393/640 kBProgress (1): 410/640 kBProgress (1): 426/640 kBProgress (1): 442/640 kBProgress (1): 459/640 kBProgress (1): 475/640 kBProgress (1): 492/640 kBProgress (1): 508/640 kBProgress (2): 508/640 kB | 0/3.2 MBProgress (2): 508/640 kB | 0/3.2 MBProgress (2): 524/640 kB | 0/3.2 MBProgress (2): 524/640 kB | 0/3.2 MBProgress (2): 524/640 kB | 0/3.2 MBProgress (2): 541/640 kB | 0/3.2 MBProgress (2): 557/640 kB | 0/3.2 MBProgress (2): 557/640 kB | 0.1/3.2 MBProgress (2): 573/640 kB | 0.1/3.2 MBProgress (2): 573/640 kB | 0.1/3.2 MBProgress (2): 590/640 kB | 0.1/3.2 MBProgress (2): 590/640 kB | 0.1/3.2 MBProgress (2): 606/640 kB | 0.1/3.2 MBProgress (2): 606/640 kB | 0.1/3.2 MBProgress (2): 623/640 kB | 0.1/3.2 MBProgress (2): 639/640 kB | 0.1/3.2 MBProgress (2): 640 kB | 0.1/3.2 MB    Progress (3): 640 kB | 0.1/3.2 MB | 7.7/8.9 kBProgress (3): 640 kB | 0.1/3.2 MB | 8.9 kB                                              Downloaded from central: https://repo.maven.apache.org/maven2/nu/studer/java-ordered-properties/1.0.4/java-ordered-properties-1.0.4.jar (8.9 kB at 145 kB/s)
Downloading from central: https://repo.maven.apache.org/maven2/org/codehaus/plexus/plexus-build-api/1.2.0/plexus-build-api-1.2.0.jar
Downloaded from central: https://repo.maven.apache.org/maven2/joda-time/joda-time/2.14.0/joda-time-2.14.0.jar (640 kB at 10 MB/s)
Downloading from central: https://repo.maven.apache.org/maven2/org/codehaus/plexus/plexus-utils/4.0.0/plexus-utils-4.0.0.jar
Progress (1): 0.1/3.2 MBProgress (1): 0.1/3.2 MBProgress (1): 0.2/3.2 MBProgress (1): 0.2/3.2 MBProgress (1): 0.2/3.2 MBProgress (1): 0.2/3.2 MBProgress (1): 0.2/3.2 MBProgress (1): 0.2/3.2 MBProgress (1): 0.3/3.2 MBProgress (1): 0.3/3.2 MBProgress (1): 0.3/3.2 MBProgress (1): 0.3/3.2 MBProgress (1): 0.3/3.2 MBProgress (1): 0.3/3.2 MBProgress (1): 0.4/3.2 MBProgress (1): 0.4/3.2 MBProgress (1): 0.4/3.2 MBProgress (1): 0.4/3.2 MBProgress (1): 0.4/3.2 MBProgress (1): 0.4/3.2 MBProgress (1): 0.5/3.2 MBProgress (1): 0.5/3.2 MBProgress (1): 0.5/3.2 MBProgress (1): 0.5/3.2 MBProgress (1): 0.5/3.2 MBProgress (1): 0.5/3.2 MBProgress (1): 0.6/3.2 MBProgress (1): 0.6/3.2 MBProgress (1): 0.6/3.2 MBProgress (1): 0.6/3.2 MBProgress (1): 0.6/3.2 MBProgress (1): 0.6/3.2 MBProgress (1): 0.7/3.2 MBProgress (1): 0.7/3.2 MBProgress (1): 0.7/3.2 MBProgress (1): 0.7/3.2 MBProgress (1): 0.7/3.2 MBProgress (1): 0.7/3.2 MBProgress (1): 0.8/3.2 MBProgress (1): 0.8/3.2 MBProgress (1): 0.8/3.2 MBProgress (1): 0.8/3.2 MBProgress (1): 0.8/3.2 MBProgress (1): 0.8/3.2 MBProgress (1): 0.9/3.2 MBProgress (1): 0.9/3.2 MBProgress (1): 0.9/3.2 MBProgress (1): 0.9/3.2 MBProgress (1): 0.9/3.2 MBProgress (1): 0.9/3.2 MBProgress (1): 0.9/3.2 MBProgress (1): 1.0/3.2 MBProgress (1): 1.0/3.2 MBProgress (1): 1.0/3.2 MBProgress (1): 1.0/3.2 MBProgress (1): 1.0/3.2 MBProgress (1): 1.0/3.2 MBProgress (1): 1.1/3.2 MBProgress (1): 1.1/3.2 MBProgress (1): 1.1/3.2 MBProgress (1): 1.1/3.2 MBProgress (1): 1.1/3.2 MBProgress (1): 1.1/3.2 MBProgress (1): 1.2/3.2 MBProgress (1): 1.2/3.2 MBProgress (1): 1.2/3.2 MBProgress (1): 1.2/3.2 MBProgress (1): 1.2/3.2 MBProgress (1): 1.2/3.2 MBProgress (1): 1.3/3.2 MBProgress (1): 1.3/3.2 MBProgress (1): 1.3/3.2 MBProgress (1): 1.3/3.2 MBProgress (1): 1.3/3.2 MBProgress (1): 1.3/3.2 MBProgress (1): 1.4/3.2 MBProgress (1): 1.4/3.2 MBProgress (1): 1.4/3.2 MBProgress (1): 1.4/3.2 MBProgress (1): 1.4/3.2 MBProgress (1): 1.4/3.2 MBProgress (1): 1.5/3.2 MBProgress (1): 1.5/3.2 MBProgress (1): 1.5/3.2 MBProgress (1): 1.5/3.2 MBProgress (1): 1.5/3.2 MBProgress (1): 1.5/3.2 MBProgress (1): 1.6/3.2 MBProgress (1): 1.6/3.2 MBProgress (1): 1.6/3.2 MBProgress (1): 1.6/3.2 MBProgress (1): 1.6/3.2 MBProgress (1): 1.6/3.2 MBProgress (1): 1.7/3.2 MBProgress (1): 1.7/3.2 MBProgress (1): 1.7/3.2 MBProgress (1): 1.7/3.2 MBProgress (1): 1.7/3.2 MBProgress (1): 1.7/3.2 MBProgress (1): 1.8/3.2 MBProgress (1): 1.8/3.2 MBProgress (1): 1.8/3.2 MBProgress (1): 1.8/3.2 MBProgress (1): 1.8/3.2 MBProgress (2): 1.8/3.2 MB | 7.7/126 kBProgress (2): 1.8/3.2 MB | 7.7/126 kBProgress (2): 1.8/3.2 MB | 16/126 kB Progress (2): 1.8/3.2 MB | 32/126 kBProgress (2): 1.9/3.2 MB | 32/126 kBProgress (2): 1.9/3.2 MB | 49/126 kBProgress (2): 1.9/3.2 MB | 49/126 kBProgress (2): 1.9/3.2 MB | 65/126 kBProgress (2): 1.9/3.2 MB | 65/126 kBProgress (2): 1.9/3.2 MB | 81/126 kBProgress (2): 1.9/3.2 MB | 98/126 kBProgress (2): 1.9/3.2 MB | 98/126 kBProgress (2): 1.9/3.2 MB | 114/126 kBProgress (2): 1.9/3.2 MB | 114/126 kBProgress (2): 1.9/3.2 MB | 126 kB    Progress (2): 1.9/3.2 MB | 126 kBProgress (2): 1.9/3.2 MB | 126 kBProgress (2): 2.0/3.2 MB | 126 kBProgress (2): 2.0/3.2 MB | 126 kBProgress (2): 2.0/3.2 MB | 126 kBProgress (2): 2.0/3.2 MB | 126 kB                                 Downloaded from central: https://repo.maven.apache.org/maven2/org/eclipse/parsson/parsson/1.1.7/parsson-1.1.7.jar (126 kB at 1.7 MB/s)
Downloading from central: https://repo.maven.apache.org/maven2/org/eclipse/sisu/org.eclipse.sisu.plexus/0.9.0.M2/org.eclipse.sisu.plexus-0.9.0.M2.jar
Progress (1): 2.0/3.2 MBProgress (1): 2.0/3.2 MBProgress (1): 2.1/3.2 MBProgress (1): 2.1/3.2 MBProgress (1): 2.1/3.2 MBProgress (1): 2.1/3.2 MBProgress (2): 2.1/3.2 MB | 7.7/49 kBProgress (2): 2.1/3.2 MB | 7.8/49 kBProgress (2): 2.1/3.2 MB | 7.8/49 kBProgress (2): 2.1/3.2 MB | 24/49 kB Progress (2): 2.1/3.2 MB | 24/49 kBProgress (2): 2.1/3.2 MB | 41/49 kBProgress (2): 2.2/3.2 MB | 41/49 kBProgress (2): 2.2/3.2 MB | 49 kB   Progress (2): 2.2/3.2 MB | 49 kBProgress (2): 2.2/3.2 MB | 49 kBProgress (2): 2.2/3.2 MB | 49 kBProgress (2): 2.2/3.2 MB | 49 kBProgress (2): 2.2/3.2 MB | 49 kBProgress (2): 2.3/3.2 MB | 49 kBProgress (2): 2.3/3.2 MB | 49 kB                                Downloaded from central: https://repo.maven.apache.org/maven2/jakarta/json/jakarta.json-api/2.1.3/jakarta.json-api-2.1.3.jar (49 kB at 632 kB/s)
Progress (1): 2.3/3.2 MBProgress (1): 2.3/3.2 MBProgress (1): 2.3/3.2 MBProgress (1): 2.3/3.2 MBProgress (1): 2.4/3.2 MBProgress (1): 2.4/3.2 MBProgress (1): 2.4/3.2 MBProgress (1): 2.4/3.2 MBProgress (1): 2.4/3.2 MBProgress (1): 2.4/3.2 MBProgress (1): 2.5/3.2 MBProgress (1): 2.5/3.2 MBProgress (1): 2.5/3.2 MBProgress (1): 2.5/3.2 MBProgress (1): 2.5/3.2 MBProgress (1): 2.5/3.2 MBProgress (1): 2.6/3.2 MBProgress (1): 2.6/3.2 MBProgress (1): 2.6/3.2 MBProgress (1): 2.6/3.2 MBProgress (1): 2.6/3.2 MBProgress (1): 2.6/3.2 MBProgress (1): 2.7/3.2 MBProgress (1): 2.7/3.2 MBProgress (1): 2.7/3.2 MBProgress (1): 2.7/3.2 MBProgress (1): 2.7/3.2 MBProgress (1): 2.7/3.2 MBProgress (1): 2.8/3.2 MBProgress (1): 2.8/3.2 MBProgress (1): 2.8/3.2 MBProgress (1): 2.8/3.2 MBProgress (1): 2.8/3.2 MBProgress (1): 2.8/3.2 MBProgress (1): 2.9/3.2 MBProgress (1): 2.9/3.2 MBProgress (1): 2.9/3.2 MBProgress (1): 2.9/3.2 MBProgress (1): 2.9/3.2 MBProgress (1): 2.9/3.2 MBProgress (1): 2.9/3.2 MBProgress (1): 3.0/3.2 MBProgress (1): 3.0/3.2 MBProgress (1): 3.0/3.2 MBProgress (1): 3.0/3.2 MBProgress (1): 3.0/3.2 MBProgress (1): 3.0/3.2 MBProgress (1): 3.1/3.2 MBProgress (1): 3.1/3.2 MBProgress (1): 3.1/3.2 MBProgress (1): 3.1/3.2 MBProgress (1): 3.1/3.2 MBProgress (1): 3.1/3.2 MBProgress (1): 3.2/3.2 MBProgress (1): 3.2/3.2 MBProgress (1): 3.2/3.2 MBProgress (1): 3.2 MB                        Downloaded from central: https://repo.maven.apache.org/maven2/org/eclipse/jgit/org.eclipse.jgit/6.10.0.202406032230-r/org.eclipse.jgit-6.10.0.202406032230-r.jar (3.2 MB at 37 MB/s)
Progress (1): 3.4/192 kBProgress (1): 20/192 kB Progress (1): 36/192 kBProgress (1): 53/192 kBProgress (1): 61/192 kBProgress (1): 77/192 kBProgress (1): 94/192 kBProgress (1): 110/192 kBProgress (1): 126/192 kBProgress (1): 143/192 kBProgress (1): 159/192 kBProgress (1): 175/192 kBProgress (1): 192/192 kBProgress (1): 192 kB                        Downloaded from central: https://repo.maven.apache.org/maven2/org/codehaus/plexus/plexus-utils/4.0.0/plexus-utils-4.0.0.jar (192 kB at 2.2 MB/s)
Progress (1): 6.6 kB                    Downloaded from central: https://repo.maven.apache.org/maven2/org/codehaus/plexus/plexus-build-api/1.2.0/plexus-build-api-1.2.0.jar (6.6 kB at 69 kB/s)
Progress (1): 12/210 kBProgress (1): 29/210 kBProgress (1): 45/210 kBProgress (1): 61/210 kBProgress (1): 66/210 kBProgress (1): 82/210 kBProgress (1): 98/210 kBProgress (1): 115/210 kBProgress (1): 131/210 kBProgress (1): 147/210 kBProgress (1): 164/210 kBProgress (1): 180/210 kBProgress (1): 197/210 kBProgress (1): 210 kB                        Downloaded from central: https://repo.maven.apache.org/maven2/org/eclipse/sisu/org.eclipse.sisu.plexus/0.9.0.M2/org.eclipse.sisu.plexus-0.9.0.M2.jar (210 kB at 2.1 MB/s)
[INFO] dotGitDirectory '/home/ubuntu/repos/spring-petclinic/.git'
[INFO] Collected git.build.user.name with value Devin AI
[INFO] Collected git.build.user.email with value 158243242+devin-ai-integration[bot]@users.noreply.github.com
[INFO] Collected git.branch with value feature/vulnerability-update_20260205_230015829
[INFO] Collected git.commit.id.describe with value 3e1ce23-dirty
[INFO] Collected git.commit.id.describe-short with value 3e1ce23-dirty
[INFO] Collected git.commit.id with value 3e1ce239f4488f20abda24441388a515ea55a815
[INFO] Collected git.commit.id.abbrev with value 3e1ce23
[INFO] Collected git.dirty with value true
[INFO] Collected git.commit.user.name with value Stéphane Nicoll
[INFO] Collected git.commit.user.email with value stephane.nicoll@broadcom.com
[INFO] Collected git.commit.message.full with value Polish
[INFO] Collected git.commit.message.short with value Polish
[INFO] Collected git.commit.time with value 2025-11-26T18:56:03Z
[INFO] Collected git.commit.author.time with value 2025-11-26T18:56:03Z
[INFO] Collected git.commit.committer.time with value 2025-11-26T18:56:03Z
[INFO] Collected git.remote.origin.url with value https://github.com/AI-Data-Ranch/spring-petclinic
[INFO] Collected git.tags with value 
[INFO] Collected git.tag with value 
[INFO] Collected git.closest.tag.name with value 
[INFO] Collected git.closest.tag.commit.count with value 
[INFO] Collected git.total.commit.count with value 1008
[INFO] Collected git.local.branch.ahead with value NO_REMOTE
[INFO] Collected git.local.branch.behind with value NO_REMOTE
[INFO] Collected git.build.time with value 2024-11-28T14:37:52Z
[INFO] Collected git.build.version with value 4.0.0-SNAPSHOT
[INFO] Collected git.build.host with value devin-box
[INFO] including property 'git.tags' in results
[INFO] including property 'git.build.version' in results
[INFO] including property 'git.branch' in results
[INFO] including property 'git.build.host' in results
[INFO] including property 'git.commit.id' in results
[INFO] including property 'git.commit.user.email' in results
[INFO] including property 'git.local.branch.behind' in results
[INFO] including property 'git.commit.author.time' in results
[INFO] including property 'git.build.user.name' in results
[INFO] including property 'git.dirty' in results
[INFO] including property 'git.closest.tag.commit.count' in results
[INFO] including property 'git.commit.user.name' in results
[INFO] including property 'git.commit.id.abbrev' in results
[INFO] including property 'git.commit.id.describe-short' in results
[INFO] including property 'git.total.commit.count' in results
[INFO] including property 'git.commit.id.describe' in results
[INFO] including property 'git.build.user.email' in results
[INFO] including property 'git.commit.message.short' in results
[INFO] including property 'git.commit.committer.time' in results
[INFO] including property 'git.tag' in results
[INFO] including property 'git.closest.tag.name' in results
[INFO] including property 'git.local.branch.ahead' in results
[INFO] including property 'git.commit.time' in results
[INFO] including property 'git.build.time' in results
[INFO] including property 'git.commit.message.full' in results
[INFO] including property 'git.remote.origin.url' in results
[INFO] Writing properties file [/home/ubuntu/repos/spring-petclinic/target/classes/git.properties] (for project petclinic)...
[INFO] 
[INFO] --- spring-boot:4.0.0:build-info (default) @ spring-petclinic ---
Downloading from central: https://repo.maven.apache.org/maven2/org/springframework/boot/spring-boot-buildpack-platform/4.0.0/spring-boot-buildpack-platform-4.0.0.pom
Progress (1): 1.0 kBProgress (1): 3.0 kB                    Downloaded from central: https://repo.maven.apache.org/maven2/org/springframework/boot/spring-boot-buildpack-platform/4.0.0/spring-boot-buildpack-platform-4.0.0.pom (3.0 kB at 111 kB/s)
Downloading from central: https://repo.maven.apache.org/maven2/org/apache/httpcomponents/client5/httpclient5/5.5.1/httpclient5-5.5.1.pom
Progress (1): 868 BProgress (1): 3.2 kBProgress (1): 5.6 kBProgress (1): 6.1 kB                    Downloaded from central: https://repo.maven.apache.org/maven2/org/apache/httpcomponents/client5/httpclient5/5.5.1/httpclient5-5.5.1.pom (6.1 kB at 253 kB/s)
Downloading from central: https://repo.maven.apache.org/maven2/org/apache/httpcomponents/client5/httpclient5-parent/5.5.1/httpclient5-parent-5.5.1.pom
Progress (1): 837 BProgress (1): 2.2 kBProgress (1): 4.0 kBProgress (1): 8.5 kBProgress (1): 12 kB Progress (1): 15 kBProgress (1): 17 kB                   Downloaded from central: https://repo.maven.apache.org/maven2/org/apache/httpcomponents/client5/httpclient5-parent/5.5.1/httpclient5-parent-5.5.1.pom (17 kB at 618 kB/s)
Downloading from central: https://repo.maven.apache.org/maven2/org/springframework/boot/spring-boot-loader-tools/4.0.0/spring-boot-loader-tools-4.0.0.pom
Progress (1): 1.1 kBProgress (1): 2.2 kB                    Downloaded from central: https://repo.maven.apache.org/maven2/org/springframework/boot/spring-boot-loader-tools/4.0.0/spring-boot-loader-tools-4.0.0.pom (2.2 kB at 97 kB/s)
Downloading from central: https://repo.maven.apache.org/maven2/org/springframework/boot/spring-boot-buildpack-platform/4.0.0/spring-boot-buildpack-platform-4.0.0.jar
Progress (1): 7.7/330 kBProgress (1): 16/330 kB Progress (1): 32/330 kBProgress (1): 49/330 kBProgress (1): 65/330 kBProgress (1): 81/330 kBProgress (1): 98/330 kBProgress (1): 114/330 kBProgress (1): 131/330 kBProgress (1): 147/330 kBProgress (1): 163/330 kBProgress (1): 180/330 kBProgress (1): 196/330 kBProgress (1): 213/330 kBProgress (1): 229/330 kBProgress (1): 245/330 kBProgress (1): 262/330 kBProgress (1): 278/330 kBProgress (1): 294/330 kBProgress (1): 311/330 kBProgress (1): 327/330 kBProgress (1): 330 kB                        Downloaded from central: https://repo.maven.apache.org/maven2/org/springframework/boot/spring-boot-buildpack-platform/4.0.0/spring-boot-buildpack-platform-4.0.0.jar (330 kB at 13 MB/s)
Downloading from central: https://repo.maven.apache.org/maven2/org/apache/httpcomponents/client5/httpclient5/5.5.1/httpclient5-5.5.1.jar
Downloading from central: https://repo.maven.apache.org/maven2/org/springframework/boot/spring-boot-loader-tools/4.0.0/spring-boot-loader-tools-4.0.0.jar
Progress (1): 7.7/339 kBProgress (1): 16/339 kB Progress (1): 25/339 kBProgress (1): 41/339 kBProgress (1): 57/339 kBProgress (1): 74/339 kBProgress (1): 90/339 kBProgress (1): 106/339 kBProgress (1): 123/339 kBProgress (1): 139/339 kBProgress (1): 156/339 kBProgress (1): 172/339 kBProgress (1): 188/339 kBProgress (1): 205/339 kBProgress (1): 221/339 kBProgress (1): 229/339 kBProgress (1): 246/339 kBProgress (1): 262/339 kBProgress (1): 279/339 kBProgress (1): 295/339 kBProgress (1): 311/339 kBProgress (1): 328/339 kBProgress (1): 339 kB                        Downloaded from central: https://repo.maven.apache.org/maven2/org/springframework/boot/spring-boot-loader-tools/4.0.0/spring-boot-loader-tools-4.0.0.jar (339 kB at 14 MB/s)
Progress (1): 7.7/959 kBProgress (1): 16/959 kB Progress (1): 32/959 kBProgress (1): 49/959 kBProgress (1): 65/959 kBProgress (1): 81/959 kBProgress (1): 98/959 kBProgress (1): 114/959 kBProgress (1): 131/959 kBProgress (1): 147/959 kBProgress (1): 163/959 kBProgress (1): 180/959 kBProgress (1): 196/959 kBProgress (1): 213/959 kBProgress (1): 229/959 kBProgress (1): 245/959 kBProgress (1): 262/959 kBProgress (1): 278/959 kBProgress (1): 294/959 kBProgress (1): 311/959 kBProgress (1): 327/959 kBProgress (1): 344/959 kBProgress (1): 360/959 kBProgress (1): 376/959 kBProgress (1): 393/959 kBProgress (1): 409/959 kBProgress (1): 426/959 kBProgress (1): 442/959 kBProgress (1): 458/959 kBProgress (1): 475/959 kBProgress (1): 491/959 kBProgress (1): 507/959 kBProgress (1): 524/959 kBProgress (1): 540/959 kBProgress (1): 557/959 kBProgress (1): 573/959 kBProgress (1): 589/959 kBProgress (1): 606/959 kBProgress (1): 622/959 kBProgress (1): 639/959 kBProgress (1): 655/959 kBProgress (1): 671/959 kBProgress (1): 688/959 kBProgress (1): 704/959 kBProgress (1): 720/959 kBProgress (1): 737/959 kBProgress (1): 753/959 kBProgress (1): 770/959 kBProgress (1): 786/959 kBProgress (1): 802/959 kBProgress (1): 819/959 kBProgress (1): 835/959 kBProgress (1): 852/959 kBProgress (1): 868/959 kBProgress (1): 884/959 kBProgress (1): 901/959 kBProgress (1): 917/959 kBProgress (1): 933/959 kBProgress (1): 950/959 kBProgress (1): 959 kB                        Downloaded from central: https://repo.maven.apache.org/maven2/org/apache/httpcomponents/client5/httpclient5/5.5.1/httpclient5-5.5.1.jar (959 kB at 24 MB/s)
[INFO] 
[INFO] --- cyclonedx:2.9.1:makeAggregateBom (default) @ spring-petclinic ---
[INFO] CycloneDX: Resolving Dependencies
[INFO] CycloneDX: Creating BOM version 1.6 with 108 component(s)
[INFO] CycloneDX: Writing and validating BOM (JSON): /home/ubuntu/repos/spring-petclinic/target/classes/META-INF/sbom/application.cdx.json
[WARNING] Unknown keyword meta:enum - you should define your own Meta Schema. If the keyword is irrelevant for validation, just use a NonValidationKeyword or if it should generate annotations AnnotationKeyword
[WARNING] Unknown keyword deprecated - you should define your own Meta Schema. If the keyword is irrelevant for validation, just use a NonValidationKeyword or if it should generate annotations AnnotationKeyword
[INFO]            attaching as spring-petclinic-4.0.0-SNAPSHOT-cyclonedx.json
[INFO] 
[INFO] --- resources:3.3.1:resources (default-resources) @ spring-petclinic ---
[INFO] Copying 3 resources from src/main/resources to target/classes
[INFO] Copying 47 resources from src/main/resources to target/classes
[INFO] 
[INFO] --- compiler:3.14.1:compile (default-compile) @ spring-petclinic ---
Downloading from central: https://repo.maven.apache.org/maven2/org/codehaus/plexus/plexus-compiler-api/2.15.0/plexus-compiler-api-2.15.0.pom
Progress (1): 1.4 kB                    Downloaded from central: https://repo.maven.apache.org/maven2/org/codehaus/plexus/plexus-compiler-api/2.15.0/plexus-compiler-api-2.15.0.pom (1.4 kB at 50 kB/s)
Downloading from central: https://repo.maven.apache.org/maven2/org/codehaus/plexus/plexus-compiler/2.15.0/plexus-compiler-2.15.0.pom
Progress (1): 1.2 kBProgress (1): 4.5 kBProgress (1): 7.6 kBProgress (1): 7.6 kB                    Downloaded from central: https://repo.maven.apache.org/maven2/org/codehaus/plexus/plexus-compiler/2.15.0/plexus-compiler-2.15.0.pom (7.6 kB at 362 kB/s)
Downloading from central: https://repo.maven.apache.org/maven2/org/codehaus/plexus/plexus-compiler-manager/2.15.0/plexus-compiler-manager-2.15.0.pom
Progress (1): 1.3 kB                    Downloaded from central: https://repo.maven.apache.org/maven2/org/codehaus/plexus/plexus-compiler-manager/2.15.0/plexus-compiler-manager-2.15.0.pom (1.3 kB at 45 kB/s)
Downloading from central: https://repo.maven.apache.org/maven2/org/codehaus/plexus/plexus-compiler-javac/2.15.0/plexus-compiler-javac-2.15.0.pom
Progress (1): 1.3 kB                    Downloaded from central: https://repo.maven.apache.org/maven2/org/codehaus/plexus/plexus-compiler-javac/2.15.0/plexus-compiler-javac-2.15.0.pom (1.3 kB at 46 kB/s)
Downloading from central: https://repo.maven.apache.org/maven2/org/codehaus/plexus/plexus-compilers/2.15.0/plexus-compilers-2.15.0.pom
Progress (1): 1.6 kBProgress (1): 1.6 kB                    Downloaded from central: https://repo.maven.apache.org/maven2/org/codehaus/plexus/plexus-compilers/2.15.0/plexus-compilers-2.15.0.pom (1.6 kB at 75 kB/s)
Downloading from central: https://repo.maven.apache.org/maven2/org/codehaus/plexus/plexus-compiler-api/2.15.0/plexus-compiler-api-2.15.0.jar
Progress (1): 7.7/29 kBProgress (1): 16/29 kB Progress (1): 29 kB                      Downloaded from central: https://repo.maven.apache.org/maven2/org/codehaus/plexus/plexus-compiler-api/2.15.0/plexus-compiler-api-2.15.0.jar (29 kB at 1.3 MB/s)
Downloading from central: https://repo.maven.apache.org/maven2/org/codehaus/plexus/plexus-compiler-manager/2.15.0/plexus-compiler-manager-2.15.0.jar
Downloading from central: https://repo.maven.apache.org/maven2/org/codehaus/plexus/plexus-compiler-javac/2.15.0/plexus-compiler-javac-2.15.0.jar
Progress (1): 5.2 kB                    Downloaded from central: https://repo.maven.apache.org/maven2/org/codehaus/plexus/plexus-compiler-manager/2.15.0/plexus-compiler-manager-2.15.0.jar (5.2 kB at 218 kB/s)
Progress (1): 7.7/26 kBProgress (1): 16/26 kB Progress (1): 26 kB                      Downloaded from central: https://repo.maven.apache.org/maven2/org/codehaus/plexus/plexus-compiler-javac/2.15.0/plexus-compiler-javac-2.15.0.jar (26 kB at 1.0 MB/s)
[INFO] Recompiling the module because of changed source code.
[INFO] Compiling 30 source files with javac [debug parameters release 17] to target/classes
[INFO] 
[INFO] --- resources:3.3.1:testResources (default-testResources) @ spring-petclinic ---
[INFO] skip non existing resourceDirectory /home/ubuntu/repos/spring-petclinic/src/test/resources
[INFO] 
[INFO] --- compiler:3.14.1:testCompile (default-testCompile) @ spring-petclinic ---
[INFO] Recompiling the module because of changed dependency.
[INFO] Compiling 17 source files with javac [debug parameters release 17] to target/test-classes
[INFO] 
[INFO] --- surefire:3.5.4:test (default-test) @ spring-petclinic ---
[WARNING]  Parameter 'systemProperties' is deprecated: Use systemPropertyVariables instead.
[INFO] Using auto detected provider org.apache.maven.surefire.junitplatform.JUnitPlatformProvider
Downloading from central: https://repo.maven.apache.org/maven2/org/junit/platform/junit-platform-launcher/6.0.1/junit-platform-launcher-6.0.1.pom
Progress (1): 967 BProgress (1): 3.2 kB                    Downloaded from central: https://repo.maven.apache.org/maven2/org/junit/platform/junit-platform-launcher/6.0.1/junit-platform-launcher-6.0.1.pom (3.2 kB at 124 kB/s)
Downloading from central: https://repo.maven.apache.org/maven2/org/junit/platform/junit-platform-launcher/6.0.1/junit-platform-launcher-6.0.1.jar
Progress (1): 7.7/246 kBProgress (1): 16/246 kB Progress (1): 32/246 kBProgress (1): 49/246 kBProgress (1): 65/246 kBProgress (1): 81/246 kBProgress (1): 98/246 kBProgress (1): 114/246 kBProgress (1): 131/246 kBProgress (1): 147/246 kBProgress (1): 163/246 kBProgress (1): 180/246 kBProgress (1): 196/246 kBProgress (1): 213/246 kBProgress (1): 229/246 kBProgress (1): 245/246 kBProgress (1): 246 kB                        Downloaded from central: https://repo.maven.apache.org/maven2/org/junit/platform/junit-platform-launcher/6.0.1/junit-platform-launcher-6.0.1.jar (246 kB at 9.8 MB/s)
[INFO] 
[INFO] -------------------------------------------------------
[INFO]  T E S T S
[INFO] -------------------------------------------------------
07:04:42.166 [main] INFO org.testcontainers.DockerClientFactory -- Testcontainers version: 2.0.2
07:04:42.777 [main] INFO org.testcontainers.dockerclient.DockerClientProviderStrategy -- Loaded org.testcontainers.dockerclient.UnixSocketClientProviderStrategy from ~/.testcontainers.properties, will try it first
07:04:43.484 [main] INFO org.testcontainers.dockerclient.DockerClientProviderStrategy -- Found Docker environment with local Unix socket (unix:///var/run/docker.sock)
07:04:43.488 [main] INFO org.testcontainers.DockerClientFactory -- Docker host IP address is localhost
07:04:43.517 [main] INFO org.testcontainers.DockerClientFactory -- Connected to docker: 
  Server Version: 27.4.1
  API Version: 1.47
  Operating System: Ubuntu 22.04.5 LTS
  Total Memory: 32122 MB
07:04:43.538 [main] INFO org.testcontainers.images.PullPolicy -- Image pull policy will be performed by: DefaultPullPolicy()
07:04:43.542 [main] INFO org.testcontainers.utility.ImageNameSubstitutor -- Image name substitution will be performed by: DefaultImageNameSubstitutor (composite of 'ConfigurationFileImageNameSubstitutor' and 'PrefixingImageNameSubstitutor')
07:04:43.576 [main] INFO tc.testcontainers/ryuk:0.13.0 -- Creating container for image: testcontainers/ryuk:0.13.0
07:04:43.796 [main] INFO tc.testcontainers/ryuk:0.13.0 -- Container testcontainers/ryuk:0.13.0 is starting: 432c1e753ee01f5677c9d1e021212a5cc52ac2cf4a528922224e982336154d3d
07:04:44.227 [main] INFO tc.testcontainers/ryuk:0.13.0 -- Container testcontainers/ryuk:0.13.0 started in PT0.651625418S
07:04:44.234 [main] INFO org.testcontainers.utility.RyukResourceReaper -- Ryuk started - will monitor and terminate Testcontainers containers on JVM exit
07:04:44.234 [main] INFO org.testcontainers.DockerClientFactory -- Checking the system...
07:04:44.235 [main] INFO org.testcontainers.DockerClientFactory -- ✔︎ Docker server version should be at least 1.6.0
[INFO] Running org.springframework.samples.petclinic.MySqlIntegrationTests
07:04:44.422 [main] INFO org.springframework.test.context.support.AnnotationConfigContextLoaderUtils -- Could not detect default configuration classes for test class [org.springframework.samples.petclinic.MySqlIntegrationTests]: MySqlIntegrationTests does not declare any static, non-private, non-final, nested classes annotated with @Configuration.
07:04:44.469 [main] INFO tc.mysql:9.5 -- Pulling docker image: mysql:9.5. Please be patient; this may take some time but only needs to be done once.
07:04:45.512 [docker-java-stream--1236969701] INFO tc.mysql:9.5 -- Starting to pull image
07:04:45.533 [docker-java-stream--1236969701] INFO tc.mysql:9.5 -- Pulling image layers:  0 pending,  0 downloaded,  0 extracted, (0 bytes/0 bytes)
07:04:46.072 [docker-java-stream--1236969701] INFO tc.mysql:9.5 -- Pulling image layers:  9 pending,  1 downloaded,  0 extracted, (722 bytes/? MB)
07:04:46.100 [docker-java-stream--1236969701] INFO tc.mysql:9.5 -- Pulling image layers:  8 pending,  2 downloaded,  0 extracted, (482 KB/? MB)
07:04:46.380 [docker-java-stream--1236969701] INFO tc.mysql:9.5 -- Pulling image layers:  7 pending,  3 downloaded,  0 extracted, (33 MB/? MB)
07:04:46.384 [docker-java-stream--1236969701] INFO tc.mysql:9.5 -- Pulling image layers:  6 pending,  4 downloaded,  0 extracted, (33 MB/? MB)
07:04:46.400 [docker-java-stream--1236969701] INFO tc.mysql:9.5 -- Pulling image layers:  5 pending,  5 downloaded,  0 extracted, (33 MB/? MB)
07:04:46.653 [docker-java-stream--1236969701] INFO tc.mysql:9.5 -- Pulling image layers:  4 pending,  6 downloaded,  0 extracted, (33 MB/? MB)
07:04:46.663 [docker-java-stream--1236969701] INFO tc.mysql:9.5 -- Pulling image layers:  3 pending,  7 downloaded,  0 extracted, (33 MB/? MB)
07:04:46.935 [docker-java-stream--1236969701] INFO tc.mysql:9.5 -- Pulling image layers:  2 pending,  8 downloaded,  0 extracted, (56 MB/? MB)
07:04:47.110 [docker-java-stream--1236969701] INFO tc.mysql:9.5 -- Pulling image layers:  1 pending,  9 downloaded,  0 extracted, (79 MB/? MB)
07:04:48.514 [docker-java-stream--1236969701] INFO tc.mysql:9.5 -- Pulling image layers:  1 pending,  9 downloaded,  1 extracted, (228 MB/? MB)
07:04:48.531 [docker-java-stream--1236969701] INFO tc.mysql:9.5 -- Pulling image layers:  1 pending,  9 downloaded,  2 extracted, (228 MB/? MB)
07:04:48.557 [docker-java-stream--1236969701] INFO tc.mysql:9.5 -- Pulling image layers:  1 pending,  9 downloaded,  3 extracted, (247 MB/? MB)
07:04:48.568 [docker-java-stream--1236969701] INFO tc.mysql:9.5 -- Pulling image layers:  0 pending, 10 downloaded,  3 extracted, (247 MB/262 MB)
07:04:48.815 [docker-java-stream--1236969701] INFO tc.mysql:9.5 -- Pulling image layers:  0 pending, 10 downloaded,  4 extracted, (253 MB/262 MB)
07:04:48.826 [docker-java-stream--1236969701] INFO tc.mysql:9.5 -- Pulling image layers:  0 pending, 10 downloaded,  5 extracted, (253 MB/262 MB)
07:04:48.839 [docker-java-stream--1236969701] INFO tc.mysql:9.5 -- Pulling image layers:  0 pending, 10 downloaded,  6 extracted, (253 MB/262 MB)
07:04:49.901 [docker-java-stream--1236969701] INFO tc.mysql:9.5 -- Pulling image layers:  0 pending, 10 downloaded,  7 extracted, (256 MB/262 MB)
07:04:49.915 [docker-java-stream--1236969701] INFO tc.mysql:9.5 -- Pulling image layers:  0 pending, 10 downloaded,  8 extracted, (256 MB/262 MB)
07:05:01.803 [docker-java-stream--1236969701] INFO tc.mysql:9.5 -- Pulling image layers:  0 pending, 10 downloaded,  9 extracted, (262 MB/262 MB)
07:05:01.820 [docker-java-stream--1236969701] INFO tc.mysql:9.5 -- Pulling image layers:  0 pending, 10 downloaded, 10 extracted, (262 MB/262 MB)
07:05:01.831 [docker-java-stream--1236969701] INFO tc.mysql:9.5 -- Pull complete. 10 layers, pulled in 16s (downloaded 262 MB at 16 MB/s)
07:05:01.832 [main] INFO tc.mysql:9.5 -- Image mysql:9.5 pull took PT17.362138462S
07:05:01.971 [main] INFO org.springframework.boot.test.context.SpringBootTestContextBootstrapper -- Found @SpringBootConfiguration org.springframework.samples.petclinic.PetClinicApplication for test class org.springframework.samples.petclinic.MySqlIntegrationTests
07:05:02.125 [main] INFO tc.mysql:9.5 -- Creating container for image: mysql:9.5
07:05:02.971 [main] INFO tc.mysql:9.5 -- Container mysql:9.5 is starting: 20149f574f1c24f0e69fc8d6029279116df7121297f5593de91e89c3b5d9e1ca
07:05:03.238 [main] INFO tc.mysql:9.5 -- Waiting for database connection to become available at jdbc:mysql://localhost:32769/test using query 'SELECT 1'
07:05:13.053 [main] INFO tc.mysql:9.5 -- Container mysql:9.5 started in PT10.927260193S
07:05:13.053 [main] INFO tc.mysql:9.5 -- Container is started (JDBC URL: jdbc:mysql://localhost:32769/test)
07:05:13.143 [main] INFO org.springframework.boot.devtools.restart.RestartApplicationListener -- Restart disabled due to context in which it is running


              |\      _,,,--,,_
             /,`.-'`'   ._  \-;;,_
  _______ __|,4-  ) )_   .;.(__`'-'__     ___ __    _ ___ _______
 |       | '---''(_/._)-'(_\_)   |   |   |   |  |  | |   |       |
 |    _  |    ___|_     _|       |   |   |   |   |_| |   |       | __ _ _
 |   |_| |   |___  |   | |       |   |   |   |       |   |       | \ \ \ \
 |    ___|    ___| |   | |      _|   |___|   |  _    |   |      _|  \ \ \ \
 |   |   |   |___  |   | |     |_|       |   | | |   |   |     |_    ) ) ) )
 |___|   |_______| |___| |_______|_______|___|_|  |__|___|_______|  / / / /
 ==================================================================/_/_/_/

:: Built with Spring Boot :: 4.0.0


2026-02-06T07:05:13.606Z  INFO 8038 --- [           main] o.s.s.petclinic.MySqlIntegrationTests    : Starting MySqlIntegrationTests using Java 17.0.13 with PID 8038 (started by ubuntu in /home/ubuntu/repos/spring-petclinic)
2026-02-06T07:05:13.608Z  INFO 8038 --- [           main] o.s.s.petclinic.MySqlIntegrationTests    : The following 1 profile is active: "mysql"
2026-02-06T07:05:14.641Z  INFO 8038 --- [           main] .s.d.r.c.RepositoryConfigurationDelegate : Bootstrapping Spring Data JPA repositories in DEFAULT mode.
2026-02-06T07:05:14.726Z  INFO 8038 --- [           main] .s.d.r.c.RepositoryConfigurationDelegate : Finished Spring Data repository scanning in 73 ms. Found 3 JPA repository interfaces.
2026-02-06T07:05:15.666Z  INFO 8038 --- [           main] o.s.boot.tomcat.TomcatWebServer          : Tomcat initialized with port 0 (http)
2026-02-06T07:05:15.687Z  INFO 8038 --- [           main] o.apache.catalina.core.StandardService   : Starting service [Tomcat]
2026-02-06T07:05:15.688Z  INFO 8038 --- [           main] o.apache.catalina.core.StandardEngine    : Starting Servlet engine: [Apache Tomcat/11.0.14]
2026-02-06T07:05:15.753Z  INFO 8038 --- [           main] b.w.c.s.WebApplicationContextInitializer : Root WebApplicationContext: initialization completed in 2105 ms
2026-02-06T07:05:16.055Z  INFO 8038 --- [           main] com.zaxxer.hikari.HikariDataSource       : HikariPool-1 - Starting...
2026-02-06T07:05:16.203Z  INFO 8038 --- [           main] com.zaxxer.hikari.pool.HikariPool        : HikariPool-1 - Added connection com.mysql.cj.jdbc.ConnectionImpl@57fbf72e
2026-02-06T07:05:16.205Z  INFO 8038 --- [           main] com.zaxxer.hikari.HikariDataSource       : HikariPool-1 - Start completed.
2026-02-06T07:05:16.536Z  INFO 8038 --- [           main] o.hibernate.jpa.internal.util.LogHelper  : HHH000204: Processing PersistenceUnitInfo [name: default]
2026-02-06T07:05:16.602Z  INFO 8038 --- [           main] org.hibernate.Version                    : HHH000412: Hibernate ORM core version 7.1.8.Final
2026-02-06T07:05:17.197Z  INFO 8038 --- [           main] o.s.o.j.p.SpringPersistenceUnitInfo      : No LoadTimeWeaver setup: ignoring JPA class transformer
2026-02-06T07:05:17.327Z  INFO 8038 --- [           main] org.hibernate.orm.connections.pooling    : HHH10001005: Database info:
	Database JDBC URL [jdbc:mysql://localhost:32769/test]
	Database driver: MySQL Connector/J
	Database dialect: MySQLDialect
	Database version: 9.5
	Default catalog/schema: test/undefined
	Autocommit mode: undefined/unknown
	Isolation level: REPEATABLE_READ [default REPEATABLE_READ]
	JDBC fetch size: none
	Pool: DatasourceConnectionProviderImpl
	Minimum pool size: undefined/unknown
	Maximum pool size: undefined/unknown
2026-02-06T07:05:18.686Z  INFO 8038 --- [           main] o.h.e.t.j.p.i.JtaPlatformInitiator       : HHH000489: No JTA platform available (set 'hibernate.transaction.jta.platform' to enable JTA platform integration)
2026-02-06T07:05:18.695Z  INFO 8038 --- [           main] j.LocalContainerEntityManagerFactoryBean : Initialized JPA EntityManagerFactory for persistence unit 'default'
2026-02-06T07:05:18.728Z  INFO 8038 --- [           main] tc.mysql:9.5                             : Creating container for image: mysql:9.5
2026-02-06T07:05:18.766Z  INFO 8038 --- [           main] tc.mysql:9.5                             : Container mysql:9.5 is starting: 3744c637d2de70b7b68a76e4a9715810ee55ba522027570da3c7eeac41ee2e92
2026-02-06T07:05:19.027Z  INFO 8038 --- [           main] tc.mysql:9.5                             : Waiting for database connection to become available at jdbc:mysql://localhost:32770/test using query 'SELECT 1'
2026-02-06T07:05:28.246Z  INFO 8038 --- [           main] tc.mysql:9.5                             : Container mysql:9.5 started in PT9.517675264S
2026-02-06T07:05:28.247Z  INFO 8038 --- [           main] tc.mysql:9.5                             : Container is started (JDBC URL: jdbc:mysql://localhost:32770/test)
2026-02-06T07:05:28.348Z  INFO 8038 --- [           main] o.s.d.j.r.query.QueryEnhancerFactories   : Hibernate is in classpath; If applicable, HQL parser will be used.
2026-02-06T07:05:29.997Z  INFO 8038 --- [           main] o.s.b.a.e.web.EndpointLinksResolver      : Exposing 13 endpoints beneath base path '/actuator'
2026-02-06T07:05:30.091Z  INFO 8038 --- [           main] o.s.boot.tomcat.TomcatWebServer          : Tomcat started on port 40243 (http) with context path '/'
2026-02-06T07:05:30.103Z  INFO 8038 --- [           main] o.s.s.petclinic.MySqlIntegrationTests    : Started MySqlIntegrationTests in 16.976 seconds (process running for 49.387)
OpenJDK 64-Bit Server VM warning: Sharing is only supported for boot loader classes because bootstrap classpath has been appended
2026-02-06T07:05:31.059Z  INFO 8038 --- [o-auto-1-exec-1] o.a.c.c.C.[Tomcat].[localhost].[/]       : Initializing Spring DispatcherServlet 'dispatcherServlet'
2026-02-06T07:05:31.060Z  INFO 8038 --- [o-auto-1-exec-1] o.s.web.servlet.DispatcherServlet        : Initializing Servlet 'dispatcherServlet'
2026-02-06T07:05:31.062Z  INFO 8038 --- [o-auto-1-exec-1] o.s.web.servlet.DispatcherServlet        : Completed initialization in 2 ms
[INFO] Tests run: 2, Failures: 0, Errors: 0, Skipped: 0, Time elapsed: 47.86 s -- in org.springframework.samples.petclinic.MySqlIntegrationTests
[INFO] Running org.springframework.samples.petclinic.service.ClinicServiceTests
2026-02-06T07:05:32.108Z  INFO 8038 --- [           main] t.c.s.AnnotationConfigContextLoaderUtils : Could not detect default configuration classes for test class [org.springframework.samples.petclinic.service.ClinicServiceTests]: ClinicServiceTests does not declare any static, non-private, non-final, nested classes annotated with @Configuration.
2026-02-06T07:05:32.135Z  INFO 8038 --- [           main] .b.t.c.SpringBootTestContextBootstrapper : Found @SpringBootConfiguration org.springframework.samples.petclinic.PetClinicApplication for test class org.springframework.samples.petclinic.service.ClinicServiceTests
2026-02-06T07:05:32.140Z  INFO 8038 --- [           main] o.s.b.d.r.RestartApplicationListener     : Restart disabled due to context in which it is running


              |\      _,,,--,,_
             /,`.-'`'   ._  \-;;,_
  _______ __|,4-  ) )_   .;.(__`'-'__     ___ __    _ ___ _______
 |       | '---''(_/._)-'(_\_)   |   |   |   |  |  | |   |       |
 |    _  |    ___|_     _|       |   |   |   |   |_| |   |       | __ _ _
 |   |_| |   |___  |   | |       |   |   |   |       |   |       | \ \ \ \
 |    ___|    ___| |   | |      _|   |___|   |  _    |   |      _|  \ \ \ \
 |   |   |   |___  |   | |     |_|       |   | | |   |   |     |_    ) ) ) )
 |___|   |_______| |___| |_______|_______|___|_|  |__|___|_______|  / / / /
 ==================================================================/_/_/_/

:: Built with Spring Boot :: 4.0.0


2026-02-06T07:05:32.165Z  INFO 8038 --- [           main] o.s.s.p.service.ClinicServiceTests       : Starting ClinicServiceTests using Java 17.0.13 with PID 8038 (started by ubuntu in /home/ubuntu/repos/spring-petclinic)
2026-02-06T07:05:32.166Z  INFO 8038 --- [           main] o.s.s.p.service.ClinicServiceTests       : No active profile set, falling back to 1 default profile: "default"
2026-02-06T07:05:32.244Z  INFO 8038 --- [           main] .s.d.r.c.RepositoryConfigurationDelegate : Bootstrapping Spring Data JPA repositories in DEFAULT mode.
2026-02-06T07:05:32.255Z  INFO 8038 --- [           main] .s.d.r.c.RepositoryConfigurationDelegate : Finished Spring Data repository scanning in 9 ms. Found 3 JPA repository interfaces.
2026-02-06T07:05:32.288Z  INFO 8038 --- [           main] com.zaxxer.hikari.HikariDataSource       : HikariPool-2 - Starting...
2026-02-06T07:05:32.638Z  INFO 8038 --- [           main] com.zaxxer.hikari.pool.HikariPool        : HikariPool-2 - Added connection conn0: url=jdbc:h2:mem:7c377256-eb40-406c-a1c7-4c82ddc1f090 user=SA
2026-02-06T07:05:32.639Z  INFO 8038 --- [           main] com.zaxxer.hikari.HikariDataSource       : HikariPool-2 - Start completed.
2026-02-06T07:05:32.753Z  INFO 8038 --- [           main] o.hibernate.jpa.internal.util.LogHelper  : HHH000204: Processing PersistenceUnitInfo [name: default]
2026-02-06T07:05:32.776Z  INFO 8038 --- [           main] o.s.o.j.p.SpringPersistenceUnitInfo      : No LoadTimeWeaver setup: ignoring JPA class transformer
2026-02-06T07:05:32.799Z  INFO 8038 --- [           main] org.hibernate.orm.connections.pooling    : HHH10001005: Database info:
	Database JDBC URL [jdbc:h2:mem:7c377256-eb40-406c-a1c7-4c82ddc1f090]
	Database driver: H2 JDBC Driver
	Database dialect: H2Dialect
	Database version: 2.4.240
	Default catalog/schema: 7C377256-EB40-406C-A1C7-4C82DDC1F090/PUBLIC
	Autocommit mode: undefined/unknown
	Isolation level: READ_COMMITTED [default READ_COMMITTED]
	JDBC fetch size: 100
	Pool: DatasourceConnectionProviderImpl
	Minimum pool size: undefined/unknown
	Maximum pool size: undefined/unknown
2026-02-06T07:05:32.924Z  INFO 8038 --- [           main] o.h.e.t.j.p.i.JtaPlatformInitiator       : HHH000489: No JTA platform available (set 'hibernate.transaction.jta.platform' to enable JTA platform integration)
2026-02-06T07:05:32.925Z  INFO 8038 --- [           main] j.LocalContainerEntityManagerFactoryBean : Initialized JPA EntityManagerFactory for persistence unit 'default'
2026-02-06T07:05:32.975Z  INFO 8038 --- [           main] o.s.s.p.service.ClinicServiceTests       : Started ClinicServiceTests in 0.835 seconds (process running for 52.259)
Hibernate: select v1_0.id,v1_0.first_name,v1_0.last_name from vets v1_0
Hibernate: select s1_0.vet_id,s1_1.id,s1_1.name from vet_specialties s1_0 join specialties s1_1 on s1_1.id=s1_0.specialty_id where s1_0.vet_id=?
Hibernate: select s1_0.vet_id,s1_1.id,s1_1.name from vet_specialties s1_0 join specialties s1_1 on s1_1.id=s1_0.specialty_id where s1_0.vet_id=?
Hibernate: select s1_0.vet_id,s1_1.id,s1_1.name from vet_specialties s1_0 join specialties s1_1 on s1_1.id=s1_0.specialty_id where s1_0.vet_id=?
Hibernate: select s1_0.vet_id,s1_1.id,s1_1.name from vet_specialties s1_0 join specialties s1_1 on s1_1.id=s1_0.specialty_id where s1_0.vet_id=?
Hibernate: select s1_0.vet_id,s1_1.id,s1_1.name from vet_specialties s1_0 join specialties s1_1 on s1_1.id=s1_0.specialty_id where s1_0.vet_id=?
Hibernate: select s1_0.vet_id,s1_1.id,s1_1.name from vet_specialties s1_0 join specialties s1_1 on s1_1.id=s1_0.specialty_id where s1_0.vet_id=?
Hibernate: select o1_0.id,o1_0.address,o1_0.city,o1_0.first_name,o1_0.last_name,o1_0.telephone from owners o1_0 where o1_0.last_name like ? escape '\'
Hibernate: select p1_0.owner_id,p1_0.id,p1_0.birth_date,p1_0.name,t1_0.id,t1_0.name from pets p1_0 left join types t1_0 on t1_0.id=p1_0.type_id where p1_0.owner_id=? order by p1_0.name
Hibernate: select v1_0.pet_id,v1_0.id,v1_0.visit_date,v1_0.description from visits v1_0 where v1_0.pet_id=? order by v1_0.visit_date
Hibernate: select p1_0.owner_id,p1_0.id,p1_0.birth_date,p1_0.name,t1_0.id,t1_0.name from pets p1_0 left join types t1_0 on t1_0.id=p1_0.type_id where p1_0.owner_id=? order by p1_0.name
Hibernate: select v1_0.pet_id,v1_0.id,v1_0.visit_date,v1_0.description from visits v1_0 where v1_0.pet_id=? order by v1_0.visit_date
Hibernate: select o1_0.id,o1_0.address,o1_0.city,o1_0.first_name,o1_0.last_name,o1_0.telephone from owners o1_0 where o1_0.last_name like ? escape '\'
Hibernate: select o1_0.id,o1_0.address,o1_0.city,o1_0.first_name,o1_0.last_name,o1_0.telephone,p1_0.owner_id,p1_0.id,p1_0.birth_date,p1_0.name,t1_0.id,t1_0.name from owners o1_0 left join pets p1_0 on o1_0.id=p1_0.owner_id left join types t1_0 on t1_0.id=p1_0.type_id where o1_0.id=? order by p1_0.name
Hibernate: select v1_0.pet_id,v1_0.id,v1_0.visit_date,v1_0.description from visits v1_0 where v1_0.pet_id=? order by v1_0.visit_date
Hibernate: select v1_0.pet_id,v1_0.id,v1_0.visit_date,v1_0.description from visits v1_0 where v1_0.pet_id=? order by v1_0.visit_date
Hibernate: insert into visits (visit_date,description,id) values (?,?,default)
Hibernate: select o1_0.id,o1_0.address,o1_0.city,o1_0.first_name,o1_0.last_name,o1_0.telephone,p1_0.owner_id,p1_0.id,p1_0.birth_date,p1_0.name,t1_0.id,t1_0.name from owners o1_0 left join pets p1_0 on o1_0.id=p1_0.owner_id left join types t1_0 on t1_0.id=p1_0.type_id where o1_0.id=? order by p1_0.name
Hibernate: select v1_0.pet_id,v1_0.id,v1_0.visit_date,v1_0.description from visits v1_0 where v1_0.pet_id=? order by v1_0.visit_date
Hibernate: select o1_0.id,o1_0.address,o1_0.city,o1_0.first_name,o1_0.last_name,o1_0.telephone,p1_0.owner_id,p1_0.id,p1_0.birth_date,p1_0.name,t1_0.id,t1_0.name from owners o1_0 left join pets p1_0 on o1_0.id=p1_0.owner_id left join types t1_0 on t1_0.id=p1_0.type_id where o1_0.id=? order by p1_0.name
Hibernate: select v1_0.pet_id,v1_0.id,v1_0.visit_date,v1_0.description from visits v1_0 where v1_0.pet_id=? order by v1_0.visit_date
Hibernate: select v1_0.pet_id,v1_0.id,v1_0.visit_date,v1_0.description from visits v1_0 where v1_0.pet_id=? order by v1_0.visit_date
Hibernate: select o1_0.id,o1_0.address,o1_0.city,o1_0.first_name,o1_0.last_name,o1_0.telephone,p1_0.owner_id,p1_0.id,p1_0.birth_date,p1_0.name,t1_0.id,t1_0.name from owners o1_0 left join pets p1_0 on o1_0.id=p1_0.owner_id left join types t1_0 on t1_0.id=p1_0.type_id where o1_0.id=? order by p1_0.name
Hibernate: select v1_0.pet_id,v1_0.id,v1_0.visit_date,v1_0.description from visits v1_0 where v1_0.pet_id=? order by v1_0.visit_date
Hibernate: select v1_0.pet_id,v1_0.id,v1_0.visit_date,v1_0.description from visits v1_0 where v1_0.pet_id=? order by v1_0.visit_date
Hibernate: select pt1_0.id,pt1_0.name from types pt1_0 order by pt1_0.name
Hibernate: insert into pets (birth_date,name,type_id,id) values (?,?,?,default)
Hibernate: select o1_0.id,o1_0.address,o1_0.city,o1_0.first_name,o1_0.last_name,o1_0.telephone from owners o1_0 where o1_0.last_name like ? escape '\'
Hibernate: insert into owners (address,city,first_name,last_name,telephone,id) values (?,?,?,?,?,default)
Hibernate: select o1_0.id,o1_0.address,o1_0.city,o1_0.first_name,o1_0.last_name,o1_0.telephone from owners o1_0 where o1_0.last_name like ? escape '\'
Hibernate: select o1_0.id,o1_0.address,o1_0.city,o1_0.first_name,o1_0.last_name,o1_0.telephone,p1_0.owner_id,p1_0.id,p1_0.birth_date,p1_0.name,t1_0.id,t1_0.name from owners o1_0 left join pets p1_0 on o1_0.id=p1_0.owner_id left join types t1_0 on t1_0.id=p1_0.type_id where o1_0.id=? order by p1_0.name
Hibernate: select v1_0.pet_id,v1_0.id,v1_0.visit_date,v1_0.description from visits v1_0 where v1_0.pet_id=? order by v1_0.visit_date
Hibernate: select o1_0.id,o1_0.address,o1_0.city,o1_0.first_name,o1_0.last_name,o1_0.telephone,p1_0.owner_id,p1_0.id,p1_0.birth_date,p1_0.name,t1_0.id,t1_0.name from owners o1_0 left join pets p1_0 on o1_0.id=p1_0.owner_id left join types t1_0 on t1_0.id=p1_0.type_id where o1_0.id=? order by p1_0.name
Hibernate: select v1_0.pet_id,v1_0.id,v1_0.visit_date,v1_0.description from visits v1_0 where v1_0.pet_id=? order by v1_0.visit_date
Hibernate: select v1_0.pet_id,v1_0.id,v1_0.visit_date,v1_0.description from visits v1_0 where v1_0.pet_id=? order by v1_0.visit_date
Hibernate: select pt1_0.id,pt1_0.name from types pt1_0 order by pt1_0.name
[INFO] Tests run: 10, Failures: 0, Errors: 0, Skipped: 0, Time elapsed: 1.247 s -- in org.springframework.samples.petclinic.service.ClinicServiceTests
[INFO] Running org.springframework.samples.petclinic.PostgresIntegrationTests
2026-02-06T07:05:33.354Z  INFO 8038 --- [           main] t.c.s.AnnotationConfigContextLoaderUtils : Could not detect default configuration classes for test class [org.springframework.samples.petclinic.PostgresIntegrationTests]: PostgresIntegrationTests does not declare any static, non-private, non-final, nested classes annotated with @Configuration.
2026-02-06T07:05:33.356Z  INFO 8038 --- [           main] .b.t.c.SpringBootTestContextBootstrapper : Found @SpringBootConfiguration org.springframework.samples.petclinic.PetClinicApplication for test class org.springframework.samples.petclinic.PostgresIntegrationTests
2026-02-06T07:05:33.362Z  INFO 8038 --- [           main] o.s.b.d.r.RestartApplicationListener     : Restart disabled due to context in which it is running


              |\      _,,,--,,_
             /,`.-'`'   ._  \-;;,_
  _______ __|,4-  ) )_   .;.(__`'-'__     ___ __    _ ___ _______
 |       | '---''(_/._)-'(_\_)   |   |   |   |  |  | |   |       |
 |    _  |    ___|_     _|       |   |   |   |   |_| |   |       | __ _ _
 |   |_| |   |___  |   | |       |   |   |   |       |   |       | \ \ \ \
 |    ___|    ___| |   | |      _|   |___|   |  _    |   |      _|  \ \ \ \
 |   |   |   |___  |   | |     |_|       |   | | |   |   |     |_    ) ) ) )
 |___|   |_______| |___| |_______|_______|___|_|  |__|___|_______|  / / / /
 ==================================================================/_/_/_/

:: Built with Spring Boot :: 4.0.0


2026-02-06T07:05:33.382Z  INFO 8038 --- [           main] o.s.s.p.PostgresIntegrationTests         : Starting PostgresIntegrationTests using Java 17.0.13 with PID 8038 (started by ubuntu in /home/ubuntu/repos/spring-petclinic)
2026-02-06T07:05:33.382Z  INFO 8038 --- [           main] o.s.s.p.PostgresIntegrationTests         : The following 1 profile is active: "postgres"
2026-02-06T07:05:33.388Z  INFO 8038 --- [           main] .s.b.d.c.l.DockerComposeLifecycleManager : Using Docker Compose file /home/ubuntu/repos/spring-petclinic/docker-compose.yml
2026-02-06T07:05:34.106Z  INFO 8038 --- [utReader-stderr] o.s.boot.docker.compose.core.DockerCli   :  postgres Pulling 
2026-02-06T07:05:35.379Z  INFO 8038 --- [utReader-stderr] o.s.boot.docker.compose.core.DockerCli   :  0c8d55a45c0d Pulling fs layer 
2026-02-06T07:05:35.380Z  INFO 8038 --- [utReader-stderr] o.s.boot.docker.compose.core.DockerCli   :  d7071d8cd1af Pulling fs layer 
2026-02-06T07:05:35.380Z  INFO 8038 --- [utReader-stderr] o.s.boot.docker.compose.core.DockerCli   :  e3d994429678 Pulling fs layer 
2026-02-06T07:05:35.380Z  INFO 8038 --- [utReader-stderr] o.s.boot.docker.compose.core.DockerCli   :  512b7ea3ac5d Pulling fs layer 
2026-02-06T07:05:35.380Z  INFO 8038 --- [utReader-stderr] o.s.boot.docker.compose.core.DockerCli   :  c4fa1de5526b Pulling fs layer 
2026-02-06T07:05:35.380Z  INFO 8038 --- [utReader-stderr] o.s.boot.docker.compose.core.DockerCli   :  67efc7fd0cb7 Pulling fs layer 
2026-02-06T07:05:35.380Z  INFO 8038 --- [utReader-stderr] o.s.boot.docker.compose.core.DockerCli   :  0b231e82c9b6 Pulling fs layer 
2026-02-06T07:05:35.380Z  INFO 8038 --- [utReader-stderr] o.s.boot.docker.compose.core.DockerCli   :  b61b9ed964eb Pulling fs layer 
2026-02-06T07:05:35.380Z  INFO 8038 --- [utReader-stderr] o.s.boot.docker.compose.core.DockerCli   :  6bc137f970e3 Pulling fs layer 
2026-02-06T07:05:35.380Z  INFO 8038 --- [utReader-stderr] o.s.boot.docker.compose.core.DockerCli   :  46dc4e6582cd Pulling fs layer 
2026-02-06T07:05:35.380Z  INFO 8038 --- [utReader-stderr] o.s.boot.docker.compose.core.DockerCli   :  b04fada31d68 Pulling fs layer 
2026-02-06T07:05:35.380Z  INFO 8038 --- [utReader-stderr] o.s.boot.docker.compose.core.DockerCli   :  f7652ec73b05 Pulling fs layer 
2026-02-06T07:05:35.380Z  INFO 8038 --- [utReader-stderr] o.s.boot.docker.compose.core.DockerCli   :  9b8484f1a1e6 Pulling fs layer 
2026-02-06T07:05:35.381Z  INFO 8038 --- [utReader-stderr] o.s.boot.docker.compose.core.DockerCli   :  0b231e82c9b6 Waiting 
2026-02-06T07:05:35.381Z  INFO 8038 --- [utReader-stderr] o.s.boot.docker.compose.core.DockerCli   :  b61b9ed964eb Waiting 
2026-02-06T07:05:35.381Z  INFO 8038 --- [utReader-stderr] o.s.boot.docker.compose.core.DockerCli   :  6bc137f970e3 Waiting 
2026-02-06T07:05:35.381Z  INFO 8038 --- [utReader-stderr] o.s.boot.docker.compose.core.DockerCli   :  46dc4e6582cd Waiting 
2026-02-06T07:05:35.381Z  INFO 8038 --- [utReader-stderr] o.s.boot.docker.compose.core.DockerCli   :  b04fada31d68 Waiting 
2026-02-06T07:05:35.381Z  INFO 8038 --- [utReader-stderr] o.s.boot.docker.compose.core.DockerCli   :  f7652ec73b05 Waiting 
2026-02-06T07:05:35.381Z  INFO 8038 --- [utReader-stderr] o.s.boot.docker.compose.core.DockerCli   :  9b8484f1a1e6 Waiting 
2026-02-06T07:05:35.381Z  INFO 8038 --- [utReader-stderr] o.s.boot.docker.compose.core.DockerCli   :  c4fa1de5526b Waiting 
2026-02-06T07:05:35.381Z  INFO 8038 --- [utReader-stderr] o.s.boot.docker.compose.core.DockerCli   :  67efc7fd0cb7 Waiting 
2026-02-06T07:05:35.381Z  INFO 8038 --- [utReader-stderr] o.s.boot.docker.compose.core.DockerCli   :  512b7ea3ac5d Waiting 
2026-02-06T07:05:35.651Z  INFO 8038 --- [utReader-stderr] o.s.boot.docker.compose.core.DockerCli   :  d7071d8cd1af Downloading [==============================>                    ]     720B/1.175kB
2026-02-06T07:05:35.652Z  INFO 8038 --- [utReader-stderr] o.s.boot.docker.compose.core.DockerCli   :  d7071d8cd1af Downloading [==================================================>]  1.175kB/1.175kB
2026-02-06T07:05:35.652Z  INFO 8038 --- [utReader-stderr] o.s.boot.docker.compose.core.DockerCli   :  d7071d8cd1af Verifying Checksum 
2026-02-06T07:05:35.652Z  INFO 8038 --- [utReader-stderr] o.s.boot.docker.compose.core.DockerCli   :  d7071d8cd1af Download complete 
2026-02-06T07:05:35.666Z  INFO 8038 --- [utReader-stderr] o.s.boot.docker.compose.core.DockerCli   :  0c8d55a45c0d Downloading [>                                                  ]  299.1kB/29.78MB
2026-02-06T07:05:35.674Z  INFO 8038 --- [utReader-stderr] o.s.boot.docker.compose.core.DockerCli   :  e3d994429678 Downloading [>                                                  ]   67.2kB/6.438MB
2026-02-06T07:05:35.722Z  INFO 8038 --- [utReader-stderr] o.s.boot.docker.compose.core.DockerCli   :  e3d994429678 Verifying Checksum 
2026-02-06T07:05:35.722Z  INFO 8038 --- [utReader-stderr] o.s.boot.docker.compose.core.DockerCli   :  e3d994429678 Download complete 
2026-02-06T07:05:35.767Z  INFO 8038 --- [utReader-stderr] o.s.boot.docker.compose.core.DockerCli   :  0c8d55a45c0d Downloading [=============================>                     ]  17.51MB/29.78MB
2026-02-06T07:05:35.846Z  INFO 8038 --- [utReader-stderr] o.s.boot.docker.compose.core.DockerCli   :  0c8d55a45c0d Verifying Checksum 
2026-02-06T07:05:35.848Z  INFO 8038 --- [utReader-stderr] o.s.boot.docker.compose.core.DockerCli   :  0c8d55a45c0d Download complete 
2026-02-06T07:05:35.904Z  INFO 8038 --- [utReader-stderr] o.s.boot.docker.compose.core.DockerCli   :  0c8d55a45c0d Extracting [>                                                  ]  327.7kB/29.78MB
2026-02-06T07:05:35.927Z  INFO 8038 --- [utReader-stderr] o.s.boot.docker.compose.core.DockerCli   :  512b7ea3ac5d Downloading [>                                                  ]  13.04kB/1.257MB
2026-02-06T07:05:35.951Z  INFO 8038 --- [utReader-stderr] o.s.boot.docker.compose.core.DockerCli   :  512b7ea3ac5d Downloading [==================================================>]  1.257MB/1.257MB
2026-02-06T07:05:35.952Z  INFO 8038 --- [utReader-stderr] o.s.boot.docker.compose.core.DockerCli   :  512b7ea3ac5d Verifying Checksum 
2026-02-06T07:05:35.952Z  INFO 8038 --- [utReader-stderr] o.s.boot.docker.compose.core.DockerCli   :  512b7ea3ac5d Download complete 
2026-02-06T07:05:36.007Z  INFO 8038 --- [utReader-stderr] o.s.boot.docker.compose.core.DockerCli   :  0c8d55a45c0d Extracting [======>                                            ]  3.932MB/29.78MB
2026-02-06T07:05:36.016Z  INFO 8038 --- [utReader-stderr] o.s.boot.docker.compose.core.DockerCli   :  c4fa1de5526b Downloading [>                                                  ]  84.11kB/8.204MB
2026-02-06T07:05:36.075Z  INFO 8038 --- [utReader-stderr] o.s.boot.docker.compose.core.DockerCli   :  c4fa1de5526b Verifying Checksum 
2026-02-06T07:05:36.076Z  INFO 8038 --- [utReader-stderr] o.s.boot.docker.compose.core.DockerCli   :  c4fa1de5526b Download complete 
2026-02-06T07:05:36.108Z  INFO 8038 --- [utReader-stderr] o.s.boot.docker.compose.core.DockerCli   :  0c8d55a45c0d Extracting [============>                                      ]  7.537MB/29.78MB
2026-02-06T07:05:36.152Z  INFO 8038 --- [utReader-stderr] o.s.boot.docker.compose.core.DockerCli   :  67efc7fd0cb7 Downloading [>                                                  ]  14.41kB/1.312MB
2026-02-06T07:05:36.178Z  INFO 8038 --- [utReader-stderr] o.s.boot.docker.compose.core.DockerCli   :  67efc7fd0cb7 Verifying Checksum 
2026-02-06T07:05:36.178Z  INFO 8038 --- [utReader-stderr] o.s.boot.docker.compose.core.DockerCli   :  67efc7fd0cb7 Download complete 
2026-02-06T07:05:36.210Z  INFO 8038 --- [utReader-stderr] o.s.boot.docker.compose.core.DockerCli   :  0b231e82c9b6 Downloading [==================================================>]     116B/116B
2026-02-06T07:05:36.210Z  INFO 8038 --- [utReader-stderr] o.s.boot.docker.compose.core.DockerCli   :  0b231e82c9b6 Verifying Checksum 
2026-02-06T07:05:36.210Z  INFO 8038 --- [utReader-stderr] o.s.boot.docker.compose.core.DockerCli   :  0b231e82c9b6 Download complete 
2026-02-06T07:05:36.227Z  INFO 8038 --- [utReader-stderr] o.s.boot.docker.compose.core.DockerCli   :  0c8d55a45c0d Extracting [=================>                                 ]  10.16MB/29.78MB
2026-02-06T07:05:36.341Z  INFO 8038 --- [utReader-stderr] o.s.boot.docker.compose.core.DockerCli   :  0c8d55a45c0d Extracting [====================>                              ]  12.12MB/29.78MB
2026-02-06T07:05:36.353Z  INFO 8038 --- [utReader-stderr] o.s.boot.docker.compose.core.DockerCli   :  b61b9ed964eb Downloading [==========>                                        ]     688B/3.145kB
2026-02-06T07:05:36.354Z  INFO 8038 --- [utReader-stderr] o.s.boot.docker.compose.core.DockerCli   :  b61b9ed964eb Downloading [==================================================>]  3.145kB/3.145kB
2026-02-06T07:05:36.354Z  INFO 8038 --- [utReader-stderr] o.s.boot.docker.compose.core.DockerCli   :  b61b9ed964eb Downloading [==================================================>]  3.145kB/3.145kB
2026-02-06T07:05:36.354Z  INFO 8038 --- [utReader-stderr] o.s.boot.docker.compose.core.DockerCli   :  b61b9ed964eb Download complete 
2026-02-06T07:05:36.443Z  INFO 8038 --- [utReader-stderr] o.s.boot.docker.compose.core.DockerCli   :  0c8d55a45c0d Extracting [==============================>                    ]  18.02MB/29.78MB
2026-02-06T07:05:36.472Z  INFO 8038 --- [utReader-stderr] o.s.boot.docker.compose.core.DockerCli   :  6bc137f970e3 Downloading [>                                                  ]  531.7kB/115.2MB
2026-02-06T07:05:36.530Z  INFO 8038 --- [utReader-stderr] o.s.boot.docker.compose.core.DockerCli   :  46dc4e6582cd Downloading [=>                                                 ]     687B/19.19kB
2026-02-06T07:05:36.531Z  INFO 8038 --- [utReader-stderr] o.s.boot.docker.compose.core.DockerCli   :  46dc4e6582cd Downloading [==================================================>]  19.19kB/19.19kB
2026-02-06T07:05:36.532Z  INFO 8038 --- [utReader-stderr] o.s.boot.docker.compose.core.DockerCli   :  46dc4e6582cd Verifying Checksum 
2026-02-06T07:05:36.532Z  INFO 8038 --- [utReader-stderr] o.s.boot.docker.compose.core.DockerCli   :  46dc4e6582cd Download complete 
2026-02-06T07:05:36.546Z  INFO 8038 --- [utReader-stderr] o.s.boot.docker.compose.core.DockerCli   :  0c8d55a45c0d Extracting [======================================>            ]  22.94MB/29.78MB
2026-02-06T07:05:36.573Z  INFO 8038 --- [utReader-stderr] o.s.boot.docker.compose.core.DockerCli   :  6bc137f970e3 Downloading [=========>                                         ]  21.36MB/115.2MB
2026-02-06T07:05:36.645Z  INFO 8038 --- [utReader-stderr] o.s.boot.docker.compose.core.DockerCli   :  b04fada31d68 Downloading [==================================================>]     127B/127B
2026-02-06T07:05:36.646Z  INFO 8038 --- [utReader-stderr] o.s.boot.docker.compose.core.DockerCli   :  b04fada31d68 Verifying Checksum 
2026-02-06T07:05:36.646Z  INFO 8038 --- [utReader-stderr] o.s.boot.docker.compose.core.DockerCli   :  b04fada31d68 Download complete 
2026-02-06T07:05:36.648Z  INFO 8038 --- [utReader-stderr] o.s.boot.docker.compose.core.DockerCli   :  0c8d55a45c0d Extracting [===========================================>       ]  25.89MB/29.78MB
2026-02-06T07:05:36.675Z  INFO 8038 --- [utReader-stderr] o.s.boot.docker.compose.core.DockerCli   :  6bc137f970e3 Downloading [===================>                               ]  44.24MB/115.2MB
2026-02-06T07:05:36.778Z  INFO 8038 --- [utReader-stderr] o.s.boot.docker.compose.core.DockerCli   :  6bc137f970e3 Downloading [============================>                      ]  66.14MB/115.2MB
2026-02-06T07:05:36.798Z  INFO 8038 --- [utReader-stderr] o.s.boot.docker.compose.core.DockerCli   :  f7652ec73b05 Downloading [======>                                            ]     720B/5.838kB
2026-02-06T07:05:36.798Z  INFO 8038 --- [utReader-stderr] o.s.boot.docker.compose.core.DockerCli   :  f7652ec73b05 Downloading [==================================================>]  5.838kB/5.838kB
2026-02-06T07:05:36.798Z  INFO 8038 --- [utReader-stderr] o.s.boot.docker.compose.core.DockerCli   :  f7652ec73b05 Verifying Checksum 
2026-02-06T07:05:36.799Z  INFO 8038 --- [utReader-stderr] o.s.boot.docker.compose.core.DockerCli   :  f7652ec73b05 Download complete 
2026-02-06T07:05:36.877Z  INFO 8038 --- [utReader-stderr] o.s.boot.docker.compose.core.DockerCli   :  6bc137f970e3 Downloading [======================================>            ]  88.02MB/115.2MB
2026-02-06T07:05:36.878Z  INFO 8038 --- [utReader-stderr] o.s.boot.docker.compose.core.DockerCli   :  0c8d55a45c0d Extracting [============================================>      ]  26.21MB/29.78MB
2026-02-06T07:05:36.926Z  INFO 8038 --- [utReader-stderr] o.s.boot.docker.compose.core.DockerCli   :  9b8484f1a1e6 Downloading [==================================================>]     186B/186B
2026-02-06T07:05:36.926Z  INFO 8038 --- [utReader-stderr] o.s.boot.docker.compose.core.DockerCli   :  9b8484f1a1e6 Verifying Checksum 
2026-02-06T07:05:36.926Z  INFO 8038 --- [utReader-stderr] o.s.boot.docker.compose.core.DockerCli   :  9b8484f1a1e6 Download complete 
2026-02-06T07:05:36.978Z  INFO 8038 --- [utReader-stderr] o.s.boot.docker.compose.core.DockerCli   :  6bc137f970e3 Downloading [=================================================> ]  113.1MB/115.2MB
2026-02-06T07:05:36.982Z  INFO 8038 --- [utReader-stderr] o.s.boot.docker.compose.core.DockerCli   :  6bc137f970e3 Verifying Checksum 
2026-02-06T07:05:36.983Z  INFO 8038 --- [utReader-stderr] o.s.boot.docker.compose.core.DockerCli   :  6bc137f970e3 Download complete 
2026-02-06T07:05:37.036Z  INFO 8038 --- [utReader-stderr] o.s.boot.docker.compose.core.DockerCli   :  0c8d55a45c0d Extracting [===============================================>   ]  28.51MB/29.78MB
2026-02-06T07:05:37.139Z  INFO 8038 --- [utReader-stderr] o.s.boot.docker.compose.core.DockerCli   :  0c8d55a45c0d Extracting [================================================>  ]  28.84MB/29.78MB
2026-02-06T07:05:37.280Z  INFO 8038 --- [utReader-stderr] o.s.boot.docker.compose.core.DockerCli   :  0c8d55a45c0d Extracting [================================================>  ]  29.16MB/29.78MB
2026-02-06T07:05:37.413Z  INFO 8038 --- [utReader-stderr] o.s.boot.docker.compose.core.DockerCli   :  0c8d55a45c0d Extracting [==================================================>]  29.78MB/29.78MB
2026-02-06T07:05:37.469Z  INFO 8038 --- [utReader-stderr] o.s.boot.docker.compose.core.DockerCli   :  0c8d55a45c0d Pull complete 
2026-02-06T07:05:37.471Z  INFO 8038 --- [utReader-stderr] o.s.boot.docker.compose.core.DockerCli   :  d7071d8cd1af Extracting [==================================================>]  1.175kB/1.175kB
2026-02-06T07:05:37.472Z  INFO 8038 --- [utReader-stderr] o.s.boot.docker.compose.core.DockerCli   :  d7071d8cd1af Extracting [==================================================>]  1.175kB/1.175kB
2026-02-06T07:05:37.485Z  INFO 8038 --- [utReader-stderr] o.s.boot.docker.compose.core.DockerCli   :  d7071d8cd1af Pull complete 
2026-02-06T07:05:37.489Z  INFO 8038 --- [utReader-stderr] o.s.boot.docker.compose.core.DockerCli   :  e3d994429678 Extracting [>                                                  ]  65.54kB/6.438MB
2026-02-06T07:05:37.593Z  INFO 8038 --- [utReader-stderr] o.s.boot.docker.compose.core.DockerCli   :  e3d994429678 Extracting [============================================>      ]  5.702MB/6.438MB
2026-02-06T07:05:37.632Z  INFO 8038 --- [utReader-stderr] o.s.boot.docker.compose.core.DockerCli   :  e3d994429678 Extracting [==================================================>]  6.438MB/6.438MB
2026-02-06T07:05:37.702Z  INFO 8038 --- [utReader-stderr] o.s.boot.docker.compose.core.DockerCli   :  e3d994429678 Pull complete 
2026-02-06T07:05:37.703Z  INFO 8038 --- [utReader-stderr] o.s.boot.docker.compose.core.DockerCli   :  512b7ea3ac5d Extracting [=>                                                 ]  32.77kB/1.257MB
2026-02-06T07:05:37.729Z  INFO 8038 --- [utReader-stderr] o.s.boot.docker.compose.core.DockerCli   :  512b7ea3ac5d Extracting [==================================================>]  1.257MB/1.257MB
2026-02-06T07:05:37.743Z  INFO 8038 --- [utReader-stderr] o.s.boot.docker.compose.core.DockerCli   :  512b7ea3ac5d Pull complete 
2026-02-06T07:05:37.745Z  INFO 8038 --- [utReader-stderr] o.s.boot.docker.compose.core.DockerCli   :  c4fa1de5526b Extracting [>                                                  ]   98.3kB/8.204MB
2026-02-06T07:05:37.850Z  INFO 8038 --- [utReader-stderr] o.s.boot.docker.compose.core.DockerCli   :  c4fa1de5526b Extracting [====================>                              ]  3.342MB/8.204MB
2026-02-06T07:05:37.958Z  INFO 8038 --- [utReader-stderr] o.s.boot.docker.compose.core.DockerCli   :  c4fa1de5526b Extracting [=============================>                     ]  4.817MB/8.204MB
2026-02-06T07:05:38.073Z  INFO 8038 --- [utReader-stderr] o.s.boot.docker.compose.core.DockerCli   :  c4fa1de5526b Extracting [======================================>            ]  6.291MB/8.204MB
2026-02-06T07:05:38.141Z  INFO 8038 --- [utReader-stderr] o.s.boot.docker.compose.core.DockerCli   :  c4fa1de5526b Extracting [==================================================>]  8.204MB/8.204MB
2026-02-06T07:05:38.173Z  INFO 8038 --- [utReader-stderr] o.s.boot.docker.compose.core.DockerCli   :  c4fa1de5526b Pull complete 
2026-02-06T07:05:38.175Z  INFO 8038 --- [utReader-stderr] o.s.boot.docker.compose.core.DockerCli   :  67efc7fd0cb7 Extracting [=>                                                 ]  32.77kB/1.312MB
2026-02-06T07:05:38.227Z  INFO 8038 --- [utReader-stderr] o.s.boot.docker.compose.core.DockerCli   :  67efc7fd0cb7 Extracting [==================================================>]  1.312MB/1.312MB
2026-02-06T07:05:38.250Z  INFO 8038 --- [utReader-stderr] o.s.boot.docker.compose.core.DockerCli   :  67efc7fd0cb7 Pull complete 
2026-02-06T07:05:38.253Z  INFO 8038 --- [utReader-stderr] o.s.boot.docker.compose.core.DockerCli   :  0b231e82c9b6 Extracting [==================================================>]     116B/116B
2026-02-06T07:05:38.254Z  INFO 8038 --- [utReader-stderr] o.s.boot.docker.compose.core.DockerCli   :  0b231e82c9b6 Extracting [==================================================>]     116B/116B
2026-02-06T07:05:38.262Z  INFO 8038 --- [utReader-stderr] o.s.boot.docker.compose.core.DockerCli   :  0b231e82c9b6 Pull complete 
2026-02-06T07:05:38.264Z  INFO 8038 --- [utReader-stderr] o.s.boot.docker.compose.core.DockerCli   :  b61b9ed964eb Extracting [==================================================>]  3.145kB/3.145kB
2026-02-06T07:05:38.265Z  INFO 8038 --- [utReader-stderr] o.s.boot.docker.compose.core.DockerCli   :  b61b9ed964eb Extracting [==================================================>]  3.145kB/3.145kB
2026-02-06T07:05:38.276Z  INFO 8038 --- [utReader-stderr] o.s.boot.docker.compose.core.DockerCli   :  b61b9ed964eb Pull complete 
2026-02-06T07:05:38.349Z  INFO 8038 --- [utReader-stderr] o.s.boot.docker.compose.core.DockerCli   :  6bc137f970e3 Extracting [>                                                  ]  557.1kB/115.2MB
2026-02-06T07:05:38.454Z  INFO 8038 --- [utReader-stderr] o.s.boot.docker.compose.core.DockerCli   :  6bc137f970e3 Extracting [==>                                                ]  5.571MB/115.2MB
2026-02-06T07:05:38.583Z  INFO 8038 --- [utReader-stderr] o.s.boot.docker.compose.core.DockerCli   :  6bc137f970e3 Extracting [====>                                              ]   9.47MB/115.2MB
2026-02-06T07:05:38.693Z  INFO 8038 --- [utReader-stderr] o.s.boot.docker.compose.core.DockerCli   :  6bc137f970e3 Extracting [=====>                                             ]   11.7MB/115.2MB
2026-02-06T07:05:38.800Z  INFO 8038 --- [utReader-stderr] o.s.boot.docker.compose.core.DockerCli   :  6bc137f970e3 Extracting [======>                                            ]  14.48MB/115.2MB
2026-02-06T07:05:38.901Z  INFO 8038 --- [utReader-stderr] o.s.boot.docker.compose.core.DockerCli   :  6bc137f970e3 Extracting [=======>                                           ]  17.27MB/115.2MB
2026-02-06T07:05:39.001Z  INFO 8038 --- [utReader-stderr] o.s.boot.docker.compose.core.DockerCli   :  6bc137f970e3 Extracting [=========>                                         ]  21.17MB/115.2MB
2026-02-06T07:05:39.108Z  INFO 8038 --- [utReader-stderr] o.s.boot.docker.compose.core.DockerCli   :  6bc137f970e3 Extracting [==========>                                        ]  23.95MB/115.2MB
2026-02-06T07:05:39.210Z  INFO 8038 --- [utReader-stderr] o.s.boot.docker.compose.core.DockerCli   :  6bc137f970e3 Extracting [============>                                      ]  29.52MB/115.2MB
2026-02-06T07:05:39.315Z  INFO 8038 --- [utReader-stderr] o.s.boot.docker.compose.core.DockerCli   :  6bc137f970e3 Extracting [================>                                  ]  37.88MB/115.2MB
2026-02-06T07:05:39.419Z  INFO 8038 --- [utReader-stderr] o.s.boot.docker.compose.core.DockerCli   :  6bc137f970e3 Extracting [===================>                               ]  45.12MB/115.2MB
2026-02-06T07:05:39.523Z  INFO 8038 --- [utReader-stderr] o.s.boot.docker.compose.core.DockerCli   :  6bc137f970e3 Extracting [=======================>                           ]  53.48MB/115.2MB
2026-02-06T07:05:39.640Z  INFO 8038 --- [utReader-stderr] o.s.boot.docker.compose.core.DockerCli   :  6bc137f970e3 Extracting [========================>                          ]  56.82MB/115.2MB
2026-02-06T07:05:39.742Z  INFO 8038 --- [utReader-stderr] o.s.boot.docker.compose.core.DockerCli   :  6bc137f970e3 Extracting [==========================>                        ]  60.72MB/115.2MB
2026-02-06T07:05:39.847Z  INFO 8038 --- [utReader-stderr] o.s.boot.docker.compose.core.DockerCli   :  6bc137f970e3 Extracting [=============================>                     ]  66.85MB/115.2MB
2026-02-06T07:05:39.951Z  INFO 8038 --- [utReader-stderr] o.s.boot.docker.compose.core.DockerCli   :  6bc137f970e3 Extracting [================================>                  ]  74.65MB/115.2MB
2026-02-06T07:05:40.055Z  INFO 8038 --- [utReader-stderr] o.s.boot.docker.compose.core.DockerCli   :  6bc137f970e3 Extracting [===================================>               ]  81.89MB/115.2MB
2026-02-06T07:05:40.158Z  INFO 8038 --- [utReader-stderr] o.s.boot.docker.compose.core.DockerCli   :  6bc137f970e3 Extracting [======================================>            ]  89.13MB/115.2MB
2026-02-06T07:05:40.266Z  INFO 8038 --- [utReader-stderr] o.s.boot.docker.compose.core.DockerCli   :  6bc137f970e3 Extracting [=========================================>         ]  96.37MB/115.2MB
2026-02-06T07:05:40.388Z  INFO 8038 --- [utReader-stderr] o.s.boot.docker.compose.core.DockerCli   :  6bc137f970e3 Extracting [==========================================>        ]   98.6MB/115.2MB
2026-02-06T07:05:40.528Z  INFO 8038 --- [utReader-stderr] o.s.boot.docker.compose.core.DockerCli   :  6bc137f970e3 Extracting [============================================>      ]  101.9MB/115.2MB
2026-02-06T07:05:40.645Z  INFO 8038 --- [utReader-stderr] o.s.boot.docker.compose.core.DockerCli   :  6bc137f970e3 Extracting [=============================================>     ]  104.7MB/115.2MB
2026-02-06T07:05:40.762Z  INFO 8038 --- [utReader-stderr] o.s.boot.docker.compose.core.DockerCli   :  6bc137f970e3 Extracting [==============================================>    ]  108.1MB/115.2MB
2026-02-06T07:05:40.902Z  INFO 8038 --- [utReader-stderr] o.s.boot.docker.compose.core.DockerCli   :  6bc137f970e3 Extracting [===============================================>   ]  109.7MB/115.2MB
2026-02-06T07:05:41.101Z  INFO 8038 --- [utReader-stderr] o.s.boot.docker.compose.core.DockerCli   :  6bc137f970e3 Extracting [================================================>  ]  111.4MB/115.2MB
2026-02-06T07:05:41.215Z  INFO 8038 --- [utReader-stderr] o.s.boot.docker.compose.core.DockerCli   :  6bc137f970e3 Extracting [=================================================> ]  113.1MB/115.2MB
2026-02-06T07:05:41.487Z  INFO 8038 --- [utReader-stderr] o.s.boot.docker.compose.core.DockerCli   :  6bc137f970e3 Extracting [=================================================> ]  113.6MB/115.2MB
2026-02-06T07:05:41.606Z  INFO 8038 --- [utReader-stderr] o.s.boot.docker.compose.core.DockerCli   :  6bc137f970e3 Extracting [=================================================> ]  114.8MB/115.2MB
2026-02-06T07:05:41.666Z  INFO 8038 --- [utReader-stderr] o.s.boot.docker.compose.core.DockerCli   :  6bc137f970e3 Extracting [==================================================>]  115.2MB/115.2MB
2026-02-06T07:05:41.747Z  INFO 8038 --- [utReader-stderr] o.s.boot.docker.compose.core.DockerCli   :  6bc137f970e3 Pull complete 
2026-02-06T07:05:41.750Z  INFO 8038 --- [utReader-stderr] o.s.boot.docker.compose.core.DockerCli   :  46dc4e6582cd Extracting [==================================================>]  19.19kB/19.19kB
2026-02-06T07:05:41.750Z  INFO 8038 --- [utReader-stderr] o.s.boot.docker.compose.core.DockerCli   :  46dc4e6582cd Extracting [==================================================>]  19.19kB/19.19kB
2026-02-06T07:05:41.762Z  INFO 8038 --- [utReader-stderr] o.s.boot.docker.compose.core.DockerCli   :  46dc4e6582cd Pull complete 
2026-02-06T07:05:41.764Z  INFO 8038 --- [utReader-stderr] o.s.boot.docker.compose.core.DockerCli   :  b04fada31d68 Extracting [==================================================>]     127B/127B
2026-02-06T07:05:41.764Z  INFO 8038 --- [utReader-stderr] o.s.boot.docker.compose.core.DockerCli   :  b04fada31d68 Extracting [==================================================>]     127B/127B
2026-02-06T07:05:41.773Z  INFO 8038 --- [utReader-stderr] o.s.boot.docker.compose.core.DockerCli   :  b04fada31d68 Pull complete 
2026-02-06T07:05:41.775Z  INFO 8038 --- [utReader-stderr] o.s.boot.docker.compose.core.DockerCli   :  f7652ec73b05 Extracting [==================================================>]  5.838kB/5.838kB
2026-02-06T07:05:41.775Z  INFO 8038 --- [utReader-stderr] o.s.boot.docker.compose.core.DockerCli   :  f7652ec73b05 Extracting [==================================================>]  5.838kB/5.838kB
2026-02-06T07:05:41.785Z  INFO 8038 --- [utReader-stderr] o.s.boot.docker.compose.core.DockerCli   :  f7652ec73b05 Pull complete 
2026-02-06T07:05:41.788Z  INFO 8038 --- [utReader-stderr] o.s.boot.docker.compose.core.DockerCli   :  9b8484f1a1e6 Extracting [==================================================>]     186B/186B
2026-02-06T07:05:41.790Z  INFO 8038 --- [utReader-stderr] o.s.boot.docker.compose.core.DockerCli   :  9b8484f1a1e6 Extracting [==================================================>]     186B/186B
2026-02-06T07:05:41.802Z  INFO 8038 --- [utReader-stderr] o.s.boot.docker.compose.core.DockerCli   :  9b8484f1a1e6 Pull complete 
2026-02-06T07:05:41.812Z  INFO 8038 --- [utReader-stderr] o.s.boot.docker.compose.core.DockerCli   :  postgres Pulled 
2026-02-06T07:05:41.819Z  INFO 8038 --- [utReader-stderr] o.s.boot.docker.compose.core.DockerCli   :  Network spring-petclinic_default  Creating
2026-02-06T07:05:41.899Z  INFO 8038 --- [utReader-stderr] o.s.boot.docker.compose.core.DockerCli   :  Network spring-petclinic_default  Created
2026-02-06T07:05:41.901Z  INFO 8038 --- [utReader-stderr] o.s.boot.docker.compose.core.DockerCli   :  Container spring-petclinic-postgres-1  Creating
2026-02-06T07:05:42.318Z  INFO 8038 --- [utReader-stderr] o.s.boot.docker.compose.core.DockerCli   :  Container spring-petclinic-postgres-1  Created
2026-02-06T07:05:42.320Z  INFO 8038 --- [utReader-stderr] o.s.boot.docker.compose.core.DockerCli   :  Container spring-petclinic-postgres-1  Starting
2026-02-06T07:05:42.583Z  INFO 8038 --- [utReader-stderr] o.s.boot.docker.compose.core.DockerCli   :  Container spring-petclinic-postgres-1  Started
2026-02-06T07:05:42.584Z  INFO 8038 --- [utReader-stderr] o.s.boot.docker.compose.core.DockerCli   :  Container spring-petclinic-postgres-1  Waiting
2026-02-06T07:05:43.087Z  INFO 8038 --- [utReader-stderr] o.s.boot.docker.compose.core.DockerCli   :  Container spring-petclinic-postgres-1  Healthy
2026-02-06T07:05:44.705Z  INFO 8038 --- [           main] .s.d.r.c.RepositoryConfigurationDelegate : Bootstrapping Spring Data JPA repositories in DEFAULT mode.
2026-02-06T07:05:44.714Z  INFO 8038 --- [           main] .s.d.r.c.RepositoryConfigurationDelegate : Finished Spring Data repository scanning in 6 ms. Found 3 JPA repository interfaces.
2026-02-06T07:05:44.818Z  INFO 8038 --- [           main] o.s.boot.tomcat.TomcatWebServer          : Tomcat initialized with port 0 (http)
2026-02-06T07:05:44.820Z  INFO 8038 --- [           main] o.apache.catalina.core.StandardService   : Starting service [Tomcat]
2026-02-06T07:05:44.820Z  INFO 8038 --- [           main] o.apache.catalina.core.StandardEngine    : Starting Servlet engine: [Apache Tomcat/11.0.14]
2026-02-06T07:05:44.834Z  INFO 8038 --- [           main] b.w.c.s.WebApplicationContextInitializer : Root WebApplicationContext: initialization completed in 318 ms
2026-02-06T07:05:44.881Z  INFO 8038 --- [           main] com.zaxxer.hikari.HikariDataSource       : HikariPool-3 - Starting...
2026-02-06T07:05:45.040Z  INFO 8038 --- [           main] com.zaxxer.hikari.pool.HikariPool        : HikariPool-3 - Added connection org.postgresql.jdbc.PgConnection@659c940a
2026-02-06T07:05:45.040Z  INFO 8038 --- [           main] com.zaxxer.hikari.HikariDataSource       : HikariPool-3 - Start completed.
2026-02-06T07:05:45.120Z  INFO 8038 --- [           main] o.hibernate.jpa.internal.util.LogHelper  : HHH000204: Processing PersistenceUnitInfo [name: default]
2026-02-06T07:05:45.144Z  INFO 8038 --- [           main] o.s.o.j.p.SpringPersistenceUnitInfo      : No LoadTimeWeaver setup: ignoring JPA class transformer
2026-02-06T07:05:45.162Z  INFO 8038 --- [           main] org.hibernate.orm.connections.pooling    : HHH10001005: Database info:
	Database JDBC URL [jdbc:postgresql://127.0.0.1:5432/petclinic]
	Database driver: PostgreSQL JDBC Driver
	Database dialect: PostgreSQLDialect
	Database version: 18.1
	Default catalog/schema: petclinic/public
	Autocommit mode: undefined/unknown
	Isolation level: READ_COMMITTED [default READ_COMMITTED]
	JDBC fetch size: none
	Pool: DatasourceConnectionProviderImpl
	Minimum pool size: undefined/unknown
	Maximum pool size: undefined/unknown
2026-02-06T07:05:45.270Z  INFO 8038 --- [           main] o.h.e.t.j.p.i.JtaPlatformInitiator       : HHH000489: No JTA platform available (set 'hibernate.transaction.jta.platform' to enable JTA platform integration)
2026-02-06T07:05:45.270Z  INFO 8038 --- [           main] j.LocalContainerEntityManagerFactoryBean : Initialized JPA EntityManagerFactory for persistence unit 'default'
2026-02-06T07:05:45.488Z  INFO 8038 --- [           main] o.s.b.a.e.web.EndpointLinksResolver      : Exposing 13 endpoints beneath base path '/actuator'
2026-02-06T07:05:45.509Z  INFO 8038 --- [           main] o.s.boot.tomcat.TomcatWebServer          : Tomcat started on port 33531 (http) with context path '/'
2026-02-06T07:05:45.513Z  INFO 8038 --- [           main] o.s.s.p.PostgresIntegrationTests         : Started PostgresIntegrationTests in 12.15 seconds (process running for 64.797)
2026-02-06T07:05:45.556Z  INFO 8038 --- [o-auto-2-exec-1] o.a.c.c.C.[Tomcat-1].[localhost].[/]     : Initializing Spring DispatcherServlet 'dispatcherServlet'
2026-02-06T07:05:45.557Z  INFO 8038 --- [o-auto-2-exec-1] o.s.web.servlet.DispatcherServlet        : Initializing Servlet 'dispatcherServlet'
2026-02-06T07:05:45.558Z  INFO 8038 --- [o-auto-2-exec-1] o.s.web.servlet.DispatcherServlet        : Completed initialization in 1 ms
[INFO] Tests run: 2, Failures: 0, Errors: 0, Skipped: 0, Time elapsed: 12.27 s -- in org.springframework.samples.petclinic.PostgresIntegrationTests
[INFO] Running org.springframework.samples.petclinic.system.CrashControllerTests
[INFO] Tests run: 1, Failures: 0, Errors: 0, Skipped: 0, Time elapsed: 0.007 s -- in org.springframework.samples.petclinic.system.CrashControllerTests
[INFO] Running org.springframework.samples.petclinic.system.CrashControllerIntegrationTests
2026-02-06T07:05:45.650Z  INFO 8038 --- [           main] o.s.b.d.r.RestartApplicationListener     : Restart disabled due to context in which it is running


              |\      _,,,--,,_
             /,`.-'`'   ._  \-;;,_
  _______ __|,4-  ) )_   .;.(__`'-'__     ___ __    _ ___ _______
 |       | '---''(_/._)-'(_\_)   |   |   |   |  |  | |   |       |
 |    _  |    ___|_     _|       |   |   |   |   |_| |   |       | __ _ _
 |   |_| |   |___  |   | |       |   |   |   |       |   |       | \ \ \ \
 |    ___|    ___| |   | |      _|   |___|   |  _    |   |      _|  \ \ \ \
 |   |   |   |___  |   | |     |_|       |   | | |   |   |     |_    ) ) ) )
 |___|   |_______| |___| |_______|_______|___|_|  |__|___|_______|  / / / /
 ==================================================================/_/_/_/

:: Built with Spring Boot :: 4.0.0


2026-02-06T07:05:45.667Z  INFO 8038 --- [           main] .s.s.p.s.CrashControllerIntegrationTests : Starting CrashControllerIntegrationTests using Java 17.0.13 with PID 8038 (started by ubuntu in /home/ubuntu/repos/spring-petclinic)
2026-02-06T07:05:45.667Z  INFO 8038 --- [           main] .s.s.p.s.CrashControllerIntegrationTests : No active profile set, falling back to 1 default profile: "default"
2026-02-06T07:05:45.840Z  INFO 8038 --- [           main] o.s.boot.tomcat.TomcatWebServer          : Tomcat initialized with port 0 (http)
2026-02-06T07:05:45.841Z  INFO 8038 --- [           main] o.apache.catalina.core.StandardService   : Starting service [Tomcat]
2026-02-06T07:05:45.841Z  INFO 8038 --- [           main] o.apache.catalina.core.StandardEngine    : Starting Servlet engine: [Apache Tomcat/11.0.14]
2026-02-06T07:05:45.855Z  INFO 8038 --- [           main] b.w.c.s.WebApplicationContextInitializer : Root WebApplicationContext: initialization completed in 186 ms
2026-02-06T07:05:45.978Z  INFO 8038 --- [           main] o.s.b.a.e.web.EndpointLinksResolver      : Exposing 0 endpoints beneath base path '/actuator'
2026-02-06T07:05:45.993Z  INFO 8038 --- [           main] o.s.boot.tomcat.TomcatWebServer          : Tomcat started on port 39761 (http) with context path '/'
2026-02-06T07:05:45.997Z  INFO 8038 --- [           main] .s.s.p.s.CrashControllerIntegrationTests : Started CrashControllerIntegrationTests in 0.348 seconds (process running for 65.282)
2026-02-06T07:05:46.007Z  INFO 8038 --- [o-auto-3-exec-1] o.a.c.c.C.[Tomcat-2].[localhost].[/]     : Initializing Spring DispatcherServlet 'dispatcherServlet'
2026-02-06T07:05:46.007Z  INFO 8038 --- [o-auto-3-exec-1] o.s.web.servlet.DispatcherServlet        : Initializing Servlet 'dispatcherServlet'
2026-02-06T07:05:46.008Z  INFO 8038 --- [o-auto-3-exec-1] o.s.web.servlet.DispatcherServlet        : Completed initialization in 1 ms
2026-02-06T07:05:46.015Z ERROR 8038 --- [o-auto-3-exec-1] o.a.c.c.C.[.[.[/].[dispatcherServlet]    : Servlet.service() for servlet [dispatcherServlet] in context with path [] threw exception [Request processing failed: java.lang.RuntimeException: Expected: controller used to showcase what happens when an exception is thrown] with root cause

java.lang.RuntimeException: Expected: controller used to showcase what happens when an exception is thrown
	at org.springframework.samples.petclinic.system.CrashController.triggerException(CrashController.java:33) ~[classes/:na]
	at java.base/jdk.internal.reflect.NativeMethodAccessorImpl.invoke0(Native Method) ~[na:na]
	at java.base/jdk.internal.reflect.NativeMethodAccessorImpl.invoke(NativeMethodAccessorImpl.java:77) ~[na:na]
	at java.base/jdk.internal.reflect.DelegatingMethodAccessorImpl.invoke(DelegatingMethodAccessorImpl.java:43) ~[na:na]
	at java.base/java.lang.reflect.Method.invoke(Method.java:569) ~[na:na]
	at org.springframework.web.method.support.InvocableHandlerMethod.doInvoke(InvocableHandlerMethod.java:258) ~[spring-web-7.0.1.jar:7.0.1]
	at org.springframework.web.method.support.InvocableHandlerMethod.invokeForRequest(InvocableHandlerMethod.java:190) ~[spring-web-7.0.1.jar:7.0.1]
	at org.springframework.web.servlet.mvc.method.annotation.ServletInvocableHandlerMethod.invokeAndHandle(ServletInvocableHandlerMethod.java:117) ~[spring-webmvc-7.0.1.jar:7.0.1]
	at org.springframework.web.servlet.mvc.method.annotation.RequestMappingHandlerAdapter.invokeHandlerMethod(RequestMappingHandlerAdapter.java:934) ~[spring-webmvc-7.0.1.jar:7.0.1]
	at org.springframework.web.servlet.mvc.method.annotation.RequestMappingHandlerAdapter.handleInternal(RequestMappingHandlerAdapter.java:853) ~[spring-webmvc-7.0.1.jar:7.0.1]
	at org.springframework.web.servlet.mvc.method.AbstractHandlerMethodAdapter.handle(AbstractHandlerMethodAdapter.java:86) ~[spring-webmvc-7.0.1.jar:7.0.1]
	at org.springframework.web.servlet.DispatcherServlet.doDispatch(DispatcherServlet.java:963) ~[spring-webmvc-7.0.1.jar:7.0.1]
	at org.springframework.web.servlet.DispatcherServlet.doService(DispatcherServlet.java:866) ~[spring-webmvc-7.0.1.jar:7.0.1]
	at org.springframework.web.servlet.FrameworkServlet.processRequest(FrameworkServlet.java:1003) ~[spring-webmvc-7.0.1.jar:7.0.1]
	at org.springframework.web.servlet.FrameworkServlet.doGet(FrameworkServlet.java:892) ~[spring-webmvc-7.0.1.jar:7.0.1]
	at jakarta.servlet.http.HttpServlet.service(HttpServlet.java:622) ~[tomcat-embed-core-11.0.14.jar:6.1]
	at org.springframework.web.servlet.FrameworkServlet.service(FrameworkServlet.java:874) ~[spring-webmvc-7.0.1.jar:7.0.1]
	at jakarta.servlet.http.HttpServlet.service(HttpServlet.java:710) ~[tomcat-embed-core-11.0.14.jar:6.1]
	at org.apache.catalina.core.ApplicationFilterChain.doFilter(ApplicationFilterChain.java:128) ~[tomcat-embed-core-11.0.14.jar:11.0.14]
	at org.apache.tomcat.websocket.server.WsFilter.doFilter(WsFilter.java:53) ~[tomcat-embed-websocket-11.0.14.jar:11.0.14]
	at org.apache.catalina.core.ApplicationFilterChain.doFilter(ApplicationFilterChain.java:107) ~[tomcat-embed-core-11.0.14.jar:11.0.14]
	at org.springframework.web.servlet.resource.ResourceUrlEncodingFilter.doFilter(ResourceUrlEncodingFilter.java:66) ~[spring-webmvc-7.0.1.jar:7.0.1]
	at org.apache.catalina.core.ApplicationFilterChain.doFilter(ApplicationFilterChain.java:107) ~[tomcat-embed-core-11.0.14.jar:11.0.14]
	at org.springframework.web.filter.RequestContextFilter.doFilterInternal(RequestContextFilter.java:100) ~[spring-web-7.0.1.jar:7.0.1]
	at org.springframework.web.filter.OncePerRequestFilter.doFilter(OncePerRequestFilter.java:116) ~[spring-web-7.0.1.jar:7.0.1]
	at org.apache.catalina.core.ApplicationFilterChain.doFilter(ApplicationFilterChain.java:107) ~[tomcat-embed-core-11.0.14.jar:11.0.14]
	at org.springframework.web.filter.FormContentFilter.doFilterInternal(FormContentFilter.java:93) ~[spring-web-7.0.1.jar:7.0.1]
	at org.springframework.web.filter.OncePerRequestFilter.doFilter(OncePerRequestFilter.java:116) ~[spring-web-7.0.1.jar:7.0.1]
	at org.apache.catalina.core.ApplicationFilterChain.doFilter(ApplicationFilterChain.java:107) ~[tomcat-embed-core-11.0.14.jar:11.0.14]
	at org.springframework.web.filter.ServerHttpObservationFilter.doFilterInternal(ServerHttpObservationFilter.java:110) ~[spring-web-7.0.1.jar:7.0.1]
	at org.springframework.web.filter.OncePerRequestFilter.doFilter(OncePerRequestFilter.java:116) ~[spring-web-7.0.1.jar:7.0.1]
	at org.apache.catalina.core.ApplicationFilterChain.doFilter(ApplicationFilterChain.java:107) ~[tomcat-embed-core-11.0.14.jar:11.0.14]
	at org.springframework.web.filter.CharacterEncodingFilter.doFilterInternal(CharacterEncodingFilter.java:199) ~[spring-web-7.0.1.jar:7.0.1]
	at org.springframework.web.filter.OncePerRequestFilter.doFilter(OncePerRequestFilter.java:116) ~[spring-web-7.0.1.jar:7.0.1]
	at org.apache.catalina.core.ApplicationFilterChain.doFilter(ApplicationFilterChain.java:107) ~[tomcat-embed-core-11.0.14.jar:11.0.14]
	at org.apache.catalina.core.StandardWrapperValve.invoke(StandardWrapperValve.java:165) ~[tomcat-embed-core-11.0.14.jar:11.0.14]
	at org.apache.catalina.core.StandardContextValve.invoke(StandardContextValve.java:77) ~[tomcat-embed-core-11.0.14.jar:11.0.14]
	at org.apache.catalina.authenticator.AuthenticatorBase.invoke(AuthenticatorBase.java:482) ~[tomcat-embed-core-11.0.14.jar:11.0.14]
	at org.apache.catalina.core.StandardHostValve.invoke(StandardHostValve.java:113) ~[tomcat-embed-core-11.0.14.jar:11.0.14]
	at org.apache.catalina.valves.ErrorReportValve.invoke(ErrorReportValve.java:83) ~[tomcat-embed-core-11.0.14.jar:11.0.14]
	at org.apache.catalina.core.StandardEngineValve.invoke(StandardEngineValve.java:72) ~[tomcat-embed-core-11.0.14.jar:11.0.14]
	at org.apache.catalina.connector.CoyoteAdapter.service(CoyoteAdapter.java:341) ~[tomcat-embed-core-11.0.14.jar:11.0.14]
	at org.apache.coyote.http11.Http11Processor.service(Http11Processor.java:397) ~[tomcat-embed-core-11.0.14.jar:11.0.14]
	at org.apache.coyote.AbstractProcessorLight.process(AbstractProcessorLight.java:63) ~[tomcat-embed-core-11.0.14.jar:11.0.14]
	at org.apache.coyote.AbstractProtocol$ConnectionHandler.process(AbstractProtocol.java:903) ~[tomcat-embed-core-11.0.14.jar:11.0.14]
	at org.apache.tomcat.util.net.NioEndpoint$SocketProcessor.doRun(NioEndpoint.java:1778) ~[tomcat-embed-core-11.0.14.jar:11.0.14]
	at org.apache.tomcat.util.net.SocketProcessorBase.run(SocketProcessorBase.java:52) ~[tomcat-embed-core-11.0.14.jar:11.0.14]
	at org.apache.tomcat.util.threads.ThreadPoolExecutor.runWorker(ThreadPoolExecutor.java:946) ~[tomcat-embed-core-11.0.14.jar:11.0.14]
	at org.apache.tomcat.util.threads.ThreadPoolExecutor$Worker.run(ThreadPoolExecutor.java:480) ~[tomcat-embed-core-11.0.14.jar:11.0.14]
	at org.apache.tomcat.util.threads.TaskThread$WrappingRunnable.run(TaskThread.java:57) ~[tomcat-embed-core-11.0.14.jar:11.0.14]
	at java.base/java.lang.Thread.run(Thread.java:840) ~[na:na]

2026-02-06T07:05:46.097Z ERROR 8038 --- [o-auto-3-exec-2] o.a.c.c.C.[.[.[/].[dispatcherServlet]    : Servlet.service() for servlet [dispatcherServlet] in context with path [] threw exception [Request processing failed: java.lang.RuntimeException: Expected: controller used to showcase what happens when an exception is thrown] with root cause

java.lang.RuntimeException: Expected: controller used to showcase what happens when an exception is thrown
	at org.springframework.samples.petclinic.system.CrashController.triggerException(CrashController.java:33) ~[classes/:na]
	at java.base/jdk.internal.reflect.NativeMethodAccessorImpl.invoke0(Native Method) ~[na:na]
	at java.base/jdk.internal.reflect.NativeMethodAccessorImpl.invoke(NativeMethodAccessorImpl.java:77) ~[na:na]
	at java.base/jdk.internal.reflect.DelegatingMethodAccessorImpl.invoke(DelegatingMethodAccessorImpl.java:43) ~[na:na]
	at java.base/java.lang.reflect.Method.invoke(Method.java:569) ~[na:na]
	at org.springframework.web.method.support.InvocableHandlerMethod.doInvoke(InvocableHandlerMethod.java:258) ~[spring-web-7.0.1.jar:7.0.1]
	at org.springframework.web.method.support.InvocableHandlerMethod.invokeForRequest(InvocableHandlerMethod.java:190) ~[spring-web-7.0.1.jar:7.0.1]
	at org.springframework.web.servlet.mvc.method.annotation.ServletInvocableHandlerMethod.invokeAndHandle(ServletInvocableHandlerMethod.java:117) ~[spring-webmvc-7.0.1.jar:7.0.1]
	at org.springframework.web.servlet.mvc.method.annotation.RequestMappingHandlerAdapter.invokeHandlerMethod(RequestMappingHandlerAdapter.java:934) ~[spring-webmvc-7.0.1.jar:7.0.1]
	at org.springframework.web.servlet.mvc.method.annotation.RequestMappingHandlerAdapter.handleInternal(RequestMappingHandlerAdapter.java:853) ~[spring-webmvc-7.0.1.jar:7.0.1]
	at org.springframework.web.servlet.mvc.method.AbstractHandlerMethodAdapter.handle(AbstractHandlerMethodAdapter.java:86) ~[spring-webmvc-7.0.1.jar:7.0.1]
	at org.springframework.web.servlet.DispatcherServlet.doDispatch(DispatcherServlet.java:963) ~[spring-webmvc-7.0.1.jar:7.0.1]
	at org.springframework.web.servlet.DispatcherServlet.doService(DispatcherServlet.java:866) ~[spring-webmvc-7.0.1.jar:7.0.1]
	at org.springframework.web.servlet.FrameworkServlet.processRequest(FrameworkServlet.java:1003) ~[spring-webmvc-7.0.1.jar:7.0.1]
	at org.springframework.web.servlet.FrameworkServlet.doGet(FrameworkServlet.java:892) ~[spring-webmvc-7.0.1.jar:7.0.1]
	at jakarta.servlet.http.HttpServlet.service(HttpServlet.java:622) ~[tomcat-embed-core-11.0.14.jar:6.1]
	at org.springframework.web.servlet.FrameworkServlet.service(FrameworkServlet.java:874) ~[spring-webmvc-7.0.1.jar:7.0.1]
	at jakarta.servlet.http.HttpServlet.service(HttpServlet.java:710) ~[tomcat-embed-core-11.0.14.jar:6.1]
	at org.apache.catalina.core.ApplicationFilterChain.doFilter(ApplicationFilterChain.java:128) ~[tomcat-embed-core-11.0.14.jar:11.0.14]
	at org.apache.tomcat.websocket.server.WsFilter.doFilter(WsFilter.java:53) ~[tomcat-embed-websocket-11.0.14.jar:11.0.14]
	at org.apache.catalina.core.ApplicationFilterChain.doFilter(ApplicationFilterChain.java:107) ~[tomcat-embed-core-11.0.14.jar:11.0.14]
	at org.springframework.web.servlet.resource.ResourceUrlEncodingFilter.doFilter(ResourceUrlEncodingFilter.java:66) ~[spring-webmvc-7.0.1.jar:7.0.1]
	at org.apache.catalina.core.ApplicationFilterChain.doFilter(ApplicationFilterChain.java:107) ~[tomcat-embed-core-11.0.14.jar:11.0.14]
	at org.springframework.web.filter.RequestContextFilter.doFilterInternal(RequestContextFilter.java:100) ~[spring-web-7.0.1.jar:7.0.1]
	at org.springframework.web.filter.OncePerRequestFilter.doFilter(OncePerRequestFilter.java:116) ~[spring-web-7.0.1.jar:7.0.1]
	at org.apache.catalina.core.ApplicationFilterChain.doFilter(ApplicationFilterChain.java:107) ~[tomcat-embed-core-11.0.14.jar:11.0.14]
	at org.springframework.web.filter.FormContentFilter.doFilterInternal(FormContentFilter.java:93) ~[spring-web-7.0.1.jar:7.0.1]
	at org.springframework.web.filter.OncePerRequestFilter.doFilter(OncePerRequestFilter.java:116) ~[spring-web-7.0.1.jar:7.0.1]
	at org.apache.catalina.core.ApplicationFilterChain.doFilter(ApplicationFilterChain.java:107) ~[tomcat-embed-core-11.0.14.jar:11.0.14]
	at org.springframework.web.filter.ServerHttpObservationFilter.doFilterInternal(ServerHttpObservationFilter.java:110) ~[spring-web-7.0.1.jar:7.0.1]
	at org.springframework.web.filter.OncePerRequestFilter.doFilter(OncePerRequestFilter.java:116) ~[spring-web-7.0.1.jar:7.0.1]
	at org.apache.catalina.core.ApplicationFilterChain.doFilter(ApplicationFilterChain.java:107) ~[tomcat-embed-core-11.0.14.jar:11.0.14]
	at org.springframework.web.filter.CharacterEncodingFilter.doFilterInternal(CharacterEncodingFilter.java:199) ~[spring-web-7.0.1.jar:7.0.1]
	at org.springframework.web.filter.OncePerRequestFilter.doFilter(OncePerRequestFilter.java:116) ~[spring-web-7.0.1.jar:7.0.1]
	at org.apache.catalina.core.ApplicationFilterChain.doFilter(ApplicationFilterChain.java:107) ~[tomcat-embed-core-11.0.14.jar:11.0.14]
	at org.apache.catalina.core.StandardWrapperValve.invoke(StandardWrapperValve.java:165) ~[tomcat-embed-core-11.0.14.jar:11.0.14]
	at org.apache.catalina.core.StandardContextValve.invoke(StandardContextValve.java:77) ~[tomcat-embed-core-11.0.14.jar:11.0.14]
	at org.apache.catalina.authenticator.AuthenticatorBase.invoke(AuthenticatorBase.java:482) ~[tomcat-embed-core-11.0.14.jar:11.0.14]
	at org.apache.catalina.core.StandardHostValve.invoke(StandardHostValve.java:113) ~[tomcat-embed-core-11.0.14.jar:11.0.14]
	at org.apache.catalina.valves.ErrorReportValve.invoke(ErrorReportValve.java:83) ~[tomcat-embed-core-11.0.14.jar:11.0.14]
	at org.apache.catalina.core.StandardEngineValve.invoke(StandardEngineValve.java:72) ~[tomcat-embed-core-11.0.14.jar:11.0.14]
	at org.apache.catalina.connector.CoyoteAdapter.service(CoyoteAdapter.java:341) ~[tomcat-embed-core-11.0.14.jar:11.0.14]
	at org.apache.coyote.http11.Http11Processor.service(Http11Processor.java:397) ~[tomcat-embed-core-11.0.14.jar:11.0.14]
	at org.apache.coyote.AbstractProcessorLight.process(AbstractProcessorLight.java:63) ~[tomcat-embed-core-11.0.14.jar:11.0.14]
	at org.apache.coyote.AbstractProtocol$ConnectionHandler.process(AbstractProtocol.java:903) ~[tomcat-embed-core-11.0.14.jar:11.0.14]
	at org.apache.tomcat.util.net.NioEndpoint$SocketProcessor.doRun(NioEndpoint.java:1778) ~[tomcat-embed-core-11.0.14.jar:11.0.14]
	at org.apache.tomcat.util.net.SocketProcessorBase.run(SocketProcessorBase.java:52) ~[tomcat-embed-core-11.0.14.jar:11.0.14]
	at org.apache.tomcat.util.threads.ThreadPoolExecutor.runWorker(ThreadPoolExecutor.java:946) ~[tomcat-embed-core-11.0.14.jar:11.0.14]
	at org.apache.tomcat.util.threads.ThreadPoolExecutor$Worker.run(ThreadPoolExecutor.java:480) ~[tomcat-embed-core-11.0.14.jar:11.0.14]
	at org.apache.tomcat.util.threads.TaskThread$WrappingRunnable.run(TaskThread.java:57) ~[tomcat-embed-core-11.0.14.jar:11.0.14]
	at java.base/java.lang.Thread.run(Thread.java:840) ~[na:na]

[INFO] Tests run: 2, Failures: 0, Errors: 0, Skipped: 0, Time elapsed: 0.530 s -- in org.springframework.samples.petclinic.system.CrashControllerIntegrationTests
[INFO] Running org.springframework.samples.petclinic.system.I18nPropertiesSyncTest
[INFO] Tests run: 2, Failures: 0, Errors: 0, Skipped: 0, Time elapsed: 0.015 s -- in org.springframework.samples.petclinic.system.I18nPropertiesSyncTest
[INFO] Running org.springframework.samples.petclinic.owner.PetTypeFormatterTests
[INFO] Tests run: 3, Failures: 0, Errors: 0, Skipped: 0, Time elapsed: 0.637 s -- in org.springframework.samples.petclinic.owner.PetTypeFormatterTests
[INFO] Running org.springframework.samples.petclinic.owner.OwnerControllerTests
2026-02-06T07:05:46.875Z  INFO 8038 --- [           main] t.c.s.AnnotationConfigContextLoaderUtils : Could not detect default configuration classes for test class [org.springframework.samples.petclinic.owner.OwnerControllerTests]: OwnerControllerTests does not declare any static, non-private, non-final, nested classes annotated with @Configuration.
2026-02-06T07:05:46.949Z  INFO 8038 --- [           main] .b.t.c.SpringBootTestContextBootstrapper : Found @SpringBootConfiguration org.springframework.samples.petclinic.PetClinicApplication for test class org.springframework.samples.petclinic.owner.OwnerControllerTests
2026-02-06T07:05:46.979Z  INFO 8038 --- [           main] o.s.b.d.r.RestartApplicationListener     : Restart disabled due to context in which it is running


              |\      _,,,--,,_
             /,`.-'`'   ._  \-;;,_
  _______ __|,4-  ) )_   .;.(__`'-'__     ___ __    _ ___ _______
 |       | '---''(_/._)-'(_\_)   |   |   |   |  |  | |   |       |
 |    _  |    ___|_     _|       |   |   |   |   |_| |   |       | __ _ _
 |   |_| |   |___  |   | |       |   |   |   |       |   |       | \ \ \ \
 |    ___|    ___| |   | |      _|   |___|   |  _    |   |      _|  \ \ \ \
 |   |   |   |___  |   | |     |_|       |   | | |   |   |     |_    ) ) ) )
 |___|   |_______| |___| |_______|_______|___|_|  |__|___|_______|  / / / /
 ==================================================================/_/_/_/

:: Built with Spring Boot :: 4.0.0


2026-02-06T07:05:47.059Z  INFO 8038 --- [           main] o.s.s.p.owner.OwnerControllerTests       : Starting OwnerControllerTests using Java 17.0.13 with PID 8038 (started by ubuntu in /home/ubuntu/repos/spring-petclinic)
2026-02-06T07:05:47.060Z  INFO 8038 --- [           main] o.s.s.p.owner.OwnerControllerTests       : No active profile set, falling back to 1 default profile: "default"
2026-02-06T07:05:47.582Z  INFO 8038 --- [           main] o.s.b.t.m.w.SpringBootMockServletContext : Initializing Spring TestDispatcherServlet ''
2026-02-06T07:05:47.582Z  INFO 8038 --- [           main] o.s.t.web.servlet.TestDispatcherServlet  : Initializing Servlet ''
2026-02-06T07:05:47.584Z  INFO 8038 --- [           main] o.s.t.web.servlet.TestDispatcherServlet  : Completed initialization in 2 ms
2026-02-06T07:05:47.640Z  INFO 8038 --- [           main] o.s.s.p.owner.OwnerControllerTests       : Started OwnerControllerTests in 0.662 seconds (process running for 66.924)
[INFO] Tests run: 13, Failures: 0, Errors: 0, Skipped: 0, Time elapsed: 1.444 s -- in org.springframework.samples.petclinic.owner.OwnerControllerTests
[INFO] Running org.springframework.samples.petclinic.owner.PetValidatorTests
[INFO] Running org.springframework.samples.petclinic.owner.PetValidatorTests$ValidateHasErrors
[INFO] Tests run: 4, Failures: 0, Errors: 0, Skipped: 0, Time elapsed: 0.029 s -- in org.springframework.samples.petclinic.owner.PetValidatorTests$ValidateHasErrors
[INFO] Tests run: 0, Failures: 0, Errors: 0, Skipped: 0, Time elapsed: 0.036 s -- in org.springframework.samples.petclinic.owner.PetValidatorTests
[INFO] Running org.springframework.samples.petclinic.owner.VisitControllerTests
2026-02-06T07:05:48.344Z  INFO 8038 --- [           main] t.c.s.AnnotationConfigContextLoaderUtils : Could not detect default configuration classes for test class [org.springframework.samples.petclinic.owner.VisitControllerTests]: VisitControllerTests does not declare any static, non-private, non-final, nested classes annotated with @Configuration.
2026-02-06T07:05:48.358Z  INFO 8038 --- [           main] .b.t.c.SpringBootTestContextBootstrapper : Found @SpringBootConfiguration org.springframework.samples.petclinic.PetClinicApplication for test class org.springframework.samples.petclinic.owner.VisitControllerTests
2026-02-06T07:05:48.366Z  INFO 8038 --- [           main] o.s.b.d.r.RestartApplicationListener     : Restart disabled due to context in which it is running


              |\      _,,,--,,_
             /,`.-'`'   ._  \-;;,_
  _______ __|,4-  ) )_   .;.(__`'-'__     ___ __    _ ___ _______
 |       | '---''(_/._)-'(_\_)   |   |   |   |  |  | |   |       |
 |    _  |    ___|_     _|       |   |   |   |   |_| |   |       | __ _ _
 |   |_| |   |___  |   | |       |   |   |   |       |   |       | \ \ \ \
 |    ___|    ___| |   | |      _|   |___|   |  _    |   |      _|  \ \ \ \
 |   |   |   |___  |   | |     |_|       |   | | |   |   |     |_    ) ) ) )
 |___|   |_______| |___| |_______|_______|___|_|  |__|___|_______|  / / / /
 ==================================================================/_/_/_/

:: Built with Spring Boot :: 4.0.0


2026-02-06T07:05:48.398Z  INFO 8038 --- [           main] o.s.s.p.owner.VisitControllerTests       : Starting VisitControllerTests using Java 17.0.13 with PID 8038 (started by ubuntu in /home/ubuntu/repos/spring-petclinic)
2026-02-06T07:05:48.398Z  INFO 8038 --- [           main] o.s.s.p.owner.VisitControllerTests       : No active profile set, falling back to 1 default profile: "default"
2026-02-06T07:05:48.603Z  INFO 8038 --- [           main] o.s.b.t.m.w.SpringBootMockServletContext : Initializing Spring TestDispatcherServlet ''
2026-02-06T07:05:48.603Z  INFO 8038 --- [           main] o.s.t.web.servlet.TestDispatcherServlet  : Initializing Servlet ''
2026-02-06T07:05:48.606Z  INFO 8038 --- [           main] o.s.t.web.servlet.TestDispatcherServlet  : Completed initialization in 2 ms
2026-02-06T07:05:48.613Z  INFO 8038 --- [           main] o.s.s.p.owner.VisitControllerTests       : Started VisitControllerTests in 0.248 seconds (process running for 67.897)
[INFO] Tests run: 3, Failures: 0, Errors: 0, Skipped: 0, Time elapsed: 0.384 s -- in org.springframework.samples.petclinic.owner.VisitControllerTests
[INFO] Running org.springframework.samples.petclinic.owner.PetControllerTests
2026-02-06T07:05:48.729Z  INFO 8038 --- [           main] t.c.s.AnnotationConfigContextLoaderUtils : Could not detect default configuration classes for test class [org.springframework.samples.petclinic.owner.PetControllerTests]: PetControllerTests does not declare any static, non-private, non-final, nested classes annotated with @Configuration.
2026-02-06T07:05:48.738Z  INFO 8038 --- [           main] .b.t.c.SpringBootTestContextBootstrapper : Found @SpringBootConfiguration org.springframework.samples.petclinic.PetClinicApplication for test class org.springframework.samples.petclinic.owner.PetControllerTests
2026-02-06T07:05:48.743Z  INFO 8038 --- [           main] o.s.b.d.r.RestartApplicationListener     : Restart disabled due to context in which it is running


              |\      _,,,--,,_
             /,`.-'`'   ._  \-;;,_
  _______ __|,4-  ) )_   .;.(__`'-'__     ___ __    _ ___ _______
 |       | '---''(_/._)-'(_\_)   |   |   |   |  |  | |   |       |
 |    _  |    ___|_     _|       |   |   |   |   |_| |   |       | __ _ _
 |   |_| |   |___  |   | |       |   |   |   |       |   |       | \ \ \ \
 |    ___|    ___| |   | |      _|   |___|   |  _    |   |      _|  \ \ \ \
 |   |   |   |___  |   | |     |_|       |   | | |   |   |     |_    ) ) ) )
 |___|   |_______| |___| |_______|_______|___|_|  |__|___|_______|  / / / /
 ==================================================================/_/_/_/

:: Built with Spring Boot :: 4.0.0


2026-02-06T07:05:48.766Z  INFO 8038 --- [           main] o.s.s.p.owner.PetControllerTests         : Starting PetControllerTests using Java 17.0.13 with PID 8038 (started by ubuntu in /home/ubuntu/repos/spring-petclinic)
2026-02-06T07:05:48.766Z  INFO 8038 --- [           main] o.s.s.p.owner.PetControllerTests         : No active profile set, falling back to 1 default profile: "default"
2026-02-06T07:05:48.952Z  INFO 8038 --- [           main] o.s.b.t.m.w.SpringBootMockServletContext : Initializing Spring TestDispatcherServlet ''
2026-02-06T07:05:48.953Z  INFO 8038 --- [           main] o.s.t.web.servlet.TestDispatcherServlet  : Initializing Servlet ''
2026-02-06T07:05:48.954Z  INFO 8038 --- [           main] o.s.t.web.servlet.TestDispatcherServlet  : Completed initialization in 1 ms
2026-02-06T07:05:48.963Z  INFO 8038 --- [           main] o.s.s.p.owner.PetControllerTests         : Started PetControllerTests in 0.22 seconds (process running for 68.247)
[INFO] Running org.springframework.samples.petclinic.owner.PetControllerTests$ProcessUpdateFormHasErrors
2026-02-06T07:05:49.063Z  INFO 8038 --- [           main] t.c.s.AnnotationConfigContextLoaderUtils : Could not detect default configuration classes for test class [org.springframework.samples.petclinic.owner.PetControllerTests$ProcessUpdateFormHasErrors]: ProcessUpdateFormHasErrors does not declare any static, non-private, non-final, nested classes annotated with @Configuration.
2026-02-06T07:05:49.071Z  INFO 8038 --- [           main] .b.t.c.SpringBootTestContextBootstrapper : Found @SpringBootConfiguration org.springframework.samples.petclinic.PetClinicApplication for test class org.springframework.samples.petclinic.owner.PetControllerTests$ProcessUpdateFormHasErrors
[INFO] Tests run: 5, Failures: 0, Errors: 0, Skipped: 0, Time elapsed: 0.120 s -- in org.springframework.samples.petclinic.owner.PetControllerTests$ProcessUpdateFormHasErrors
[INFO] Running org.springframework.samples.petclinic.owner.PetControllerTests$ProcessCreationFormHasErrors
2026-02-06T07:05:49.181Z  INFO 8038 --- [           main] t.c.s.AnnotationConfigContextLoaderUtils : Could not detect default configuration classes for test class [org.springframework.samples.petclinic.owner.PetControllerTests$ProcessCreationFormHasErrors]: ProcessCreationFormHasErrors does not declare any static, non-private, non-final, nested classes annotated with @Configuration.
2026-02-06T07:05:49.189Z  INFO 8038 --- [           main] .b.t.c.SpringBootTestContextBootstrapper : Found @SpringBootConfiguration org.springframework.samples.petclinic.PetClinicApplication for test class org.springframework.samples.petclinic.owner.PetControllerTests$ProcessCreationFormHasErrors
[INFO] Tests run: 5, Failures: 0, Errors: 0, Skipped: 0, Time elapsed: 0.241 s -- in org.springframework.samples.petclinic.owner.PetControllerTests$ProcessCreationFormHasErrors
[INFO] Tests run: 0, Failures: 0, Errors: 0, Skipped: 0, Time elapsed: 0.697 s -- in org.springframework.samples.petclinic.owner.PetControllerTests
[INFO] Running org.springframework.samples.petclinic.vet.VetControllerTests
2026-02-06T07:05:49.427Z  INFO 8038 --- [           main] t.c.s.AnnotationConfigContextLoaderUtils : Could not detect default configuration classes for test class [org.springframework.samples.petclinic.vet.VetControllerTests]: VetControllerTests does not declare any static, non-private, non-final, nested classes annotated with @Configuration.
2026-02-06T07:05:49.440Z  INFO 8038 --- [           main] .b.t.c.SpringBootTestContextBootstrapper : Found @SpringBootConfiguration org.springframework.samples.petclinic.PetClinicApplication for test class org.springframework.samples.petclinic.vet.VetControllerTests
2026-02-06T07:05:49.445Z  INFO 8038 --- [           main] o.s.b.d.r.RestartApplicationListener     : Restart disabled due to context in which it is running


              |\      _,,,--,,_
             /,`.-'`'   ._  \-;;,_
  _______ __|,4-  ) )_   .;.(__`'-'__     ___ __    _ ___ _______
 |       | '---''(_/._)-'(_\_)   |   |   |   |  |  | |   |       |
 |    _  |    ___|_     _|       |   |   |   |   |_| |   |       | __ _ _
 |   |_| |   |___  |   | |       |   |   |   |       |   |       | \ \ \ \
 |    ___|    ___| |   | |      _|   |___|   |  _    |   |      _|  \ \ \ \
 |   |   |   |___  |   | |     |_|       |   | | |   |   |     |_    ) ) ) )
 |___|   |_______| |___| |_______|_______|___|_|  |__|___|_______|  / / / /
 ==================================================================/_/_/_/

:: Built with Spring Boot :: 4.0.0


2026-02-06T07:05:49.466Z  INFO 8038 --- [           main] o.s.s.petclinic.vet.VetControllerTests   : Starting VetControllerTests using Java 17.0.13 with PID 8038 (started by ubuntu in /home/ubuntu/repos/spring-petclinic)
2026-02-06T07:05:49.466Z  INFO 8038 --- [           main] o.s.s.petclinic.vet.VetControllerTests   : No active profile set, falling back to 1 default profile: "default"
2026-02-06T07:05:49.766Z  INFO 8038 --- [           main] o.s.b.t.m.w.SpringBootMockServletContext : Initializing Spring TestDispatcherServlet ''
2026-02-06T07:05:49.766Z  INFO 8038 --- [           main] o.s.t.web.servlet.TestDispatcherServlet  : Initializing Servlet ''
2026-02-06T07:05:49.768Z  INFO 8038 --- [           main] o.s.t.web.servlet.TestDispatcherServlet  : Completed initialization in 2 ms
2026-02-06T07:05:49.774Z  INFO 8038 --- [           main] o.s.s.petclinic.vet.VetControllerTests   : Started VetControllerTests in 0.329 seconds (process running for 69.059)
[INFO] Tests run: 2, Failures: 0, Errors: 0, Skipped: 0, Time elapsed: 0.559 s -- in org.springframework.samples.petclinic.vet.VetControllerTests
[INFO] Running org.springframework.samples.petclinic.vet.VetTests
[INFO] Tests run: 1, Failures: 0, Errors: 0, Skipped: 0, Time elapsed: 0.014 s -- in org.springframework.samples.petclinic.vet.VetTests
[INFO] Running org.springframework.samples.petclinic.PetClinicIntegrationTests
2026-02-06T07:05:50.002Z  INFO 8038 --- [           main] t.c.s.AnnotationConfigContextLoaderUtils : Could not detect default configuration classes for test class [org.springframework.samples.petclinic.PetClinicIntegrationTests]: PetClinicIntegrationTests does not declare any static, non-private, non-final, nested classes annotated with @Configuration.
2026-02-06T07:05:50.005Z  INFO 8038 --- [           main] .b.t.c.SpringBootTestContextBootstrapper : Found @SpringBootConfiguration org.springframework.samples.petclinic.PetClinicApplication for test class org.springframework.samples.petclinic.PetClinicIntegrationTests
2026-02-06T07:05:50.008Z  INFO 8038 --- [           main] o.s.b.d.r.RestartApplicationListener     : Restart disabled due to context in which it is running


              |\      _,,,--,,_
             /,`.-'`'   ._  \-;;,_
  _______ __|,4-  ) )_   .;.(__`'-'__     ___ __    _ ___ _______
 |       | '---''(_/._)-'(_\_)   |   |   |   |  |  | |   |       |
 |    _  |    ___|_     _|       |   |   |   |   |_| |   |       | __ _ _
 |   |_| |   |___  |   | |       |   |   |   |       |   |       | \ \ \ \
 |    ___|    ___| |   | |      _|   |___|   |  _    |   |      _|  \ \ \ \
 |   |   |   |___  |   | |     |_|       |   | | |   |   |     |_    ) ) ) )
 |___|   |_______| |___| |_______|_______|___|_|  |__|___|_______|  / / / /
 ==================================================================/_/_/_/

:: Built with Spring Boot :: 4.0.0


2026-02-06T07:05:50.029Z  INFO 8038 --- [           main] o.s.s.p.PetClinicIntegrationTests        : Starting PetClinicIntegrationTests using Java 17.0.13 with PID 8038 (started by ubuntu in /home/ubuntu/repos/spring-petclinic)
2026-02-06T07:05:50.030Z  INFO 8038 --- [           main] o.s.s.p.PetClinicIntegrationTests        : No active profile set, falling back to 1 default profile: "default"
2026-02-06T07:05:50.225Z  INFO 8038 --- [           main] .s.d.r.c.RepositoryConfigurationDelegate : Bootstrapping Spring Data JPA repositories in DEFAULT mode.
2026-02-06T07:05:50.235Z  INFO 8038 --- [           main] .s.d.r.c.RepositoryConfigurationDelegate : Finished Spring Data repository scanning in 8 ms. Found 3 JPA repository interfaces.
2026-02-06T07:05:50.386Z  INFO 8038 --- [           main] o.s.boot.tomcat.TomcatWebServer          : Tomcat initialized with port 0 (http)
2026-02-06T07:05:50.390Z  INFO 8038 --- [           main] o.apache.catalina.core.StandardService   : Starting service [Tomcat]
2026-02-06T07:05:50.391Z  INFO 8038 --- [           main] o.apache.catalina.core.StandardEngine    : Starting Servlet engine: [Apache Tomcat/11.0.14]
2026-02-06T07:05:50.408Z  INFO 8038 --- [           main] b.w.c.s.WebApplicationContextInitializer : Root WebApplicationContext: initialization completed in 375 ms
2026-02-06T07:05:50.490Z  INFO 8038 --- [           main] com.zaxxer.hikari.HikariDataSource       : HikariPool-4 - Starting...
2026-02-06T07:05:50.495Z  INFO 8038 --- [           main] com.zaxxer.hikari.pool.HikariPool        : HikariPool-4 - Added connection conn10: url=jdbc:h2:mem:54bf6009-42bf-4c1d-bddb-647ef55ddad2 user=SA
2026-02-06T07:05:50.495Z  INFO 8038 --- [           main] com.zaxxer.hikari.HikariDataSource       : HikariPool-4 - Start completed.
2026-02-06T07:05:50.550Z  INFO 8038 --- [           main] o.hibernate.jpa.internal.util.LogHelper  : HHH000204: Processing PersistenceUnitInfo [name: default]
2026-02-06T07:05:50.580Z  INFO 8038 --- [           main] o.s.o.j.p.SpringPersistenceUnitInfo      : No LoadTimeWeaver setup: ignoring JPA class transformer
2026-02-06T07:05:50.582Z  INFO 8038 --- [           main] org.hibernate.orm.connections.pooling    : HHH10001005: Database info:
	Database JDBC URL [jdbc:h2:mem:54bf6009-42bf-4c1d-bddb-647ef55ddad2]
	Database driver: H2 JDBC Driver
	Database dialect: H2Dialect
	Database version: 2.4.240
	Default catalog/schema: 54BF6009-42BF-4C1D-BDDB-647EF55DDAD2/PUBLIC
	Autocommit mode: undefined/unknown
	Isolation level: READ_COMMITTED [default READ_COMMITTED]
	JDBC fetch size: 100
	Pool: DatasourceConnectionProviderImpl
	Minimum pool size: undefined/unknown
	Maximum pool size: undefined/unknown
2026-02-06T07:05:50.673Z  INFO 8038 --- [           main] o.h.e.t.j.p.i.JtaPlatformInitiator       : HHH000489: No JTA platform available (set 'hibernate.transaction.jta.platform' to enable JTA platform integration)
2026-02-06T07:05:50.674Z  INFO 8038 --- [           main] j.LocalContainerEntityManagerFactoryBean : Initialized JPA EntityManagerFactory for persistence unit 'default'
2026-02-06T07:05:51.067Z  INFO 8038 --- [           main] o.s.b.a.e.web.EndpointLinksResolver      : Exposing 13 endpoints beneath base path '/actuator'
2026-02-06T07:05:51.101Z  INFO 8038 --- [           main] o.s.boot.tomcat.TomcatWebServer          : Tomcat started on port 37389 (http) with context path '/'
2026-02-06T07:05:51.105Z  INFO 8038 --- [           main] o.s.s.p.PetClinicIntegrationTests        : Started PetClinicIntegrationTests in 1.096 seconds (process running for 70.389)
2026-02-06T07:05:51.141Z  INFO 8038 --- [o-auto-4-exec-1] o.a.c.c.C.[Tomcat-3].[localhost].[/]     : Initializing Spring DispatcherServlet 'dispatcherServlet'
2026-02-06T07:05:51.141Z  INFO 8038 --- [o-auto-4-exec-1] o.s.web.servlet.DispatcherServlet        : Initializing Servlet 'dispatcherServlet'
2026-02-06T07:05:51.142Z  INFO 8038 --- [o-auto-4-exec-1] o.s.web.servlet.DispatcherServlet        : Completed initialization in 1 ms
[INFO] Tests run: 2, Failures: 0, Errors: 0, Skipped: 0, Time elapsed: 1.187 s -- in org.springframework.samples.petclinic.PetClinicIntegrationTests
[INFO] Running org.springframework.samples.petclinic.model.ValidatorTests
[INFO] Tests run: 1, Failures: 0, Errors: 0, Skipped: 0, Time elapsed: 0.007 s -- in org.springframework.samples.petclinic.model.ValidatorTests
[INFO] 
[INFO] Results:
[INFO] 
[INFO] Tests run: 58, Failures: 0, Errors: 0, Skipped: 0
[INFO] 
[INFO] ------------------------------------------------------------------------
[INFO] BUILD SUCCESS
[INFO] ------------------------------------------------------------------------
[INFO] Total time:  01:25 min
[INFO] Finished at: 2026-02-06T07:05:52Z
[INFO] ------------------------------------------------------------------------
