Task Start Time: 2026-02-06 01:37:58 UTC
Session URL: https://jpmc-oss.devinenterprise.com/sessions/7a9e809b9f0f4f8fa58950a85f00db73
Task: Upgrade Spring Petclinic from Java 17 to Java 21
---
Task End Time: 2026-02-06 01:45:34 UTC

=== UPGRADE SUMMARY REPORT ===

Task Result: SUCCESS
Task: Upgrade Spring Petclinic from Java 17 to Java 21

--- Task Duration ---
Start Time: 2026-02-06 01:38:00 UTC (approx)
End Time: 2026-02-06 01:45:14 UTC
Duration: ~7 minutes

--- Token Usage (Estimated) ---
Input Tokens (estimated): ~15,000
Output Tokens (estimated): ~3,000
Cached Input Tokens (estimated): ~5,000
Cached Output Tokens (estimated): ~500

--- Cost (Estimated) ---
Estimated Cost: $0.15 - $0.25

--- Task Completion Status ---
Status: SUCCESS

--- Errors/Exceptions ---
Error Count: 0
Exception Count: 0

--- Files Updated/Added ---
Files Updated: 4
  1. pom.xml - Updated java.version from 17 to 21
  2. build.gradle - Updated Java toolchain from 17 to 21
  3. .github/workflows/maven-build.yml - Updated Java matrix from 17 to 21
  4. .github/workflows/gradle-build.yml - Updated Java matrix from 17 to 21

--- CI/CD Results ---
Maven Build (Java 21): PASSED
Gradle Build (Java 21): PASSED

--- Local Testing Results ---
Maven Build: SUCCESS
Maven Tests: 58 tests passed, 0 failures, 0 errors
Application Startup: SUCCESS (Started in 1.072 seconds)
Java Version Used: OpenJDK 21.0.10

--- PR Information ---
PR URL: https://github.com/AI-Data-Ranch/spring-petclinic/pull/27
Branch: feature/java21-upgrade_20260205_173551318
Base Branch: main

--- Session Information ---
Devin Session: https://jpmc-oss.devinenterprise.com/sessions/7a9e809b9f0f4f8fa58950a85f00db73
Requested By: feimvnc@gmail.com (@feimvnc)
