Java 21 Upgrade Session Log
Started: 2026-02-07 02:28:52 UTC

=== Java 21 Upgrade Session Log ===

Task: Upgrade Spring Petclinic to Java 21
Repository: https://github.com/AI-Data-Ranch/spring-petclinic
Base Branch: main
Result Branch: feature/java21-upgrade_20260206_182724578

=== Changes Made ===

1. pom.xml
   - Changed java.version from 17 to 21

2. build.gradle
   - Changed toolchain languageVersion from 17 to 21

3. .github/workflows/maven-build.yml
   - Changed Java matrix version from '17' to '21'

4. .github/workflows/gradle-build.yml
   - Changed Java matrix version from '17' to '21'

=== Build Results ===
Maven Build: SUCCESS
Maven Tests: SUCCESS (58 tests passed, 0 failures, 0 errors)
Java Version Used: OpenJDK 21.0.10

=== Files Modified ===
- pom.xml
- build.gradle
- .github/workflows/maven-build.yml
- .github/workflows/gradle-build.yml

Completed: $(date -u '+%Y-%m-%d %H:%M:%S UTC')
