[INFO] Scanning for projects...
Downloading from central: https://repo.maven.apache.org/maven2/org/assertj/assertj-bom/3.27.7/assertj-bom-3.27.7.pom
Progress (1): 1.0 kBProgress (1): 3.3 kB                    Downloaded from central: https://repo.maven.apache.org/maven2/org/assertj/assertj-bom/3.27.7/assertj-bom-3.27.7.pom (3.3 kB at 12 kB/s)
[INFO] 
[INFO] ------------< org.springframework.samples:spring-petclinic >------------
[INFO] Building petclinic 4.0.0-SNAPSHOT
[INFO]   from pom.xml
[INFO] --------------------------------[ jar ]---------------------------------
Downloading from central: https://repo.maven.apache.org/maven2/org/assertj/assertj-core/3.27.7/assertj-core-3.27.7.pom
Progress (1): 1.2 kBProgress (1): 3.6 kBProgress (1): 3.8 kB                    Downloaded from central: https://repo.maven.apache.org/maven2/org/assertj/assertj-core/3.27.7/assertj-core-3.27.7.pom (3.8 kB at 146 kB/s)
[INFO] 
[INFO] --- dependency:3.9.0:tree (default-cli) @ spring-petclinic ---
[INFO] org.springframework.samples:spring-petclinic:jar:4.0.0-SNAPSHOT
[INFO] +- org.springframework.boot:spring-boot-starter-actuator:jar:4.0.0:compile
[INFO] |  \- org.springframework.boot:spring-boot-starter:jar:4.0.0:compile
[INFO] |     \- org.springframework.boot:spring-boot-starter-logging:jar:4.0.0:compile
[INFO] |        \- ch.qos.logback:logback-classic:jar:1.5.25:compile
[INFO] |           \- ch.qos.logback:logback-core:jar:1.5.25:compile
[INFO] \- org.springframework.boot:spring-boot-starter-data-jpa-test:jar:4.0.0:test
[INFO]    \- org.springframework.boot:spring-boot-starter-test:jar:4.0.0:test
[INFO]       \- org.assertj:assertj-core:jar:3.27.7:test
[INFO] ------------------------------------------------------------------------
[INFO] BUILD SUCCESS
[INFO] ------------------------------------------------------------------------
[INFO] Total time:  2.176 s
[INFO] Finished at: 2026-02-06T07:03:44Z
[INFO] ------------------------------------------------------------------------
